 DipServer

 Timestamp is 611a9bbe (Mon Aug 16 20:09:18 2021)

 Preferred load address is 10000000

 Start         Length     Name                   Class
 0001:00000000 00040cedH .textbss                DATA
 0002:00000000 000850bdH .text                   CODE
 0002:000850c0 000023a8H .text$x                 CODE
 0002:00087470 00001448H .text$yc                CODE
 0002:000888c0 000013e9H .text$yd                CODE
 0003:00000000 00007affH .rdata                  DATA
 0003:00007b00 00000150H .rdata$debug            DATA
 0003:00007c50 0000097dH .rdata$r                DATA
 0003:000085d0 00000104H .rtc$IAA                DATA
 0003:000086d4 00000109H .rtc$IMZ                DATA
 0003:000087e0 00000104H .rtc$IZZ                DATA
 0003:000088e4 00000104H .rtc$TAA                DATA
 0003:000089e8 00000109H .rtc$TMZ                DATA
 0003:00008af4 00000104H .rtc$TZZ                DATA
 0003:00008bf8 00001c7bH .xdata$x                DATA
 0003:0000a880 00001c1cH .edata                  DATA
 0004:00000000 00000104H .CRT$XCA                DATA
 0004:00000104 00000104H .CRT$XCAA               DATA
 0004:00000208 00000134H .CRT$XCU                DATA
 0004:0000033c 00000104H .CRT$XCZ                DATA
 0004:00000440 00000104H .CRT$XIA                DATA
 0004:00000544 0000010eH .CRT$XIC                DATA
 0004:00000654 00000104H .CRT$XIY                DATA
 0004:00000758 00000104H .CRT$XIZ                DATA
 0004:0000085c 00000104H .CRT$XPA                DATA
 0004:00000960 00000104H .CRT$XPX                DATA
 0004:00000a64 00000104H .CRT$XPZ                DATA
 0004:00000b68 00000104H .CRT$XTA                DATA
 0004:00000c6c 00000104H .CRT$XTB                DATA
 0004:00000d70 00000104H .CRT$XTZ                DATA
 0004:00000e80 00001bebH .data                   DATA
 0004:00002a80 00199208H .bss                    DATA
 0005:00000000 00000050H .idata$2                DATA
 0005:00000050 00000014H .idata$3                DATA
 0005:00000064 00000b94H .idata$4                DATA
 0005:00000bf8 00000b94H .idata$5                DATA
 0005:0000178c 00004bf0H .idata$6                DATA

  Address         Publics by Value              Rva+Base     Lib:Object

 0000:00000000       ___safe_se_handler_count   00000000     <absolute>
 0000:00000000       ___safe_se_handler_table   00000000     <absolute>
 0000:00000000       __except_list              00000000     <absolute>
 0001:00000000       __enc$textbss$begin        10001000     <linker-defined>
 0001:00040ced       __enc$textbss$end          10041ced     <linker-defined>
 0002:00004fe0       ??0AForm@@QAE@XZ           10046fe0 f   AForm.obj
 0002:00005030       ??_GAForm@@UAEPAXI@Z       10047030 f i AForm.obj
 0002:00005030       ??_EAForm@@UAEPAXI@Z       10047030 f i AForm.obj
 0002:000050a0       ??1AForm@@UAE@XZ           100470a0 f   AForm.obj
 0002:000050e0       ??2@YAPAXI@Z               100470e0 f i BasicDiploRelation.obj
 0002:00005140       ??3@YAXPAX@Z               10047140 f i BasicDiploRelation.obj
 0002:000051a0       ??_H@YGXPAXIHP6EPAX0@Z@Z   100471a0 f i BasicDiploRelation.obj
 0002:00005210       ??0BasicDiploRelation@@QAE@XZ 10047210 f i BasicDiploRelation.obj
 0002:00005260       ??0BasicDiploRelation@@QAE@ABV0@@Z 10047260 f i BasicDiploRelation.obj
 0002:00005390       ??4BasicDiploRelation@@QAEAAV0@ABV0@@Z 10047390 f i BasicDiploRelation.obj
 0002:000054f0       ?setlUpgIsRun@DIP_SimpleBuilding@@QAE_NEH@Z 100474f0 f i BasicDiploRelation.obj
 0002:000055e0       ??ABaseResources@@QAEAAHH@Z 100475e0 f i BasicDiploRelation.obj
 0002:000056c0       ??0DIP_SimpleBuilding@@QAE@XZ 100476c0 f i BasicDiploRelation.obj
 0002:00005730       ??0?$ClassArray@VSetlUpgrade@@@@QAE@XZ 10047730 f i BasicDiploRelation.obj
 0002:000057e0       ??_E?$ClassArray@VSetlUpgrade@@@@UAEPAXI@Z 100477e0 f i BasicDiploRelation.obj
 0002:000057e0       ??_G?$ClassArray@VSetlUpgrade@@@@UAEPAXI@Z 100477e0 f i BasicDiploRelation.obj
 0002:00005850       ??1DIP_SimpleBuilding@@QAE@XZ 10047850 f i BasicDiploRelation.obj
 0002:000058b0       ??0DIP_SimpleBuilding@@QAE@ABV0@@Z 100478b0 f i BasicDiploRelation.obj
 0002:000061d0       ??4DIP_SimpleBuilding@@QAEAAV0@ABV0@@Z 100481d0 f i BasicDiploRelation.obj
 0002:00006df0       ??0?$ClassArray@VSetlUpgrade@@@@QAE@ABV0@@Z 10048df0 f i BasicDiploRelation.obj
 0002:00006eb0       ??4?$ClassArray@VSetlUpgrade@@@@QAEAAV0@ABV0@@Z 10048eb0 f i BasicDiploRelation.obj
 0002:00006f60       ?InitThisTribe@BasicDiploRelation@@UAEXPAD00@Z 10048f60 f   BasicDiploRelation.obj
 0002:00006fa0       ?InitThisTribe2@BasicDiploRelation@@UAEXPAD000@Z 10048fa0 f   BasicDiploRelation.obj
 0002:00006fe0       ?GetAmountOfPropositions@BasicDiploRelation@@UAEHXZ 10048fe0 f   BasicDiploRelation.obj
 0002:00007020       ?GetPossibility@BasicDiploRelation@@UAEKHPAD0@Z 10049020 f   BasicDiploRelation.obj
 0002:00007060       ?PerformPossibility@BasicDiploRelation@@UAEXK@Z 10049060 f   BasicDiploRelation.obj
 0002:000070a0       ?ProcessTribe@BasicDiploRelation@@UAEXXZ 100490a0 f   BasicDiploRelation.obj
 0002:000070e0       ?PerformCommand@BasicDiploRelation@@UAEXPADH@Z 100490e0 f   BasicDiploRelation.obj
 0002:00007120       ?GetSaveData@BasicDiploRelation@@UAEHPAE_N@Z 10049120 f   BasicDiploRelation.obj
 0002:00007160       ?SetSaveData@BasicDiploRelation@@UAEXPAEH@Z 10049160 f   BasicDiploRelation.obj
 0002:000071a0       ?Init@BasicDiploRelation@@UAEXXZ 100491a0 f   BasicDiploRelation.obj
 0002:00007220       ?Free@BasicDiploRelation@@UAEXXZ 10049220 f   BasicDiploRelation.obj
 0002:00007260       ??1?$ClassArray@VSetlUpgrade@@@@UAE@XZ 10049260 f i BasicDiploRelation.obj
 0002:00007350       ?reset_class@?$ClassArray@VSetlUpgrade@@@@UAEXPAX@Z 10049350 f i BasicDiploRelation.obj
 0002:00007540       ??_V@YAXPAX@Z              10049540 f i BasicDiploRelation.obj
 0002:000075a0       ?GetClassNameA@?$ClassArray@VSetlUpgrade@@@@UAEPBDXZ 100495a0 f i BasicDiploRelation.obj
 0002:00007730       ??0SetlUpgrade@@QAE@XZ     10049730 f i BasicDiploRelation.obj
 0002:00007800       ??0BaseResources@@QAE@XZ   10049800 f i BasicDiploRelation.obj
 0002:00007870       ?GetClassNameA@BaseResources@@UAEPBDXZ 10049870 f i BasicDiploRelation.obj
 0002:000078b0       ?CheckDirectCasting@BaseResources@@UAE_NXZ 100498b0 f i BasicDiploRelation.obj
 0002:000078f0       ?new_element@BaseResources@@UAEPAVBaseClass@@XZ 100498f0 f i BasicDiploRelation.obj
 0002:00007b10       ?GetClassStorage@BaseResources@@UAEPAVOneClassStorage@@XZ 10049b10 f i BasicDiploRelation.obj
 0002:00007bc0       ?RegisterMembers@BaseResources@@UAEXXZ 10049bc0 f i BasicDiploRelation.obj
 0002:000083e0       ??_GBaseResources@@UAEPAXI@Z 1004a3e0 f i BasicDiploRelation.obj
 0002:000083e0       ??_EBaseResources@@UAEPAXI@Z 1004a3e0 f i BasicDiploRelation.obj
 0002:00008450       ??1BaseResources@@UAE@XZ   1004a450 f i BasicDiploRelation.obj
 0002:000084b0       ?GetClassNameA@SetlUpgrade@@UAEPBDXZ 1004a4b0 f i BasicDiploRelation.obj
 0002:000084f0       ?CheckDirectCasting@SetlUpgrade@@UAE_NXZ 1004a4f0 f i BasicDiploRelation.obj
 0002:00008530       ?new_element@SetlUpgrade@@UAEPAVBaseClass@@XZ 1004a530 f i BasicDiploRelation.obj
 0002:00008750       ?GetClassStorage@SetlUpgrade@@UAEPAVOneClassStorage@@XZ 1004a750 f i BasicDiploRelation.obj
 0002:00008800       ?RegisterMembers@SetlUpgrade@@UAEXXZ 1004a800 f i BasicDiploRelation.obj
 0002:00009ac0       ??_GSetlUpgrade@@UAEPAXI@Z 1004bac0 f i BasicDiploRelation.obj
 0002:00009ac0       ??_ESetlUpgrade@@UAEPAXI@Z 1004bac0 f i BasicDiploRelation.obj
 0002:00009b30       ??1SetlUpgrade@@UAE@XZ     1004bb30 f i BasicDiploRelation.obj
 0002:00009bf0       ??A?$DynArray@PAVOneClassMemberStorage@@$0P@@@QAEAAPAVOneClassMemberStorage@@H@Z 1004bbf0 f i BasicDiploRelation.obj
 0002:00009ca0       ?GetAmount@?$DynArray@PAVOneClassMemberStorage@@$0P@@@QBEHXZ 1004bca0 f i BasicDiploRelation.obj
 0002:00009ce0       ?GetAmountOfElements@?$ClassArray@VSetlUpgrade@@@@UAEHXZ 1004bce0 f i BasicDiploRelation.obj
 0002:00009d40       ?GetElementID@?$ClassArray@VSetlUpgrade@@@@UAEPBDH@Z 1004bd40 f i BasicDiploRelation.obj
 0002:00009e00       ?GetElementClass@?$ClassArray@VSetlUpgrade@@@@UAEPAVBaseClass@@H@Z 1004be00 f i BasicDiploRelation.obj
 0002:00009e60       ?GetElementPtr@?$ClassArray@VSetlUpgrade@@@@UAEPAXHPAX@Z 1004be60 f i BasicDiploRelation.obj
 0002:00009ec0       ?ExpandWith@?$ClassArray@VSetlUpgrade@@@@UAEHPBDPAX@Z 1004bec0 f i BasicDiploRelation.obj
 0002:00009fc0       ?GetExpansionRules@?$ClassArray@VSetlUpgrade@@@@UAEHXZ 1004bfc0 f i BasicDiploRelation.obj
 0002:0000a000       ?MoveElement@?$ClassArray@VSetlUpgrade@@@@UAE_NHD@Z 1004c000 f i BasicDiploRelation.obj
 0002:0000a080       ?GetExpansionBaseClass@?$ClassArray@VSetlUpgrade@@@@UAEPBDXZ 1004c080 f i BasicDiploRelation.obj
 0002:0000a150       ?DelElement@?$ClassArray@VSetlUpgrade@@@@UAE_NH@Z 1004c150 f i BasicDiploRelation.obj
 0002:0000a270       ?CheckDirectCasting@?$ClassArray@VSetlUpgrade@@@@UAE_NXZ 1004c270 f i BasicDiploRelation.obj
 0002:0000a2b0       ?FullCopy@?$ClassArray@VSetlUpgrade@@@@UAE_NPAX0PAVBaseClass@@00PAVCopyContext@@@Z 1004c2b0 f i BasicDiploRelation.obj
 0002:0000a420       ?SaveBin@?$ClassArray@VSetlUpgrade@@@@UAEXPAX0PAVBinStream@@PAVEnumerator@@2@Z 1004c420 f i BasicDiploRelation.obj
 0002:0000a610       ?LoadBin@?$ClassArray@VSetlUpgrade@@@@UAEXPAX0PAVBinStream@@PAVEnumerator@@@Z 1004c610 f i BasicDiploRelation.obj
 0002:0000a7f0       ?new_element@?$ClassArray@VSetlUpgrade@@@@UAEPAVBaseClass@@XZ 1004c7f0 f i BasicDiploRelation.obj
 0002:0000a8f0       ?GetClassStorage@?$ClassArray@VSetlUpgrade@@@@UAEPAVOneClassStorage@@XZ 1004c8f0 f i BasicDiploRelation.obj
 0002:0000a9a0       ??0?$DynArray@PAVSetlUpgrade@@$0P@@@QAE@XZ 1004c9a0 f i BasicDiploRelation.obj
 0002:0000aa00       ??1?$DynArray@PAVSetlUpgrade@@$0P@@@QAE@XZ 1004ca00 f i BasicDiploRelation.obj
 0002:0000aa50       ??A?$DynArray@PAVSetlUpgrade@@$0P@@@QAEAAPAVSetlUpgrade@@H@Z 1004ca50 f i BasicDiploRelation.obj
 0002:0000ab00       ?GetAmount@?$DynArray@PAVSetlUpgrade@@$0P@@@QBEHXZ 1004cb00 f i BasicDiploRelation.obj
 0002:0000ab40       ??_EEntry@?$Hash@VStr_for_hash@@$0EAD@$0EAA@@@QAEPAXI@Z 1004cb40 f i BasicDiploRelation.obj
 0002:0000ac00       ??_EEntry@?$Hash@VStr_for_hash@@$0BAB@$0BAA@@@QAEPAXI@Z 1004cc00 f i BasicDiploRelation.obj
 0002:0000acc0       ??1Entry@?$Hash@VStr_for_hash@@$0BAB@$0BAA@@@QAE@XZ 1004ccc0 f i BasicDiploRelation.obj
 0002:0000ad10       ??1Str_for_hash@@QAE@XZ    1004cd10 f i BasicDiploRelation.obj
 0002:0000ad50       ??1Entry@?$Hash@VStr_for_hash@@$0EAD@$0EAA@@@QAE@XZ 1004cd50 f i BasicDiploRelation.obj
 0002:0000ada0       ?Add@?$ClassArray@VSetlUpgrade@@@@QAEHPAVSetlUpgrade@@@Z 1004cda0 f i BasicDiploRelation.obj
 0002:0000ae40       ?Del@?$DynArray@PAVSetlUpgrade@@$0P@@@QAEXHH@Z 1004ce40 f i BasicDiploRelation.obj
 0002:0000af50       ?Move@?$DynArray@PAVSetlUpgrade@@$0P@@@QAE_NHH@Z 1004cf50 f i BasicDiploRelation.obj
 0002:0000b0b0       ?GetValues@?$DynArray@PAVSetlUpgrade@@$0P@@@QBEPAPAVSetlUpgrade@@XZ 1004d0b0 f i BasicDiploRelation.obj
 0002:0000b0f0       ?Clear@?$DynArray@PAVSetlUpgrade@@$0P@@@QAEXXZ 1004d0f0 f i BasicDiploRelation.obj
 0002:0000b190       ?Add@?$DynArray@PAVSetlUpgrade@@$0P@@@QAEHABQAVSetlUpgrade@@@Z 1004d190 f i BasicDiploRelation.obj
 0002:0000b230       ?Check@?$DynArray@PAVSetlUpgrade@@$0P@@@QAEXH@Z 1004d230 f i BasicDiploRelation.obj
 0002:0000b340       ??$_get_cmemb@V_int@@@@YAPAV_int@@PAV0@PBD@Z 1004d340 f i BasicDiploRelation.obj
 0002:0000b590       ??_G_int@@UAEPAXI@Z        1004d590 f i BasicDiploRelation.obj
 0002:0000b590       ??_E_int@@UAEPAXI@Z        1004d590 f i BasicDiploRelation.obj
 0002:0000b610       ??$_get_cmemb@V_bool@@@@YAPAV_bool@@PAV0@PBD@Z 1004d610 f i BasicDiploRelation.obj
 0002:0000b860       ??_E_bool@@UAEPAXI@Z       1004d860 f i BasicDiploRelation.obj
 0002:0000b860       ??_G_bool@@UAEPAXI@Z       1004d860 f i BasicDiploRelation.obj
 0002:0000b8e0       ??$_get_cmemb@V_byte_index@@@@YAPAV_byte_index@@PAV0@PBD@Z 1004d8e0 f i BasicDiploRelation.obj
 0002:0000bb30       ??_G_byte_index@@UAEPAXI@Z 1004db30 f i BasicDiploRelation.obj
 0002:0000bb30       ??_E_byte_index@@UAEPAXI@Z 1004db30 f i BasicDiploRelation.obj
 0002:0000bbb0       ??$_get_cmemb@V_gpfile@@@@YAPAV_gpfile@@PAV0@PBD@Z 1004dbb0 f i BasicDiploRelation.obj
 0002:0000be00       ??_G_gpfile@@UAEPAXI@Z     1004de00 f i BasicDiploRelation.obj
 0002:0000be00       ??_E_gpfile@@UAEPAXI@Z     1004de00 f i BasicDiploRelation.obj
 0002:0000be80       ??$_get_cmemb@V_textid@@@@YAPAV_textid@@PAV0@PBD@Z 1004de80 f i BasicDiploRelation.obj
 0002:0000c0d0       ??_E_textid@@UAEPAXI@Z     1004e0d0 f i BasicDiploRelation.obj
 0002:0000c0d0       ??_G_textid@@UAEPAXI@Z     1004e0d0 f i BasicDiploRelation.obj
 0002:0000c150       ??$reg_auto@VBaseResources@@@@YAXPAVBaseClass@@AAVBaseResources@@PBDPAXK@Z 1004e150 f i BasicDiploRelation.obj
 0002:0000c2f0       ?ConvTypeName@@YAPADAAVDString@@@Z 1004e2f0 f i BasicDiploRelation.obj
 0002:0000c3f0       ??$reg_class_auto@VBaseResources@@@@YAXPAVBaseResources@@PAD@Z 1004e3f0 f i BasicDiploRelation.obj
 0002:0000c460       ??$reg_class@V_int@@@@YAXPAV_int@@PAD@Z 1004e460 f i BasicDiploRelation.obj
 0002:0000c4d0       ??$reg_class@V_bool@@@@YAXPAV_bool@@PAD@Z 1004e4d0 f i BasicDiploRelation.obj
 0002:0000c540       ??$reg_class@V_byte_index@@@@YAXPAV_byte_index@@PAD@Z 1004e540 f i BasicDiploRelation.obj
 0002:0000c5b0       ??$reg_class@V_gpfile@@@@YAXPAV_gpfile@@PAD@Z 1004e5b0 f i BasicDiploRelation.obj
 0002:0000c620       ??$reg_class@V_textid@@@@YAXPAV_textid@@PAD@Z 1004e620 f i BasicDiploRelation.obj
 0002:0000c690       ??$_get_cmemb@VBaseResources@@@@YAPAVBaseResources@@PAV0@PBD@Z 1004e690 f i BasicDiploRelation.obj
 0002:0000c8a0       ??$reg_class@VBaseResources@@@@YAXPAVBaseResources@@PAD@Z 1004e8a0 f i BasicDiploRelation.obj
 0002:0000c910       ?StartBattle@@YAXXZ        1004e910 f   BattleDialogs.obj
 0002:0000c960       ?HandleBattleCml@@YAXPADPAPADHPAVParsedRQ@@@Z 1004e960 f   BattleDialogs.obj
 0002:0000cd10       ?RunStartTimer@@YAXXZ      1004ed10 f   BattleDialogs.obj
 0002:0000cdd0       ?ShowTimer@CBattle@@QAEHXZ 1004edd0 f   BattleDialogs.obj
 0002:0000cef0       ?SetStartTimer@CBattle@@QAEXH@Z 1004eef0 f   BattleDialogs.obj
 0002:0000cf60       ?PerformBattleCommads@@YAXPADH@Z 1004ef60 f   BattleDialogs.obj
 0002:0000d5a0       ?CloseBattle@@YAXXZ        1004f5a0 f   BattleDialogs.obj
 0002:0000d5f0       ?Free@CBattle@@QAEXXZ      1004f5f0 f   BattleDialogs.obj
 0002:0000d770       ??0CBattle@@QAE@XZ         1004f770 f   BattleDialogs.obj
 0002:0000d7d0       ??1CBattle@@QAE@XZ         1004f7d0 f   BattleDialogs.obj
 0002:0000d820       ?Init@CBattle@@QAEXXZ      1004f820 f   BattleDialogs.obj
 0002:0000dcd0       ?RunUpgrades@CBattle@@QAEXXZ 1004fcd0 f   BattleDialogs.obj
 0002:0000de80       ?Process@CBattle@@QAEXXZ   1004fe80 f   BattleDialogs.obj
 0002:0000e1c0       ?MakeDialog@CBattle@@QAEX_N@Z 100501c0 f   BattleDialogs.obj
 0002:000112f0       ?AddUpgToCml@CBattle@@QAEXAAVDString@@PADGGHH@Z 100532f0 f   BattleDialogs.obj
 0002:00011700       ?AddNewMon@CPlayerInfo@@QAEXEG@Z 10053700 f   BattleDialogs.obj
 0002:00011a60       ?CheckUpg@CPlayerInfo@@QAEXG_N@Z 10053a60 f   BattleDialogs.obj
 0002:00011fd0       ?DoDamage@@YAXPAUUnitType@@FEEH@Z 10053fd0 f   BattleDialogs.obj
 0002:00012120       ?DoProtect@@YAXPAUUnitType@@FEEH@Z 10054120 f   BattleDialogs.obj
 0002:000121f0       ?DoShield@@YAXPAUUnitType@@FEEH@Z 100541f0 f   BattleDialogs.obj
 0002:00012270       ?DoAttPause@@YAXPAUUnitType@@FEEH@Z 10054270 f   BattleDialogs.obj
 0002:000123d0       ?GetCharacter@UnitType@@QAEXE@Z 100543d0 f   BattleDialogs.obj
 0002:00012660       ?AddUpgCategory@UnitType@@QAEXGPADPAGH@Z 10054660 f   BattleDialogs.obj
 0002:00012740       ?RunProtectUpg@UnitType@@QAEXEH@Z 10054740 f   BattleDialogs.obj
 0002:00012960       ?RunProtectUpg@@YAXEH@Z    10054960 f   BattleDialogs.obj
 0002:00012c40       ??0CUpgCategory@@QAE@GPADPAGH@Z 10054c40 f   BattleDialogs.obj
 0002:00013160       ??1CUpgCategory@@QAE@XZ    10055160 f   BattleDialogs.obj
 0002:00013200       ??0CWeapInfo@@QAE@XZ       10055200 f   BattleDialogs.obj
 0002:00013270       ??0?$vector@V?$vector@GV?$allocator@G@std@@@std@@V?$allocator@V?$vector@GV?$allocator@G@std@@@std@@@2@@std@@QAE@XZ 10055270 f i BattleDialogs.obj
 0002:000132e0       ??1?$vector@V?$vector@GV?$allocator@G@std@@@std@@V?$allocator@V?$vector@GV?$allocator@G@std@@@std@@@2@@std@@QAE@XZ 100552e0 f i BattleDialogs.obj
 0002:00013330       ?begin@?$vector@V?$vector@GV?$allocator@G@std@@@std@@V?$allocator@V?$vector@GV?$allocator@G@std@@@std@@@2@@std@@QAE?AViterator@12@XZ 10055330 f i BattleDialogs.obj
 0002:00013390       ?end@?$vector@V?$vector@GV?$allocator@G@std@@@std@@V?$allocator@V?$vector@GV?$allocator@G@std@@@std@@@2@@std@@QAE?AViterator@12@XZ 10055390 f i BattleDialogs.obj
 0002:000133f0       ?size@?$vector@V?$vector@GV?$allocator@G@std@@@std@@V?$allocator@V?$vector@GV?$allocator@G@std@@@std@@@2@@std@@QBEIXZ 100553f0 f i BattleDialogs.obj
 0002:00013460       ??A?$vector@V?$vector@GV?$allocator@G@std@@@std@@V?$allocator@V?$vector@GV?$allocator@G@std@@@std@@@2@@std@@QAEAAV?$vector@GV?$allocator@G@std@@@1@I@Z 10055460 f i BattleDialogs.obj
 0002:000134e0       ?push_back@?$vector@V?$vector@GV?$allocator@G@std@@@std@@V?$allocator@V?$vector@GV?$allocator@G@std@@@std@@@2@@std@@QAEXABV?$vector@GV?$allocator@G@std@@@2@@Z 100554e0 f i BattleDialogs.obj
 0002:000135a0       ?erase@?$vector@V?$vector@GV?$allocator@G@std@@@std@@V?$allocator@V?$vector@GV?$allocator@G@std@@@std@@@2@@std@@QAE?AViterator@12@V312@@Z 100555a0 f i BattleDialogs.obj
 0002:00013650       ??0?$vector@GV?$allocator@G@std@@@std@@QAE@XZ 10055650 f i BattleDialogs.obj
 0002:000136c0       ??1?$vector@GV?$allocator@G@std@@@std@@QAE@XZ 100556c0 f i BattleDialogs.obj
 0002:00013710       ?reserve@?$vector@GV?$allocator@G@std@@@std@@QAEXI@Z 10055710 f i BattleDialogs.obj
 0002:000138f0       ?begin@?$vector@GV?$allocator@G@std@@@std@@QAE?AViterator@12@XZ 100558f0 f i BattleDialogs.obj
 0002:00013950       ?end@?$vector@GV?$allocator@G@std@@@std@@QAE?AViterator@12@XZ 10055950 f i BattleDialogs.obj
 0002:000139b0       ?size@?$vector@GV?$allocator@G@std@@@std@@QBEIXZ 100559b0 f i BattleDialogs.obj
 0002:00013a20       ?empty@?$vector@GV?$allocator@G@std@@@std@@QBE_NXZ 10055a20 f i BattleDialogs.obj
 0002:00013a80       ??A?$vector@GV?$allocator@G@std@@@std@@QAEAAGI@Z 10055a80 f i BattleDialogs.obj
 0002:00013b00       ?front@?$vector@GV?$allocator@G@std@@@std@@QAEAAGXZ 10055b00 f i BattleDialogs.obj
 0002:00013b60       ?back@?$vector@GV?$allocator@G@std@@@std@@QAEAAGXZ 10055b60 f i BattleDialogs.obj
 0002:00013be0       ?push_back@?$vector@GV?$allocator@G@std@@@std@@QAEXABG@Z 10055be0 f i BattleDialogs.obj
 0002:00013ca0       ?pop_back@?$vector@GV?$allocator@G@std@@@std@@QAEXXZ 10055ca0 f i BattleDialogs.obj
 0002:00013d30       ?clear@?$vector@GV?$allocator@G@std@@@std@@QAEXXZ 10055d30 f i BattleDialogs.obj
 0002:00013d80       ?reserve@?$vector@FV?$allocator@F@std@@@std@@QAEXI@Z 10055d80 f i BattleDialogs.obj
 0002:00013f60       ??A?$vector@FV?$allocator@F@std@@@std@@QAEAAFI@Z 10055f60 f i BattleDialogs.obj
 0002:00013fe0       ?reserve@?$vector@EV?$allocator@E@std@@@std@@QAEXI@Z 10055fe0 f i BattleDialogs.obj
 0002:000141b0       ??A?$vector@EV?$allocator@E@std@@@std@@QAEAAEI@Z 100561b0 f i BattleDialogs.obj
 0002:00014230       ?begin@?$vector@VCUpgCategory@@V?$allocator@VCUpgCategory@@@std@@@std@@QAE?AViterator@12@XZ 10056230 f i BattleDialogs.obj
 0002:00014290       ?end@?$vector@VCUpgCategory@@V?$allocator@VCUpgCategory@@@std@@@std@@QAE?AViterator@12@XZ 10056290 f i BattleDialogs.obj
 0002:000142f0       ?push_back@?$vector@VCUpgCategory@@V?$allocator@VCUpgCategory@@@std@@@std@@QAEXABVCUpgCategory@@@Z 100562f0 f i BattleDialogs.obj
 0002:000143b0       ??Citerator@?$vector@VCUpgCategory@@V?$allocator@VCUpgCategory@@@std@@@std@@QBEPAVCUpgCategory@@XZ 100563b0 f i BattleDialogs.obj
 0002:00014400       ??Eiterator@?$vector@VCUpgCategory@@V?$allocator@VCUpgCategory@@@std@@@std@@QAE?AV012@H@Z 10056400 f i BattleDialogs.obj
 0002:000144a0       ??9const_iterator@?$vector@VCUpgCategory@@V?$allocator@VCUpgCategory@@@std@@@std@@QBE_NABV012@@Z 100564a0 f i BattleDialogs.obj
 0002:00014500       ??Citerator@?$vector@V?$vector@GV?$allocator@G@std@@@std@@V?$allocator@V?$vector@GV?$allocator@G@std@@@std@@@2@@std@@QBEPAV?$vector@GV?$allocator@G@std@@@2@XZ 10056500 f i BattleDialogs.obj
 0002:00014550       ??Eiterator@?$vector@V?$vector@GV?$allocator@G@std@@@std@@V?$allocator@V?$vector@GV?$allocator@G@std@@@std@@@2@@std@@QAE?AV012@H@Z 10056550 f i BattleDialogs.obj
 0002:000145f0       ??Giterator@?$vector@V?$vector@GV?$allocator@G@std@@@std@@V?$allocator@V?$vector@GV?$allocator@G@std@@@std@@@2@@std@@QBE?AV012@H@Z 100565f0 f i BattleDialogs.obj
 0002:000146a0       ??9const_iterator@?$vector@V?$vector@GV?$allocator@G@std@@@std@@V?$allocator@V?$vector@GV?$allocator@G@std@@@std@@@2@@std@@QBE_NABV012@@Z 100566a0 f i BattleDialogs.obj
 0002:00014700       ??Diterator@?$vector@GV?$allocator@G@std@@@std@@QBEAAGXZ 10056700 f i BattleDialogs.obj
 0002:00014750       ??Eiterator@?$vector@GV?$allocator@G@std@@@std@@QAE?AV012@H@Z 10056750 f i BattleDialogs.obj
 0002:000147f0       ??Hiterator@?$vector@GV?$allocator@G@std@@@std@@QBE?AV012@H@Z 100567f0 f i BattleDialogs.obj
 0002:000148a0       ??8const_iterator@?$vector@GV?$allocator@G@std@@@std@@QBE_NABV012@@Z 100568a0 f i BattleDialogs.obj
 0002:000148f0       ??9const_iterator@?$vector@GV?$allocator@G@std@@@std@@QBE_NABV012@@Z 100568f0 f i BattleDialogs.obj
 0002:00014950       ?capacity@?$vector@V?$vector@GV?$allocator@G@std@@@std@@V?$allocator@V?$vector@GV?$allocator@G@std@@@std@@@2@@std@@QBEIXZ 10056950 f i BattleDialogs.obj
 0002:000149c0       ?insert@?$vector@V?$vector@GV?$allocator@G@std@@@std@@V?$allocator@V?$vector@GV?$allocator@G@std@@@std@@@2@@std@@QAE?AViterator@12@V312@ABV?$vector@GV?$allocator@G@std@@@2@@Z 100569c0 f i BattleDialogs.obj
 0002:00014aa0       ?_Buy@?$vector@V?$vector@GV?$allocator@G@std@@@std@@V?$allocator@V?$vector@GV?$allocator@G@std@@@std@@@2@@std@@IAE_NI@Z 10056aa0 f i BattleDialogs.obj
 0002:00014b80       ?_Destroy@?$vector@V?$vector@GV?$allocator@G@std@@@std@@V?$allocator@V?$vector@GV?$allocator@G@std@@@std@@@2@@std@@IAEXPAV?$vector@GV?$allocator@G@std@@@2@0@Z 10056b80 f i BattleDialogs.obj
 0002:00014be0       ?_Tidy@?$vector@V?$vector@GV?$allocator@G@std@@@std@@V?$allocator@V?$vector@GV?$allocator@G@std@@@std@@@2@@std@@IAEXXZ 10056be0 f i BattleDialogs.obj
 0002:00014ca0       ?_Ufill@?$vector@V?$vector@GV?$allocator@G@std@@@std@@V?$allocator@V?$vector@GV?$allocator@G@std@@@std@@@2@@std@@IAEPAV?$vector@GV?$allocator@G@std@@@2@PAV32@IABV32@@Z 10056ca0 f i BattleDialogs.obj
 0002:00014d10       ??0?$_Vector_val@V?$vector@GV?$allocator@G@std@@@std@@V?$allocator@V?$vector@GV?$allocator@G@std@@@std@@@2@@std@@IAE@V?$allocator@V?$vector@GV?$allocator@G@std@@@std@@@1@@Z 10056d10 f i BattleDialogs.obj
 0002:00014d70       ??0?$allocator@V?$vector@GV?$allocator@G@std@@@std@@@std@@QAE@XZ 10056d70 f i BattleDialogs.obj
 0002:00014db0       ?capacity@?$vector@GV?$allocator@G@std@@@std@@QBEIXZ 10056db0 f i BattleDialogs.obj
 0002:00014e20       ?max_size@?$vector@GV?$allocator@G@std@@@std@@QBEIXZ 10056e20 f i BattleDialogs.obj
 0002:00014e70       ?insert@?$vector@GV?$allocator@G@std@@@std@@QAE?AViterator@12@V312@ABG@Z 10056e70 f i BattleDialogs.obj
 0002:00014f50       ?_Buy@?$vector@GV?$allocator@G@std@@@std@@IAE_NI@Z 10056f50 f i BattleDialogs.obj
 0002:00015030       ?_Destroy@?$vector@GV?$allocator@G@std@@@std@@IAEXPAG0@Z 10057030 f i BattleDialogs.obj
 0002:00015090       ?_Tidy@?$vector@GV?$allocator@G@std@@@std@@IAEXXZ 10057090 f i BattleDialogs.obj
 0002:00015150       ?_Ufill@?$vector@GV?$allocator@G@std@@@std@@IAEPAGPAGIABG@Z 10057150 f i BattleDialogs.obj
 0002:000151c0       ?_Xlen@?$vector@GV?$allocator@G@std@@@std@@IBEXXZ 100571c0 f i BattleDialogs.obj
 0002:00015280       ??0length_error@std@@QAE@ABV?$basic_string@DU?$char_traits@D@std@@V?$allocator@D@2@@1@@Z 10057280 f i BattleDialogs.obj
 0002:000152f0       ??0logic_error@std@@QAE@ABV?$basic_string@DU?$char_traits@D@std@@V?$allocator@D@2@@1@@Z 100572f0 f i BattleDialogs.obj
 0002:000153a0       ?what@logic_error@std@@UBEPBDXZ 100573a0 f i BattleDialogs.obj
 0002:00015400       ??_Elogic_error@std@@UAEPAXI@Z 10057400 f i BattleDialogs.obj
 0002:00015400       ??_Glogic_error@std@@UAEPAXI@Z 10057400 f i BattleDialogs.obj
 0002:00015470       ??1logic_error@std@@UAE@XZ 10057470 f i BattleDialogs.obj
 0002:00015510       ??1length_error@std@@UAE@XZ 10057510 f i BattleDialogs.obj
 0002:00015570       ??_Glength_error@std@@UAEPAXI@Z 10057570 f i BattleDialogs.obj
 0002:00015570       ??_Elength_error@std@@UAEPAXI@Z 10057570 f i BattleDialogs.obj
 0002:000155e0       ??0?$basic_string@DU?$char_traits@D@std@@V?$allocator@D@2@@std@@QAE@ABV01@@Z 100575e0 f i BattleDialogs.obj
 0002:00015670       ??1?$basic_string@DU?$char_traits@D@std@@V?$allocator@D@2@@std@@QAE@XZ 10057670 f i BattleDialogs.obj
 0002:000156d0       ?c_str@?$basic_string@DU?$char_traits@D@std@@V?$allocator@D@2@@std@@QBEPBDXZ 100576d0 f i BattleDialogs.obj
 0002:00015720       ?assign@?$basic_string@DU?$char_traits@D@std@@V?$allocator@D@2@@std@@QAEAAV12@ABV12@II@Z 10057720 f i BattleDialogs.obj
 0002:00015840       ?copy@?$char_traits@D@std@@SAPADPADPBDI@Z 10057840 f i BattleDialogs.obj
 0002:000158a0       ?_Tidy@?$basic_string@DU?$char_traits@D@std@@V?$allocator@D@2@@std@@IAEX_NI@Z 100578a0 f i BattleDialogs.obj
 0002:00015970       ?_Myptr@?$basic_string@DU?$char_traits@D@std@@V?$allocator@D@2@@std@@QBEPBDXZ 10057970 f i BattleDialogs.obj
 0002:000159e0       ??0?$_String_val@DV?$allocator@D@std@@@std@@IAE@V?$allocator@D@1@@Z 100579e0 f i BattleDialogs.obj
 0002:00015a40       ??0?$allocator@D@std@@QAE@ABV01@@Z 10057a40 f i BattleDialogs.obj
 0002:00015a80       ??0?$_Vector_val@GV?$allocator@G@std@@@std@@IAE@V?$allocator@G@1@@Z 10057a80 f i BattleDialogs.obj
 0002:00015ae0       ??0?$allocator@G@std@@QAE@XZ 10057ae0 f i BattleDialogs.obj
 0002:00015b20       ?deallocate@?$allocator@G@std@@QAEXPAGI@Z 10057b20 f i BattleDialogs.obj
 0002:00015b80       ?allocate@?$allocator@G@std@@QAEPAGI@Z 10057b80 f i BattleDialogs.obj
 0002:00015be0       ?capacity@?$vector@FV?$allocator@F@std@@@std@@QBEIXZ 10057be0 f i BattleDialogs.obj
 0002:00015c50       ?begin@?$vector@FV?$allocator@F@std@@@std@@QAE?AViterator@12@XZ 10057c50 f i BattleDialogs.obj
 0002:00015cb0       ?end@?$vector@FV?$allocator@F@std@@@std@@QAE?AViterator@12@XZ 10057cb0 f i BattleDialogs.obj
 0002:00015d10       ?size@?$vector@FV?$allocator@F@std@@@std@@QBEIXZ 10057d10 f i BattleDialogs.obj
 0002:00015d80       ?max_size@?$vector@FV?$allocator@F@std@@@std@@QBEIXZ 10057d80 f i BattleDialogs.obj
 0002:00015dd0       ?_Destroy@?$vector@FV?$allocator@F@std@@@std@@IAEXPAF0@Z 10057dd0 f i BattleDialogs.obj
 0002:00015e30       ?_Xlen@?$vector@FV?$allocator@F@std@@@std@@IBEXXZ 10057e30 f i BattleDialogs.obj
 0002:00015ef0       ?deallocate@?$allocator@F@std@@QAEXPAFI@Z 10057ef0 f i BattleDialogs.obj
 0002:00015f50       ?allocate@?$allocator@F@std@@QAEPAFI@Z 10057f50 f i BattleDialogs.obj
 0002:00015fb0       ?capacity@?$vector@EV?$allocator@E@std@@@std@@QBEIXZ 10057fb0 f i BattleDialogs.obj
 0002:00016020       ?begin@?$vector@EV?$allocator@E@std@@@std@@QAE?AViterator@12@XZ 10058020 f i BattleDialogs.obj
 0002:00016080       ?end@?$vector@EV?$allocator@E@std@@@std@@QAE?AViterator@12@XZ 10058080 f i BattleDialogs.obj
 0002:000160e0       ?size@?$vector@EV?$allocator@E@std@@@std@@QBEIXZ 100580e0 f i BattleDialogs.obj
 0002:00016150       ?max_size@?$vector@EV?$allocator@E@std@@@std@@QBEIXZ 10058150 f i BattleDialogs.obj
 0002:000161a0       ?_Destroy@?$vector@EV?$allocator@E@std@@@std@@IAEXPAE0@Z 100581a0 f i BattleDialogs.obj
 0002:00016200       ?_Xlen@?$vector@EV?$allocator@E@std@@@std@@IBEXXZ 10058200 f i BattleDialogs.obj
 0002:000162c0       ?deallocate@?$allocator@E@std@@QAEXPAEI@Z 100582c0 f i BattleDialogs.obj
 0002:00016320       ?allocate@?$allocator@E@std@@QAEPAEI@Z 10058320 f i BattleDialogs.obj
 0002:00016380       ?capacity@?$vector@VCUpgCategory@@V?$allocator@VCUpgCategory@@@std@@@std@@QBEIXZ 10058380 f i BattleDialogs.obj
 0002:00016400       ?size@?$vector@VCUpgCategory@@V?$allocator@VCUpgCategory@@@std@@@std@@QBEIXZ 10058400 f i BattleDialogs.obj
 0002:00016480       ?insert@?$vector@VCUpgCategory@@V?$allocator@VCUpgCategory@@@std@@@std@@QAE?AViterator@12@V312@ABVCUpgCategory@@@Z 10058480 f i BattleDialogs.obj
 0002:00016560       ?_Ufill@?$vector@VCUpgCategory@@V?$allocator@VCUpgCategory@@@std@@@std@@IAEPAVCUpgCategory@@PAV3@IABV3@@Z 10058560 f i BattleDialogs.obj
 0002:000165d0       ??0iterator@?$vector@VCUpgCategory@@V?$allocator@VCUpgCategory@@@std@@@std@@QAE@PAVCUpgCategory@@@Z 100585d0 f i BattleDialogs.obj
 0002:00016630       ??Diterator@?$vector@VCUpgCategory@@V?$allocator@VCUpgCategory@@@std@@@std@@QBEAAVCUpgCategory@@XZ 10058630 f i BattleDialogs.obj
 0002:00016680       ??Eiterator@?$vector@VCUpgCategory@@V?$allocator@VCUpgCategory@@@std@@@std@@QAEAAV012@XZ 10058680 f i BattleDialogs.obj
 0002:000166d0       ??8const_iterator@?$vector@VCUpgCategory@@V?$allocator@VCUpgCategory@@@std@@@std@@QBE_NABV012@@Z 100586d0 f i BattleDialogs.obj
 0002:00016720       ??0iterator@?$vector@V?$vector@GV?$allocator@G@std@@@std@@V?$allocator@V?$vector@GV?$allocator@G@std@@@std@@@2@@std@@QAE@PAV?$vector@GV?$allocator@G@std@@@2@@Z 10058720 f i BattleDialogs.obj
 0002:00016780       ??Diterator@?$vector@V?$vector@GV?$allocator@G@std@@@std@@V?$allocator@V?$vector@GV?$allocator@G@std@@@std@@@2@@std@@QBEAAV?$vector@GV?$allocator@G@std@@@2@XZ 10058780 f i BattleDialogs.obj
 0002:000167d0       ??Eiterator@?$vector@V?$vector@GV?$allocator@G@std@@@std@@V?$allocator@V?$vector@GV?$allocator@G@std@@@std@@@2@@std@@QAEAAV012@XZ 100587d0 f i BattleDialogs.obj
 0002:00016820       ??Hiterator@?$vector@V?$vector@GV?$allocator@G@std@@@std@@V?$allocator@V?$vector@GV?$allocator@G@std@@@std@@@2@@std@@QBE?AV012@H@Z 10058820 f i BattleDialogs.obj
 0002:000168d0       ??Ziterator@?$vector@V?$vector@GV?$allocator@G@std@@@std@@V?$allocator@V?$vector@GV?$allocator@G@std@@@std@@@2@@std@@QAEAAV012@H@Z 100588d0 f i BattleDialogs.obj
 0002:00016930       ??8const_iterator@?$vector@V?$vector@GV?$allocator@G@std@@@std@@V?$allocator@V?$vector@GV?$allocator@G@std@@@std@@@2@@std@@QBE_NABV012@@Z 10058930 f i BattleDialogs.obj
 0002:00016980       ??0iterator@?$vector@GV?$allocator@G@std@@@std@@QAE@PAG@Z 10058980 f i BattleDialogs.obj
 0002:000169e0       ??Eiterator@?$vector@GV?$allocator@G@std@@@std@@QAEAAV012@XZ 100589e0 f i BattleDialogs.obj
 0002:00016a30       ??Yiterator@?$vector@GV?$allocator@G@std@@@std@@QAEAAV012@H@Z 10058a30 f i BattleDialogs.obj
 0002:00016a80       ??Giterator@?$vector@GV?$allocator@G@std@@@std@@QBE?AV012@H@Z 10058a80 f i BattleDialogs.obj
 0002:00016b30       ??Dconst_iterator@?$vector@GV?$allocator@G@std@@@std@@QBEABGXZ 10058b30 f i BattleDialogs.obj
 0002:00016b70       ??Diterator@?$vector@FV?$allocator@F@std@@@std@@QBEAAFXZ 10058b70 f i BattleDialogs.obj
 0002:00016bc0       ??Hiterator@?$vector@FV?$allocator@F@std@@@std@@QBE?AV012@H@Z 10058bc0 f i BattleDialogs.obj
 0002:00016c70       ??Diterator@?$vector@EV?$allocator@E@std@@@std@@QBEAAEXZ 10058c70 f i BattleDialogs.obj
 0002:00016cc0       ??Hiterator@?$vector@EV?$allocator@E@std@@@std@@QBE?AV012@H@Z 10058cc0 f i BattleDialogs.obj
 0002:00016d70       ??0length_error@std@@QAE@ABV01@@Z 10058d70 f i BattleDialogs.obj
 0002:00016de0       ??0logic_error@std@@QAE@ABV01@@Z 10058de0 f i BattleDialogs.obj
 0002:00016ea0       ??0?$basic_string@DU?$char_traits@D@std@@V?$allocator@D@2@@std@@QAE@PBD@Z 10058ea0 f i BattleDialogs.obj
 0002:00016f20       ?erase@?$basic_string@DU?$char_traits@D@std@@V?$allocator@D@2@@std@@QAEAAV12@II@Z 10058f20 f i BattleDialogs.obj
 0002:00017010       ?move@?$char_traits@D@std@@SAPADPADPBDI@Z 10059010 f i BattleDialogs.obj
 0002:00017070       ?size@?$basic_string@DU?$char_traits@D@std@@V?$allocator@D@2@@std@@QBEIXZ 10059070 f i BattleDialogs.obj
 0002:000170b0       ?_Eos@?$basic_string@DU?$char_traits@D@std@@V?$allocator@D@2@@std@@IAEXI@Z 100590b0 f i BattleDialogs.obj
 0002:00017130       ?assign@?$char_traits@D@std@@SAXAADABD@Z 10059130 f i BattleDialogs.obj
 0002:00017170       ?_Grow@?$basic_string@DU?$char_traits@D@std@@V?$allocator@D@2@@std@@IAE_NI_N@Z 10059170 f i BattleDialogs.obj
 0002:00017270       ?_Myptr@?$basic_string@DU?$char_traits@D@std@@V?$allocator@D@2@@std@@QAEPADXZ 10059270 f i BattleDialogs.obj
 0002:000172e0       ?deallocate@?$allocator@D@std@@QAEXPADI@Z 100592e0 f i BattleDialogs.obj
 0002:00017340       ?max_size@?$vector@V?$vector@GV?$allocator@G@std@@@std@@V?$allocator@V?$vector@GV?$allocator@G@std@@@std@@@2@@std@@QBEIXZ 10059340 f i BattleDialogs.obj
 0002:00017390       ?_Insert_n@?$vector@V?$vector@GV?$allocator@G@std@@@std@@V?$allocator@V?$vector@GV?$allocator@G@std@@@std@@@2@@std@@IAEXViterator@12@IABV?$vector@GV?$allocator@G@std@@@2@@Z 10059390 f i BattleDialogs.obj
 0002:00017810       ?_Xlen@?$vector@V?$vector@GV?$allocator@G@std@@@std@@V?$allocator@V?$vector@GV?$allocator@G@std@@@std@@@2@@std@@IBEXXZ 10059810 f i BattleDialogs.obj
 0002:000178d0       ??0?$allocator@V?$vector@GV?$allocator@G@std@@@std@@@std@@QAE@ABV01@@Z 100598d0 f i BattleDialogs.obj
 0002:00017910       ?deallocate@?$allocator@V?$vector@GV?$allocator@G@std@@@std@@@std@@QAEXPAV?$vector@GV?$allocator@G@std@@@2@I@Z 10059910 f i BattleDialogs.obj
 0002:00017970       ?allocate@?$allocator@V?$vector@GV?$allocator@G@std@@@std@@@std@@QAEPAV?$vector@GV?$allocator@G@std@@@2@I@Z 10059970 f i BattleDialogs.obj
 0002:000179d0       ?_Insert_n@?$vector@GV?$allocator@G@std@@@std@@IAEXViterator@12@IABG@Z 100599d0 f i BattleDialogs.obj
 0002:00017e30       ??0?$allocator@G@std@@QAE@ABV01@@Z 10059e30 f i BattleDialogs.obj
 0002:00017e70       ?max_size@?$allocator@G@std@@QBEIXZ 10059e70 f i BattleDialogs.obj
 0002:00017ee0       ?max_size@?$allocator@F@std@@QBEIXZ 10059ee0 f i BattleDialogs.obj
 0002:00017f50       ?max_size@?$allocator@E@std@@QBEIXZ 10059f50 f i BattleDialogs.obj
 0002:00017fc0       ?_Insert_n@?$vector@VCUpgCategory@@V?$allocator@VCUpgCategory@@@std@@@std@@IAEXViterator@12@IABVCUpgCategory@@@Z 10059fc0 f i BattleDialogs.obj
 0002:00018450       ??Hiterator@?$vector@VCUpgCategory@@V?$allocator@VCUpgCategory@@@std@@@std@@QBE?AV012@H@Z 1005a450 f i BattleDialogs.obj
 0002:00018500       ??Giterator@?$vector@VCUpgCategory@@V?$allocator@VCUpgCategory@@@std@@@std@@QBEHABVconst_iterator@12@@Z 1005a500 f i BattleDialogs.obj
 0002:00018570       ??0const_iterator@?$vector@VCUpgCategory@@V?$allocator@VCUpgCategory@@@std@@@std@@QAE@PAVCUpgCategory@@@Z 1005a570 f i BattleDialogs.obj
 0002:000185c0       ??Dconst_iterator@?$vector@VCUpgCategory@@V?$allocator@VCUpgCategory@@@std@@@std@@QBEABVCUpgCategory@@XZ 1005a5c0 f i BattleDialogs.obj
 0002:00018600       ??Yiterator@?$vector@V?$vector@GV?$allocator@G@std@@@std@@V?$allocator@V?$vector@GV?$allocator@G@std@@@std@@@2@@std@@QAEAAV012@H@Z 1005a600 f i BattleDialogs.obj
 0002:00018650       ??Giterator@?$vector@V?$vector@GV?$allocator@G@std@@@std@@V?$allocator@V?$vector@GV?$allocator@G@std@@@std@@@2@@std@@QBEHABVconst_iterator@12@@Z 1005a650 f i BattleDialogs.obj
 0002:000186c0       ??0const_iterator@?$vector@V?$vector@GV?$allocator@G@std@@@std@@V?$allocator@V?$vector@GV?$allocator@G@std@@@std@@@2@@std@@QAE@PAV?$vector@GV?$allocator@G@std@@@2@@Z 1005a6c0 f i BattleDialogs.obj
 0002:00018710       ??Dconst_iterator@?$vector@V?$vector@GV?$allocator@G@std@@@std@@V?$allocator@V?$vector@GV?$allocator@G@std@@@std@@@2@@std@@QBEABV?$vector@GV?$allocator@G@std@@@2@XZ 1005a710 f i BattleDialogs.obj
 0002:00018750       ??Ziterator@?$vector@GV?$allocator@G@std@@@std@@QAEAAV012@H@Z 1005a750 f i BattleDialogs.obj
 0002:000187b0       ??Giterator@?$vector@GV?$allocator@G@std@@@std@@QBEHABVconst_iterator@12@@Z 1005a7b0 f i BattleDialogs.obj
 0002:00018820       ??0const_iterator@?$vector@GV?$allocator@G@std@@@std@@QAE@PAG@Z 1005a820 f i BattleDialogs.obj
 0002:00018870       ??0iterator@?$vector@FV?$allocator@F@std@@@std@@QAE@PAF@Z 1005a870 f i BattleDialogs.obj
 0002:000188d0       ??Yiterator@?$vector@FV?$allocator@F@std@@@std@@QAEAAV012@H@Z 1005a8d0 f i BattleDialogs.obj
 0002:00018920       ??Dconst_iterator@?$vector@FV?$allocator@F@std@@@std@@QBEABFXZ 1005a920 f i BattleDialogs.obj
 0002:00018960       ??0iterator@?$vector@EV?$allocator@E@std@@@std@@QAE@PAE@Z 1005a960 f i BattleDialogs.obj
 0002:000189c0       ??Yiterator@?$vector@EV?$allocator@E@std@@@std@@QAEAAV012@H@Z 1005a9c0 f i BattleDialogs.obj
 0002:00018a10       ??Dconst_iterator@?$vector@EV?$allocator@E@std@@@std@@QBEABEXZ 1005aa10 f i BattleDialogs.obj
 0002:00018a50       ??0CUpgCategory@@QAE@ABV0@@Z 1005aa50 f i BattleDialogs.obj
 0002:00018b20       ?assign@?$basic_string@DU?$char_traits@D@std@@V?$allocator@D@2@@std@@QAEAAV12@PBD@Z 1005ab20 f i BattleDialogs.obj
 0002:00018b90       ?length@?$char_traits@D@std@@SAIPBD@Z 1005ab90 f i BattleDialogs.obj
 0002:00018be0       ?max_size@?$basic_string@DU?$char_traits@D@std@@V?$allocator@D@2@@std@@QBEIXZ 1005abe0 f i BattleDialogs.obj
 0002:00018c60       ?_Copy@?$basic_string@DU?$char_traits@D@std@@V?$allocator@D@2@@std@@IAEXII@Z 1005ac60 f i BattleDialogs.obj
 0002:00018e50       ??0?$allocator@D@std@@QAE@XZ 1005ae50 f i BattleDialogs.obj
 0002:00018e90       ??0?$vector@V?$vector@GV?$allocator@G@std@@@std@@V?$allocator@V?$vector@GV?$allocator@G@std@@@std@@@2@@std@@QAE@ABV01@@Z 1005ae90 f i BattleDialogs.obj
 0002:00018ff0       ?max_size@?$allocator@V?$vector@GV?$allocator@G@std@@@std@@@std@@QBEIXZ 1005aff0 f i BattleDialogs.obj
 0002:00019060       ??0?$vector@GV?$allocator@G@std@@@std@@QAE@ABV01@@Z 1005b060 f i BattleDialogs.obj
 0002:000191c0       ?max_size@?$vector@VCUpgCategory@@V?$allocator@VCUpgCategory@@@std@@@std@@QBEIXZ 1005b1c0 f i BattleDialogs.obj
 0002:00019210       ?_Destroy@?$vector@VCUpgCategory@@V?$allocator@VCUpgCategory@@@std@@@std@@IAEXPAVCUpgCategory@@0@Z 1005b210 f i BattleDialogs.obj
 0002:00019270       ?_Xlen@?$vector@VCUpgCategory@@V?$allocator@VCUpgCategory@@@std@@@std@@IBEXXZ 1005b270 f i BattleDialogs.obj
 0002:00019330       ?deallocate@?$allocator@VCUpgCategory@@@std@@QAEXPAVCUpgCategory@@I@Z 1005b330 f i BattleDialogs.obj
 0002:00019390       ?allocate@?$allocator@VCUpgCategory@@@std@@QAEPAVCUpgCategory@@I@Z 1005b390 f i BattleDialogs.obj
 0002:000193f0       ??Yiterator@?$vector@VCUpgCategory@@V?$allocator@VCUpgCategory@@@std@@@std@@QAEAAV012@H@Z 1005b3f0 f i BattleDialogs.obj
 0002:00019440       ??Gconst_iterator@?$vector@VCUpgCategory@@V?$allocator@VCUpgCategory@@@std@@@std@@QBEHABV012@@Z 1005b440 f i BattleDialogs.obj
 0002:00019490       ??Gconst_iterator@?$vector@V?$vector@GV?$allocator@G@std@@@std@@V?$allocator@V?$vector@GV?$allocator@G@std@@@std@@@2@@std@@QBEHABV012@@Z 1005b490 f i BattleDialogs.obj
 0002:000194e0       ??Gconst_iterator@?$vector@GV?$allocator@G@std@@@std@@QBEHABV012@@Z 1005b4e0 f i BattleDialogs.obj
 0002:00019530       ??0const_iterator@?$vector@FV?$allocator@F@std@@@std@@QAE@PAF@Z 1005b530 f i BattleDialogs.obj
 0002:00019580       ??0const_iterator@?$vector@EV?$allocator@E@std@@@std@@QAE@PAE@Z 1005b580 f i BattleDialogs.obj
 0002:000195d0       ?assign@?$basic_string@DU?$char_traits@D@std@@V?$allocator@D@2@@std@@QAEAAV12@PBDI@Z 1005b5d0 f i BattleDialogs.obj
 0002:000196b0       ?allocate@?$allocator@D@std@@QAEPADI@Z 1005b6b0 f i BattleDialogs.obj
 0002:00019710       ?max_size@?$allocator@D@std@@QBEIXZ 1005b710 f i BattleDialogs.obj
 0002:00019780       ?begin@?$vector@V?$vector@GV?$allocator@G@std@@@std@@V?$allocator@V?$vector@GV?$allocator@G@std@@@std@@@2@@std@@QBE?AVconst_iterator@12@XZ 1005b780 f i BattleDialogs.obj
 0002:000197e0       ?end@?$vector@V?$vector@GV?$allocator@G@std@@@std@@V?$allocator@V?$vector@GV?$allocator@G@std@@@std@@@2@@std@@QBE?AVconst_iterator@12@XZ 1005b7e0 f i BattleDialogs.obj
 0002:00019840       ?begin@?$vector@GV?$allocator@G@std@@@std@@QBE?AVconst_iterator@12@XZ 1005b840 f i BattleDialogs.obj
 0002:000198a0       ?end@?$vector@GV?$allocator@G@std@@@std@@QBE?AVconst_iterator@12@XZ 1005b8a0 f i BattleDialogs.obj
 0002:00019900       ?max_size@?$allocator@VCUpgCategory@@@std@@QBEIXZ 1005b900 f i BattleDialogs.obj
 0002:00019970       ?_Inside@?$basic_string@DU?$char_traits@D@std@@V?$allocator@D@2@@std@@IAE_NPBD@Z 1005b970 f i BattleDialogs.obj
 0002:000199f0       ??$copy@PAV?$vector@GV?$allocator@G@std@@@std@@PAV12@@std@@YAPAV?$vector@GV?$allocator@G@std@@@0@PAV10@00@Z 1005b9f0 f i BattleDialogs.obj
 0002:00019a70       ??$_Ucopy@Viterator@?$vector@GV?$allocator@G@std@@@std@@@?$vector@GV?$allocator@G@std@@@std@@IAEPAGViterator@01@0PAG@Z 1005ba70 f i BattleDialogs.obj
 0002:00019ae0       ??$_Ucopy@Viterator@?$vector@FV?$allocator@F@std@@@std@@@?$vector@FV?$allocator@F@std@@@std@@IAEPAFViterator@01@0PAF@Z 1005bae0 f i BattleDialogs.obj
 0002:00019b50       ??$_Ucopy@Viterator@?$vector@EV?$allocator@E@std@@@std@@@?$vector@EV?$allocator@E@std@@@std@@IAEPAEViterator@01@0PAE@Z 1005bb50 f i BattleDialogs.obj
 0002:00019bc0       ??$_Destroy_range@V?$vector@GV?$allocator@G@std@@@std@@V?$allocator@V?$vector@GV?$allocator@G@std@@@std@@@2@@std@@YAXPAV?$vector@GV?$allocator@G@std@@@0@0AAV?$allocator@V?$vector@GV?$allocator@G@std@@@std@@@0@@Z 1005bbc0 f i BattleDialogs.obj
 0002:00019c40       ??$_Uninitialized_fill_n@PAV?$vector@GV?$allocator@G@std@@@std@@IV12@V?$allocator@V?$vector@GV?$allocator@G@std@@@std@@@2@@std@@YAXPAV?$vector@GV?$allocator@G@std@@@0@IABV10@AAV?$allocator@V?$vector@GV?$allocator@G@std@@@std@@@0@@Z 1005bc40 f i BattleDialogs.obj
 0002:00019cc0       ??$_Destroy_range@GV?$allocator@G@std@@@std@@YAXPAG0AAV?$allocator@G@0@@Z 1005bcc0 f i BattleDialogs.obj
 0002:00019d40       ?_Ptr_cat@std@@YA?AU_Scalar_ptr_iterator_tag@1@PAG0@Z 1005bd40 f i BattleDialogs.obj
 0002:00019db0       ??$_Uninitialized_fill_n@PAGIGV?$allocator@G@std@@@std@@YAXPAGIABGAAV?$allocator@G@0@@Z 1005bdb0 f i BattleDialogs.obj
 0002:00019e30       ??$_Allocate@G@std@@YAPAGIPAG@Z 1005be30 f i BattleDialogs.obj
 0002:00019e80       ??$_Destroy_range@FV?$allocator@F@std@@@std@@YAXPAF0AAV?$allocator@F@0@@Z 1005be80 f i BattleDialogs.obj
 0002:00019f00       ?_Ptr_cat@std@@YA?AU_Scalar_ptr_iterator_tag@1@PAF0@Z 1005bf00 f i BattleDialogs.obj
 0002:00019f70       ??$_Allocate@F@std@@YAPAFIPAF@Z 1005bf70 f i BattleDialogs.obj
 0002:00019fc0       ??$_Destroy_range@EV?$allocator@E@std@@@std@@YAXPAE0AAV?$allocator@E@0@@Z 1005bfc0 f i BattleDialogs.obj
 0002:0001a040       ?_Ptr_cat@std@@YA?AU_Scalar_ptr_iterator_tag@1@PAE0@Z 1005c040 f i BattleDialogs.obj
 0002:0001a0b0       ??$_Allocate@E@std@@YAPAEIPAE@Z 1005c0b0 f i BattleDialogs.obj
 0002:0001a100       ??$_Uninitialized_fill_n@PAVCUpgCategory@@IV1@V?$allocator@VCUpgCategory@@@std@@@std@@YAXPAVCUpgCategory@@IABV1@AAV?$allocator@VCUpgCategory@@@0@@Z 1005c100 f i BattleDialogs.obj
 0002:0001a180       ??$_Ucopy@PAV?$vector@GV?$allocator@G@std@@@std@@@?$vector@V?$vector@GV?$allocator@G@std@@@std@@V?$allocator@V?$vector@GV?$allocator@G@std@@@std@@@2@@std@@IAEPAV?$vector@GV?$allocator@G@std@@@1@PAV21@00@Z 1005c180 f i BattleDialogs.obj
 0002:0001a1f0       ??$fill@PAV?$vector@GV?$allocator@G@std@@@std@@V12@@std@@YAXPAV?$vector@GV?$allocator@G@std@@@0@0ABV10@@Z 1005c1f0 f i BattleDialogs.obj
 0002:0001a260       ??$copy_backward@PAV?$vector@GV?$allocator@G@std@@@std@@PAV12@@std@@YAPAV?$vector@GV?$allocator@G@std@@@0@PAV10@00@Z 1005c260 f i BattleDialogs.obj
 0002:0001a2e0       ??$_Allocate@V?$vector@GV?$allocator@G@std@@@std@@@std@@YAPAV?$vector@GV?$allocator@G@std@@@0@IPAV10@@Z 1005c2e0 f i BattleDialogs.obj
 0002:0001a340       ??$_Ucopy@PAG@?$vector@GV?$allocator@G@std@@@std@@IAEPAGPAG00@Z 1005c340 f i BattleDialogs.obj
 0002:0001a3b0       ??$fill@PAGG@std@@YAXPAG0ABG@Z 1005c3b0 f i BattleDialogs.obj
 0002:0001a410       ??$copy_backward@PAGPAG@std@@YAPAGPAG00@Z 1005c410 f i BattleDialogs.obj
 0002:0001a490       ??$_Ucopy@PAVCUpgCategory@@@?$vector@VCUpgCategory@@V?$allocator@VCUpgCategory@@@std@@@std@@IAEPAVCUpgCategory@@PAV2@00@Z 1005c490 f i BattleDialogs.obj
 0002:0001a500       ??$fill@PAVCUpgCategory@@V1@@std@@YAXPAVCUpgCategory@@0ABV1@@Z 1005c500 f i BattleDialogs.obj
 0002:0001a570       ??$copy_backward@PAVCUpgCategory@@PAV1@@std@@YAPAVCUpgCategory@@PAV1@00@Z 1005c570 f i BattleDialogs.obj
 0002:0001a5f0       ??$_Ucopy@Vconst_iterator@?$vector@V?$vector@GV?$allocator@G@std@@@std@@V?$allocator@V?$vector@GV?$allocator@G@std@@@std@@@2@@std@@@?$vector@V?$vector@GV?$allocator@G@std@@@std@@V?$allocator@V?$vector@GV?$allocator@G@std@@@std@@@2@@std@@IAEPAV?$vector@GV?$allocator@G@std@@@1@Vconst_iterator@01@0PAV21@@Z 1005c5f0 f i BattleDialogs.obj
 0002:0001a660       ??$_Ucopy@Vconst_iterator@?$vector@GV?$allocator@G@std@@@std@@@?$vector@GV?$allocator@G@std@@@std@@IAEPAGVconst_iterator@01@0PAG@Z 1005c660 f i BattleDialogs.obj
 0002:0001a6d0       ??$_Destroy_range@VCUpgCategory@@V?$allocator@VCUpgCategory@@@std@@@std@@YAXPAVCUpgCategory@@0AAV?$allocator@VCUpgCategory@@@0@@Z 1005c6d0 f i BattleDialogs.obj
 0002:0001a750       ??$_Allocate@VCUpgCategory@@@std@@YAPAVCUpgCategory@@IPAV1@@Z 1005c750 f i BattleDialogs.obj
 0002:0001a7b0       ??$_Allocate@D@std@@YAPADIPAD@Z 1005c7b0 f i BattleDialogs.obj
 0002:0001a800       ??4CUpgCategory@@QAEAAV0@ABV0@@Z 1005c800 f i BattleDialogs.obj
 0002:0001a8a0       ??4?$vector@V?$vector@GV?$allocator@G@std@@@std@@V?$allocator@V?$vector@GV?$allocator@G@std@@@std@@@2@@std@@QAEAAV01@ABV01@@Z 1005c8a0 f i BattleDialogs.obj
 0002:0001aab0       ??4?$vector@GV?$allocator@G@std@@@std@@QAEAAV01@ABV01@@Z 1005cab0 f i BattleDialogs.obj
 0002:0001acc0       ?clear@?$vector@V?$vector@GV?$allocator@G@std@@@std@@V?$allocator@V?$vector@GV?$allocator@G@std@@@std@@@2@@std@@QAEXXZ 1005ccc0 f i BattleDialogs.obj
 0002:0001ad10       ??$_Ptr_cat@PAV?$vector@GV?$allocator@G@std@@@std@@PAV12@@std@@YA?AU_Nonscalar_ptr_iterator_tag@0@AAPAV?$vector@GV?$allocator@G@std@@@0@0@Z 1005cd10 f i BattleDialogs.obj
 0002:0001ad80       ??$_Copy_opt@PAV?$vector@GV?$allocator@G@std@@@std@@PAV12@@std@@YAPAV?$vector@GV?$allocator@G@std@@@0@PAV10@00U_Nonscalar_ptr_iterator_tag@0@@Z 1005cd80 f i BattleDialogs.obj
 0002:0001ae00       ??$_Uninitialized_copy@Viterator@?$vector@GV?$allocator@G@std@@@std@@PAGV?$allocator@G@3@@std@@YAPAGViterator@?$vector@GV?$allocator@G@std@@@0@0PAGAAV?$allocator@G@0@@Z 1005ce00 f i BattleDialogs.obj
 0002:0001ae80       ??$_Uninitialized_copy@Viterator@?$vector@FV?$allocator@F@std@@@std@@PAFV?$allocator@F@3@@std@@YAPAFViterator@?$vector@FV?$allocator@F@std@@@0@0PAFAAV?$allocator@F@0@@Z 1005ce80 f i BattleDialogs.obj
 0002:0001af00       ??$_Uninitialized_copy@Viterator@?$vector@EV?$allocator@E@std@@@std@@PAEV?$allocator@E@3@@std@@YAPAEViterator@?$vector@EV?$allocator@E@std@@@0@0PAEAAV?$allocator@E@0@@Z 1005cf00 f i BattleDialogs.obj
 0002:0001af80       ??$_Destroy_range@V?$vector@GV?$allocator@G@std@@@std@@V?$allocator@V?$vector@GV?$allocator@G@std@@@std@@@2@@std@@YAXPAV?$vector@GV?$allocator@G@std@@@0@0AAV?$allocator@V?$vector@GV?$allocator@G@std@@@std@@@0@U_Nonscalar_ptr_iterator_tag@0@@Z 1005cf80 f i BattleDialogs.obj
 0002:0001aff0       ??$_Uninit_fill_n@PAV?$vector@GV?$allocator@G@std@@@std@@IV12@V?$allocator@V?$vector@GV?$allocator@G@std@@@std@@@2@@std@@YAXPAV?$vector@GV?$allocator@G@std@@@0@IABV10@AAV?$allocator@V?$vector@GV?$allocator@G@std@@@std@@@0@U_Nonscalar_ptr_iterator_tag@0@@Z 1005cff0 f i BattleDialogs.obj
 0002:0001b0f0       ??$_Destroy_range@GV?$allocator@G@std@@@std@@YAXPAG0AAV?$allocator@G@0@U_Scalar_ptr_iterator_tag@0@@Z 1005d0f0 f i BattleDialogs.obj
 0002:0001b120       ??$_Uninit_fill_n@GIG@std@@YAXPAGIABGAAV?$allocator@G@0@U_Scalar_ptr_iterator_tag@0@@Z 1005d120 f i BattleDialogs.obj
 0002:0001b180       ??$_Destroy_range@FV?$allocator@F@std@@@std@@YAXPAF0AAV?$allocator@F@0@U_Scalar_ptr_iterator_tag@0@@Z 1005d180 f i BattleDialogs.obj
 0002:0001b1b0       ??$_Destroy_range@EV?$allocator@E@std@@@std@@YAXPAE0AAV?$allocator@E@0@U_Scalar_ptr_iterator_tag@0@@Z 1005d1b0 f i BattleDialogs.obj
 0002:0001b1e0       ??$_Ptr_cat@PAVCUpgCategory@@PAV1@@std@@YA?AU_Nonscalar_ptr_iterator_tag@0@AAPAVCUpgCategory@@0@Z 1005d1e0 f i BattleDialogs.obj
 0002:0001b250       ??$_Uninit_fill_n@PAVCUpgCategory@@IV1@V?$allocator@VCUpgCategory@@@std@@@std@@YAXPAVCUpgCategory@@IABV1@AAV?$allocator@VCUpgCategory@@@0@U_Nonscalar_ptr_iterator_tag@0@@Z 1005d250 f i BattleDialogs.obj
 0002:0001b350       ??$_Uninitialized_copy@PAV?$vector@GV?$allocator@G@std@@@std@@PAV12@V?$allocator@V?$vector@GV?$allocator@G@std@@@std@@@2@@std@@YAPAV?$vector@GV?$allocator@G@std@@@0@PAV10@00AAV?$allocator@V?$vector@GV?$allocator@G@std@@@std@@@0@@Z 1005d350 f i BattleDialogs.obj
 0002:0001b3d0       ??$_Copy_backward_opt@PAV?$vector@GV?$allocator@G@std@@@std@@PAV12@@std@@YAPAV?$vector@GV?$allocator@G@std@@@0@PAV10@00U_Nonscalar_ptr_iterator_tag@0@@Z 1005d3d0 f i BattleDialogs.obj
 0002:0001b450       ??$_Uninitialized_copy@PAGPAGV?$allocator@G@std@@@std@@YAPAGPAG00AAV?$allocator@G@0@@Z 1005d450 f i BattleDialogs.obj
 0002:0001b4d0       ??$_Copy_backward_opt@PAGPAG@std@@YAPAGPAG00U_Scalar_ptr_iterator_tag@0@@Z 1005d4d0 f i BattleDialogs.obj
 0002:0001b540       ??$_Uninitialized_copy@PAVCUpgCategory@@PAV1@V?$allocator@VCUpgCategory@@@std@@@std@@YAPAVCUpgCategory@@PAV1@00AAV?$allocator@VCUpgCategory@@@0@@Z 1005d540 f i BattleDialogs.obj
 0002:0001b5c0       ??$_Copy_backward_opt@PAVCUpgCategory@@PAV1@@std@@YAPAVCUpgCategory@@PAV1@00U_Nonscalar_ptr_iterator_tag@0@@Z 1005d5c0 f i BattleDialogs.obj
 0002:0001b640       ??$_Uninitialized_copy@Vconst_iterator@?$vector@V?$vector@GV?$allocator@G@std@@@std@@V?$allocator@V?$vector@GV?$allocator@G@std@@@std@@@2@@std@@PAV?$vector@GV?$allocator@G@std@@@3@V?$allocator@V?$vector@GV?$allocator@G@std@@@std@@@3@@std@@YAPAV?$vector@GV?$allocator@G@std@@@0@Vconst_iterator@?$vector@V?$vector@GV?$allocator@G@std@@@std@@V?$allocator@V?$vector@GV?$allocator@G@std@@@std@@@2@@0@0PAV10@AAV?$allocator@V?$vector@GV?$allocator@G@std@@@std@@@0@@Z 1005d640 f i BattleDialogs.obj
 0002:0001b6c0       ??$_Uninitialized_copy@Vconst_iterator@?$vector@GV?$allocator@G@std@@@std@@PAGV?$allocator@G@3@@std@@YAPAGVconst_iterator@?$vector@GV?$allocator@G@std@@@0@0PAGAAV?$allocator@G@0@@Z 1005d6c0 f i BattleDialogs.obj
 0002:0001b740       ??$_Destroy_range@VCUpgCategory@@V?$allocator@VCUpgCategory@@@std@@@std@@YAXPAVCUpgCategory@@0AAV?$allocator@VCUpgCategory@@@0@U_Nonscalar_ptr_iterator_tag@0@@Z 1005d740 f i BattleDialogs.obj
 0002:0001b7b0       ??$copy@PAGPAG@std@@YAPAGPAG00@Z 1005d7b0 f i BattleDialogs.obj
 0002:0001b830       ?construct@?$allocator@V?$vector@GV?$allocator@G@std@@@std@@@std@@QAEXPAV?$vector@GV?$allocator@G@std@@@2@ABV32@@Z 1005d830 f i BattleDialogs.obj
 0002:0001b890       ?destroy@?$allocator@V?$vector@GV?$allocator@G@std@@@std@@@std@@QAEXPAV?$vector@GV?$allocator@G@std@@@2@@Z 1005d890 f i BattleDialogs.obj
 0002:0001b8f0       ?construct@?$allocator@VCUpgCategory@@@std@@QAEXPAVCUpgCategory@@ABV3@@Z 1005d8f0 f i BattleDialogs.obj
 0002:0001b950       ?destroy@?$allocator@VCUpgCategory@@@std@@QAEXPAVCUpgCategory@@@Z 1005d950 f i BattleDialogs.obj
 0002:0001b9b0       ??$_Ptr_cat@Viterator@?$vector@GV?$allocator@G@std@@@std@@PAG@std@@YA?AU_Nonscalar_ptr_iterator_tag@0@AAViterator@?$vector@GV?$allocator@G@std@@@0@AAPAG@Z 1005d9b0 f i BattleDialogs.obj
 0002:0001ba20       ??$_Uninit_copy@Viterator@?$vector@GV?$allocator@G@std@@@std@@PAGV?$allocator@G@3@@std@@YAPAGViterator@?$vector@GV?$allocator@G@std@@@0@0PAGAAV?$allocator@G@0@U_Nonscalar_ptr_iterator_tag@0@@Z 1005da20 f i BattleDialogs.obj
 0002:0001bb50       ??$_Ptr_cat@Viterator@?$vector@FV?$allocator@F@std@@@std@@PAF@std@@YA?AU_Nonscalar_ptr_iterator_tag@0@AAViterator@?$vector@FV?$allocator@F@std@@@0@AAPAF@Z 1005db50 f i BattleDialogs.obj
 0002:0001bbc0       ??$_Uninit_copy@Viterator@?$vector@FV?$allocator@F@std@@@std@@PAFV?$allocator@F@3@@std@@YAPAFViterator@?$vector@FV?$allocator@F@std@@@0@0PAFAAV?$allocator@F@0@U_Nonscalar_ptr_iterator_tag@0@@Z 1005dbc0 f i BattleDialogs.obj
 0002:0001bcf0       ??$_Ptr_cat@Viterator@?$vector@EV?$allocator@E@std@@@std@@PAE@std@@YA?AU_Nonscalar_ptr_iterator_tag@0@AAViterator@?$vector@EV?$allocator@E@std@@@0@AAPAE@Z 1005dcf0 f i BattleDialogs.obj
 0002:0001bd60       ??$_Uninit_copy@Viterator@?$vector@EV?$allocator@E@std@@@std@@PAEV?$allocator@E@3@@std@@YAPAEViterator@?$vector@EV?$allocator@E@std@@@0@0PAEAAV?$allocator@E@0@U_Nonscalar_ptr_iterator_tag@0@@Z 1005dd60 f i BattleDialogs.obj
 0002:0001be90       ??$fill_n@PAGIG@std@@YAXPAGIABG@Z 1005de90 f i BattleDialogs.obj
 0002:0001bef0       ??$_Uninit_copy@PAV?$vector@GV?$allocator@G@std@@@std@@PAV12@V?$allocator@V?$vector@GV?$allocator@G@std@@@std@@@2@@std@@YAPAV?$vector@GV?$allocator@G@std@@@0@PAV10@00AAV?$allocator@V?$vector@GV?$allocator@G@std@@@std@@@0@U_Nonscalar_ptr_iterator_tag@0@@Z 1005def0 f i BattleDialogs.obj
 0002:0001bff0       ??$_Uninit_copy@GG@std@@YAPAGPAG00AAV?$allocator@G@0@U_Scalar_ptr_iterator_tag@0@@Z 1005dff0 f i BattleDialogs.obj
 0002:0001c060       ??$_Uninit_copy@PAVCUpgCategory@@PAV1@V?$allocator@VCUpgCategory@@@std@@@std@@YAPAVCUpgCategory@@PAV1@00AAV?$allocator@VCUpgCategory@@@0@U_Nonscalar_ptr_iterator_tag@0@@Z 1005e060 f i BattleDialogs.obj
 0002:0001c160       ??$_Ptr_cat@Vconst_iterator@?$vector@V?$vector@GV?$allocator@G@std@@@std@@V?$allocator@V?$vector@GV?$allocator@G@std@@@std@@@2@@std@@PAV?$vector@GV?$allocator@G@std@@@3@@std@@YA?AU_Nonscalar_ptr_iterator_tag@0@AAVconst_iterator@?$vector@V?$vector@GV?$allocator@G@std@@@std@@V?$allocator@V?$vector@GV?$allocator@G@std@@@std@@@2@@0@AAPAV?$vector@GV?$allocator@G@std@@@0@@Z 1005e160 f i BattleDialogs.obj
 0002:0001c1d0       ??$_Uninit_copy@Vconst_iterator@?$vector@V?$vector@GV?$allocator@G@std@@@std@@V?$allocator@V?$vector@GV?$allocator@G@std@@@std@@@2@@std@@PAV?$vector@GV?$allocator@G@std@@@3@V?$allocator@V?$vector@GV?$allocator@G@std@@@std@@@3@@std@@YAPAV?$vector@GV?$allocator@G@std@@@0@Vconst_iterator@?$vector@V?$vector@GV?$allocator@G@std@@@std@@V?$allocator@V?$vector@GV?$allocator@G@std@@@std@@@2@@0@0PAV10@AAV?$allocator@V?$vector@GV?$allocator@G@std@@@std@@@0@U_Nonscalar_ptr_iterator_tag@0@@Z 1005e1d0 f i BattleDialogs.obj
 0002:0001c300       ??$_Ptr_cat@Vconst_iterator@?$vector@GV?$allocator@G@std@@@std@@PAG@std@@YA?AU_Nonscalar_ptr_iterator_tag@0@AAVconst_iterator@?$vector@GV?$allocator@G@std@@@0@AAPAG@Z 1005e300 f i BattleDialogs.obj
 0002:0001c370       ??$_Uninit_copy@Vconst_iterator@?$vector@GV?$allocator@G@std@@@std@@PAGV?$allocator@G@3@@std@@YAPAGVconst_iterator@?$vector@GV?$allocator@G@std@@@0@0PAGAAV?$allocator@G@0@U_Nonscalar_ptr_iterator_tag@0@@Z 1005e370 f i BattleDialogs.obj
 0002:0001c4a0       ??$_Copy_opt@PAGPAG@std@@YAPAGPAG00U_Scalar_ptr_iterator_tag@0@@Z 1005e4a0 f i BattleDialogs.obj
 0002:0001c510       ??$_Construct@V?$vector@GV?$allocator@G@std@@@std@@V12@@std@@YAXPAV?$vector@GV?$allocator@G@std@@@0@ABV10@@Z 1005e510 f i BattleDialogs.obj
 0002:0001c5f0       ??2@YAPAXIPAX@Z            1005e5f0 f i BattleDialogs.obj
 0002:0001c630       ??3@YAXPAX0@Z              1005e630 f i BattleDialogs.obj
 0002:0001c660       ??$_Destroy@V?$vector@GV?$allocator@G@std@@@std@@@std@@YAXPAV?$vector@GV?$allocator@G@std@@@0@@Z 1005e660 f i BattleDialogs.obj
 0002:0001c6b0       ??$_Construct@VCUpgCategory@@V1@@std@@YAXPAVCUpgCategory@@ABV1@@Z 1005e6b0 f i BattleDialogs.obj
 0002:0001c790       ??$_Destroy@VCUpgCategory@@@std@@YAXPAVCUpgCategory@@@Z 1005e790 f i BattleDialogs.obj
 0002:0001c7e0       ??_G?$vector@GV?$allocator@G@std@@@std@@QAEPAXI@Z 1005e7e0 f i BattleDialogs.obj
 0002:0001c850       ??_GCUpgCategory@@QAEPAXI@Z 1005e850 f i BattleDialogs.obj
 0002:0001c8c0       ?construct@?$allocator@G@std@@QAEXPAGABG@Z 1005e8c0 f i BattleDialogs.obj
 0002:0001c920       ?destroy@?$allocator@G@std@@QAEXPAG@Z 1005e920 f i BattleDialogs.obj
 0002:0001c980       ?construct@?$allocator@F@std@@QAEXPAFABF@Z 1005e980 f i BattleDialogs.obj
 0002:0001c9e0       ?destroy@?$allocator@F@std@@QAEXPAF@Z 1005e9e0 f i BattleDialogs.obj
 0002:0001ca40       ?construct@?$allocator@E@std@@QAEXPAEABE@Z 1005ea40 f i BattleDialogs.obj
 0002:0001caa0       ?destroy@?$allocator@E@std@@QAEXPAE@Z 1005eaa0 f i BattleDialogs.obj
 0002:0001cb00       ??Econst_iterator@?$vector@V?$vector@GV?$allocator@G@std@@@std@@V?$allocator@V?$vector@GV?$allocator@G@std@@@std@@@2@@std@@QAEAAV012@XZ 1005eb00 f i BattleDialogs.obj
 0002:0001cb50       ??Econst_iterator@?$vector@GV?$allocator@G@std@@@std@@QAEAAV012@XZ 1005eb50 f i BattleDialogs.obj
 0002:0001cba0       ??Eiterator@?$vector@FV?$allocator@F@std@@@std@@QAEAAV012@XZ 1005eba0 f i BattleDialogs.obj
 0002:0001cbf0       ??9const_iterator@?$vector@FV?$allocator@F@std@@@std@@QBE_NABV012@@Z 1005ebf0 f i BattleDialogs.obj
 0002:0001cc50       ??Eiterator@?$vector@EV?$allocator@E@std@@@std@@QAEAAV012@XZ 1005ec50 f i BattleDialogs.obj
 0002:0001cca0       ??9const_iterator@?$vector@EV?$allocator@E@std@@@std@@QBE_NABV012@@Z 1005eca0 f i BattleDialogs.obj
 0002:0001cd00       ??8const_iterator@?$vector@FV?$allocator@F@std@@@std@@QBE_NABV012@@Z 1005ed00 f i BattleDialogs.obj
 0002:0001cd50       ??8const_iterator@?$vector@EV?$allocator@E@std@@@std@@QBE_NABV012@@Z 1005ed50 f i BattleDialogs.obj
 0002:0001cda0       ??$_Construct@GG@std@@YAXPAGABG@Z 1005eda0 f i BattleDialogs.obj
 0002:0001ce40       ??$_Destroy@G@std@@YAXPAG@Z 1005ee40 f i BattleDialogs.obj
 0002:0001ce70       ??$_Construct@FF@std@@YAXPAFABF@Z 1005ee70 f i BattleDialogs.obj
 0002:0001cf10       ??$_Destroy@F@std@@YAXPAF@Z 1005ef10 f i BattleDialogs.obj
 0002:0001cf40       ??$_Construct@EE@std@@YAXPAEABE@Z 1005ef40 f i BattleDialogs.obj
 0002:0001cfe0       ??$_Destroy@E@std@@YAXPAE@Z 1005efe0 f i BattleDialogs.obj
 0002:0001d010       ??0CityzenType@@QAE@XZ     1005f010 f   CityPopulation.obj
 0002:0001d1b0       ??1CityzenType@@QAE@XZ     1005f1b0 f   CityPopulation.obj
 0002:0001d270       ?Load@CityzenType@@QAEXPAVxmlQuote@@@Z 1005f270 f   CityPopulation.obj
 0002:0001d840       ??0BildType@@QAE@XZ        1005f840 f   CityPopulation.obj
 0002:0001d900       ??1BildType@@QAE@XZ        1005f900 f   CityPopulation.obj
 0002:0001d9b0       ?Load@BildType@@QAEXPAVxmlQuote@@@Z 1005f9b0 f   CityPopulation.obj
 0002:0001dc40       ??0Cityzen@@QAE@XZ         1005fc40 f   CityPopulation.obj
 0002:0001dd40       ??1Cityzen@@QAE@XZ         1005fd40 f   CityPopulation.obj
 0002:0001ddb0       ?Process@Cityzen@@QAEXXZ   1005fdb0 f   CityPopulation.obj
 0002:0001e170       ?ExecuteActions@Cityzen@@QAEXH@Z 10060170 f   CityPopulation.obj
 0002:0001e500       ?GetSweetHomeIndex@Cityzen@@QAEHXZ 10060500 f   CityPopulation.obj
 0002:0001e7b0       ?GetRandActions@Cityzen@@QAEHXZ 100607b0 f   CityPopulation.obj
 0002:0001e8f0       ?SetMeeting@Cityzen@@QAEXXZ 100608f0 f   CityPopulation.obj
 0002:0001ec70       ??0CityBild@@QAE@XZ        10060c70 f   CityPopulation.obj
 0002:0001ed30       ??1CityBild@@QAE@XZ        10060d30 f   CityPopulation.obj
 0002:0001eda0       ?Process@CityBild@@QAEXXZ  10060da0 f   CityPopulation.obj
 0002:0001f030       ??0CityPopulation@@QAE@XZ  10061030 f   CityPopulation.obj
 0002:0001f080       ??1CityPopulation@@QAE@XZ  10061080 f   CityPopulation.obj
 0002:0001f0d0       ?Process@CityPopulation@@QAEXXZ 100610d0 f   CityPopulation.obj
 0002:0001f320       ??_GCityzen@@QAEPAXI@Z     10061320 f i CityPopulation.obj
 0002:0001f390       ?LoadFromFile@CityPopulation@@QAEXPAD@Z 10061390 f   CityPopulation.obj
 0002:0001fab0       ?GetCityzenTypeIndexByName@CityPopulation@@QAEHPBD@Z 10061ab0 f   CityPopulation.obj
 0002:0001fb90       ?GetBildTypeIndexByName@CityPopulation@@QAEHPBD@Z 10061b90 f   CityPopulation.obj
 0002:0001fc70       ?GetUnitTypeIndex@CityPopulation@@QAEHPBDPAUGAMEOBJ@@@Z 10061c70 f   CityPopulation.obj
 0002:0001fdc0       ?Init@CityPopulation@@QAEXXZ 10061dc0 f   CityPopulation.obj
 0002:0001fe20       ?ResearchMap@CityPopulation@@QAEXXZ 10061e20 f   CityPopulation.obj
 0002:00020150       ?Clear@CityPopulation@@QAEXXZ 10062150 f   CityPopulation.obj
 0002:000204e0       ??_GCityzenType@@QAEPAXI@Z 100624e0 f i CityPopulation.obj
 0002:00020550       ??_GBildType@@QAEPAXI@Z    10062550 f i CityPopulation.obj
 0002:000205c0       ??_GCityBild@@QAEPAXI@Z    100625c0 f i CityPopulation.obj
 0002:00020630       ?BirthCallback@CityPopulation@@SAHH@Z 10062630 f   CityPopulation.obj
 0002:00020870       ??0?$DynArray@H$0P@@@QAE@XZ 10062870 f i CityPopulation.obj
 0002:000208d0       ??1?$DynArray@H$0P@@@QAE@XZ 100628d0 f i CityPopulation.obj
 0002:00020920       ?Add@?$DynArray@H$0P@@@QAEHABH@Z 10062920 f i CityPopulation.obj
 0002:000209c0       ??A?$DynArray@H$0P@@@QAEAAHH@Z 100629c0 f i CityPopulation.obj
 0002:00020a70       ?GetAmount@?$DynArray@H$0P@@@QBEHXZ 10062a70 f i CityPopulation.obj
 0002:00020ab0       ?Clear@?$DynArray@H$0P@@@QAEXXZ 10062ab0 f i CityPopulation.obj
 0002:00020b50       ??0?$DynArray@USComeIn@@$0P@@@QAE@XZ 10062b50 f i CityPopulation.obj
 0002:00020bb0       ??1?$DynArray@USComeIn@@$0P@@@QAE@XZ 10062bb0 f i CityPopulation.obj
 0002:00020c00       ?Add@?$DynArray@USComeIn@@$0P@@@QAEHABUSComeIn@@@Z 10062c00 f i CityPopulation.obj
 0002:00020cb0       ??A?$DynArray@USComeIn@@$0P@@@QAEAAUSComeIn@@H@Z 10062cb0 f i CityPopulation.obj
 0002:00020d60       ?GetAmount@?$DynArray@USComeIn@@$0P@@@QBEHXZ 10062d60 f i CityPopulation.obj
 0002:00020da0       ??0?$DynArray@USBorn@@$0P@@@QAE@XZ 10062da0 f i CityPopulation.obj
 0002:00020e00       ??1?$DynArray@USBorn@@$0P@@@QAE@XZ 10062e00 f i CityPopulation.obj
 0002:00020e50       ?Add@?$DynArray@USBorn@@$0P@@@QAEHABUSBorn@@@Z 10062e50 f i CityPopulation.obj
 0002:00020f00       ??A?$DynArray@USBorn@@$0P@@@QAEAAUSBorn@@H@Z 10062f00 f i CityPopulation.obj
 0002:00020fb0       ?GetAmount@?$DynArray@USBorn@@$0P@@@QBEHXZ 10062fb0 f i CityPopulation.obj
 0002:00020ff0       ?Add@?$DynArray@PAVCityzenType@@$0P@@@QAEHABQAVCityzenType@@@Z 10062ff0 f i CityPopulation.obj
 0002:00021090       ??A?$DynArray@PAVCityzenType@@$0P@@@QAEAAPAVCityzenType@@H@Z 10063090 f i CityPopulation.obj
 0002:00021140       ?GetAmount@?$DynArray@PAVCityzenType@@$0P@@@QBEHXZ 10063140 f i CityPopulation.obj
 0002:00021180       ?Clear@?$DynArray@PAVCityzenType@@$0P@@@QAEXXZ 10063180 f i CityPopulation.obj
 0002:00021220       ?Add@?$DynArray@PAVBildType@@$0P@@@QAEHABQAVBildType@@@Z 10063220 f i CityPopulation.obj
 0002:000212c0       ??A?$DynArray@PAVBildType@@$0P@@@QAEAAPAVBildType@@H@Z 100632c0 f i CityPopulation.obj
 0002:00021370       ?GetAmount@?$DynArray@PAVBildType@@$0P@@@QBEHXZ 10063370 f i CityPopulation.obj
 0002:000213b0       ?Clear@?$DynArray@PAVBildType@@$0P@@@QAEXXZ 100633b0 f i CityPopulation.obj
 0002:00021450       ?Add@?$DynArray@PAVCityBild@@$0P@@@QAEHABQAVCityBild@@@Z 10063450 f i CityPopulation.obj
 0002:000214f0       ??A?$DynArray@PAVCityBild@@$0P@@@QAEAAPAVCityBild@@H@Z 100634f0 f i CityPopulation.obj
 0002:000215a0       ?GetAmount@?$DynArray@PAVCityBild@@$0P@@@QBEHXZ 100635a0 f i CityPopulation.obj
 0002:000215e0       ?Clear@?$DynArray@PAVCityBild@@$0P@@@QAEXXZ 100635e0 f i CityPopulation.obj
 0002:00021680       ?Add@?$DynArray@PAVCityzen@@$0P@@@QAEHABQAVCityzen@@@Z 10063680 f i CityPopulation.obj
 0002:00021720       ?Del@?$DynArray@PAVCityzen@@$0P@@@QAEXHH@Z 10063720 f i CityPopulation.obj
 0002:00021830       ??A?$DynArray@PAVCityzen@@$0P@@@QAEAAPAVCityzen@@H@Z 10063830 f i CityPopulation.obj
 0002:000218e0       ?GetAmount@?$DynArray@PAVCityzen@@$0P@@@QBEHXZ 100638e0 f i CityPopulation.obj
 0002:00021920       ?Clear@?$DynArray@PAVCityzen@@$0P@@@QAEXXZ 10063920 f i CityPopulation.obj
 0002:000219c0       ??0?$DynArray@G$0P@@@QAE@XZ 100639c0 f i CityPopulation.obj
 0002:00021a20       ??1?$DynArray@G$0P@@@QAE@XZ 10063a20 f i CityPopulation.obj
 0002:00021a70       ?Add@?$DynArray@G$0P@@@QAEHABG@Z 10063a70 f i CityPopulation.obj
 0002:00021b10       ??A?$DynArray@G$0P@@@QAEAAGH@Z 10063b10 f i CityPopulation.obj
 0002:00021bc0       ?GetAmount@?$DynArray@G$0P@@@QBEHXZ 10063bc0 f i CityPopulation.obj
 0002:00021c00       ?Check@?$DynArray@H$0P@@@QAEXH@Z 10063c00 f i CityPopulation.obj
 0002:00021d10       ?Check@?$DynArray@USComeIn@@$0P@@@QAEXH@Z 10063d10 f i CityPopulation.obj
 0002:00021e20       ?Clear@?$DynArray@USComeIn@@$0P@@@QAEXXZ 10063e20 f i CityPopulation.obj
 0002:00021ec0       ?Check@?$DynArray@USBorn@@$0P@@@QAEXH@Z 10063ec0 f i CityPopulation.obj
 0002:00021fd0       ?Clear@?$DynArray@USBorn@@$0P@@@QAEXXZ 10063fd0 f i CityPopulation.obj
 0002:00022070       ?Check@?$DynArray@PAVCityzenType@@$0P@@@QAEXH@Z 10064070 f i CityPopulation.obj
 0002:00022180       ?Check@?$DynArray@PAVBildType@@$0P@@@QAEXH@Z 10064180 f i CityPopulation.obj
 0002:00022290       ?Check@?$DynArray@PAVCityBild@@$0P@@@QAEXH@Z 10064290 f i CityPopulation.obj
 0002:000223a0       ?Check@?$DynArray@PAVCityzen@@$0P@@@QAEXH@Z 100643a0 f i CityPopulation.obj
 0002:000224b0       ?Check@?$DynArray@G$0P@@@QAEXH@Z 100644b0 f i CityPopulation.obj
 0002:000225c0       ?Clear@?$DynArray@G$0P@@@QAEXXZ 100645c0 f i CityPopulation.obj
 0002:00022660       ??0?$DynArray@PAVCityzenType@@$0P@@@QAE@XZ 10064660 f i CityPopulation.obj
 0002:000226c0       ??0?$DynArray@PAVBildType@@$0P@@@QAE@XZ 100646c0 f i CityPopulation.obj
 0002:00022720       ??0?$DynArray@PAVCityBild@@$0P@@@QAE@XZ 10064720 f i CityPopulation.obj
 0002:00022780       ??0?$DynArray@PAVCityzen@@$0P@@@QAE@XZ 10064780 f i CityPopulation.obj
 0002:000227e0       ??1?$DynArray@PAVCityzenType@@$0P@@@QAE@XZ 100647e0 f i CityPopulation.obj
 0002:00022830       ??1?$DynArray@PAVBildType@@$0P@@@QAE@XZ 10064830 f i CityPopulation.obj
 0002:00022880       ??1?$DynArray@PAVCityBild@@$0P@@@QAE@XZ 10064880 f i CityPopulation.obj
 0002:000228d0       ??1?$DynArray@PAVCityzen@@$0P@@@QAE@XZ 100648d0 f i CityPopulation.obj
 0002:00022920       ?InitThisTribe2@DIP_SimpleBuilding@@UAEXPAD000@Z 10064920 f   DIP_SimpleBuilding.obj
 0002:00022ab0       ?InitThisTribe@DIP_SimpleBuilding@@UAEXPAD00@Z 10064ab0 f   DIP_SimpleBuilding.obj
 0002:00024ae0       ??0SettlementInfo@@QAE@XZ  10066ae0 f i DIP_SimpleBuilding.obj
 0002:00024c90       ??0GroupExInfo@@QAE@XZ     10066c90 f i DIP_SimpleBuilding.obj
 0002:00024d10       ?GetClassNameA@GroupExInfo@@UAEPBDXZ 10066d10 f i DIP_SimpleBuilding.obj
 0002:00024d50       ?CheckDirectCasting@GroupExInfo@@UAE_NXZ 10066d50 f i DIP_SimpleBuilding.obj
 0002:00024d90       ?new_element@GroupExInfo@@UAEPAVBaseClass@@XZ 10066d90 f i DIP_SimpleBuilding.obj
 0002:00024fb0       ?GetClassStorage@GroupExInfo@@UAEPAVOneClassStorage@@XZ 10066fb0 f i DIP_SimpleBuilding.obj
 0002:00025060       ?RegisterMembers@GroupExInfo@@UAEXXZ 10067060 f i DIP_SimpleBuilding.obj
 0002:00025240       ??_GGroupExInfo@@UAEPAXI@Z 10067240 f i DIP_SimpleBuilding.obj
 0002:00025240       ??_EGroupExInfo@@UAEPAXI@Z 10067240 f i DIP_SimpleBuilding.obj
 0002:000252b0       ??1GroupExInfo@@UAE@XZ     100672b0 f i DIP_SimpleBuilding.obj
 0002:00025310       ?GetClassNameA@SettlementInfo@@UAEPBDXZ 10067310 f i DIP_SimpleBuilding.obj
 0002:00025350       ?CheckDirectCasting@SettlementInfo@@UAE_NXZ 10067350 f i DIP_SimpleBuilding.obj
 0002:00025390       ?new_element@SettlementInfo@@UAEPAVBaseClass@@XZ 10067390 f i DIP_SimpleBuilding.obj
 0002:000255b0       ?GetClassStorage@SettlementInfo@@UAEPAVOneClassStorage@@XZ 100675b0 f i DIP_SimpleBuilding.obj
 0002:00025660       ?RegisterMembers@SettlementInfo@@UAEXXZ 10067660 f i DIP_SimpleBuilding.obj
 0002:00026390       ??_ESettlementInfo@@UAEPAXI@Z 10068390 f i DIP_SimpleBuilding.obj
 0002:00026390       ??_GSettlementInfo@@UAEPAXI@Z 10068390 f i DIP_SimpleBuilding.obj
 0002:00026400       ??0UpgArray@SettlementInfo@@QAE@XZ 10068400 f i DIP_SimpleBuilding.obj
 0002:00026460       ?GetExpansionRules@UpgArray@SettlementInfo@@UAEHXZ 10068460 f i DIP_SimpleBuilding.obj
 0002:000264a0       ??1UpgArray@SettlementInfo@@UAE@XZ 100684a0 f i DIP_SimpleBuilding.obj
 0002:000264f0       ??1SettlementInfo@@UAE@XZ  100684f0 f i DIP_SimpleBuilding.obj
 0002:00026680       ??_GUpgArray@SettlementInfo@@UAEPAXI@Z 10068680 f i DIP_SimpleBuilding.obj
 0002:00026680       ??_EUpgArray@SettlementInfo@@UAEPAXI@Z 10068680 f i DIP_SimpleBuilding.obj
 0002:000266f0       ?GetAmountOfPropositions@DIP_SimpleBuilding@@UAEHXZ 100686f0 f   DIP_SimpleBuilding.obj
 0002:00026730       ?GetPossibility@DIP_SimpleBuilding@@UAEKHPAD0@Z 10068730 f   DIP_SimpleBuilding.obj
 0002:00026800       ?PerformPossibility@DIP_SimpleBuilding@@UAEXK@Z 10068800 f   DIP_SimpleBuilding.obj
 0002:00026c20       ?PerformCommand@DIP_SimpleBuilding@@UAEXPADH@Z 10068c20 f   DIP_SimpleBuilding.obj
 0002:00028780       ?PerformProduceUnitsCommend@DIP_SimpleBuilding@@QAEXXZ 1006a780 f   DIP_SimpleBuilding.obj
 0002:00028a70       ?PerformStorms@DIP_SimpleBuilding@@QAEXXZ 1006aa70 f   DIP_SimpleBuilding.obj
 0002:00028d80       ?PerformKillers@DIP_SimpleBuilding@@QAEXXZ 1006ad80 f   DIP_SimpleBuilding.obj
 0002:00029090       ?PerformTomahawks@DIP_SimpleBuilding@@QAEXXZ 1006b090 f   DIP_SimpleBuilding.obj
 0002:000293b0       ?PerformFiring@DIP_SimpleBuilding@@QAEXXZ 1006b3b0 f   DIP_SimpleBuilding.obj
 0002:000296c0       ?PerformRazvedka@DIP_SimpleBuilding@@QAEXXZ 1006b6c0 f   DIP_SimpleBuilding.obj
 0002:00029a50       ?ProcessTribe@DIP_SimpleBuilding@@UAEXXZ 1006ba50 f   DIP_SimpleBuilding.obj
 0002:0002dba0       ?InsertUnitToGroup@@YAHPAUGAMEOBJ@@H@Z 1006fba0 f i DIP_SimpleBuilding.obj
 0002:0002dc10       ?CreateAbilityPage@DIP_SimpleBuilding@@QAEXXZ 1006fc10 f   DIP_SimpleBuilding.obj
 0002:0002e4f0       ?CreateRadialPosition@@YAXPAH0HHHHH@Z 100704f0 f   DIP_SimpleBuilding.obj
 0002:0002e610       ?ProcessDance@DIP_SimpleBuilding@@QAEXXZ 10070610 f   DIP_SimpleBuilding.obj
 0002:0002ec50       ?ShowNoMoney@DIP_SimpleBuilding@@QAEXXZ 10070c50 f   DIP_SimpleBuilding.obj
 0002:0002eee0       ?GetSaveData@DIP_SimpleBuilding@@UAEHPAE_N@Z 10070ee0 f   DIP_SimpleBuilding.obj
 0002:0002f2c0       ?SetSaveData@DIP_SimpleBuilding@@UAEXPAEH@Z 100712c0 f   DIP_SimpleBuilding.obj
 0002:0002f610       ?Init@DIP_SimpleBuilding@@UAEXXZ 10071610 f   DIP_SimpleBuilding.obj
 0002:0002f6d0       ?Free@DIP_SimpleBuilding@@UAEXXZ 100716d0 f   DIP_SimpleBuilding.obj
 0002:0002f760       ?CheckDipBuilding@@YAXEH@Z 10071760 f   DIP_SimpleBuilding.obj
 0002:0002f870       ?DrawSettlementInterface@DIP_SimpleBuilding@@QAEXHHHHHH@Z 10071870 f   DIP_SimpleBuilding.obj
 0002:0002fc40       ?Init@DipCaravan@@QAEXG@Z  10071c40 f   DIP_SimpleBuilding.obj
 0002:0002fca0       ?isEmpty@DipCaravan@@QAE_NXZ 10071ca0 f   DIP_SimpleBuilding.obj
 0002:0002fd30       ?isFree@DipCaravan@@QAE_NXZ 10071d30 f   DIP_SimpleBuilding.obj
 0002:0002ff50       ?Run@DipCaravan@@QAE_NEH@Z 10071f50 f   DIP_SimpleBuilding.obj
 0002:0002ffe0       ?Process@DipCaravan@@QAEXXZ 10071fe0 f   DIP_SimpleBuilding.obj
 0002:00030b50       ?Init@SetlUpgrade@@QAEXHHPAVDString@@@Z 10072b50 f   DIP_SimpleBuilding.obj
 0002:00031080       ?Process@SetlUpgrade@@QAEXXZ 10073080 f   DIP_SimpleBuilding.obj
 0002:000311e0       ?Draw@SetlUpgrade@@QAEXXZ  100731e0 f   DIP_SimpleBuilding.obj
 0002:00031470       ?GetSUBorderFileID@@YAHXZ  10073470 f   DIP_SimpleBuilding.obj
 0002:000314f0       ?RunSetlUpgrade@@YA_NPAVSimpleDialog@@@Z 100734f0 f   DIP_SimpleBuilding.obj
 0002:00031570       ?NullClick@@YA_NPAVSimpleDialog@@@Z 10073570 f   DIP_SimpleBuilding.obj
 0002:000315d0       ?Draw@SetlUpgrade@@QAEXPAVDialogsSystem@@HH@Z 100735d0 f   DIP_SimpleBuilding.obj
 0002:00031a80       ?Run@SetlUpgrade@@QAE_NXZ  10073a80 f   DIP_SimpleBuilding.obj
 0002:00031ca0       ?DrawSetlUpgrade@@YAXGPAVDialogsSystem@@HH@Z 10073ca0 f   DIP_SimpleBuilding.obj
 0002:00031d10       ?DrawSetlUpg@DIP_SimpleBuilding@@QAEXPAVDialogsSystem@@HH@Z 10073d10 f   DIP_SimpleBuilding.obj
 0002:00031dc0       ?Init@SetlOneBrigAbilka@@QAEXH@Z 10073dc0 f   DIP_SimpleBuilding.obj
 0002:00031e10       ?Draw@SetlOneBrigAbilka@@QAEXXZ 10073e10 f   DIP_SimpleBuilding.obj
 0002:00031fa0       ?RegisterTribe@@YA_NPAUGAMEOBJ@@PAD@Z 10073fa0 f   DIP_SimpleBuilding.obj
 0002:00032070       ?GetTribeOwner@@YAEPAUGAMEOBJ@@@Z 10074070 f   DIP_SimpleBuilding.obj
 0002:000320e0       ?GetNTribes@@YAGXZ         100740e0 f   DIP_SimpleBuilding.obj
 0002:00032120       ?GetNTribes@@YAGE@Z        10074120 f   DIP_SimpleBuilding.obj
 0002:000321b0       ?GetTribeOwner@@YAEG@Z     100741b0 f   DIP_SimpleBuilding.obj
 0002:00032210       ?GetTribeBigZoneRadius@@YAHG@Z 10074210 f   DIP_SimpleBuilding.obj
 0002:000322e0       ?GetTribeOwner@@YAEPAD@Z   100742e0 f   DIP_SimpleBuilding.obj
 0002:00032390       ?GetTribeCenter@@YA_NGAAH0@Z 10074390 f   DIP_SimpleBuilding.obj
 0002:00032410       ?GetTribeID@@YAGPAVOneObject@@@Z 10074410 f   DIP_SimpleBuilding.obj
 0002:00032520       ?SetTribeOwner@@YA_NGE@Z   10074520 f   DIP_SimpleBuilding.obj
 0002:00032580       ?GetTribeGoods@@YAXGAAE00@Z 10074580 f   DIP_SimpleBuilding.obj
 0002:000326a0       ?GetTotalAmount@@YAHPAUGAMEOBJ@@@Z 100746a0 f i DIP_SimpleBuilding.obj
 0002:00032700       ?GetTribeDebugInfo@@YAXGAAH0@Z 10074700 f   DIP_SimpleBuilding.obj
 0002:00032790       ?GetSetlFlagFileID@@YAHXZ  10074790 f   DIP_SimpleBuilding.obj
 0002:000327d0       ?GetStorage@DIP_SimpleBuilding@@QAEPAVOneObject@@E@Z 100747d0 f   DIP_SimpleBuilding.obj
 0002:000328a0       ?GetMainObj@DIP_SimpleBuilding@@QAEPAVOneObject@@XZ 100748a0 f   DIP_SimpleBuilding.obj
 0002:00032970       ?setlGetWorkers@DIP_SimpleBuilding@@QAEHE@Z 10074970 f   DIP_SimpleBuilding.obj
 0002:00032a30       ?setlGetWorkersIntrf@DIP_SimpleBuilding@@QAEHE@Z 10074a30 f   DIP_SimpleBuilding.obj
 0002:00032b40       ?setlGetWorkersFreePlacesIntrf@DIP_SimpleBuilding@@QAEHE@Z 10074b40 f   DIP_SimpleBuilding.obj
 0002:00032bd0       ?setlAddWorker@DIP_SimpleBuilding@@QAE_NEPAVOneObject@@@Z 10074bd0 f   DIP_SimpleBuilding.obj
 0002:00032c70       ?setlAddWorkerIntrf@DIP_SimpleBuilding@@QAE_NEPAVOneObject@@@Z 10074c70 f   DIP_SimpleBuilding.obj
 0002:00032dd0       ?setlProcessCops@DIP_SimpleBuilding@@QAEXXZ 10074dd0 f   DIP_SimpleBuilding.obj
 0002:00032e10       ?setlFindNearStorages@DIP_SimpleBuilding@@QAEXXZ 10074e10 f   DIP_SimpleBuilding.obj
 0002:00032fd0       ?Save@DIP_SimpleBuilding@@QAEXPAVSettlementInfo@@@Z 10074fd0 f   DIP_SimpleBuilding.obj
 0002:00033350       ??4SetlUpgrade@@QAEAAV0@ABV0@@Z 10075350 f i DIP_SimpleBuilding.obj
 0002:00033500       ??4BaseResources@@QAEAAV0@ABV0@@Z 10075500 f i DIP_SimpleBuilding.obj
 0002:000335c0       ?Load@DIP_SimpleBuilding@@QAEXPADPAVSettlementInfo@@@Z 100755c0 f   DIP_SimpleBuilding.obj
 0002:00034150       ?Load@SettlementInfo@@QAEXXZ 10076150 f   DIP_SimpleBuilding.obj
 0002:00034190       ?Save@SettlementInfo@@QAEXPAD@Z 10076190 f   DIP_SimpleBuilding.obj
 0002:00034340       ?setlGetNDeffenders@DIP_SimpleBuilding@@QAEH_N@Z 10076340 f   DIP_SimpleBuilding.obj
 0002:00034420       ?SetUp@DIP_SimpleBuilding@@QAEXXZ 10076420 f   DIP_SimpleBuilding.obj
 0002:000348f0       ?GetCenter@DIP_SimpleBuilding@@QAEXAAH0@Z 100768f0 f   DIP_SimpleBuilding.obj
 0002:000349c0       ?vdf_GetAmountOfEnemySettlements@@YAHEH_NH@Z 100769c0 f   DIP_SimpleBuilding.obj
 0002:00034b20       ?vdf_GetAmountOfSettlements@@YAHEH_NH@Z 10076b20 f   DIP_SimpleBuilding.obj
 0002:00034c50       ?vdf_GetAmountOfPeasant@@YAHEH@Z 10076c50 f   DIP_SimpleBuilding.obj
 0002:00034d40       ?vdf_RunUpgInSettlement@@YAHEHHHH@Z 10076d40 f   DIP_SimpleBuilding.obj
 0002:00034f60       ?Clear@?$ClassArray@VSetlUpgrade@@@@QAEXXZ 10076f60 f i DIP_SimpleBuilding.obj
 0002:00034fd0       ??$reg_auto@V_str@@@@YAXPAVBaseClass@@AAV_str@@PBDPAXK@Z 10076fd0 f i DIP_SimpleBuilding.obj
 0002:00035170       ??$reg_class_auto@V_str@@@@YAXPAV_str@@PAD@Z 10077170 f i DIP_SimpleBuilding.obj
 0002:000351e0       ??$_get_cmemb@V_BYTE@@@@YAPAV_BYTE@@PAV0@PBD@Z 100771e0 f i DIP_SimpleBuilding.obj
 0002:00035430       ??_G_BYTE@@UAEPAXI@Z       10077430 f i DIP_SimpleBuilding.obj
 0002:00035430       ??_E_BYTE@@UAEPAXI@Z       10077430 f i DIP_SimpleBuilding.obj
 0002:000354b0       ??$_get_cmemb@V_str@@@@YAPAV_str@@PAV0@PBD@Z 100774b0 f i DIP_SimpleBuilding.obj
 0002:00035700       ??_G_str@@UAEPAXI@Z        10077700 f i DIP_SimpleBuilding.obj
 0002:00035700       ??_E_str@@UAEPAXI@Z        10077700 f i DIP_SimpleBuilding.obj
 0002:00035780       ??$_get_cmemb@VGroupExInfo@@@@YAPAVGroupExInfo@@PAV0@PBD@Z 10077780 f i DIP_SimpleBuilding.obj
 0002:00035990       ??$reg_auto@VUpgArray@SettlementInfo@@@@YAXPAVBaseClass@@AAVUpgArray@SettlementInfo@@PBDPAXK@Z 10077990 f i DIP_SimpleBuilding.obj
 0002:00035b30       ??$reg_class_auto@VUpgArray@SettlementInfo@@@@YAXPAVUpgArray@SettlementInfo@@PAD@Z 10077b30 f i DIP_SimpleBuilding.obj
 0002:00035ba0       ??$swap@G@std@@YAXAAG0@Z   10077ba0 f i DIP_SimpleBuilding.obj
 0002:00035c00       ??$reg_class@V_BYTE@@@@YAXPAV_BYTE@@PAD@Z 10077c00 f i DIP_SimpleBuilding.obj
 0002:00035c70       ??$reg_class@V_str@@@@YAXPAV_str@@PAD@Z 10077c70 f i DIP_SimpleBuilding.obj
 0002:00035ce0       ??$reg_class@VGroupExInfo@@@@YAXPAVGroupExInfo@@PAD@Z 10077ce0 f i DIP_SimpleBuilding.obj
 0002:00035d50       ??$_get_cmemb@VUpgArray@SettlementInfo@@@@YAPAVUpgArray@SettlementInfo@@PAV01@PBD@Z 10077d50 f i DIP_SimpleBuilding.obj
 0002:00035f60       ??$reg_class@VUpgArray@SettlementInfo@@@@YAXPAVUpgArray@SettlementInfo@@PAD@Z 10077f60 f i DIP_SimpleBuilding.obj
 0002:00035fd0       ?ReadWinString@@YA_NPAVGFILE@@PADH@Z 10077fd0 f   DipInit.obj
 0002:000360e0       ??_ENewFrame@@UAEPAXI@Z    100780e0 f i DiplomacySystem.obj
 0002:000361a0       ??1NewFrame@@UAE@XZ        100781a0 f i DiplomacySystem.obj
 0002:00036200       ??0DiplomacySystem@@QAE@XZ 10078200 f   DiplomacySystem.obj
 0002:000362e0       ?AddDipCenter@DiplomacySystem@@QAEGPAD000@Z 100782e0 f   DiplomacySystem.obj
 0002:000364b0       ?SetCallBacks@DiplomacySystem@@QAEXXZ 100784b0 f   DiplomacySystem.obj
 0002:00036570       ?ResearchMap@DiplomacySystem@@QAEXXZ 10078570 f   DiplomacySystem.obj
 0002:00037540       ?PerformCommand@DiplomacySystem@@QAEXPADH@Z 10079540 f   DiplomacySystem.obj
 0002:000375f0       ?Norma@@YAHHH@Z            100795f0 f   DiplomacySystem.obj
 0002:00037660       ?SetZone@@YAXPAUGAMEOBJ@@HHH@Z 10079660 f   DiplomacySystem.obj
 0002:000376c0       ?SetAIForDiplo@@YA_NEHH@Z  100796c0 f   DiplomacySystem.obj
 0002:00037720       ?SetAI@DiplomacySystem@@QAE_NEHH@Z 10079720 f   DiplomacySystem.obj
 0002:000377b0       ?GetFreezeDipSysProcess@@YA_NXZ 100797b0 f   DiplomacySystem.obj
 0002:000377f0       ?SetFreezeDipSysProcess@@YAX_N@Z 100797f0 f   DiplomacySystem.obj
 0002:00037830       ?Process@DiplomacySystem@@QAEXXZ 10079830 f   DiplomacySystem.obj
 0002:0003d600       ?CreateContactsList@DiplomacySystem@@QAE_N_N@Z 1007f600 f   DiplomacySystem.obj
 0002:0003d9d0       ?AddWalker@DiplomacySystem@@QAEXG@Z 1007f9d0 f   DiplomacySystem.obj
 0002:0003db40       ?AddCannon@DiplomacySystem@@QAEXPAUGAMEOBJ@@E@Z 1007fb40 f   DiplomacySystem.obj
 0002:0003dda0       ?Cannon2Alex@DiplomacySystem@@QAEXPAUGAMEOBJ@@E@Z 1007fda0 f   DiplomacySystem.obj
 0002:0003df70       ?AddStorm@DiplomacySystem@@QAEPAUStormGroup@@PAUGAMEOBJ@@EH@Z 1007ff70 f   DiplomacySystem.obj
 0002:0003e630       ?VAI@@YAPAVVAI_IExchange@@XZ 10080630 f i DiplomacySystem.obj
 0002:0003e700       ?AddFirers@DiplomacySystem@@QAEXPAUGAMEOBJ@@E@Z 10080700 f   DiplomacySystem.obj
 0002:0003e930       ?AddHealers@DiplomacySystem@@QAEXPAUGAMEOBJ@@E@Z 10080930 f   DiplomacySystem.obj
 0002:0003eaa0       ?AddKillers@DiplomacySystem@@QAEXPAUGAMEOBJ@@E_N@Z 10080aa0 f   DiplomacySystem.obj
[...]
 0005:000014c8       __imp_??4BaseClass@@QAEAAV0@ABV0@@Z 102764c8     engine:engine.exe
 0005:000014cc       __imp_??0BaseClass@@QAE@ABV0@@Z 102764cc     engine:engine.exe
 0005:000014d0       __imp_??0BaseClass@@QAE@XZ 102764d0     engine:engine.exe
 0005:000014d4       __imp_??1BaseClass@@UAE@XZ 102764d4     engine:engine.exe
 0005:000014d8       __imp_?Save@BaseClass@@UAEXAAVxmlQuote@@PAX1@Z 102764d8     engine:engine.exe
 0005:000014dc       __imp_?Load@BaseClass@@UAE_NAAVxmlQuote@@PAXPAVErrorPager@@1@Z 102764dc     engine:engine.exe
 0005:000014e0       __imp_?RegisterMembers@BaseClass@@UAEXXZ 102764e0     engine:engine.exe
 0005:000014e4       __imp_?GetElementView@BaseClass@@UAEPBDHPBD@Z 102764e4     engine:engine.exe
 0005:000014e8       __imp_?GetThisElementView@BaseClass@@UAEPBDPBD@Z 102764e8     engine:engine.exe
 0005:000014ec       __imp_?GetElementExtraPtr@BaseClass@@UAEPAXH@Z 102764ec     engine:engine.exe
 0005:000014f0       __imp_?LoadPostProcess@BaseClass@@UAEXPAX0@Z 102764f0     engine:engine.exe
 0005:000014f4       __imp_?ForceProperty@BaseClass@@UAE_NXZ 102764f4     engine:engine.exe
 0005:000014f8       __imp_?ForceSimplification@BaseClass@@UAE_NXZ 102764f8     engine:engine.exe
 0005:000014fc       __imp_?AskParentForUsingExpansionClass@BaseClass@@UAE_NPAD0@Z 102764fc     engine:engine.exe
 0005:00001500       __imp_?ReadFromFile@BaseClass@@UAE_NPBD@Z 10276500     engine:engine.exe
 0005:00001504       __imp_?SafeReadFromFile@BaseClass@@UAE_NPBD@Z 10276504     engine:engine.exe
 0005:00001508       __imp_?WriteToFile@BaseClass@@UAE_NPBD@Z 10276508     engine:engine.exe
 0005:0000150c       __imp_?Copy@BaseClass@@UAE_NPAV1@_N@Z 1027650c     engine:engine.exe
 0005:00001510       __imp_?GetSource@BaseClass@@UAEPBDXZ 10276510     engine:engine.exe
 0005:00001514       __imp_?GetAmountOfEditableElements@BaseClass@@UAEHPAXK@Z 10276514     engine:engine.exe
 0005:00001518       __imp_?GetIndexOfEditableElement@BaseClass@@UAEHHPAXK@Z 10276518     engine:engine.exe
 0005:0000151c       __imp_?GetEditableElementClass@BaseClass@@UAEPAV1@HPAXK@Z 1027651c     engine:engine.exe
 0005:00001520       __imp_?GetEditableElementData@BaseClass@@UAEPAXHPAXK@Z 10276520     engine:engine.exe
 0005:00001524       __imp_?GetEditableElementExtra@BaseClass@@UAEPAXHPAXK@Z 10276524     engine:engine.exe
 0005:00001528       __imp_?GetEditableElementExpansionList@BaseClass@@UAE_NAAUClassExpParams@@HPAXKPAV1@PBD@Z 10276528     engine:engine.exe
 0005:0000152c       __imp_?CheckIfElementIsNode@BaseClass@@UAE_NHPAX@Z 1027652c     engine:engine.exe
 0005:00001530       __imp_?CheckIfEditableElementIsNode@BaseClass@@UAE_NHPAXK@Z 10276530     engine:engine.exe
 0005:00001534       __imp_?GetEditableElementName@BaseClass@@UAEPBDHPAXK@Z 10276534     engine:engine.exe
 0005:00001538       __imp_?GetEditableElementView@BaseClass@@UAEPBDHPAXPBDK@Z 10276538     engine:engine.exe
 0005:0000153c       __imp_?GetElementMessageAndHintInEditor@BaseClass@@UAEXAAVDString@@0PAV1@PAD@Z 1027653c     engine:engine.exe
 0005:00001540       __imp_?EvaluateFunction@BaseClass@@UAEXXZ 10276540     engine:engine.exe
 0005:00001544       __imp_?CheckIfFunction@BaseClass@@UAE_NXZ 10276544     engine:engine.exe
 0005:00001548       __imp_?call@BaseClass@@UAEXPAX0@Z 10276548     engine:engine.exe
 0005:0000154c       __imp_?GetSectionStatus@BaseClass@@UAEHXZ 1027654c     engine:engine.exe
 0005:00001550       __imp_?SetSectionStatus@BaseClass@@UAEXH@Z 10276550     engine:engine.exe
 0005:00001554       __imp_?CheckIfElementReadOnly@BaseClass@@UAE_NHPAXK@Z 10276554     engine:engine.exe
 0005:00001558       __imp_?CheckIfElementInvisible@BaseClass@@UAE_NHPAXK@Z 10276558     engine:engine.exe
 0005:0000155c       __imp_?GetClassMask@BaseClass@@UAEKXZ 1027655c     engine:engine.exe
 0005:00001560       __imp_?GetRealMaskedPosition@BaseClass@@UAEHH@Z 10276560     engine:engine.exe
 0005:00001564       __imp_?GetObjectNamePointer@BaseClass@@UAEPAV_str@@XZ 10276564     engine:engine.exe
 0005:00001568       __imp_?CheckIfObjectIsGlobal@BaseClass@@UAE_NXZ 10276568     engine:engine.exe
 0005:0000156c       __imp_?GetObjectGlobalID@BaseClass@@UAEKXZ 1027656c     engine:engine.exe
 0005:00001570       __imp_?SetObjectGlobalID@BaseClass@@UAEXK@Z 10276570     engine:engine.exe
 0005:00001574       __imp_?GetParent@BaseClass@@UAEPAV1@XZ 10276574     engine:engine.exe
 0005:00001578       __imp_?SetParent@BaseClass@@UAEXPAV1@@Z 10276578     engine:engine.exe
 0005:0000157c       __imp_?CheckCompartabilityWith@BaseClass@@UAE_NPBDH@Z 1027657c     engine:engine.exe
 0005:00001580       __imp_?ShouldSaveInShortForm@BaseClass@@UAE_NXZ 10276580     engine:engine.exe
 0005:00001584       __imp_?GetClassPresentationMask@BaseClass@@UAE_NAAV_str@@PAX1PBDK@Z 10276584     engine:engine.exe
 0005:00001588       __imp_?ProcessInEditor@BaseClass@@UAEXPAV1@@Z 10276588     engine:engine.exe
 0005:0000158c       __imp_?OnChangeMember@BaseClass@@UAE_NPAV1@PAX1PBD@Z 1027658c     engine:engine.exe
 0005:00001590       __imp_?SetEnumName@BaseClass@@UAEXPBD@Z 10276590     engine:engine.exe
 0005:00001594       __imp_?VitalError@@YAXPAD@Z 10276594     engine:engine.exe
 0005:00001598       __imp_?_ExFree@@YAXPAX@Z   10276598     engine:engine.exe
 0005:0000159c       __imp__GetZoneR            1027659c     engine:engine.exe
 0005:000015a0       __imp_?_ExMalloc@@YAPAXH@Z 102765a0     engine:engine.exe
 0005:000015a4       \177engine_NULL_THUNK_DATA 102765a4     engine:engine.exe
 0005:00001758       __imp__SXP_SetVar          10276758     intexplorer:intExplorer.dll
 0005:0000175c       __imp__SXP_GetVar          1027675c     intexplorer:intExplorer.dll
 0005:00001760       \177intExplorer_NULL_THUNK_DATA 10276760     intexplorer:intExplorer.dll

 entry point at        0002:0000109a


 Exports

  ordinal    name

        1    ??0BasicDiploRelation@@QAE@ABV0@@Z (public: __thiscall BasicDiploRelation::BasicDiploRelation(class BasicDiploRelation const &))
        2    ??0BasicDiploRelation@@QAE@XZ (public: __thiscall BasicDiploRelation::BasicDiploRelation(void))
        3    ??0DIP_SimpleBuilding@@QAE@ABV0@@Z (public: __thiscall DIP_SimpleBuilding::DIP_SimpleBuilding(class DIP_SimpleBuilding const &))
        4    ??0DIP_SimpleBuilding@@QAE@XZ (public: __thiscall DIP_SimpleBuilding::DIP_SimpleBuilding(void))
        5    ??1DIP_SimpleBuilding@@QAE@XZ (public: __thiscall DIP_SimpleBuilding::~DIP_SimpleBuilding(void))
        6    ??4BasicDiploRelation@@QAEAAV0@ABV0@@Z (public: class BasicDiploRelation & __thiscall BasicDiploRelation::operator=(class BasicDiploRelation const &))
        7    ??4DIP_SimpleBuilding@@QAEAAV0@ABV0@@Z (public: class DIP_SimpleBuilding & __thiscall DIP_SimpleBuilding::operator=(class DIP_SimpleBuilding const &))
        8    ??_7BasicDiploRelation@@6B@ (const BasicDiploRelation::`vftable')
        9    ??_7DIP_SimpleBuilding@@6B@ (const DIP_SimpleBuilding::`vftable')
       10    ?ActivateMind@@YAXEH@Z (void __cdecl ActivateMind(unsigned char,int))
       11    ?AddAnimals@@YA_NPAUGAMEOBJ@@0@Z (bool __cdecl AddAnimals(struct GAMEOBJ *,struct GAMEOBJ *))
       12    ?AddCannon@@YAXPAUGAMEOBJ@@E@Z (void __cdecl AddCannon(struct GAMEOBJ *,unsigned char))
       13    ?AddFirers@@YAXPAUGAMEOBJ@@E@Z (void __cdecl AddFirers(struct GAMEOBJ *,unsigned char))
       14    ?AddHealers@@YAXPAUGAMEOBJ@@E@Z (void __cdecl AddHealers(struct GAMEOBJ *,unsigned char))
       15    ?AddPsKillers@@YAXPAUGAMEOBJ@@E_N@Z (void __cdecl AddPsKillers(struct GAMEOBJ *,unsigned char,bool))
       16    ?AddPulseBox@@YAXHH@Z (void __cdecl AddPulseBox(int,int))
       17    ?AddStorm@@YAXPAUGAMEOBJ@@EH@Z (void __cdecl AddStorm(struct GAMEOBJ *,unsigned char,int))
       18    ?AddStormSingleUnitMotion@@YAXPAUGAMEOBJ@@EH@Z (void __cdecl AddStormSingleUnitMotion(struct GAMEOBJ *,unsigned char,int))
       19    ?AddTomahawks@@YAXPAUGAMEOBJ@@EGHH@Z (void __cdecl AddTomahawks(struct GAMEOBJ *,unsigned char,unsigned short,int,int))
       20    ?ArrowFileID@DIP_SimpleBuilding@@2HA (public: static int DIP_SimpleBuilding::ArrowFileID)
       21    ?Cannon2Alex@@YAXPAUGAMEOBJ@@E@Z (void __cdecl Cannon2Alex(struct GAMEOBJ *,unsigned char))
       22    ?CheckDipBuilding@@YAXEH@Z (void __cdecl CheckDipBuilding(unsigned char,int))
       23    ?ClearAllDipData@@YAXXZ (void __cdecl ClearAllDipData(void))
       24    ?CloseBattle@@YAXXZ (void __cdecl CloseBattle(void))
       25    ?CloseMind@@YAXXZ (void __cdecl CloseMind(void))
       26    ?CreateAbilityPage@DIP_SimpleBuilding@@QAEXXZ (public: void __thiscall DIP_SimpleBuilding::CreateAbilityPage(void))
       27    ?CurIndex@DIP_SimpleBuilding@@2HA (public: static int DIP_SimpleBuilding::CurIndex)
       28    ?CurSetlSelected@DIP_SimpleBuilding@@2GA (public: static unsigned short DIP_SimpleBuilding::CurSetlSelected)
       29    ?DS_CloseAll@@YAXXZ (void __cdecl DS_CloseAll(void))
       30    ?DS_CloseRequest@@YAXK@Z (void __cdecl DS_CloseRequest(unsigned long))
       31    ?DS_GetRequestResult@@YAKKPAPADPAH@Z (unsigned long __cdecl DS_GetRequestResult(unsigned long,char * *,int *))
       32    ?DS_Process@@YAXXZ (void __cdecl DS_Process(void))
       33    ?DS_SendRequest@@YAKPADH@Z (unsigned long __cdecl DS_SendRequest(char *,int))
       34    ?DeactivateMind@@YAXE@Z (void __cdecl DeactivateMind(unsigned char))
       35    ?DrawSetlUpg@DIP_SimpleBuilding@@QAEXPAVDialogsSystem@@HH@Z (public: void __thiscall DIP_SimpleBuilding::DrawSetlUpg(class DialogsSystem *,int,int))
       36    ?DrawSetlUpgrade@@YAXGPAVDialogsSystem@@HH@Z (void __cdecl DrawSetlUpgrade(unsigned short,class DialogsSystem *,int,int))
       37    ?DrawSettlementInterface@DIP_SimpleBuilding@@QAEXHHHHHH@Z (public: void __thiscall DIP_SimpleBuilding::DrawSettlementInterface(int,int,int,int,int,int))
       38    ?FlagFileID@DIP_SimpleBuilding@@2HA (public: static int DIP_SimpleBuilding::FlagFileID)
       39    ?Free@BasicDiploRelation@@UAEXXZ (public: virtual void __thiscall BasicDiploRelation::Free(void))
       40    ?Free@DIP_SimpleBuilding@@UAEXXZ (public: virtual void __thiscall DIP_SimpleBuilding::Free(void))
       41    ?FreeSaveDipData@@YAXPAE@Z (void __cdecl FreeSaveDipData(unsigned char *))
       42    ?GetAmountOfPropositions@BasicDiploRelation@@UAEHXZ (public: virtual int __thiscall BasicDiploRelation::GetAmountOfPropositions(void))
       43    ?GetAmountOfPropositions@DIP_SimpleBuilding@@UAEHXZ (public: virtual int __thiscall DIP_SimpleBuilding::GetAmountOfPropositions(void))
       44    ?GetCenter@DIP_SimpleBuilding@@QAEXAAH0@Z (public: void __thiscall DIP_SimpleBuilding::GetCenter(int &,int &))
       45    ?GetDipSimpleBuildings@@YAXAAHAAPAPAVDIP_SimpleBuilding@@@Z (void __cdecl GetDipSimpleBuildings(int &,class DIP_SimpleBuilding * * &))
       46    ?GetFreezeDipSysProcess@@YA_NXZ (bool __cdecl GetFreezeDipSysProcess(void))
       47    ?GetMainObj@DIP_SimpleBuilding@@QAEPAVOneObject@@XZ (public: class OneObject * __thiscall DIP_SimpleBuilding::GetMainObj(void))
       48    ?GetNTribes@@YAGE@Z (unsigned short __cdecl GetNTribes(unsigned char))
       49    ?GetNTribes@@YAGXZ (unsigned short __cdecl GetNTribes(void))
       50    ?GetPossibility@BasicDiploRelation@@UAEKHPAD0@Z (public: virtual unsigned long __thiscall BasicDiploRelation::GetPossibility(int,char *,char *))
       51    ?GetPossibility@DIP_SimpleBuilding@@UAEKHPAD0@Z (public: virtual unsigned long __thiscall DIP_SimpleBuilding::GetPossibility(int,char *,char *))
       52    ?GetSUBorderFileID@@YAHXZ (int __cdecl GetSUBorderFileID(void))
       53    ?GetSaveData@BasicDiploRelation@@UAEHPAE_N@Z (public: virtual int __thiscall BasicDiploRelation::GetSaveData(unsigned char *,bool))
       54    ?GetSaveData@DIP_SimpleBuilding@@UAEHPAE_N@Z (public: virtual int __thiscall DIP_SimpleBuilding::GetSaveData(unsigned char *,bool))
       55    ?GetSetlFlagFileID@@YAHXZ (int __cdecl GetSetlFlagFileID(void))
       56    ?GetStorage@DIP_SimpleBuilding@@QAEPAVOneObject@@E@Z (public: class OneObject * __thiscall DIP_SimpleBuilding::GetStorage(unsigned char))
       57    ?GetTopSelBrigID@@YAGXZ (unsigned short __cdecl GetTopSelBrigID(void))
       58    ?GetTribeBigZoneRadius@@YAHG@Z (int __cdecl GetTribeBigZoneRadius(unsigned short))
       59    ?GetTribeCenter@@YA_NGAAH0@Z (bool __cdecl GetTribeCenter(unsigned short,int &,int &))
       60    ?GetTribeDebugInfo@@YAXGAAH0@Z (void __cdecl GetTribeDebugInfo(unsigned short,int &,int &))
       61    ?GetTribeGoods@@YAXGAAE00@Z (void __cdecl GetTribeGoods(unsigned short,unsigned char &,unsigned char &,unsigned char &))
       62    ?GetTribeID@@YAGPAVOneObject@@@Z (unsigned short __cdecl GetTribeID(class OneObject *))
       63    ?GetTribeOwner@@YAEG@Z (unsigned char __cdecl GetTribeOwner(unsigned short))
       64    ?GetTribeOwner@@YAEPAD@Z (unsigned char __cdecl GetTribeOwner(char *))
       65    ?GetTribeOwner@@YAEPAUGAMEOBJ@@@Z (unsigned char __cdecl GetTribeOwner(struct GAMEOBJ *))
       66    ?Init@BasicDiploRelation@@UAEXXZ (public: virtual void __thiscall BasicDiploRelation::Init(void))
       67    ?Init@DIP_SimpleBuilding@@UAEXXZ (public: virtual void __thiscall DIP_SimpleBuilding::Init(void))
       68    ?InitDipForThisMap@@YAXXZ (void __cdecl InitDipForThisMap(void))
       69    ?InitThisTribe2@BasicDiploRelation@@UAEXPAD000@Z (public: virtual void __thiscall BasicDiploRelation::InitThisTribe2(char *,char *,char *,char *))
       70    ?InitThisTribe2@DIP_SimpleBuilding@@UAEXPAD000@Z (public: virtual void __thiscall DIP_SimpleBuilding::InitThisTribe2(char *,char *,char *,char *))
       71    ?InitThisTribe@BasicDiploRelation@@UAEXPAD00@Z (public: virtual void __thiscall BasicDiploRelation::InitThisTribe(char *,char *,char *))
       72    ?InitThisTribe@DIP_SimpleBuilding@@UAEXPAD00@Z (public: virtual void __thiscall DIP_SimpleBuilding::InitThisTribe(char *,char *,char *))
       73    ?Load@DIP_SimpleBuilding@@QAEXPADPAVSettlementInfo@@@Z (public: void __thiscall DIP_SimpleBuilding::Load(char *,class SettlementInfo *))
       74    ?LoadAllDipData@@YAXPAEH@Z (void __cdecl LoadAllDipData(unsigned char *,int))
       75    ?LoadScript@@YAXXZ (void __cdecl LoadScript(void))
       76    ?MindCheats@@YAXEPAD@Z (void __cdecl MindCheats(unsigned char,char *))
       77    ?PerformCommand@BasicDiploRelation@@UAEXPADH@Z (public: virtual void __thiscall BasicDiploRelation::PerformCommand(char *,int))
       78    ?PerformCommand@DIP_SimpleBuilding@@UAEXPADH@Z (public: virtual void __thiscall DIP_SimpleBuilding::PerformCommand(char *,int))
       79    ?PerformDipCommand@@YAXPADH@Z (void __cdecl PerformDipCommand(char *,int))
       80    ?PerformFiring@DIP_SimpleBuilding@@QAEXXZ (public: void __thiscall DIP_SimpleBuilding::PerformFiring(void))
       81    ?PerformKillers@DIP_SimpleBuilding@@QAEXXZ (public: void __thiscall DIP_SimpleBuilding::PerformKillers(void))
       82    ?PerformPossibility@BasicDiploRelation@@UAEXK@Z (public: virtual void __thiscall BasicDiploRelation::PerformPossibility(unsigned long))
       83    ?PerformPossibility@DIP_SimpleBuilding@@UAEXK@Z (public: virtual void __thiscall DIP_SimpleBuilding::PerformPossibility(unsigned long))
       84    ?PerformProduceUnitsCommend@DIP_SimpleBuilding@@QAEXXZ (public: void __thiscall DIP_SimpleBuilding::PerformProduceUnitsCommend(void))
       85    ?PerformRazvedka@DIP_SimpleBuilding@@QAEXXZ (public: void __thiscall DIP_SimpleBuilding::PerformRazvedka(void))
       86    ?PerformStorms@DIP_SimpleBuilding@@QAEXXZ (public: void __thiscall DIP_SimpleBuilding::PerformStorms(void))
       87    ?PerformTomahawks@DIP_SimpleBuilding@@QAEXXZ (public: void __thiscall DIP_SimpleBuilding::PerformTomahawks(void))
       88    ?ProcessDance@DIP_SimpleBuilding@@QAEXXZ (public: void __thiscall DIP_SimpleBuilding::ProcessDance(void))
       89    ?ProcessDipRelations@@YAXXZ (void __cdecl ProcessDipRelations(void))
       90    ?ProcessTribe@BasicDiploRelation@@UAEXXZ (public: virtual void __thiscall BasicDiploRelation::ProcessTribe(void))
       91    ?ProcessTribe@DIP_SimpleBuilding@@UAEXXZ (public: virtual void __thiscall DIP_SimpleBuilding::ProcessTribe(void))
       92    ?RegisterDipClasses@@YAXXZ (void __cdecl RegisterDipClasses(void))
       93    ?RegisterTribe@@YA_NPAUGAMEOBJ@@PAD@Z (bool __cdecl RegisterTribe(struct GAMEOBJ *,char *))
       94    ?RunProtectUpg@@YAXEH@Z (void __cdecl RunProtectUpg(unsigned char,int))
       95    ?Save@DIP_SimpleBuilding@@QAEXPAVSettlementInfo@@@Z (public: void __thiscall DIP_SimpleBuilding::Save(class SettlementInfo *))
       96    ?SaveAllDipData@@YAXPAPAEPAH@Z (void __cdecl SaveAllDipData(unsigned char * *,int *))
       97    ?SetAIForDiplo@@YA_NEHH@Z (bool __cdecl SetAIForDiplo(unsigned char,int,int))
       98    ?SetFreezeDipSysProcess@@YAX_N@Z (void __cdecl SetFreezeDipSysProcess(bool))
       99    ?SetSaveData@BasicDiploRelation@@UAEXPAEH@Z (public: virtual void __thiscall BasicDiploRelation::SetSaveData(unsigned char *,int))
      100    ?SetSaveData@DIP_SimpleBuilding@@UAEXPAEH@Z (public: virtual void __thiscall DIP_SimpleBuilding::SetSaveData(unsigned char *,int))
      101    ?SetTopSelBrigID@@YAXG@Z (void __cdecl SetTopSelBrigID(unsigned short))
      102    ?SetTribeOwner@@YA_NGE@Z (bool __cdecl SetTribeOwner(unsigned short,unsigned char))
      103    ?SetUp@DIP_SimpleBuilding@@QAEXXZ (public: void __thiscall DIP_SimpleBuilding::SetUp(void))
      104    ?ShowNoMoney@DIP_SimpleBuilding@@QAEXXZ (public: void __thiscall DIP_SimpleBuilding::ShowNoMoney(void))
      105    ?StartBattle@@YAXXZ (void __cdecl StartBattle(void))
      106    ?dipf_SetSelOboz@@YAXPAVOneObject@@AAEAAH1@Z (void __cdecl dipf_SetSelOboz(class OneObject *,unsigned char &,int &,unsigned char &))
      107    ?fDrawOnMap@DIP_SimpleBuilding@@2P6AHXZA (public: static int (__cdecl* DIP_SimpleBuilding::fDrawOnMap)(void))
      108    ?fDrawOnMiniMap@DIP_SimpleBuilding@@2P6AHHHHHHH@ZA (public: static int (__cdecl* DIP_SimpleBuilding::fDrawOnMiniMap)(int,int,int,int,int,int))
      109    ?setlAddWorker@DIP_SimpleBuilding@@QAE_NEPAVOneObject@@@Z (public: bool __thiscall DIP_SimpleBuilding::setlAddWorker(unsigned char,class OneObject *))
      110    ?setlAddWorkerIntrf@DIP_SimpleBuilding@@QAE_NEPAVOneObject@@@Z (public: bool __thiscall DIP_SimpleBuilding::setlAddWorkerIntrf(unsigned char,class OneObject *))
      111    ?setlFindNearStorages@DIP_SimpleBuilding@@QAEXXZ (public: void __thiscall DIP_SimpleBuilding::setlFindNearStorages(void))
      112    ?setlGetNDeffenders@DIP_SimpleBuilding@@QAEH_N@Z (public: int __thiscall DIP_SimpleBuilding::setlGetNDeffenders(bool))
      113    ?setlGetWorkers@DIP_SimpleBuilding@@QAEHE@Z (public: int __thiscall DIP_SimpleBuilding::setlGetWorkers(unsigned char))
      114    ?setlGetWorkersFreePlacesIntrf@DIP_SimpleBuilding@@QAEHE@Z (public: int __thiscall DIP_SimpleBuilding::setlGetWorkersFreePlacesIntrf(unsigned char))
      115    ?setlGetWorkersIntrf@DIP_SimpleBuilding@@QAEHE@Z (public: int __thiscall DIP_SimpleBuilding::setlGetWorkersIntrf(unsigned char))
      116    ?setlIsReinforce@@YA_NG_N@Z (bool __cdecl setlIsReinforce(unsigned short,bool))
      117    ?setlProcessCops@DIP_SimpleBuilding@@QAEXXZ (public: void __thiscall DIP_SimpleBuilding::setlProcessCops(void))
      118    ?setlUpgIsRun@DIP_SimpleBuilding@@QAE_NEH@Z (public: bool __thiscall DIP_SimpleBuilding::setlUpgIsRun(unsigned char,int))
      119    ?vdf_GetAmountOfEnemySettlements@@YAHEH_NH@Z (int __cdecl vdf_GetAmountOfEnemySettlements(unsigned char,int,bool,int))
      120    ?vdf_GetAmountOfPeasant@@YAHEH@Z (int __cdecl vdf_GetAmountOfPeasant(unsigned char,int))
      121    ?vdf_GetAmountOfSettlements@@YAHEH_NH@Z (int __cdecl vdf_GetAmountOfSettlements(unsigned char,int,bool,int))
      122    ?vdf_RunUpgInSettlement@@YAHEHHHH@Z (int __cdecl vdf_RunUpgInSettlement(unsigned char,int,int,int,int))
