 intExplorer

 Timestamp is 611a9bb5 (Mon Aug 16 20:09:09 2021)

 Preferred load address is 10000000

 Start         Length     Name                   Class
 0001:00000000 00043cd6H .text                   CODE
 0001:00043ce0 0000054aH .text$x                 CODE
 0001:00044230 00000129H .text$yc                CODE
 0001:00044360 0000015cH .text$yd                CODE
 0002:00000000 0000063cH .idata$5                DATA
 0002:00000640 00004bbcH .rdata                  DATA
 0002:000051fc 00000057H .rdata$debug            DATA
 0002:00005254 00000344H .rdata$r                DATA
 0002:00005598 00000004H .rtc$IAA                DATA
 0002:0000559c 0000001cH .rtc$IMZ                DATA
 0002:000055b8 00000004H .rtc$IZZ                DATA
 0002:000055bc 00000004H .rtc$TAA                DATA
 0002:000055c0 0000001cH .rtc$TMZ                DATA
 0002:000055dc 00000004H .rtc$TZZ                DATA
 0002:000055e0 0000061cH .xdata$x                DATA
 0002:00005bfc 0000008cH .idata$2                DATA
 0002:00005c88 00000014H .idata$3                DATA
 0002:00005c9c 0000063cH .idata$4                DATA
 0002:000062d8 00003548H .idata$6                DATA
 0002:00009820 000001e2H .edata                  DATA
 0003:00000000 00000004H .CRT$XCA                DATA
 0003:00000004 00000004H .CRT$XCAA               DATA
 0003:00000008 00000010H .CRT$XCU                DATA
 0003:00000018 00000004H .CRT$XCZ                DATA
 0003:0000001c 00000004H .CRT$XIA                DATA
 0003:00000020 0000000cH .CRT$XIC                DATA
 0003:0000002c 00000004H .CRT$XIY                DATA
 0003:00000030 00000004H .CRT$XIZ                DATA
 0003:00000034 00000004H .CRT$XPA                DATA
 0003:00000038 00000004H .CRT$XPX                DATA
 0003:0000003c 00000004H .CRT$XPZ                DATA
 0003:00000040 00000004H .CRT$XTA                DATA
 0003:00000044 00000004H .CRT$XTB                DATA
 0003:00000048 00000004H .CRT$XTZ                DATA
 0003:00000050 000011f0H .data                   DATA
 0003:00001240 0000436cH .bss                    DATA

  Address         Publics by Value              Rva+Base     Lib:Object

 0000:00000000       ___safe_se_handler_count   00000000     <absolute>
 0000:00000000       __except_list              00000000     <absolute>
 0000:00000000       ___safe_se_handler_table   00000000     <absolute>
 0001:00000000       ??2@YAPAXI@Z               10001000 f i Bmptool.obj
 0001:00000050       ??3@YAXPAX@Z               10001050 f i Bmptool.obj
 0001:000000a0       ??_H@YGXPAXIHP6EPAX0@Z@Z   100010a0 f i Bmptool.obj
 0001:00000100       ?SaveToBMP24@@YAXPADHHPAE@Z 10001100 f   Bmptool.obj
 0001:00000260       ?ReadBMP24@@YA_NPADPAUBMPformat@@PAPAE@Z 10001260 f   Bmptool.obj
 0001:000003b0       ?ReadBMP8@@YA_NPADPAUBMPformat@@PAPAE@Z 100013b0 f   Bmptool.obj
 0001:000004f0       ?ReadBMP8PAL@@YA_NPADPAUBMPformat@@PAPAEPAE@Z 100014f0 f   Bmptool.obj
 0001:00000750       ?ReadBMP8TOBPX@@YA_NPADPAPAE@Z 10001750 f   Bmptool.obj
 0001:000008c0       ?LoadBitmapLikeGrayscale@@YA_NPADPAH1PAPAE@Z 100018c0 f   Bmptool.obj
 0001:00000a50       ?GetResVal@@YAHPAEHHHHHH@Z 10001a50 f   Bmptool.obj
 0001:00000c20       ?GetSumm@@YAKPAD@Z         10001c20 f   Bmptool.obj
 0001:00000ce0       ?SaveToBMP8@@YAXPADHHPAEPAUPAL3@@@Z 10001ce0 f   Bmptool.obj
 0001:00000ef0       ??_EEntry@?$Hash@VStr_for_hash@@$0EAD@$0EAA@@@QAEPAXI@Z 10001ef0 f i Bmptool.obj
 0001:00000f90       ??_V@YAXPAX@Z              10001f90 f i Bmptool.obj
 0001:00000fe0       ??_EEntry@?$Hash@VStr_for_hash@@$0BAB@$0BAA@@@QAEPAXI@Z 10001fe0 f i Bmptool.obj
 0001:00001080       ??1Entry@?$Hash@VStr_for_hash@@$0BAB@$0BAA@@@QAE@XZ 10002080 f i Bmptool.obj
 0001:000010c0       ??1Str_for_hash@@QAE@XZ    100020c0 f i Bmptool.obj
 0001:000010f0       ??1Entry@?$Hash@VStr_for_hash@@$0EAD@$0EAA@@@QAE@XZ 100020f0 f i Bmptool.obj
 0001:00001130       ?ReportIt@@YAXPADZZ        10002130 f   DataXchange.obj
 0001:00001250       ??0SXP_DevScope@@QAE@XZ    10002250 f   DataXchange.obj
 0001:000012b0       ??1SXP_DevScope@@QAE@XZ    100022b0 f   DataXchange.obj
 0001:000012f0       ?SendRequest@SXP_DevScope@@QAEKPAVsicExplorer@@PAD_N2@Z 100022f0 f   DataXchange.obj
 0001:00001440       ?SendRequest@SXP_DevScope@@QAEKPAVsicExplorer@@PAVParsedRQ@@_N2@Z 10002440 f   DataXchange.obj
 0001:00001690       ?GetRequestResult@SXP_DevScope@@QAEKKPAVParsedRQ@@@Z 10002690 f   DataXchange.obj
 0001:000017e0       ?CloseRequest@SXP_DevScope@@QAEXK@Z 100027e0 f   DataXchange.obj
 0001:00001900       ?Process@SXP_DevScope@@QAEXXZ 10002900 f   DataXchange.obj
 0001:00001990       ?CloseAll@SXP_DevScope@@QAEXXZ 10002990 f   DataXchange.obj
 0001:00001a20       ?Shutdown@SXP_DevScope@@QAEXXZ 10002a20 f   DataXchange.obj
 0001:00001ae0       ?RegisterDevice@SXP_DevScope@@QAEXPAD0@Z 10002ae0 f   DataXchange.obj
 0001:00001d10       ?InitDevs@@YAXXZ           10002d10 f   DataXchange.obj
 0001:00001d70       ?SendGlobalRequest@@YAKPAVsicExplorer@@PAD_N@Z 10002d70 f   DataXchange.obj
 0001:00001dc0       ?LoadDefaults@@YAHPAPAE@Z  10002dc0 f   DataXchange.obj
 0001:00001e70       ?SaveCurrentResult@@YAPADPAVOneSicWindow@@PAD@Z 10002e70 f   DataXchange.obj
 0001:00001ff0       ?SaveCurrentResultTo@@YAPADPAVOneSicWindow@@PAD@Z 10002ff0 f   DataXchange.obj
 0001:00002080       ?EraseTempFiles@@YAXXZ     10003080 f   DataXchange.obj
 0001:00002190       ?exec_LW_time@@YAXHPAPADPAH@Z 10003190 f   DataXchange.obj
 0001:000022b0       ?exec_LW_move@@YAXHPAPADPAH@Z 100032b0 f   DataXchange.obj
 0001:000023e0       ?exec_LW_lockall@@YAXHPAPADPAH@Z 100033e0 f   DataXchange.obj
 0001:00002560       ?exec_LW_lockbox@@YAXHPAPADPAH@Z 10003560 f   DataXchange.obj
 0001:00002770       ?exec_LW_lock@@YAXHPAPADPAH@Z 10003770 f   DataXchange.obj
 0001:000029c0       ?exec_LW_visbox@@YAXHPAPADPAH@Z 100039c0 f   DataXchange.obj
 0001:00002bf0       ?exec_LW_vis@@YAXHPAPADPAH@Z 10003bf0 f   DataXchange.obj
 0001:00002e80       ?exec_LW_enbbox@@YAXHPAPADPAH@Z 10003e80 f   DataXchange.obj
 0001:00003090       ?exec_LW_enb@@YAXHPAPADPAH@Z 10004090 f   DataXchange.obj
 0001:00003300       ?exec_LW_mapdata@@YAXHPAPADPAH@Z 10004300 f   DataXchange.obj
 0001:000033d0       ?exec_LW_show@@YAXHPAPAD@Z 100043d0 f   DataXchange.obj
 0001:00003a40       ?exec_LW_file@@YAXHPAPAD@Z 10004a40 f   DataXchange.obj
 0001:00004180       ?exec_LW_pfile@@YAXHPAPAD@Z 10005180 f   DataXchange.obj
 0001:00004400       ?exec_LW_cfile@@YAXHPAPADPAH@Z 10005400 f   DataXchange.obj
 0001:000045b0       ?exec_LW_bonus@@YAXHPAPADPAH@Z 100055b0 f   DataXchange.obj
 0001:00004680       ?exec_LW_message@@YAXHPAPADPAH@Z 10005680 f   DataXchange.obj
 0001:00004740       ?exec_LW_abort@@YAXHPAPADPAH@Z 10005740 f   DataXchange.obj
 0001:00004790       ?exec_LW_mupdate@@YAXHPAPADPAH@Z 10005790 f   DataXchange.obj
 0001:000048d0       ?ForceOpenFile@@YAPAXPAD@Z 100058d0 f   DataXchange.obj
 0001:00004a40       ?exec_LW_mpt@@YAXHPAPADPAH@Z 10005a40 f   DataXchange.obj
 0001:00004c70       ?exec_LW_mpclear@@YAXHPAPADPAH@Z 10005c70 f   DataXchange.obj
 0001:00004cb0       ?exec_LW_xcfile@@YAXHPAPADPAH@Z 10005cb0 f   DataXchange.obj
 0001:00004e90       ?exec_LW_key@@YAXHPAPADPAH@Z 10005e90 f   DataXchange.obj
 0001:00004f80       ?exec_LW_gvar@@YAXHPAPADPAH@Z 10005f80 f   DataXchange.obj
 0001:00005090       ?exec_LW_compose@@YAXHPAPADPAH@Z 10006090 f   DataXchange.obj
 0001:00005270       ?exec_LW_proc@@YAXHPAPADPAH@Z 10006270 f   DataXchange.obj
 0001:000052d0       ?exec_LW_mem@@YAXHPAPADPAH@Z 100062d0 f   DataXchange.obj
 0001:000053a0       ?exec_LW_dtbl@@YAXHPAPADPAH@Z 100063a0 f   DataXchange.obj
 0001:000055d0       ?exec_LW_tbl@@YAXHPAPADPAH@Z 100065d0 f   DataXchange.obj
 0001:00005810       ?exec_LW_upload@@YAXHPAPADPAH@Z 10006810 f   DataXchange.obj
 0001:00005cb0       ?exec_LW_decompress@@YAXHPAPADPAH@Z 10006cb0 f   DataXchange.obj
 0001:00006370       ??_U@YAPAXI@Z              10007370 f i DataXchange.obj
 0001:000063c0       ?ReadDir@@YAXPAD0AAPAX1@Z  100073c0 f   DataXchange.obj
 0001:00006c30       ??_G_str@@UAEPAXI@Z        10007c30 f i DataXchange.obj
 0001:00006c30       ??_E_str@@UAEPAXI@Z        10007c30 f i DataXchange.obj
 0001:00006ca0       ??0?$ClassArray@V_str@@@@QAE@XZ 10007ca0 f i DataXchange.obj
 0001:00006d30       ??_E?$ClassArray@V_str@@@@UAEPAXI@Z 10007d30 f i DataXchange.obj
 0001:00006d30       ??_G?$ClassArray@V_str@@@@UAEPAXI@Z 10007d30 f i DataXchange.obj
 0001:00006d90       ?exec_LW_compress@@YAXHPAPADPAH@Z 10007d90 f   DataXchange.obj
 0001:00007270       ?ProcessDataXchange@@YAXXZ 10008270 f   DataXchange.obj
 0001:000080a0       ?FilterRQ2Send@@YAXPAVsicExplorer@@PAVParsedRQ@@_N@Z 100090a0 f   DataXchange.obj
 0001:000095b0       ?StartDownloadInternetFile@@YAXPAD00@Z 1000a5b0 f   DataXchange.obj
 0001:00009950       ?ProcessDownloadInternetFiles@@YAXXZ 1000a950 f   DataXchange.obj
 0001:00009bb0       ?SendRecBuffer@@YAXPAEH_N@Z 1000abb0 f   DataXchange.obj
 0001:00009dd0       ?exec_LW_dfp@@YAXHPAPADPAH@Z 1000add0 f   DataXchange.obj
 0001:0000a050       ?exec_LW_dff@@YAXHPAPADPAH@Z 1000b050 f   DataXchange.obj
 0001:0000a2d0       ?exec_LW_uprec@@YAXHPAPADPAH@Z 1000b2d0 f   DataXchange.obj
 0001:0000a390       ?ProcessServers@@YAXXZ     1000b390 f   DataXchange.obj
 0001:0000a3d0       ?exec_LW_showrec@@YAXHPAPADPAH@Z 1000b3d0 f   DataXchange.obj
 0001:0000a4b0       ??A?$DynArray@PAVSimpleDialog@@$0P@@@QAEAAPAVSimpleDialog@@H@Z 1000b4b0 f i DataXchange.obj
 0001:0000a540       ?GetAmount@?$DynArray@PAVSimpleDialog@@$0P@@@QBEHXZ 1000b540 f i DataXchange.obj
 0001:0000a570       ??1?$ClassArray@V_str@@@@UAE@XZ 1000b570 f i DataXchange.obj
 0001:0000a630       ?reset_class@?$ClassArray@V_str@@@@UAEXPAX@Z 1000b630 f i DataXchange.obj
 0001:0000a7c0       ?Clear@?$ClassArray@V_str@@@@QAEXXZ 1000b7c0 f i DataXchange.obj
 0001:0000a810       ?GetClassNameA@?$ClassArray@V_str@@@@UAEPBDXZ 1000b810 f i DataXchange.obj
 0001:0000a970       ?GetAmountOfElements@?$ClassArray@V_str@@@@UAEHXZ 1000b970 f i DataXchange.obj
 0001:0000a9c0       ?GetElementID@?$ClassArray@V_str@@@@UAEPBDH@Z 1000b9c0 f i DataXchange.obj
 0001:0000aa60       ?GetElementClass@?$ClassArray@V_str@@@@UAEPAVBaseClass@@H@Z 1000ba60 f i DataXchange.obj
 0001:0000aab0       ?GetElementPtr@?$ClassArray@V_str@@@@UAEPAXHPAX@Z 1000bab0 f i DataXchange.obj
 0001:0000ab00       ?Add@?$ClassArray@V_str@@@@QAEHPAV_str@@@Z 1000bb00 f i DataXchange.obj
 0001:0000ab80       ?ExpandWith@?$ClassArray@V_str@@@@UAEHPBDPAX@Z 1000bb80 f i DataXchange.obj
 0001:0000ac50       ?GetExpansionRules@?$ClassArray@V_str@@@@UAEHXZ 1000bc50 f i DataXchange.obj
 0001:0000ac80       ?MoveElement@?$ClassArray@V_str@@@@UAE_NHD@Z 1000bc80 f i DataXchange.obj
 0001:0000ace0       ?GetExpansionBaseClass@?$ClassArray@V_str@@@@UAEPBDXZ 1000bce0 f i DataXchange.obj
 0001:0000ad90       ?DelElement@?$ClassArray@V_str@@@@UAE_NH@Z 1000bd90 f i DataXchange.obj
 0001:0000ae70       ?CheckDirectCasting@?$ClassArray@V_str@@@@UAE_NXZ 1000be70 f i DataXchange.obj
 0001:0000aea0       ?FullCopy@?$ClassArray@V_str@@@@UAE_NPAX0PAVBaseClass@@00PAVCopyContext@@@Z 1000bea0 f i DataXchange.obj
 0001:0000afd0       ?SaveBin@?$ClassArray@V_str@@@@UAEXPAX0PAVBinStream@@PAVEnumerator@@2@Z 1000bfd0 f i DataXchange.obj
 0001:0000b160       ?LoadBin@?$ClassArray@V_str@@@@UAEXPAX0PAVBinStream@@PAVEnumerator@@@Z 1000c160 f i DataXchange.obj
 0001:0000b2e0       ?new_element@?$ClassArray@V_str@@@@UAEPAVBaseClass@@XZ 1000c2e0 f i DataXchange.obj
 0001:0000b3b0       ?GetClassStorage@?$ClassArray@V_str@@@@UAEPAVOneClassStorage@@XZ 1000c3b0 f i DataXchange.obj
 0001:0000b440       ??0?$DynArray@PAV_str@@$0P@@@QAE@XZ 1000c440 f i DataXchange.obj
 0001:0000b490       ??1?$DynArray@PAV_str@@$0P@@@QAE@XZ 1000c490 f i DataXchange.obj
 0001:0000b4d0       ??A?$DynArray@PAV_str@@$0P@@@QAEAAPAV_str@@H@Z 1000c4d0 f i DataXchange.obj
 0001:0000b560       ?GetAmount@?$DynArray@PAV_str@@$0P@@@QBEHXZ 1000c560 f i DataXchange.obj
 0001:0000b590       ?Add@?$DynArray@PAV_str@@$0P@@@QAEHABQAV_str@@@Z 1000c590 f i DataXchange.obj
 0001:0000b610       ?Del@?$DynArray@PAV_str@@$0P@@@QAEXHH@Z 1000c610 f i DataXchange.obj
 0001:0000b6e0       ?Move@?$DynArray@PAV_str@@$0P@@@QAE_NHH@Z 1000c6e0 f i DataXchange.obj
 0001:0000b7f0       ?GetValues@?$DynArray@PAV_str@@$0P@@@QBEPAPAV_str@@XZ 1000c7f0 f i DataXchange.obj
 0001:0000b820       ?Clear@?$DynArray@PAV_str@@$0P@@@QAEXXZ 1000c820 f i DataXchange.obj
 0001:0000b8a0       ?Check@?$DynArray@PAV_str@@$0P@@@QAEXH@Z 1000c8a0 f i DataXchange.obj
 0001:0000b980       ?Process@OneSicWindow@@QAEXXZ 1000c980 f   Explore.obj
 0001:0000c030       ?Replace@@YAXPAPADPAD1AAH@Z 1000d030 f   Explore.obj
 0001:0000c1a0       ?DownloadRefs@OneSicWindow@@QAEXXZ 1000d1a0 f   Explore.obj
 0001:0000c6b0       ?ReadNumber@@YAHPADPAHH@Z  1000d6b0 f   Explore.obj
 0001:0000c7a0       ?CReadX@@YAHPAPADHHPAVOneBox@@@Z 1000d7a0 f   Explore.obj
 0001:0000cb10       ?CReadY@@YAHPAPADHHPAVOneBox@@@Z 1000db10 f   Explore.obj
 0001:0000ce80       ?ReadCoordinates@@YAXPAPADAAH111PAVOneBox@@@Z 1000de80 f   Explore.obj
 0001:0000d6c0       ?GetFontByName@sicExplorer@@QAEPAVRLCFont@@PAD@Z 1000e6c0 f   Explore.obj
 0001:0000da20       ?GETHX@@YAHD@Z             1000ea20 f   Explore.obj
 0001:0000da80       ?ParseTheWholeText@OneSicWindow@@QAEHXZ 1000ea80 f   Explore.obj
 0001:00013e40       ??0OneSicWindow@@QAE@XZ    10014e40 f   Explore.obj
 0001:00013e90       ??1OneSicWindow@@QAE@XZ    10014e90 f   Explore.obj
 0001:00013f00       ??0OneBox@@QAE@XZ          10014f00 f   Explore.obj
 0001:00013f50       ??1OneBox@@QAE@XZ          10014f50 f   Explore.obj
 0001:00013fa0       ?Erase@OneSicWindow@@QAEXXZ 10014fa0 f   Explore.obj
 0001:000143c0       ??_GOneBox@@QAEPAXI@Z      100153c0 f i Explore.obj
 0001:00014420       ?EraseAllDialogs@sicExplorer@@QAEXXZ 10015420 f   Explore.obj
 0001:00014690       ??1sicExplorer@@QAE@XZ     10015690 f   Explore.obj
 0001:000146d0       ?CreateVar@OneSicWindow@@QAEPADPADH@Z 100156d0 f   Explore.obj
 0001:00014850       ?GetVar@OneSicWindow@@QAEPADPAD@Z 10015850 f   Explore.obj
 0001:000148f0       ?CreateGVar@sicExplorer@@QAEPADPADH@Z 100158f0 f   Explore.obj
 0001:00014a20       ?GetGVar@sicExplorer@@QAEPADPAD@Z 10015a20 f   Explore.obj
 0001:00014ac0       ?CreateVar@sicExplorer@@QAEPADPADH@Z 10015ac0 f   Explore.obj
 0001:00014b30       ?GetVar@sicExplorer@@QAEPADPAD@Z 10015b30 f   Explore.obj
 0001:00014ba0       ?CreateSXProcess@OneSicWindow@@QAEPAXP6AXPAVsicExplorer@@PAXH@Z2H@Z 10015ba0 f   Explore.obj
 0001:00014cd0       ?CreateSXProcess@sicExplorer@@QAEPAXP6AXPAV1@PAXH@Z2H@Z 10015cd0 f   Explore.obj
 0001:00014d40       ?InstallSXP_Device@@YAXPAD0@Z 10015d40 f   Explore.obj
 0001:00014d70       ?RegisterOutput@sicExplorer@@QAEXHHHH@Z 10015d70 f   Explore.obj
 0001:00014dd0       ?ChangeOutput@sicExplorer@@QAEXHHHH@Z 10015dd0 f   Explore.obj
 0001:00015200       ?NewWindow@sicExplorer@@QAEXPAD0@Z 10016200 f   Explore.obj
 0001:00015460       ?StepBack@sicExplorer@@QAEXXZ 10016460 f   Explore.obj
 0001:000154b0       ?StepForward@sicExplorer@@QAEXXZ 100164b0 f   Explore.obj
 0001:00015510       ?Refresh@sicExplorer@@QAEXXZ 10016510 f   Explore.obj
 0001:000156f0       _SXP_StepBack              100166f0 f   Explore.obj
 0001:00015740       _SXP_StepForw              10016740 f   Explore.obj
 0001:00015790       _SXP_Refresh               10016790 f   Explore.obj
 0001:000157e0       _InitSXP                   100167e0 f   Explore.obj
 0001:00015910       _RunSXP                    10016910 f   Explore.obj
 0001:00015a50       _OpenRef                   10016a50 f   Explore.obj
 0001:00015b40       _ResizeSXP                 10016b40 f   Explore.obj
 0001:00015ba0       _CloseSXP                  10016ba0 f   Explore.obj
 0001:00015bf0       _ProcessSXP                10016bf0 f   Explore.obj
 0001:00016b30       ?EraseSXP@@YAXXZ           10017b30 f   Explore.obj
 0001:00016bb0       ?GetAccessKey@@YAPADH@Z    10017bb0 f   Explore.obj
 0001:00016bf0       ?SetAccessKey@@YAXHPAD@Z   10017bf0 f   Explore.obj
 0001:00016c50       _SXP_SetVar                10017c50 f   Explore.obj
 0001:00016dc0       _SXP_GetVar                10017dc0 f   Explore.obj
 0001:00016eb0       ?SaveCookies@OneSicWindow@@QAEXXZ 10017eb0 f   Explore.obj
 0001:00017010       ?LoadCookies@OneSicWindow@@QAEXXZ 10018010 f   Explore.obj
 0001:00017170       ?CreateTable@sicExplorer@@QAEPAUOneSXPTable@@PAD@Z 10018170 f   Explore.obj
 0001:00017270       ?GetTable@sicExplorer@@QAEPAUOneSXPTable@@PAD@Z 10018270 f   Explore.obj
 0001:00017300       ?GetHVAL@@YAKPAD@Z         10018300 f   Explore.obj
 0001:00017580       ?GetTableHash@@YAKPAUOneSXPTable@@H@Z 10018580 f   Explore.obj
 0001:00017680       ?SendTableRefresh@sicExplorer@@QAEXPAD0@Z 10018680 f   Explore.obj
 0001:00017940       ?GetGPPictureIndex@sicExplorer@@QAEHPAD@Z 10018940 f   Explore.obj
 0001:00018260       ?ReParse@OneSicWindow@@QAEXXZ 10019260 f   Explore.obj
 0001:000187a0       ?LoadDefaultSettings@OneSicWindow@@QAEXXZ 100197a0 f   Explore.obj
 0001:00018ca0       ??0OneInterfaceElement@@QAE@XZ 10019ca0 f   Explore.obj
 0001:00018cf0       ?ClearActive@OneInterfaceElement@@QAEXXZ 10019cf0 f   Explore.obj
 0001:00018db0       ?ClearParams@OneInterfaceElement@@QAEXXZ 10019db0 f   Explore.obj
 0001:00018e70       ?Clear@OneInterfaceElement@@QAEXXZ 10019e70 f   Explore.obj
 0001:00018fa0       ??1OneInterfaceElement@@QAE@XZ 10019fa0 f i Explore.obj
 0001:00018fe0       ?SendToServer@@YA_NPAVSimpleDialog@@@Z 10019fe0 f   FnDefine.obj
 0001:00019090       ?SendSmartRequest@@YAXPAVsicExplorer@@PAD@Z 1001a090 f   FnDefine.obj
 0001:00019950       ?ADI_Txt@@YA_NPAVsicExplorer@@PAVDialogsSystem@@PAH222HPAPADH3PAD@Z 1001a950 f   FnDefine.obj
 0001:0001aa10       ?ADI_mtxt@@YA_NPAVsicExplorer@@PAVDialogsSystem@@PAH222HPAPADH3PAD@Z 1001ba10 f   FnDefine.obj
 0001:0001acd0       ?ADI_Edit@@YA_NPAVsicExplorer@@PAVDialogsSystem@@PAH222HPAPADH3PAD@Z 1001bcd0 f   FnDefine.obj
 0001:0001ae80       ?ProcPing@@YAXPAVsicExplorer@@PAXH@Z 1001be80 f   FnDefine.obj
 0001:0001aef0       ?ADI_Ping@@YA_NPAVsicExplorer@@PAVDialogsSystem@@PAH222HPAPADH3PAD@Z 1001bef0 f   FnDefine.obj
 0001:0001afc0       ?CBB_Process@@YAXPAVsicExplorer@@PAXH@Z 1001bfc0 f   FnDefine.obj
 0001:0001b1a0       ?ADI_Combo@@YA_NPAVsicExplorer@@PAVDialogsSystem@@PAH222HPAPADH3PAD@Z 1001c1a0 f   FnDefine.obj
 0001:0001b550       ?CBB_Process2@@YAXPAVsicExplorer@@PAXH@Z 1001c550 f   FnDefine.obj
 0001:0001b620       ?CBB_Close2@@YAXPAVsicExplorer@@PAXH@Z 1001c620 f   FnDefine.obj
 0001:0001b6d0       ?ADI_Combo2@@YA_NPAVsicExplorer@@PAVDialogsSystem@@PAH222HPAPADH3PAD@Z 1001c6d0 f   FnDefine.obj
 0001:0001baf0       ?ADI_Btn@@YA_NPAVsicExplorer@@PAVDialogsSystem@@PAH222HPAPADH3PAD@Z 1001caf0 f   FnDefine.obj
 0001:0001bed0       ?ADI_SBtn@@YA_NPAVsicExplorer@@PAVDialogsSystem@@PAH222HPAPADH3PAD@Z 1001ced0 f   FnDefine.obj
 0001:0001c130       ?CHK_Process@@YAXPAVsicExplorer@@PAXH@Z 1001d130 f   FnDefine.obj
 0001:0001c240       ?ADI_Chk@@YA_NPAVsicExplorer@@PAVDialogsSystem@@PAH222HPAPADH3PAD@Z 1001d240 f   FnDefine.obj
 0001:0001c510       ?ADI_Rad@@YA_NPAVsicExplorer@@PAVDialogsSystem@@PAH222HPAPADH3PAD@Z 1001d510 f   FnDefine.obj
 0001:0001c800       ?ADI_Pan@@YA_NPAVsicExplorer@@PAVDialogsSystem@@PAH222HPAPADH3PAD@Z 1001d800 f   FnDefine.obj
 0001:0001c990       ?SendDblToServer@@YA_NPAVSimpleDialog@@@Z 1001d990 f   FnDefine.obj
 0001:0001cc80       ?ADI_APan@@YA_NPAVsicExplorer@@PAVDialogsSystem@@PAH222HPAPADH3PAD@Z 1001dc80 f   FnDefine.obj
 0001:0001d110       ?SOR_Process@@YAXPAVsicExplorer@@PAXH@Z 1001e110 f   FnDefine.obj
 0001:0001d1d0       ?ADI_Sort@@YA_NPAVsicExplorer@@PAVDialogsSystem@@PAH222HPAPADH3PAD@Z 1001e1d0 f   FnDefine.obj
 0001:0001d480       ?ADI_Poly@@YA_NPAVsicExplorer@@PAVDialogsSystem@@PAH222HPAPADH3PAD@Z 1001e480 f   FnDefine.obj
 0001:0001d650       ?LimitString@@YAXPADPAVRLCFont@@H@Z 1001e650 f   FnDefine.obj
 0001:0001d6f0       ?ADI_Table@@YA_NPAVsicExplorer@@PAVDialogsSystem@@PAH222HPAPADH3PAD@Z 1001e6f0 f   FnDefine.obj
 0001:0001ed20       ?ADI_Stbl@@YA_NPAVsicExplorer@@PAVDialogsSystem@@PAH222HPAPADH3PAD@Z 1001fd20 f   FnDefine.obj
 0001:0001ffc0       ?ShowPixString@@YAXPAVsicExplorer@@HHHHPAVRLCFont@@PAD_N@Z 10020fc0 f   FnDefine.obj
 0001:000203f0       ?Draw_DBTBL@@YAXHHHHHEH@Z  100213f0 f   FnDefine.obj
 0001:00020910       ?Process_DBTBL@@YAXPAVsicExplorer@@PAXH@Z 10021910 f   FnDefine.obj
 0001:00021400       ?Close_DBTBL@@YAXPAVsicExplorer@@PAXH@Z 10022400 f   FnDefine.obj
 0001:00021430       ?ADI_AddDBTBL@@YA_NPAVsicExplorer@@PAVDialogsSystem@@PAH222HPAPADH3PAD@Z 10022430 f   FnDefine.obj
 0001:000226a0       ?ShowPixProcess@@YAXPAVsicExplorer@@PAXH@Z 100236a0 f   FnDefine.obj
 0001:000227b0       ?ADI_Pix@@YA_NPAVsicExplorer@@PAVDialogsSystem@@PAH222HPAPADH3PAD@Z 100237b0 f   FnDefine.obj
 0001:00022980       ?ADI_Ubtn@@YA_NPAVsicExplorer@@PAVDialogsSystem@@PAH222HPAPADH3PAD@Z 10023980 f   FnDefine.obj
 0001:00022b80       ?ADI_gpBtn@@YA_NPAVsicExplorer@@PAVDialogsSystem@@PAH222HPAPADH3PAD@Z 10023b80 f   FnDefine.obj
 0001:00022df0       ?ADI_def_gp_btn@@YA_NPAVsicExplorer@@PAVDialogsSystem@@PAH222HPAPADH3PAD@Z 10023df0 f   FnDefine.obj
 0001:00022f10       ?ADI_Hint@@YA_NPAVsicExplorer@@PAVDialogsSystem@@PAH222HPAPADH3PAD@Z 10023f10 f   FnDefine.obj
 0001:00023160       ?ADI_HintParam@@YA_NPAVsicExplorer@@PAVDialogsSystem@@PAH222HPAPADH3PAD@Z 10024160 f   FnDefine.obj
 0001:00023270       ?ADI_Time@@YA_NPAVsicExplorer@@PAVDialogsSystem@@PAH222HPAPADH3PAD@Z 10024270 f   FnDefine.obj
 0001:000233a0       ?DrawMap@@YAXHHHHHEH@Z     100243a0 f   FnDefine.obj
 0001:00023400       ?MapClick@@YA_NPAVSimpleDialog@@@Z 10024400 f   FnDefine.obj
 0001:000235f0       ?ADI_Map@@YA_NPAVsicExplorer@@PAVDialogsSystem@@PAH222HPAPADH3PAD@Z 100245f0 f   FnDefine.obj
 0001:00023770       ?ADI_murl@@YA_NPAVsicExplorer@@PAVDialogsSystem@@PAH222HPAPADH3PAD@Z 10024770 f   FnDefine.obj
 0001:00023800       ?ADI_uurl@@YA_NPAVsicExplorer@@PAVDialogsSystem@@PAH222HPAPADH3PAD@Z 10024800 f   FnDefine.obj
 0001:00023920       ?sgetFile@@YAXPAVsicExplorer@@PAD@Z 10024920 f   FnDefine.obj
 0001:000239f0       ?ADI_getf@@YA_NPAVsicExplorer@@PAVDialogsSystem@@PAH222HPAPADH3PAD@Z 100249f0 f   FnDefine.obj
 0001:00023a50       ?ADI_ftxt@@YA_NPAVsicExplorer@@PAVDialogsSystem@@PAH222HPAPADH3PAD@Z 10024a50 f   FnDefine.obj
 0001:00023be0       ?SortStrings@@YAXPAPADH@Z  10024be0 f   FnDefine.obj
 0001:00023c90       ?FileClickProc@@YAXPAPADH@Z 10024c90 f   FnDefine.obj
 0001:00023f00       ?EnumFilesInDirectory@@YAXPADPAPADH00@Z 10024f00 f   FnDefine.obj
 0001:00024690       ?BrowseChDisk@@YAXPAVsicExplorer@@PAXH@Z 10025690 f   FnDefine.obj
 0001:00024790       ?ADI_FBrowse@@YA_NPAVsicExplorer@@PAVDialogsSystem@@PAH222HPAPADH3PAD@Z 10025790 f   FnDefine.obj
 0001:00024bf0       ?ADI_NewFont@@YA_NPAVsicExplorer@@PAVDialogsSystem@@PAH222HPAPADH3PAD@Z 10025bf0 f   FnDefine.obj
 0001:00024f30       ?CheckCondition@@YA_NPAD@Z 10025f30 f   FnDefine.obj
 0001:00024f60       ?ADI_if@@YA_NPAVsicExplorer@@PAVDialogsSystem@@PAH222HPAPADH3PAD@Z 10025f60 f   FnDefine.obj
 0001:00024fa0       ?ShowVar@@YAXPAVsicExplorer@@PAXH@Z 10025fa0 f   FnDefine.obj
 0001:00025110       ?ADI_Label@@YA_NPAVsicExplorer@@PAVDialogsSystem@@PAH222HPAPADH3PAD@Z 10026110 f   FnDefine.obj
 0001:000253b0       ?InitIFNS@@YAXXZ           100263b0 f   FnDefine.obj
 0001:00026bc0       ?GetSource@ReferableBaseClassWithSource@@UAEPBDXZ 10027bc0 f i FnDefine.obj
 0001:00026c20       ?Save@ReferableBaseClassWithSource@@UAEXAAVxmlQuote@@PAX1@Z 10027c20 f i FnDefine.obj
 0001:00026cf0       ?ReadFromFile@ReferableBaseClassWithSource@@UAE_NPBD@Z 10027cf0 f i FnDefine.obj
 0001:00026d70       ?SafeReadFromFile@ReferableBaseClassWithSource@@UAE_NPBD@Z 10027d70 f i FnDefine.obj
 0001:00026df0       ?WriteToFile@ReferableBaseClassWithSource@@UAE_NPBD@Z 10027df0 f i FnDefine.obj
 0001:00026e70       ?Add@?$ClassArray@VSimpleDialog@@@@QAEHPAVSimpleDialog@@@Z 10027e70 f i FnDefine.obj
 0001:00026ef0       ?Add@?$DynArray@PAVSimpleDialog@@$0P@@@QAEHABQAVSimpleDialog@@@Z 10027ef0 f i FnDefine.obj
 0001:00026f70       ?Check@?$DynArray@PAVSimpleDialog@@$0P@@@QAEXH@Z 10027f70 f i FnDefine.obj
 0001:00027050       ??_GVitButton@@UAEPAXI@Z   10028050 f i FnDefine.obj
 0001:00027050       ??_EVitButton@@UAEPAXI@Z   10028050 f i FnDefine.obj
 0001:000270c0       ?GetByGP@FontParam@@QAEPAVOneFontParam@@H@Z 100280c0 f i FnDefine.obj
 0001:000272e0       ?Add@?$ClassArray@VOneFontParam@@@@QAEHPAVOneFontParam@@@Z 100282e0 f i FnDefine.obj
 0001:00027360       ??A?$DynArray@PAVOneFontParam@@$0P@@@QAEAAPAVOneFontParam@@H@Z 10028360 f i FnDefine.obj
 0001:000273f0       ?GetAmount@?$DynArray@PAVOneFontParam@@$0P@@@QBEHXZ 100283f0 f i FnDefine.obj
 0001:00027420       ?Add@?$DynArray@PAVOneFontParam@@$0P@@@QAEHABQAVOneFontParam@@@Z 10028420 f i FnDefine.obj
 0001:000274a0       ?Check@?$DynArray@PAVOneFontParam@@$0P@@@QAEXH@Z 100284a0 f i FnDefine.obj
 0001:00027580       ??0OneFontParam@@QAE@XZ    10028580 f i FnDefine.obj
 0001:00027670       ?GetClassNameA@OneFontParam@@UAEPBDXZ 10028670 f i FnDefine.obj
 0001:000276a0       ?CheckDirectCasting@OneFontParam@@UAE_NXZ 100286a0 f i FnDefine.obj
 0001:000276d0       ?new_element@OneFontParam@@UAEPAVBaseClass@@XZ 100286d0 f i FnDefine.obj
 0001:00027880       ??A?$DynArray@PAVOneClassMemberStorage@@$0P@@@QAEAAPAVOneClassMemberStorage@@H@Z 10028880 f i FnDefine.obj
 0001:00027910       ?GetAmount@?$DynArray@PAVOneClassMemberStorage@@$0P@@@QBEHXZ 10028910 f i FnDefine.obj
 0001:00027940       ?GetClassStorage@OneFontParam@@UAEPAVOneClassStorage@@XZ 10028940 f i FnDefine.obj
 0001:000279d0       ?RegisterMembers@OneFontParam@@UAEXXZ 100289d0 f i FnDefine.obj
 0001:00028340       ??$reg_auto@V_str@@@@YAXPAVBaseClass@@AAV_str@@PBDPAXK@Z 10029340 f i FnDefine.obj
 0001:00028490       ?ConvTypeName@@YAPADAAVDString@@@Z 10029490 f i FnDefine.obj
 0001:00028560       ??$reg_class_auto@V_str@@@@YAXPAV_str@@PAD@Z 10029560 f i FnDefine.obj
 0001:000285c0       ??$_get_cmemb@V_int@@@@YAPAV_int@@PAV0@PBD@Z 100295c0 f i FnDefine.obj
 0001:000287a0       ??_E_int@@UAEPAXI@Z        100297a0 f i FnDefine.obj
 0001:000287a0       ??_G_int@@UAEPAXI@Z        100297a0 f i FnDefine.obj
 0001:00028810       ??$_get_cmemb@V_bool@@@@YAPAV_bool@@PAV0@PBD@Z 10029810 f i FnDefine.obj
 0001:000289f0       ??_G_bool@@UAEPAXI@Z       100299f0 f i FnDefine.obj
 0001:000289f0       ??_E_bool@@UAEPAXI@Z       100299f0 f i FnDefine.obj
 0001:00028a60       ??$_get_cmemb@V_gpfile@@@@YAPAV_gpfile@@PAV0@PBD@Z 10029a60 f i FnDefine.obj
 0001:00028c40       ??_G_gpfile@@UAEPAXI@Z     10029c40 f i FnDefine.obj
 0001:00028c40       ??_E_gpfile@@UAEPAXI@Z     10029c40 f i FnDefine.obj
 0001:00028cb0       ??$_get_cmemb@V_DWORD@@@@YAPAV_DWORD@@PAV0@PBD@Z 10029cb0 f i FnDefine.obj
 0001:00028e90       ??_G_DWORD@@UAEPAXI@Z      10029e90 f i FnDefine.obj
 0001:00028e90       ??_E_DWORD@@UAEPAXI@Z      10029e90 f i FnDefine.obj
 0001:00028f00       ??$_get_cmemb@V_str@@@@YAPAV_str@@PAV0@PBD@Z 10029f00 f i FnDefine.obj
 0001:000290e0       ??$reg_class@V_int@@@@YAXPAV_int@@PAD@Z 1002a0e0 f i FnDefine.obj
 0001:00029140       ??$reg_class@V_bool@@@@YAXPAV_bool@@PAD@Z 1002a140 f i FnDefine.obj
 0001:000291a0       ??$reg_class@V_gpfile@@@@YAXPAV_gpfile@@PAD@Z 1002a1a0 f i FnDefine.obj
 0001:00029200       ??$reg_class@V_DWORD@@@@YAXPAV_DWORD@@PAD@Z 1002a200 f i FnDefine.obj
 0001:00029260       ??$reg_class@V_str@@@@YAXPAV_str@@PAD@Z 1002a260 f i FnDefine.obj
 0001:000292c0       ?GetClassMask@OneFontParam@@UAEKXZ 1002a2c0 f i FnDefine.obj
 0001:00029310       ??_GOneFontParam@@UAEPAXI@Z 1002a310 f i FnDefine.obj
 0001:00029310       ??_EOneFontParam@@UAEPAXI@Z 1002a310 f i FnDefine.obj
 0001:00029370       ??1OneFontParam@@UAE@XZ    1002a370 f i FnDefine.obj
 0001:00029400       ?SetTitle@OneMap@@QAEXPAD@Z 1002a400 f i FnDefine.obj
 0001:00029450       ??0OneMap@@QAE@XZ          1002a450 f   GameOnMap.obj
 0001:000294a0       ?PushWindow@@YAXPAUTempWindow@@@Z 1002a4a0 f   GameOnMap.obj
 0001:00029530       ?PopWindow@@YAXPAUTempWindow@@@Z 1002a530 f   GameOnMap.obj
 0001:000295a0       ?IntersectWindows@@YAXHHHH@Z 1002a5a0 f   GameOnMap.obj
 0001:00029700       ?ReadWinStringF@@YA_NPAU_iobuf@@PADH@Z 1002a700 f   GameOnMap.obj
 0001:000297d0       ?LoadMapData@OneMap@@QAEXPAVsicExplorer@@@Z 1002a7d0 f   GameOnMap.obj
 0001:0002a290       ?ApplyColorsToScaleLayer@OneMap@@QAEXH@Z 1002b290 f   GameOnMap.obj
 0001:0002a670       ?ShowMapPart@OneMap@@QAEXXZ 1002b670 f   GameOnMap.obj
 0001:0002adb0       ?SetCenterCoor@OneMap@@QAEXHH@Z 1002bdb0 f   GameOnMap.obj
 0001:0002ae10       ?RelativeMove@OneMap@@QAEXHH@Z 1002be10 f   GameOnMap.obj
 0001:0002aef0       ?ChangeScale@OneMap@@QAEXH@Z 1002bef0 f   GameOnMap.obj
 0001:0002af60       ?NormalizeCoordinates@OneMap@@QAEXXZ 1002bf60 f   GameOnMap.obj
 0001:0002b260       ?ClearAll@OneMap@@QAEXXZ   1002c260 f   GameOnMap.obj
 0001:0002b3e0       ??1OneMap@@QAE@XZ          1002c3e0 f   GameOnMap.obj
 0001:0002b420       ?UpdateMapData@OneMap@@QAEXPAE@Z 1002c420 f   GameOnMap.obj
 0001:0002b710       ?AddMapPicture@OneMap@@QAEXPADHHHHH@Z 1002c710 f   GameOnMap.obj
 0001:0002b9d0       ?ClearMapPictures@OneMap@@QAEXXZ 1002c9d0 f   GameOnMap.obj
 0001:0002ba10       _DllMain@12                1002ca10 f   IntExplorer.obj
 0001:0002ba70       ??0ParsedRQ@@QAE@XZ        1002ca70 f   ParseRQ.obj
 0001:0002bac0       ??1ParsedRQ@@QAE@XZ        1002cac0 f   ParseRQ.obj
 0001:0002bb00       ?AddComm@ParsedRQ@@QAEXPAD@Z 1002cb00 f   ParseRQ.obj
 0001:0002bc20       ?AddParam@ParsedRQ@@QAEXPADH@Z 1002cc20 f   ParseRQ.obj
 0001:0002bd60       ?Clear@ParsedRQ@@QAEXXZ    1002cd60 f   ParseRQ.obj
 0001:0002beb0       ?GetHVal@@YAHD@Z           1002ceb0 f   ParseRQ.obj
 0001:0002bf10       ?Parse@ParsedRQ@@QAEXPAD@Z 1002cf10 f   ParseRQ.obj
 0001:0002c230       ?Compact@ParsedRQ@@QAEHPADH@Z 1002d230 f   ParseRQ.obj
 0001:0002c470       ?Extract@ParsedRQ@@QAEXPADH@Z 1002d470 f   ParseRQ.obj
 0001:0002c630       ?UnParse@ParsedRQ@@QAEHPADH@Z 1002d630 f   ParseRQ.obj
 0001:0002ca90       ?DelComm@ParsedRQ@@QAEXH@Z 1002da90 f   ParseRQ.obj
 0001:0002cbf0       ?AddParamToCom@ParsedRQ@@QAEXHPADH@Z 1002dbf0 f   ParseRQ.obj
 0001:0002cd20       ?AddIntParam@ParsedRQ@@QAEXH@Z 1002dd20 f   ParseRQ.obj
 0001:0002cdb0       ??0PingEngine@@QAE@XZ      1002ddb0 f   PingEngine.obj
 0001:0002ce00       ??1PingEngine@@QAE@XZ      1002de00 f   PingEngine.obj
 0001:0002ce30       ?Setup@PingEngine@@QAEXXZ  1002de30 f   PingEngine.obj
 0001:0002d010       ?SendPingToIP@PingEngine@@QAE_NK@Z 1002e010 f   PingEngine.obj
 0001:0002d170       ?Process@PingEngine@@QAEXXZ 1002e170 f   PingEngine.obj
 0001:0002d510       ?GetPing@PingEngine@@QAEHK@Z 1002e510 f   PingEngine.obj
 0001:0002d670       ?checksum@@YAGPAGH@Z       1002e670 f   PingEngine.obj
 0001:0002d700       ?fill_icmp_data@@YAXPADH@Z 1002e700 f   PingEngine.obj
 0001:0002d790       ?decode_resp@@YA_NPADHPAUsockaddr_in@@PAH@Z 1002e790 f   PingEngine.obj
 0001:0002d830       ?GETPING@@YAHK@Z           1002e830 f   PingEngine.obj
 0001:0002d890       ?_ExMalloc@@YAPAXH@Z       1002e890 f   engine:engine.exe
 0001:0002d896       ?_ExFree@@YAXPAX@Z         1002e896 f   engine:engine.exe
 0001:0002d89c       ?RClose@@YAXPAX@Z          1002e89c f   engine:engine.exe
 0001:0002d8a2       ?RBlockWrite@@YAKPAX0K@Z   1002e8a2 f   engine:engine.exe
 0001:0002d8a8       ?RRewrite@@YAPAXPBD@Z      1002e8a8 f   engine:engine.exe
 0001:0002d8ae       ?RSeek@@YAKPAXH@Z          1002e8ae f   engine:engine.exe
 0001:0002d8b4       ?RBlockRead@@YAKPAX0K@Z    1002e8b4 f   engine:engine.exe
 0001:0002d8ba       ?RReset@@YAPAXPBD@Z        1002e8ba f   engine:engine.exe
 0001:0002d8c0       ?RFileSize@@YAKPAX@Z       1002e8c0 f   engine:engine.exe
 0001:0002d8c6       ?_ExRealloc@@YAPAXPAXH@Z   1002e8c6 f   engine:engine.exe
 0001:0002d8cc       ?SetCurPtr@@YAXH@Z         1002e8cc f   engine:engine.exe
 0001:0002d8d2       ?SetExComm@@YAXPADH@Z      1002e8d2 f   engine:engine.exe
 0001:0002d8d8       ?DecompressData@@YA_NPAPAEPAIPAE@Z 1002e8d8 f   engine:engine.exe
 0001:0002d8de       ?GetClassStorage@_str@@UAEPAVOneClassStorage@@XZ 1002e8de f   engine:engine.exe
 0001:0002d8e4       ?new_element@_str@@UAEPAVBaseClass@@XZ 1002e8e4 f   engine:engine.exe
 0001:0002d8ea       ?SetEnumName@BaseClass@@UAEXPBD@Z 1002e8ea f   engine:engine.exe
 0001:0002d8f0       ?OnChangeMember@BaseClass@@UAE_NPAV1@PAX1PBD@Z 1002e8f0 f   engine:engine.exe
 0001:0002d8f6       ?ProcessInEditor@BaseClass@@UAEXPAV1@@Z 1002e8f6 f   engine:engine.exe
 0001:0002d8fc       ?GetClassPresentationMask@BaseClass@@UAE_NAAV_str@@PAX1PBDK@Z 1002e8fc f   engine:engine.exe
 0001:0002d902       ?ShouldSaveInShortForm@BaseClass@@UAE_NXZ 1002e902 f   engine:engine.exe
 0001:0002d908       ?CheckCompartabilityWith@BaseClass@@UAE_NPBDH@Z 1002e908 f   engine:engine.exe
 0001:0002d90e       ?SetParent@BaseClass@@UAEXPAV1@@Z 1002e90e f   engine:engine.exe
 0001:0002d914       ?GetParent@BaseClass@@UAEPAV1@XZ 1002e914 f   engine:engine.exe
 0001:0002d91a       ?SetObjectGlobalID@BaseClass@@UAEXK@Z 1002e91a f   engine:engine.exe
 0001:0002d920       ?GetObjectGlobalID@BaseClass@@UAEKXZ 1002e920 f   engine:engine.exe
 0001:0002d926       ?CheckIfObjectIsGlobal@BaseClass@@UAE_NXZ 1002e926 f   engine:engine.exe
 0001:0002d92c       ?GetObjectNamePointer@BaseClass@@UAEPAV_str@@XZ 1002e92c f   engine:engine.exe
 0001:0002d932       ?GetRealMaskedPosition@BaseClass@@UAEHH@Z 1002e932 f   engine:engine.exe
 0001:0002d938       ?GetClassMask@BaseClass@@UAEKXZ 1002e938 f   engine:engine.exe
 0001:0002d93e       ?CheckIfElementInvisible@BaseClass@@UAE_NHPAXK@Z 1002e93e f   engine:engine.exe
 0001:0002d944       ?CheckIfElementReadOnly@BaseClass@@UAE_NHPAXK@Z 1002e944 f   engine:engine.exe
 0001:0002d94a       ?SetSectionStatus@BaseClass@@UAEXH@Z 1002e94a f   engine:engine.exe
 0001:0002d950       ?GetSectionStatus@BaseClass@@UAEHXZ 1002e950 f   engine:engine.exe
 0001:0002d956       ?call@BaseClass@@UAEXPAX0@Z 1002e956 f   engine:engine.exe
 0001:0002d95c       ?CheckIfFunction@BaseClass@@UAE_NXZ 1002e95c f   engine:engine.exe
 0001:0002d962       ?EvaluateFunction@BaseClass@@UAEXXZ 1002e962 f   engine:engine.exe
 0001:0002d968       ?GetElementMessageAndHintInEditor@BaseClass@@UAEXAAVDString@@0PAV1@PAD@Z 1002e968 f   engine:engine.exe
 0001:0002d96e       ?GetEditableElementView@BaseClass@@UAEPBDHPAXPBDK@Z 1002e96e f   engine:engine.exe
 0001:0002d974       ?GetEditableElementName@BaseClass@@UAEPBDHPAXK@Z 1002e974 f   engine:engine.exe
 0001:0002d97a       ?CheckIfEditableElementIsNode@BaseClass@@UAE_NHPAXK@Z 1002e97a f   engine:engine.exe
 0001:0002d980       ?CheckIfElementIsNode@BaseClass@@UAE_NHPAX@Z 1002e980 f   engine:engine.exe
 0001:0002d986       ?GetEditableElementExpansionList@BaseClass@@UAE_NAAUClassExpParams@@HPAXKPAV1@PBD@Z 1002e986 f   engine:engine.exe
 0001:0002d98c       ?GetEditableElementExtra@BaseClass@@UAEPAXHPAXK@Z 1002e98c f   engine:engine.exe
 0001:0002d992       ?GetEditableElementData@BaseClass@@UAEPAXHPAXK@Z 1002e992 f   engine:engine.exe
 0001:0002d998       ?GetEditableElementClass@BaseClass@@UAEPAV1@HPAXK@Z 1002e998 f   engine:engine.exe
 0001:0002d99e       ?GetIndexOfEditableElement@BaseClass@@UAEHHPAXK@Z 1002e99e f   engine:engine.exe
 0001:0002d9a4       ?GetAmountOfEditableElements@BaseClass@@UAEHPAXK@Z 1002e9a4 f   engine:engine.exe
 0001:0002d9aa       ?GetSource@BaseClass@@UAEPBDXZ 1002e9aa f   engine:engine.exe
 0001:0002d9b0       ?Copy@BaseClass@@UAE_NPAV1@_N@Z 1002e9b0 f   engine:engine.exe
 0001:0002d9b6       ?WriteToFile@BaseClass@@UAE_NPBD@Z 1002e9b6 f   engine:engine.exe
 0001:0002d9bc       ?SafeReadFromFile@BaseClass@@UAE_NPBD@Z 1002e9bc f   engine:engine.exe
 0001:0002d9c2       ?ReadFromFile@BaseClass@@UAE_NPBD@Z 1002e9c2 f   engine:engine.exe
 0001:0002d9c8       ?LoadBin@_str@@UAEXPAX0PAVBinStream@@PAVEnumerator@@@Z 1002e9c8 f   engine:engine.exe
 0001:0002d9ce       ?SaveBin@_str@@UAEXPAX0PAVBinStream@@PAVEnumerator@@2@Z 1002e9ce f   engine:engine.exe
 0001:0002d9d4       ?FullCopy@_str@@UAE_NPAX0PAVBaseClass@@00PAVCopyContext@@@Z 1002e9d4 f   engine:engine.exe
 0001:0002d9da       ?AskParentForUsingExpansionClass@BaseClass@@UAE_NPAD0@Z 1002e9da f   engine:engine.exe
 0001:0002d9e0       ?MoveElement@BaseClass@@UAE_NHD@Z 1002e9e0 f   engine:engine.exe
 0001:0002d9e6       ?ForceSimplification@BaseClass@@UAE_NXZ 1002e9e6 f   engine:engine.exe
 0001:0002d9ec       ?ForceProperty@BaseClass@@UAE_NXZ 1002e9ec f   engine:engine.exe
 0001:0002d9f2       ?GetExpansionBaseClass@BaseClass@@UAEPBDXZ 1002e9f2 f   engine:engine.exe
 0001:0002d9f8       ?GetExpansionRules@BaseClass@@UAEHXZ 1002e9f8 f   engine:engine.exe
 0001:0002d9fe       ?ExpandWith@BaseClass@@UAEHPBDPAX@Z 1002e9fe f   engine:engine.exe
 0001:0002da04       ?CheckDirectCasting@BaseClass@@UAE_NXZ 1002ea04 f   engine:engine.exe
 0001:0002da0a       ?LoadPostProcess@BaseClass@@UAEXPAX0@Z 1002ea0a f   engine:engine.exe
 0001:0002da10       ?DelElement@BaseClass@@UAE_NH@Z 1002ea10 f   engine:engine.exe
 0001:0002da16       ?GetElementExtraPtr@BaseClass@@UAEPAXH@Z 1002ea16 f   engine:engine.exe
 0001:0002da1c       ?GetElementPtr@BaseClass@@UAEPAXHPAX@Z 1002ea1c f   engine:engine.exe
 0001:0002da22       ?GetElementClass@BaseClass@@UAEPAV1@H@Z 1002ea22 f   engine:engine.exe
 0001:0002da28       ?GetThisElementView@BaseClass@@UAEPBDPBD@Z 1002ea28 f   engine:engine.exe
 0001:0002da2e       ?GetElementView@BaseClass@@UAEPBDHPBD@Z 1002ea2e f   engine:engine.exe
 0001:0002da34       ?GetElementID@BaseClass@@UAEPBDH@Z 1002ea34 f   engine:engine.exe
 0001:0002da3a       ?GetAmountOfElements@BaseClass@@UAEHXZ 1002ea3a f   engine:engine.exe
 0001:0002da40       ?RegisterMembers@BaseClass@@UAEXXZ 1002ea40 f   engine:engine.exe
 0001:0002da46       ?GetClassNameA@_str@@UAEPBDXZ 1002ea46 f   engine:engine.exe
 0001:0002da4c       ?Load@_str@@UAE_NAAVxmlQuote@@PAXPAVErrorPager@@1@Z 1002ea4c f   engine:engine.exe
 0001:0002da52       ?Save@_str@@UAEXAAVxmlQuote@@PAX1@Z 1002ea52 f   engine:engine.exe
 0001:0002da58       ?reset_class@_str@@UAEXPAX@Z 1002ea58 f   engine:engine.exe
 0001:0002da5e       ?Assign@DString@@QAEXPAD@Z 1002ea5e f   engine:engine.exe
 0001:0002da64       ??0_str@@QAE@XZ            1002ea64 f   engine:engine.exe
 0001:0002da6a       ??1DString@@QAE@XZ         1002ea6a f   engine:engine.exe
 0001:0002da70       ?pchar@DString@@QAEPADPBD@Z 1002ea70 f   engine:engine.exe
 0001:0002da76       ?Add@DString@@QAEXPBD@Z    1002ea76 f   engine:engine.exe
 0001:0002da7c       ??0DString@@QAE@XZ         1002ea7c f   engine:engine.exe
 0001:0002da82       ??1_str@@UAE@XZ            1002ea82 f   engine:engine.exe
 0001:0002da88       ?Load@BaseClass@@UAE_NAAVxmlQuote@@PAXPAVErrorPager@@1@Z 1002ea88 f   engine:engine.exe
 0001:0002da8e       ?Save@BaseClass@@UAEXAAVxmlQuote@@PAX1@Z 1002ea8e f   engine:engine.exe
 0001:0002da94       ??1BaseClass@@UAE@XZ       1002ea94 f   engine:engine.exe
 0001:0002da9a       ??0BaseClass@@QAE@XZ       1002ea9a f   engine:engine.exe
 0001:0002daa0       ?CompressData@@YA_NPAPAEPAIPAEI@Z 1002eaa0 f   engine:engine.exe
 0001:0002daa6       ?RenameAnywayEx@@YAXPAD0@Z 1002eaa6 f   engine:engine.exe
 0001:0002daac       ?PlayRecfile@@YAXPAD@Z     1002eaac f   engine:engine.exe
 0001:0002dab2       ?SmartAssert@@YAXPBDH0@Z   1002eab2 f   engine:engine.exe
 0001:0002dab8       ?CheckDynPtr@@YAXPAX@Z     1002eab8 f   engine:engine.exe
 0001:0002dabe       ?GetClass@ClassGarbage@@QAEPAVOneClassStorage@@PBD@Z 1002eabe f   engine:engine.exe
 0001:0002dac4       ??4_str@@QAEAAV0@PBD@Z     1002eac4 f   engine:engine.exe
 0001:0002daca       ?WriteDWORD@BinStream@@QAEXK@Z 1002eaca f   engine:engine.exe
 0001:0002dad0       ?ReadDWORD@BinStream@@QAEKXZ 1002ead0 f   engine:engine.exe
 0001:0002dad6       ?TestClassStorage@@YAXPAPAVOneClassStorage@@@Z 1002ead6 f   engine:engine.exe
 0001:0002dadc       ?addNewGP_VScrollBar@ParentFrame@@QAEPAVVScrollBar@@PAVSimpleDialog@@HHHHHHH@Z 1002eadc f   engine:engine.exe
 0001:0002dae2       ?addClipper@ParentFrame@@QAEPAVSimpleDialog@@HHHH@Z 1002eae2 f   engine:engine.exe
 0001:0002dae8       ?addCustomBorder@ParentFrame@@QAEPAVCustomBorder@@HHHHHPAH0HH@Z 1002eae8 f   engine:engine.exe
 0001:0002daee       ??0DialogsSystem@@QAE@XZ   1002eaee f   engine:engine.exe
 0001:0002daf4       ??1DialogsSystem@@UAE@XZ   1002eaf4 f   engine:engine.exe
 0001:0002dafa       ?CloseDialogs@DialogsSystem@@QAEXXZ 1002eafa f   engine:engine.exe
 0001:0002db00       ?PreLoadGPImage@GP_System@@QAEHPAD@Z 1002eb00 f   engine:engine.exe
 0001:0002db06       ?g_SetWindParam@@YAXHHHH@Z 1002eb06 f   engine:engine.exe
 0001:0002db0c       ?ProcessDialogs@DialogsSystem@@QAEXXZ 1002eb0c f   engine:engine.exe
 0001:0002db12       ?GetWheelDelta@@YAH_N@Z    1002eb12 f   engine:engine.exe
 0001:0002db18       ?ProcessWindowMessages@@YA_NXZ 1002eb18 f   engine:engine.exe
 0001:0002db1e       ?UnPress@@YAXXZ            1002eb1e f   engine:engine.exe
 0001:0002db24       ?addGP_Button@ParentFrame@@QAEPAVGP_Button@@PAVSimpleDialog@@HHHHH@Z 1002eb24 f   engine:engine.exe
 0001:0002db2a       ?addTextButton@ParentFrame@@QAEPAVTextButton@@PAVSimpleDialog@@HHPADPAVRLCFont@@22E@Z 1002eb2a f   engine:engine.exe
 0001:0002db30       ?GetGPWidth@GP_System@@QAEHHH@Z 1002eb30 f   engine:engine.exe
 0001:0002db36       ?LoadGP@GP_System@@QAE_NH@Z 1002eb36 f   engine:engine.exe
 0001:0002db3c       ?GetRLCWidthUNICODE@@YAHPAUxRLCTable@@PAEPAH@Z 1002eb3c f   engine:engine.exe
 0001:0002db42       ?GetRLCHeight@@YAHPAUxRLCTable@@E@Z 1002eb42 f   engine:engine.exe
 0001:0002db48       ?AddMenuText@Canvas@@QAEXHHPADPAVRLCFont@@1E@Z 1002eb48 f   engine:engine.exe
 0001:0002db4e       ?DrawMultilineText@@YAHHHPADPAVRLCFont@@AAHHE_N@Z 1002eb4e f   engine:engine.exe
 0001:0002db54       ?AddCanvas@ParentFrame@@QAEPAVCanvas@@HHHH@Z 1002eb54 f   engine:engine.exe
 0001:0002db5a       ?addInputBox@ParentFrame@@QAEPAVInputBox@@PAVSimpleDialog@@HHPADHHHPAVRLCFont@@2@Z 1002eb5a f   engine:engine.exe
 0001:0002db60       ?AddLine@ComboBox@@QAEXPAD@Z 1002eb60 f   engine:engine.exe
 0001:0002db66       ?AssignScroll@ComboBox@@QAEXPAVParentFrame@@PAPAVVScrollBar@@HHH@Z 1002eb66 f   engine:engine.exe
 0001:0002db6c       ?addGP_ComboBoxDLX@ParentFrame@@QAEPAVComboBox@@PAVSimpleDialog@@HHHHHHHPAVRLCFont@@1PAD@Z 1002eb6c f   engine:engine.exe
 0001:0002db72       ?addGP_TextButtonLimited@ParentFrame@@QAEPAVGP_TextButton@@PAVSimpleDialog@@HHPADHHHHPAVRLCFont@@2@Z 1002eb72 f   engine:engine.exe
 0001:0002db78       ?GetGPHeight@GP_System@@QAEHHH@Z 1002eb78 f   engine:engine.exe
 0001:0002db7e       ?addStdGP_TextButton@ParentFrame@@QAEPAVGP_TextButton@@HHHPADHHPAVRLCFont@@1@Z 1002eb7e f   engine:engine.exe
 0001:0002db84       ?addGP_TextButton@ParentFrame@@QAEPAVGP_TextButton@@PAVSimpleDialog@@HHPADHHPAVRLCFont@@2@Z 1002eb84 f   engine:engine.exe
 0001:0002db8a       ?addGPPicture@ParentFrame@@QAEPAVGPPicture@@PAVSimpleDialog@@HHHH@Z 1002eb8a f   engine:engine.exe
 0001:0002db90       ?addGP_CheckBox@ParentFrame@@QAEPAVCheckBox@@PAVSimpleDialog@@HHPADPAVRLCFont@@2H_NHHHH@Z 1002eb90 f   engine:engine.exe
 0001:0002db96       ?AddLine@Canvas@@QAEXHHHHK@Z 1002eb96 f   engine:engine.exe
 0001:0002db9c       ?GetRLCStrWidth@@YAHPADPAVRLCFont@@@Z 1002eb9c f   engine:engine.exe
 0001:0002dba2       ?V_scrollToElement@SimpleDialog@@UAEXHH@Z 1002eba2 f   engine:engine.exe
 0001:0002dba8       ?_OnDropOnThis@SimpleDialog@@UAEXXZ 1002eba8 f   engine:engine.exe
 0001:0002dbae       ?_OnDropThis@SimpleDialog@@UAEXXZ 1002ebae f   engine:engine.exe
 0001:0002dbb4       ?_OnDrag@SimpleDialog@@UAEXXZ 1002ebb4 f   engine:engine.exe
 0001:0002dbba       ?_OnBeginDrag@SimpleDialog@@UAEXXZ 1002ebba f   engine:engine.exe
 0001:0002dbc0       ?Process@SimpleDialog@@UAEXPAPAV1@00@Z 1002ebc0 f   engine:engine.exe
 0001:0002dbc6       ?CheckMouseOver@SimpleDialog@@UAEXHH@Z 1002ebc6 f   engine:engine.exe
 0001:0002dbcc       ?_DrawActive@SimpleDialog@@UAEXXZ 1002ebcc f   engine:engine.exe
 0001:0002dbd2       ?_MouseOver@SimpleDialog@@UAEXXZ 1002ebd2 f   engine:engine.exe
 0001:0002dbd8       ?_Click@SimpleDialog@@UAE_NXZ 1002ebd8 f   engine:engine.exe
 0001:0002dbde       ?_Draw@VitButton@@UAEXXZ   1002ebde f   engine:engine.exe
 0001:0002dbe4       ?SetHeight@ParentFrame@@UAEXH@Z 1002ebe4 f   engine:engine.exe
 0001:0002dbea       ?SetWidth@ParentFrame@@UAEXH@Z 1002ebea f   engine:engine.exe
 0001:0002dbf0       ?GetWidth@ParentFrame@@UAEHXZ 1002ebf0 f   engine:engine.exe
 0001:0002dbf6       ?ResizeDialog@ParentFrame@@UAE_NHH@Z 1002ebf6 f   engine:engine.exe
 0001:0002dbfc       ?ShiftDialog@ParentFrame@@UAE_NHH@Z 1002ebfc f   engine:engine.exe
 0001:0002dc02       ?GetShift@ParentFrame@@UAEXAAH0@Z 1002ec02 f   engine:engine.exe
 0001:0002dc08       ?GetMargin@ParentFrame@@UAEXAAH000@Z 1002ec08 f   engine:engine.exe
 0001:0002dc0e       ?GetClassStorage@VitButton@@UAEPAVOneClassStorage@@XZ 1002ec0e f   engine:engine.exe
 0001:0002dc14       ?new_element@VitButton@@UAEPAVBaseClass@@XZ 1002ec14 f   engine:engine.exe
 0001:0002dc1a       ?OnChangeMember@ParentFrame@@UAE_NPAVBaseClass@@PAX1PBD@Z 1002ec1a f   engine:engine.exe
 0001:0002dc20       ?SetParent@ReferableBaseClass@@UAEXPAVBaseClass@@@Z 1002ec20 f   engine:engine.exe
 0001:0002dc26       ?GetParent@ReferableBaseClass@@UAEPAVBaseClass@@XZ 1002ec26 f   engine:engine.exe
 0001:0002dc2c       ?SetObjectGlobalID@ReferableBaseClass@@UAEXK@Z 1002ec2c f   engine:engine.exe
 0001:0002dc32       ?GetObjectGlobalID@ReferableBaseClass@@UAEKXZ 1002ec32 f   engine:engine.exe
 0001:0002dc38       ?GetObjectNamePointer@SimpleDialog@@UAEPAV_str@@XZ 1002ec38 f   engine:engine.exe
 0001:0002dc3e       ?GetClassMask@ParentFrame@@UAEKXZ 1002ec3e f   engine:engine.exe
 0001:0002dc44       ?LoadBin@BaseClass@@UAEXPAX0PAVBinStream@@PAVEnumerator@@@Z 1002ec44 f   engine:engine.exe
 0001:0002dc4a       ?SaveBin@BaseClass@@UAEXPAX0PAVBinStream@@PAVEnumerator@@2@Z 1002ec4a f   engine:engine.exe
 0001:0002dc50       ?FullCopy@ReferableBaseClass@@UAE_NPAX0PAVBaseClass@@00PAVCopyContext@@@Z 1002ec50 f   engine:engine.exe
 0001:0002dc56       ?AskParentForUsingExpansionClass@SimpleDialog@@UAE_NPAD0@Z 1002ec56 f   engine:engine.exe
 0001:0002dc5c       ?CheckDirectCasting@VitButton@@UAE_NXZ 1002ec5c f   engine:engine.exe
 0001:0002dc62       ?GetThisElementView@VitButton@@UAEPBDPBD@Z 1002ec62 f   engine:engine.exe
 0001:0002dc68       ?RegisterMembers@VitButton@@UAEXXZ 1002ec68 f   engine:engine.exe
 0001:0002dc6e       ?GetClassNameA@VitButton@@UAEPBDXZ 1002ec6e f   engine:engine.exe
 0001:0002dc74       ?Load@SimpleDialog@@UAE_NAAVxmlQuote@@PAXPAVErrorPager@@1@Z 1002ec74 f   engine:engine.exe
 0001:0002dc7a       ?reset_class@SimpleDialog@@UAEXPAX@Z 1002ec7a f   engine:engine.exe
 0001:0002dc80       ??0VitButton@@QAE@XZ       1002ec80 f   engine:engine.exe
 0001:0002dc86       ?ShowCharUNICODE@@YAXHHPAEPAVRLCFont@@@Z 1002ec86 f   engine:engine.exe
 0001:0002dc8c       ?ShowGP@GP_System@@QAEXHHHHE@Z 1002ec8c f   engine:engine.exe
 0001:0002dc92       ?DrawFilledRect3@@YAXHHHHPAUCorners@@HHH@Z 1002ec92 f   engine:engine.exe
 0001:0002dc98       ?addGP_CheckBox2@ParentFrame@@QAEPAVCheckBox@@PAVSimpleDialog@@HHPADPAVRLCFont@@2H_NHHHH@Z 1002ec98 f   engine:engine.exe
 0001:0002dc9e       ?addComplexBox@ParentFrame@@QAEPAVComplexBox@@HHHHP6AXHHHHHEH@ZHH@Z 1002ec9e f   engine:engine.exe
 0001:0002dca4       ?CheckGP_Inside@@YA_NHHHH@Z 1002eca4 f   engine:engine.exe
 0001:0002dcaa       ?addCustomBox@ParentFrame@@QAEPAVCustomBox@@HHHHP6AXHHHHHEH@Z@Z 1002ecaa f   engine:engine.exe
 0001:0002dcb0       ?addTextViewer@ParentFrame@@QAEPAVTextViewer@@PAVSimpleDialog@@HHHHPADPAVRLCFont@@@Z 1002ecb0 f   engine:engine.exe
 0001:0002dcb6       ?Clear@ComboBox@@QAEXXZ    1002ecb6 f   engine:engine.exe
 0001:0002dcbc       ?SetShadowGP@RLCFont@@QAEXHHH@Z 1002ecbc f   engine:engine.exe
 0001:0002dcc2       ?SetStdShadow@RLCFont@@QAEXXZ 1002ecc2 f   engine:engine.exe
 0001:0002dcc8       ?SetColor@RLCFont@@QAEXK@Z 1002ecc8 f   engine:engine.exe
 0001:0002dcce       ?SetGPIndex@RLCFont@@QAEXH@Z 1002ecce f   engine:engine.exe
 0001:0002dcd4       ?WriteToFile@xmlQuote@@QAEXPAD@Z 1002ecd4 f   engine:engine.exe
 0001:0002dcda       ?GetCurrentSaveFile@BaseClass@@SAPBDXZ 1002ecda f   engine:engine.exe
 0001:0002dce0       ??1VitButton@@UAE@XZ       1002ece0 f   engine:engine.exe
 0001:0002dce6       ??1xmlQuote@@QAE@XZ        1002ece6 f   engine:engine.exe
 0001:0002dcec       ??0xmlQuote@@QAE@XZ        1002ecec f   engine:engine.exe
 0001:0002dcf2       ?FullCopy@BaseClass@@UAE_NPAX0PAV1@00PAVCopyContext@@@Z 1002ecf2 f   engine:engine.exe
 0001:0002dcf8       ?reset_class@BaseClass@@UAEXPAX@Z 1002ecf8 f   engine:engine.exe
 0001:0002dcfe       ?GetElmPtr@OneClassMemberStorage@@QAEPAXPAX@Z 1002ecfe f   engine:engine.exe
 0001:0002dd04       ?PopSmartLeak@@YAXAA_N@Z   1002ed04 f   engine:engine.exe
 0001:0002dd0a       ?PrintError@@YAXPADZZ      1002ed0a f   engine:engine.exe
 0001:0002dd10       ?RegisterOneMember@BaseClass@@QAEXPAV1@PAXPBD12_NK@Z 1002ed10 f   engine:engine.exe
 0001:0002dd16       ?PushSmartLeak@@YAXAA_N@Z  1002ed16 f   engine:engine.exe
 0001:0002dd1c       ?Free@DString@@QAEXXZ      1002ed1c f   engine:engine.exe
 0001:0002dd22       ?Replace@DString@@QAAXPAD0ZZ 1002ed22 f   engine:engine.exe
 0001:0002dd28       ?reg_class_bc@@YAXPAVBaseClass@@PAD1_N@Z 1002ed28 f   engine:engine.exe
 0001:0002dd2e       ?GetClassStorage@_int@@UAEPAVOneClassStorage@@XZ 1002ed2e f   engine:engine.exe
 0001:0002dd34       ?new_element@_int@@UAEPAVBaseClass@@XZ 1002ed34 f   engine:engine.exe
 0001:0002dd3a       ?CheckCompartabilityWith@_int@@UAE_NPBDH@Z 1002ed3a f   engine:engine.exe
 0001:0002dd40       ?LoadBin@_int@@UAEXPAX0PAVBinStream@@PAVEnumerator@@@Z 1002ed40 f   engine:engine.exe
 0001:0002dd46       ?SaveBin@_int@@UAEXPAX0PAVBinStream@@PAVEnumerator@@2@Z 1002ed46 f   engine:engine.exe
 0001:0002dd4c       ?FullCopy@_int@@UAE_NPAX0PAVBaseClass@@00PAVCopyContext@@@Z 1002ed4c f   engine:engine.exe
 0001:0002dd52       ?GetClassNameA@_int@@UAEPBDXZ 1002ed52 f   engine:engine.exe
 0001:0002dd58       ?Load@_int@@UAE_NAAVxmlQuote@@PAXPAVErrorPager@@1@Z 1002ed58 f   engine:engine.exe
 0001:0002dd5e       ?Save@_int@@UAEXAAVxmlQuote@@PAX1@Z 1002ed5e f   engine:engine.exe
 0001:0002dd64       ?reset_class@_int@@UAEXPAX@Z 1002ed64 f   engine:engine.exe
 0001:0002dd6a       ??0_int@@QAE@XZ            1002ed6a f   engine:engine.exe
 0001:0002dd70       ?_getClassFromPalette@@YAPAVBaseClass@@PBD@Z 1002ed70 f   engine:engine.exe
 0001:0002dd76       ??1_int@@UAE@XZ            1002ed76 f   engine:engine.exe
 0001:0002dd7c       ?GetClassStorage@_bool@@UAEPAVOneClassStorage@@XZ 1002ed7c f   engine:engine.exe
 0001:0002dd82       ?new_element@_bool@@UAEPAVBaseClass@@XZ 1002ed82 f   engine:engine.exe
 0001:0002dd88       ?CheckCompartabilityWith@_bool@@UAE_NPBDH@Z 1002ed88 f   engine:engine.exe
 0001:0002dd8e       ?LoadBin@_bool@@UAEXPAX0PAVBinStream@@PAVEnumerator@@@Z 1002ed8e f   engine:engine.exe
 0001:0002dd94       ?SaveBin@_bool@@UAEXPAX0PAVBinStream@@PAVEnumerator@@2@Z 1002ed94 f   engine:engine.exe
 0001:0002dd9a       ?FullCopy@_bool@@UAE_NPAX0PAVBaseClass@@00PAVCopyContext@@@Z 1002ed9a f   engine:engine.exe
 0001:0002dda0       ?GetClassNameA@_bool@@UAEPBDXZ 1002eda0 f   engine:engine.exe
 0001:0002dda6       ?Load@_bool@@UAE_NAAVxmlQuote@@PAXPAVErrorPager@@1@Z 1002eda6 f   engine:engine.exe
 0001:0002ddac       ?Save@_bool@@UAEXAAVxmlQuote@@PAX1@Z 1002edac f   engine:engine.exe
 0001:0002ddb2       ?reset_class@_bool@@UAEXPAX@Z 1002edb2 f   engine:engine.exe
 0001:0002ddb8       ??0_bool@@QAE@XZ           1002edb8 f   engine:engine.exe
 0001:0002ddbe       ??1_bool@@UAE@XZ           1002edbe f   engine:engine.exe
 0001:0002ddc4       ?GetClassStorage@_gpfile@@UAEPAVOneClassStorage@@XZ 1002edc4 f   engine:engine.exe
 0001:0002ddca       ?new_element@_gpfile@@UAEPAVBaseClass@@XZ 1002edca f   engine:engine.exe
 0001:0002ddd0       ?CheckCompartabilityWith@_gpfile@@UAE_NPBDH@Z 1002edd0 f   engine:engine.exe
 0001:0002ddd6       ?LoadBin@_gpfile@@UAEXPAX0PAVBinStream@@PAVEnumerator@@@Z 1002edd6 f   engine:engine.exe
 0001:0002dddc       ?SaveBin@_gpfile@@UAEXPAX0PAVBinStream@@PAVEnumerator@@2@Z 1002eddc f   engine:engine.exe
 0001:0002dde2       ?FullCopy@_gpfile@@UAE_NPAX0PAVBaseClass@@00PAVCopyContext@@@Z 1002ede2 f   engine:engine.exe
 0001:0002dde8       ?GetClassNameA@_gpfile@@UAEPBDXZ 1002ede8 f   engine:engine.exe
 0001:0002ddee       ?Load@_gpfile@@UAE_NAAVxmlQuote@@PAXPAVErrorPager@@1@Z 1002edee f   engine:engine.exe
 0001:0002ddf4       ?Save@_gpfile@@UAEXAAVxmlQuote@@PAX1@Z 1002edf4 f   engine:engine.exe
 0001:0002ddfa       ??0_gpfile@@QAE@XZ         1002edfa f   engine:engine.exe
 0001:0002de00       ??1_gpfile@@UAE@XZ         1002ee00 f   engine:engine.exe
 0001:0002de06       ?GetClassStorage@_DWORD@@UAEPAVOneClassStorage@@XZ 1002ee06 f   engine:engine.exe
 0001:0002de0c       ?new_element@_DWORD@@UAEPAVBaseClass@@XZ 1002ee0c f   engine:engine.exe
 0001:0002de12       ?CheckCompartabilityWith@_DWORD@@UAE_NPBDH@Z 1002ee12 f   engine:engine.exe
 0001:0002de18       ?LoadBin@_DWORD@@UAEXPAX0PAVBinStream@@PAVEnumerator@@@Z 1002ee18 f   engine:engine.exe
 0001:0002de1e       ?SaveBin@_DWORD@@UAEXPAX0PAVBinStream@@PAVEnumerator@@2@Z 1002ee1e f   engine:engine.exe
 0001:0002de24       ?FullCopy@_DWORD@@UAE_NPAX0PAVBaseClass@@00PAVCopyContext@@@Z 1002ee24 f   engine:engine.exe
 0001:0002de2a       ?GetClassNameA@_DWORD@@UAEPBDXZ 1002ee2a f   engine:engine.exe
 0001:0002de30       ?Load@_DWORD@@UAE_NAAVxmlQuote@@PAXPAVErrorPager@@1@Z 1002ee30 f   engine:engine.exe
 0001:0002de36       ?Save@_DWORD@@UAEXAAVxmlQuote@@PAX1@Z 1002ee36 f   engine:engine.exe
 0001:0002de3c       ?reset_class@_DWORD@@UAEXPAX@Z 1002ee3c f   engine:engine.exe
 0001:0002de42       ??0_DWORD@@QAE@XZ          1002ee42 f   engine:engine.exe
 0001:0002de48       ??1_DWORD@@UAE@XZ          1002ee48 f   engine:engine.exe
 0001:0002de4e       ?g_GetWindParam@@YAXAAH000@Z 1002ee4e f   engine:engine.exe
 0001:0002de54       ?ShowString@@YAXHHPBDPAVRLCFont@@@Z 1002ee54 f   engine:engine.exe
 0001:0002de5a       ?ShowRGBBuff@@YAXPAEHHHHHHH@Z 1002ee5a f   engine:engine.exe
 0001:0002de60       ?GPNFrames@GP_System@@QAEHH@Z 1002ee60 f   engine:engine.exe
 0001:0002de66       ?SetGameID@@YAXPAD@Z       1002ee66 f   ichat:iChat.dll
 0001:0002de6c       ?SetChatWState@@YAXHH@Z    1002ee6c f   ichat:iChat.dll
 0001:0002de72       _ioctlsocket@12            1002ee72 f   wsock32:WSOCK32.dll
 0001:0002de78       _setsockopt@20             1002ee78 f   wsock32:WSOCK32.dll
 0001:0002de7e       _WSAStartup@8              1002ee7e f   wsock32:WSOCK32.dll
 0001:0002de84       _sendto@24                 1002ee84 f   wsock32:WSOCK32.dll
 0001:0002de8a       _recvfrom@24               1002ee8a f   wsock32:WSOCK32.dll
 0001:0002de90       _WSASocketA@24             1002ee90 f   ws2_32:WS2_32.dll
 0001:0002de96       _GetSystemTime@4           1002ee96 f   kernel32:KERNEL32.dll
 0001:0002de9c       _FreeLibrary@4             1002ee9c f   kernel32:KERNEL32.dll
 0001:0002dea2       _GetProcAddress@8          1002eea2 f   kernel32:KERNEL32.dll
 0001:0002dea8       _LoadLibraryA@4            1002eea8 f   kernel32:KERNEL32.dll
 0001:0002deae       _GetTickCount@0            1002eeae f   kernel32:KERNEL32.dll
 0001:0002deb4       _FindClose@4               1002eeb4 f   kernel32:KERNEL32.dll
 0001:0002deba       _FindNextFileA@8           1002eeba f   kernel32:KERNEL32.dll
 0001:0002dec0       _DeleteFileA@4             1002eec0 f   kernel32:KERNEL32.dll
 0001:0002dec6       _FindFirstFileA@8          1002eec6 f   kernel32:KERNEL32.dll
 0001:0002decc       _ExitProcess@4             1002eecc f   kernel32:KERNEL32.dll
 0001:0002ded2       _CreateDirectoryA@8        1002eed2 f   kernel32:KERNEL32.dll
 0001:0002ded8       _WinExec@8                 1002eed8 f   kernel32:KERNEL32.dll
 0001:0002dede       _GetLastError@0            1002eede f   kernel32:KERNEL32.dll
 0001:0002dee4       _GetCurrentDirectoryA@8    1002eee4 f   kernel32:KERNEL32.dll
 0001:0002deea       _GetLogicalDriveStringsA@8 1002eeea f   kernel32:KERNEL32.dll
 0001:0002def0       _GetCurrentProcessId@0     1002eef0 f   kernel32:KERNEL32.dll
 0001:0002def6       _GetCursorPos@4            1002eef6 f   user32:USER32.dll
 0001:0002defc       _ShellExecuteA@24          1002eefc f   shell32:SHELL32.dll
 0001:0002df02       __RTC_CheckEsp             1002ef02 f   LIBCMT:stack.obj
 0001:0002df25       @_RTC_CheckStackVars@8     1002ef25 f   LIBCMT:stack.obj
 0001:0002df7f       __RTC_InitBase             1002ef7f f   LIBCMT:init.obj
 0001:0002dfa5       __RTC_Shutdown             1002efa5 f   LIBCMT:init.obj
 0001:0002dfc9       ?__ArrayUnwind@@YGXPAXIHP6EX0@Z@Z 1002efc9 f   LIBCMT:ehvecdtr.obj
 0001:0002e027       ??_M@YGXPAXIHP6EX0@Z@Z     1002f027 f   LIBCMT:ehvecdtr.obj
 0001:0002e087       __fclose_lk                1002f087 f   LIBCMT:fclose.obj
 0001:0002e0d3       _fclose                    1002f0d3 f   LIBCMT:fclose.obj
 0001:0002e124       _fprintf                   1002f124 f   LIBCMT:fprintf.obj
 0001:0002e182       _vsprintf                  1002f182 f   LIBCMT:vsprintf.obj
 0001:0002e1d9       __vscprintf                1002f1d9 f   LIBCMT:vsprintf.obj
 0001:0002e209       _sprintf                   1002f209 f   LIBCMT:sprintf.obj
 0001:0002e261       __scprintf                 1002f261 f   LIBCMT:sprintf.obj
 0001:0002e292       __fsopen                   1002f292 f   LIBCMT:fopen.obj
 0001:0002e2ee       _fopen                     1002f2ee f   LIBCMT:fopen.obj
 0001:0002e310       __alloca_probe             1002f310     LIBCMT:chkstk.obj
 0001:0002e310       __chkstk                   1002f310 f   LIBCMT:chkstk.obj
 0001:0002e350       _memset                    1002f350 f   LIBCMT:memset.obj
 0001:0002e3b0       ?_JumpToContinuation@@YGXPAXPAUEHRegistrationNode@@@Z 1002f3b0 f   LIBCMT:trnsctrl.obj
 0001:0002e3e0       ?_CallMemberFunction0@@YGXPAX0@Z 1002f3e0 f   LIBCMT:trnsctrl.obj
 0001:0002e3e7       ?_CallMemberFunction1@@YGXPAX00@Z 1002f3e7 f   LIBCMT:trnsctrl.obj
 0001:0002e3ee       ?_CallMemberFunction2@@YGXPAX00H@Z 1002f3ee f   LIBCMT:trnsctrl.obj
 0001:0002e3f5       ?_UnwindNestedFrames@@YGXPAUEHRegistrationNode@@PAUEHExceptionRecord@@@Z 1002f3f5 f   LIBCMT:trnsctrl.obj
 0001:0002e447       ___CxxFrameHandler         1002f447 f   LIBCMT:trnsctrl.obj
 0001:0002e47d       ___CxxLongjmpUnwind@4      1002f47d f   LIBCMT:trnsctrl.obj
 0001:0002e4d2       ?_CallSETranslator@@YAHPAUEHExceptionRecord@@PAUEHRegistrationNode@@PAX2PBU_s_FuncInfo@@H1@Z 1002f4d2 f   LIBCMT:trnsctrl.obj
 0001:0002e64b       ?_GetRangeOfTrysToCheck@@YAPBU_s_TryBlockMapEntry@@PBU_s_FuncInfo@@HHPAI1@Z 1002f64b f   LIBCMT:trnsctrl.obj
 0001:0002e6c5       ?_CreateFrameInfo@@YAPAUFrameInfo@@PAU1@PAX@Z 1002f6c5 f   LIBCMT:trnsctrl.obj
 0001:0002e6ed       ?IsExceptionObjectToBeDestroyed@@YAHPAX@Z 1002f6ed f   LIBCMT:trnsctrl.obj
 0001:0002e70e       ?_FindAndUnlinkFrame@@YAXPAUFrameInfo@@@Z 1002f70e f   LIBCMT:trnsctrl.obj
 0001:0002e75a       ?_CallCatchBlock2@@YAPAXPAUEHRegistrationNode@@PBU_s_FuncInfo@@PAXHK@Z 1002f75a f   LIBCMT:trnsctrl.obj
 0001:0002e7b4       __global_unwind2           1002f7b4 f   LIBCMT:exsup.obj
 0001:0002e7f6       __local_unwind2            1002f7f6 f   LIBCMT:exsup.obj
 0001:0002e84e       __NLG_Return2              1002f84e     LIBCMT:exsup.obj
 0001:0002e85e       __abnormal_termination     1002f85e f   LIBCMT:exsup.obj
 0001:0002e881       __NLG_Notify1              1002f881 f   LIBCMT:exsup.obj
 0001:0002e88a       __NLG_Notify               1002f88a f   LIBCMT:exsup.obj
 0001:0002e89d       __NLG_Dispatch             1002f89d     LIBCMT:exsup.obj
 0001:0002e8b0       _strcmp                    1002f8b0 f   LIBCMT:strcmp.obj
 0001:0002e940       _memcpy                    1002f940 f   LIBCMT:memcpy.obj
 0001:0002ec80       _strcpy                    1002fc80 f   LIBCMT:strcat.obj
 0001:0002ec90       _strcat                    1002fc90 f   LIBCMT:strcat.obj
 0001:0002ed80       _strlen                    1002fd80 f   LIBCMT:strlen.obj
 0001:0002ee10       _strncpy                   1002fe10 f   LIBCMT:strncpy.obj
 0001:0002ef34       _atol                      1002ff34 f   LIBCMT:atox.obj
 0001:0002efbc       _atoi                      1002ffbc f   LIBCMT:atox.obj
 0001:0002efc1       __atoi64                   1002ffc1 f   LIBCMT:atox.obj
 0001:0002f080       _strchr                    10030080 f   LIBCMT:strchr.obj
 0001:0002f086       ___from_strstr_to_strchr   10030086     LIBCMT:strchr.obj
 0001:0002f140       _memmove                   10030140 f   LIBCMT:memmove.obj
 0001:0002f480       _strstr                    10030480 f   LIBCMT:strstr.obj
 0001:0002f506       _fscanf                    10030506 f   LIBCMT:fscanf.obj
 0001:0002f550       __futime                   10030550 f   LIBCMT:utime.obj
 0001:0002f696       __utime                    10030696 f   LIBCMT:utime.obj
 0001:0002f6cd       _sscanf                    100306cd f   LIBCMT:sscanf.obj
 0001:0002f701       ??1type_info@@UAE@XZ       10030701 f   LIBCMT:typinfo.obj
 0001:0002f747       ??_Gtype_info@@UAEPAXI@Z   10030747 f i LIBCMT:typinfo.obj
 0001:0002f747       ??_Etype_info@@UAEPAXI@Z   10030747 f i LIBCMT:typinfo.obj
 0001:0002f763       ??8type_info@@QBEHABV0@@Z  10030763 f   LIBCMT:typinfo.obj
 0001:0002f77e       ??9type_info@@QBEHABV0@@Z  1003077e f   LIBCMT:typinfo.obj
 0001:0002f79a       ?before@type_info@@QBEHABV1@@Z 1003079a f   LIBCMT:typinfo.obj
 0001:0002f7b9       ?raw_name@type_info@@QBEPBDXZ 100307b9 f   LIBCMT:typinfo.obj
 0001:0002f7bd       ??0type_info@@AAE@ABV0@@Z  100307bd f   LIBCMT:typinfo.obj
 0001:0002f7c8       ??4type_info@@AAEAAV0@ABV0@@Z 100307c8 f   LIBCMT:typinfo.obj
 0001:0002f7cd       __fwrite_lk                100307cd f   LIBCMT:fwrite.obj
 0001:0002f8d4       _fwrite                    100308d4 f   LIBCMT:fwrite.obj
 0001:0002f9a0       ___onexitinit              100309a0 f   LIBCMT:onexit.obj
 0001:0002f9c8       __onexit                   100309c8 f   LIBCMT:onexit.obj
 0001:0002fa00       _atexit                    10030a00 f   LIBCMT:onexit.obj
 0001:0002fcbf       ?_RTC_Failure@@YAXPAXH@Z   10030cbf f   LIBCMT:error.obj
 0001:0002fcfd       ?_RTC_MemFailure@@YAXPAXHPBX@Z 10030cfd f   LIBCMT:error.obj
 0001:0002fe91       ?_RTC_StackFailure@@YAXPAXPBD@Z 10030e91 f   LIBCMT:error.obj
 0001:0002ff1d       __RTC_UninitUse            10030f1d f   LIBCMT:error.obj
 0001:0002ffc3       _abs                       10030fc3 f   LIBCMT:abs.obj
 0001:0002ffce       __abs64                    10030fce f   LIBCMT:abs.obj
 0001:0002ffea       ___dtoxmode                10030fea f   LIBCMT:stat.obj
 0001:00030114       __stat                     10031114 f   LIBCMT:stat.obj
 0001:0003045b       ?name@type_info@@QBEPBDXZ  1003145b f   LIBCMT:typname.obj
 0001:000304fd       _fgetc                     100314fd f   LIBCMT:fgetc.obj
 0001:0003054d       _getc                      1003154d f   LIBCMT:fgetc.obj
 0001:0003059d       __CRT_INIT@12              1003159d f   LIBCMT:dllcrt0.obj
 0001:0003071e       __DllMainCRTStartup@12     1003171e f   LIBCMT:dllcrt0.obj
 0001:00030802       __amsg_exit                10031802 f   LIBCMT:dllcrt0.obj
 0001:00030835       __RTC_NumErrors            10031835 f   LIBCMT:userapi.obj
 0001:00030839       __RTC_GetErrDesc           10031839 f   LIBCMT:userapi.obj
 0001:00030851       __RTC_SetErrorType         10031851 f   LIBCMT:userapi.obj
 0001:00030872       __RTC_SetErrorFunc         10031872 f   LIBCMT:userapi.obj
 0001:00030882       ?_RTC_GetErrorFunc@@YAP6AHHPBDH00ZZPBX@Z 10031882 f   LIBCMT:userapi.obj
 0001:00030888       __chkesp                   10031888 f   LIBCMT:chkesp.obj
 0001:000308a0       __CRT_RTC_INIT             100318a0 f   LIBCMT:chkesp.obj
 0001:000308a3       ?terminate@@YAXXZ          100318a3 f   LIBCMT:hooks.obj
 0001:000308d8       ?unexpected@@YAXXZ         100318d8 f   LIBCMT:hooks.obj
 0001:000308f0       ?_inconsistency@@YAXXZ     100318f0 f   LIBCMT:hooks.obj
 0001:00030920       __SEH_prolog               10031920 f   LIBCMT:sehprolg.obj
 0001:0003095b       __SEH_epilog               1003195b f   LIBCMT:sehprolg.obj
 0001:00030974       __except_handler3          10031974 f   LIBCMT:exsup3.obj
 0001:00030a5a       __seh_longjmp_unwind@4     10031a5a f   LIBCMT:exsup3.obj
 0001:00030a75       _free                      10031a75 f   LIBCMT:free.obj
 0001:00030ae6       __close_lk                 10031ae6 f   LIBCMT:close.obj
 0001:00030b69       __close                    10031b69 f   LIBCMT:close.obj
 0001:00030c04       __freebuf                  10031c04 f   LIBCMT:_freebuf.obj
 0001:00030c2f       __flush                    10031c2f f   LIBCMT:fflush.obj
 0001:00030c8c       __fflush_lk                10031c8c f   LIBCMT:fflush.obj
 0001:00030d8f       _fflush                    10031d8f f   LIBCMT:fflush.obj
 0001:00030ddf       __flushall                 10031ddf f   LIBCMT:fflush.obj
 0001:00030de8       ___iob_func                10031de8 f   LIBCMT:_file.obj
 0001:00030dee       ___initstdio               10031dee f   LIBCMT:_file.obj
 0001:00030e97       ___endstdio                10031e97 f   LIBCMT:_file.obj
 0001:00030eab       __lock_file                10031eab f   LIBCMT:_file.obj
 0001:00030eda       __lock_file2               10031eda f   LIBCMT:_file.obj
 0001:00030efd       __unlock_file              10031efd f   LIBCMT:_file.obj
 0001:00030f2c       __unlock_file2             10031f2c f   LIBCMT:_file.obj
 0001:00030f4f       __stbuf                    10031f4f f   LIBCMT:_sftbuf.obj
 0001:00030fd7       __ftbuf                    10031fd7 f   LIBCMT:_sftbuf.obj
 0001:000310ae       __output                   100320ae f   LIBCMT:output.obj
 0001:000318a8       __flsbuf                   100328a8 f   LIBCMT:_flsbuf.obj
 0001:000319c1       __openfile                 100329c1 f   LIBCMT:_open.obj
 0001:00031b29       __errno                    10032b29 f   LIBCMT:dosmap.obj
 0001:00031b32       ___doserrno                10032b32 f   LIBCMT:dosmap.obj
 0001:00031b3b       __dosmaperr                10032b3b f   LIBCMT:dosmap.obj
 0001:00031bae       __getstream                10032bae f   LIBCMT:stream.obj
 0001:00031d3d       ___FrameUnwindToState      10032d3d f   LIBCMT:frame.obj
 0001:00031e3b       ___DestructExceptionObject 10032e3b f   LIBCMT:frame.obj
 0001:00031e9f       ?__uncaught_exception@@YA_NXZ 10032e9f f   LIBCMT:frame.obj
 0001:00031eb2       ___CxxRegisterExceptionObject 10032eb2 f   LIBCMT:frame.obj
 0001:00031f55       ___CxxDetectRethrow        10032f55 f   LIBCMT:frame.obj
 0001:00031f8d       ___CxxUnregisterExceptionObject 10032f8d f   LIBCMT:frame.obj
 0001:0003202b       ___CxxQueryExceptionSize   1003302b f   LIBCMT:frame.obj
 0001:0003202f       ___CxxCallUnwindDtor       1003302f f   LIBCMT:frame.obj
 0001:0003205d       ___CxxCallUnwindVecDtor    1003305d f   LIBCMT:frame.obj
 0001:000323d4       ___CxxExceptionFilter      100333d4 f   LIBCMT:frame.obj
 0001:00032822       ___InternalCxxFrameHandler 10033822 f   LIBCMT:frame.obj
 0001:000328c4       ___crtTlsAlloc@4           100338c4 f   LIBCMT:tidtable.obj
 0001:000328cd       __mtterm                   100338cd f   LIBCMT:tidtable.obj
 0001:000328ea       __initptd                  100338ea f   LIBCMT:tidtable.obj
 0001:000328fd       __getptd                   100338fd f   LIBCMT:tidtable.obj
 0001:0003296e       __freefls@4                1003396e f   LIBCMT:tidtable.obj
 0001:00032ab5       __freeptd                  10033ab5 f   LIBCMT:tidtable.obj
 0001:00032ae4       ___threadid                10033ae4 f   LIBCMT:tidtable.obj
 0001:00032aea       ___threadhandle            10033aea f   LIBCMT:tidtable.obj
 0001:00032af0       __mtinit                   10033af0 f   LIBCMT:tidtable.obj
 0001:00032be0       __CallSettingFrame@12      10033be0 f   LIBCMT:lowhelpr.obj
 0001:00032c07       __NLG_Return               10033c07     LIBCMT:lowhelpr.obj
 0001:00032c2c       ___isctype_mt              10033c2c f   LIBCMT:isctype.obj
 0001:00032ca3       __isctype                  10033ca3 f   LIBCMT:isctype.obj
 0001:00032cca       ____setlc_active_func      10033cca f   LIBCMT:setlocal.obj
 0001:00032cd0       ____unguarded_readlc_active_add_func 10033cd0 f   LIBCMT:setlocal.obj
 0001:00032cd6       ___freetlocinfo            10033cd6 f   LIBCMT:setlocal.obj
 0001:00032e67       ___init_dummy              10033e67 f   LIBCMT:setlocal.obj
 0001:00032e6a       __strcats                  10033e6a f   LIBCMT:setlocal.obj
 0001:00032e8e       ___lc_strtolc              10033e8e f   LIBCMT:setlocal.obj
 0001:00032f6a       ___lc_lctostr              10033f6a f   LIBCMT:setlocal.obj
 0001:00032fb8       ___updatetlocinfo          10033fb8 f   LIBCMT:setlocal.obj
 0001:000330b2       __expandlocale             100340b2 f   LIBCMT:setlocal.obj
 0001:00033676       _setlocale                 10034676 f   LIBCMT:setlocal.obj
 0001:000337d0       __allmul                   100347d0 f   LIBCMT:llmul.obj
 0001:0003385c       __input                    1003485c f   LIBCMT:input.obj
 0001:000345d8       __set_osfhnd               100355d8 f   LIBCMT:osfinfo.obj
 0001:00034654       __free_osfhnd              10035654 f   LIBCMT:osfinfo.obj
 0001:000346d3       __get_osfhandle            100356d3 f   LIBCMT:osfinfo.obj
 0001:00034714       __lock_fhandle             10035714 f   LIBCMT:osfinfo.obj
 0001:000347b4       __unlock_fhandle           100357b4 f   LIBCMT:osfinfo.obj
 0001:000347d6       __alloc_osfhnd             100357d6 f   LIBCMT:osfinfo.obj
 0001:00034952       __open_osfhandle           10035952 f   LIBCMT:osfinfo.obj
 0001:00034a19       _localtime                 10035a19 f   LIBCMT:localtim.obj
 0001:00034b99       _time                      10035b99 f   LIBCMT:time.obj
 0001:00034eb9       __open                     10035eb9 f   LIBCMT:open.obj
 0001:00034f0e       __sopen                    10035f0e f   LIBCMT:open.obj
 0001:00034f63       __mtinitlocks              10035f63 f   LIBCMT:mlock.obj
 0001:00034fac       __mtdeletelocks            10035fac f   LIBCMT:mlock.obj
 0001:00035001       __unlock                   10036001 f   LIBCMT:mlock.obj
 0001:00035016       __lockerr_exit             10036016 f   LIBCMT:mlock.obj
 0001:0003502e       __mtinitlocknum            1003602e f   LIBCMT:mlock.obj
 0001:000350ce       __lock                     100360ce f   LIBCMT:mlock.obj
 0001:000350ff       __write_lk                 100360ff f   LIBCMT:write.obj
 0001:000352cd       __write                    100362cd f   LIBCMT:write.obj
 0001:00035378       _realloc                   10036378 f   LIBCMT:realloc.obj
 0001:00035525       ___crtExitProcess          10036525 f   LIBCMT:crt0dat.obj
 0001:00035555       __lockexit                 10036555 f   LIBCMT:crt0dat.obj
 0001:0003555e       __unlockexit               1003655e f   LIBCMT:crt0dat.obj
 0001:0003559d       __cinit                    1003659d f   LIBCMT:crt0dat.obj
 0001:000356ca       _exit                      100366ca f   LIBCMT:crt0dat.obj
 0001:000356db       __exit                     100366db f   LIBCMT:crt0dat.obj
 0001:000356ec       __cexit                    100366ec f   LIBCMT:crt0dat.obj
 0001:000356fb       __c_exit                   100366fb f   LIBCMT:crt0dat.obj
 0001:0003570a       __msize                    1003670a f   LIBCMT:msize.obj
 0001:00035780       __heap_alloc               10036780 f   LIBCMT:malloc.obj
 0001:000357fb       __nh_malloc                100367fb f   LIBCMT:malloc.obj
 0001:00035827       _malloc                    10036827 f   LIBCMT:malloc.obj
 0001:00035cc2       ?_RTC_GetSrcLine@@YAHKPADHPAHPAPAD@Z 10036cc2 f   LIBCMT:pdblkup.obj
 0001:00036011       __mbsicmp                  10037011 f   LIBCMT:mbsicmp.obj
 0001:0003615c       __mbsrchr                  1003715c f   LIBCMT:mbsrchr.obj
 0001:000361c7       ___loctotime_t             100371c7 f   LIBCMT:dtoxtime.obj
 0001:000362d5       __fullpath                 100372d5 f   LIBCMT:fullpath.obj
 0001:0003637f       __getdrive                 1003737f f   LIBCMT:drive.obj
 0001:00036464       __chdrive                  10037464 f   LIBCMT:drive.obj
 0001:000364f2       __mbctolower               100374f2 f   LIBCMT:mbtolwr.obj
 0001:00036577       ___mbspbrk_mt              10037577 f   LIBCMT:mbspbrk.obj
 0001:000365f3       __mbspbrk                  100375f3 f   LIBCMT:mbspbrk.obj
 0001:0003664b       @__security_check_cookie@4 1003764b f   LIBCMT:secchk.obj
 0001:00036659       ??0Block@HeapManager@@QAE@XZ 10037659 f i LIBCMT:undname.obj
 0001:0003665f       ?Constructor@HeapManager@@QAEXP6APAXI@ZP6AXPAX@Z@Z 1003765f f i LIBCMT:undname.obj
 0001:0003667a       ?Destructor@HeapManager@@QAEXXZ 1003767a f i LIBCMT:undname.obj
 0001:000366a0       ?getNumberOfDimensions@UnDecorator@@CAHXZ 100376a0 f   LIBCMT:undname.obj
 0001:00036703       ?getTypeEncoding@UnDecorator@@CAHXZ 10037703 f i LIBCMT:undname.obj
 0001:00036b35       ?doUnderScore@UnDecorator@@SAHXZ 10037b35 f i LIBCMT:undname.obj
 0001:00036b40       ?doMSKeywords@UnDecorator@@SAHXZ 10037b40 f i LIBCMT:undname.obj
 0001:00036b4d       ?doPtr64@UnDecorator@@SAHXZ 10037b4d f i LIBCMT:undname.obj
 0001:00036b5b       ?doFunctionReturns@UnDecorator@@SAHXZ 10037b5b f i LIBCMT:undname.obj
 0001:00036b69       ?doAllocationModel@UnDecorator@@SAHXZ 10037b69 f i LIBCMT:undname.obj
 0001:00036b77       ?doAllocationLanguage@UnDecorator@@SAHXZ 10037b77 f i LIBCMT:undname.obj
 0001:00036b85       ?doThisTypes@UnDecorator@@SAHXZ 10037b85 f i LIBCMT:undname.obj
 0001:00036b97       ?doAccessSpecifiers@UnDecorator@@SAHXZ 10037b97 f i LIBCMT:undname.obj
 0001:00036ba5       ?doThrowTypes@UnDecorator@@SAHXZ 10037ba5 f i LIBCMT:undname.obj
 0001:00036bb3       ?doMemberTypes@UnDecorator@@SAHXZ 10037bb3 f i LIBCMT:undname.obj
 0001:00036bc1       ?doNameOnly@UnDecorator@@SAHXZ 10037bc1 f i LIBCMT:undname.obj
 0001:00036bcc       ?doTypeOnly@UnDecorator@@SAHXZ 10037bcc f i LIBCMT:undname.obj
 0001:00036bd7       ?haveTemplateParameters@UnDecorator@@SAHXZ 10037bd7 f i LIBCMT:undname.obj
 0001:00036be2       ?doEcsu@UnDecorator@@SAHXZ 10037be2 f i LIBCMT:undname.obj
 0001:00036bf0       ?doNoIdentCharCheck@UnDecorator@@SAHXZ 10037bf0 f i LIBCMT:undname.obj
 0001:00036bfb       ?UScore@UnDecorator@@SAPBDW4Tokens@@@Z 10037bfb f   LIBCMT:undname.obj
 0001:00036c14       ?getMemory@HeapManager@@QAEPAXIH@Z 10037c14 f   LIBCMT:undname.obj
 0001:00036c98       ??0DName@@QAE@XZ           10037c98 f i LIBCMT:undname.obj
 0001:00036ca4       ??0DName@@QAE@PAVDNameNode@@@Z 10037ca4 f i LIBCMT:undname.obj
 0001:00036cb5       ??0DName@@QAE@ABV0@@Z      10037cb5 f i LIBCMT:undname.obj
 0001:00036d1e       ?status@DName@@QBE?AW4DNameStatus@@XZ 10037d1e f i LIBCMT:undname.obj
 0001:00036d28       ?clearStatus@DName@@QAEXXZ 10037d28 f i LIBCMT:undname.obj
 0001:00036d2d       ?setPtrRef@DName@@QAEAAV1@XZ 10037d2d f i LIBCMT:undname.obj
 0001:00036d34       ?isPtrRef@DName@@QBEHXZ    10037d34 f i LIBCMT:undname.obj
 0001:00036d3e       ?setIsArray@DName@@QAEXXZ  10037d3e f i LIBCMT:undname.obj
 0001:00036d43       ?isArray@DName@@QBEHXZ     10037d43 f i LIBCMT:undname.obj
 0001:00036d4d       ?isNoTE@DName@@QBEHXZ      10037d4d f i LIBCMT:undname.obj
 0001:00036d57       ?setIsNoTE@DName@@QAEXXZ   10037d57 f i LIBCMT:undname.obj
 0001:00036d5c       ??4DName@@QAEAAV0@ABV0@@Z  10037d5c f   LIBCMT:undname.obj
 0001:00036dc7       ?isFull@Replicator@@QBEHXZ 10037dc7 f i LIBCMT:undname.obj
 0001:00036dd0       ??AReplicator@@QBEABVDName@@H@Z 10037dd0 f   LIBCMT:undname.obj
 0001:00036df9       ??0DNameNode@@IAE@XZ       10037df9 f   LIBCMT:undname.obj
 0001:00036e06       ?nextNode@DNameNode@@QBEPAV1@XZ 10037e06 f i LIBCMT:undname.obj
 0001:00036e0a       ??YDNameNode@@QAEAAV0@PAV0@@Z 10037e0a f   LIBCMT:undname.obj
 0001:00036e33       ??0charNode@@QAE@D@Z       10037e33 f   LIBCMT:undname.obj
 0001:00036e49       ?length@charNode@@UBEHXZ   10037e49 f i LIBCMT:undname.obj
 0001:00036e4d       ?getLastChar@charNode@@UBEDXZ 10037e4d f i LIBCMT:undname.obj
 0001:00036e51       ?getString@charNode@@UBEPADPADH@Z 10037e51 f   LIBCMT:undname.obj
 0001:00036e6c       ?length@pcharNode@@UBEHXZ  10037e6c f i LIBCMT:undname.obj
 0001:00036e70       ??0pDNameNode@@QAE@PAVDName@@@Z 10037e70 f   LIBCMT:undname.obj
 0001:00036e9f       ??0DNameStatusNode@@QAE@W4DNameStatus@@@Z 10037e9f f   LIBCMT:undname.obj
 0001:00036ec4       ?length@DNameStatusNode@@UBEHXZ 10037ec4 f i LIBCMT:undname.obj
 0001:00036ec8       ?getLastChar@DNameStatusNode@@UBEDXZ 10037ec8 f i LIBCMT:undname.obj
 0001:00036f26       ?getDataIndirectType@UnDecorator@@CA?AVDName@@XZ 10037f26 f i LIBCMT:undname.obj
 0001:00036f59       ?getThisType@UnDecorator@@CA?AVDName@@XZ 10037f59 f i LIBCMT:undname.obj
 0001:00036f8d       ??2@YAPAXIAAVHeapManager@@H@Z 10037f8d f i LIBCMT:undname.obj
 0001:00036fa0       ??0DName@@QAE@PAV0@@Z      10037fa0 f   LIBCMT:undname.obj
 0001:00036ff5       ??0DName@@QAE@W4DNameStatus@@@Z 10037ff5 f   LIBCMT:undname.obj
 0001:00037055       ?isValid@DName@@QBEHXZ     10038055 f   LIBCMT:undname.obj
 0001:0003706c       ?isEmpty@DName@@QBEHXZ     1003806c f   LIBCMT:undname.obj
 0001:00037081       ?isUDC@DName@@QBEHXZ       10038081 f i LIBCMT:undname.obj
 0001:00037095       ?setIsUDC@DName@@QAEXXZ    10038095 f i LIBCMT:undname.obj
 0001:000370a3       ?isUDTThunk@DName@@QBEHXZ  100380a3 f i LIBCMT:undname.obj
 0001:000370b7       ?length@DName@@QBEHXZ      100380b7 f   LIBCMT:undname.obj
 0001:000370dc       ?getLastChar@DName@@QBEDXZ 100380dc f   LIBCMT:undname.obj
 0001:00037114       ?getString@DName@@QBEPADPADH@Z 10038114 f   LIBCMT:undname.obj
 0001:000371a5       ??_5DName@@QAEAAV0@ABV0@@Z 100381a5 f   LIBCMT:undname.obj
 0001:000371da       ??4DName@@QAEAAV0@W4DNameStatus@@@Z 100381da f   LIBCMT:undname.obj
 0001:0003725b       ??0Replicator@@QAE@XZ      1003825b f i LIBCMT:undname.obj
 0001:00037279       ??YReplicator@@QAEAAV0@ABVDName@@@Z 10038279 f   LIBCMT:undname.obj
 0001:000372c0       ?clone@DNameNode@@QAEPAV1@XZ 100382c0 f   LIBCMT:undname.obj
 0001:00037306       ??0pcharNode@@QAE@PBDH@Z   10038306 f   LIBCMT:undname.obj
 0001:0003736d       ?getLastChar@pcharNode@@UBEDXZ 1003836d f i LIBCMT:undname.obj
 0001:0003737f       ?getString@pcharNode@@UBEPADPADH@Z 1003837f f   LIBCMT:undname.obj
 0001:000373b0       ?length@pDNameNode@@UBEHXZ 100383b0 f i LIBCMT:undname.obj
 0001:000373bf       ?getLastChar@pDNameNode@@UBEDXZ 100383bf f i LIBCMT:undname.obj
 0001:000373ce       ?getString@pDNameNode@@UBEPADPADH@Z 100383ce f   LIBCMT:undname.obj
 0001:000373eb       ?getString@DNameStatusNode@@UBEPADPADH@Z 100383eb f   LIBCMT:undname.obj
 0001:0003741e       ??0UnDecorator@@QAE@PADPBDHP6APADJ@ZK@Z 1003841e f i LIBCMT:undname.obj
 0001:00037491       ?getReturnType@UnDecorator@@CA?AVDName@@PAV2@@Z 10038491 f   LIBCMT:undname.obj
 0001:000374c0       ?getStorageConvention@UnDecorator@@CA?AVDName@@XZ 100384c0 f i LIBCMT:undname.obj
 0001:000374cf       ??YDName@@QAEAAV0@W4DNameStatus@@@Z 100384cf f   LIBCMT:undname.obj
 0001:0003754a       ??4DName@@QAEAAV0@PAV0@@Z  1003854a f   LIBCMT:undname.obj
 0001:000375b2       ?doPchar@DName@@AAEXPBDH@Z 100385b2 f   LIBCMT:undname.obj
 0001:00037658       ??0DName@@QAE@D@Z          10038658 f   LIBCMT:undname.obj
 0001:0003767d       ??0DName@@QAE@PBD@Z        1003867d f   LIBCMT:undname.obj
 0001:000376ad       ??0DName@@QAE@AAPBDD@Z     100386ad f   LIBCMT:undname.obj
 0001:0003777a       ??0DName@@QAE@_K@Z         1003877a f   LIBCMT:undname.obj
[...]
 0003:00004440       ___sbh_initialized         10054440     <common>
 0003:00004444       ___sbh_pHeaderDefer        10054444     <common>
 0003:00004448       ___sbh_cntHeaderList       10054448     <common>
 0003:0000444c       ___sbh_pHeaderList         1005444c     <common>
 0003:00004450       ___sbh_threshold           10054450     <common>
 0003:00004454       ___sbh_pHeaderScan         10054454     <common>
 0003:00004458       ___sbh_sizeHeaderList      10054458     <common>
 0003:0000445c       ___sbh_indGroupDefer       1005445c     <common>
 0003:00004460       __crtheap                  10054460     <common>
 0003:00004464       ___active_heap             10054464     <common>
 0003:00004468       __nhandle                  10054468     <common>
 0003:00004480       ___pioinfo                 10054480     <common>
 0003:00004580       ___env_initialized         10054580     <common>
 0003:00004584       ___onexitend               10054584     <common>
 0003:00004588       ___onexitbegin             10054588     <common>
 0003:0000458c       ___mbctype_initialized     1005458c     <common>
 0003:00004590       __FPinit                   10054590     <common>
 0003:00004594       ___setlc_active            10054594     <common>
 0003:00004598       ___unguarded_readlc_active 10054598     <common>
 0003:0000459c       ___piob                    1005459c     <common>
 0003:000045a0       __bufin                    100545a0     <common>
 0003:000055a0       __nstream                  100555a0     <common>
 0003:000055a4       __acmdln                   100555a4     <common>
 0003:000055a8       __pRawDllMain              100555a8     <common>

 entry point at        0001:0003071e

 Static symbols

 0001:0000a455       __catch$?exec_LW_showrec@@YAXHPAPADPAH@Z$0 1000b455 f   DataXchange.obj
 0001:0000a72a       __catch$?reset_class@?$ClassArray@V_str@@@@UAEXPAX@Z$0 1000b72a f i DataXchange.obj
 0001:000250d2       __catch$?ShowVar@@YAXPAVsicExplorer@@PAXH@Z$0 100260d2 f   FnDefine.obj
 0001:0002c5d3       __catch$?Extract@ParsedRQ@@QAEXPADH@Z$0 1002d5d3 f   ParseRQ.obj
 0001:0002dfb7       ?ArrayUnwindFilter@@YAHPAU_EXCEPTION_POINTERS@@@Z 1002efb7 f   LIBCMT:ehvecdtr.obj
 0001:0002e497       ?CatchGuardHandler@@YA?AW4_EXCEPTION_DISPOSITION@@PAUEHExceptionRecord@@PAUCatchGuardRN@@PAX2@Z 1002f497 f   LIBCMT:trnsctrl.obj
 0001:0002e599       ?TranslatorGuardHandler@@YA?AW4_EXCEPTION_DISPOSITION@@PAUEHExceptionRecord@@PAUTranslatorGuardRN@@PAX2@Z 1002f599 f   LIBCMT:trnsctrl.obj
 0001:0002e7b4       $$$00001                   1002f7b4 f   LIBCMT:exsup.obj
 0001:0002e7d4       $$$00003                   1002f7d4 f   LIBCMT:exsup.obj
 0001:0002e7d4       __unwind_handler           1002f7d4 f   LIBCMT:exsup.obj
 0001:0002e7f6       $$$00005                   1002f7f6 f   LIBCMT:exsup.obj
 0001:0002e85e       $$$00007                   1002f85e f   LIBCMT:exsup.obj
 0001:0002e8a2       $$$00011                   1002f8a2 f   LIBCMT:exsup.obj
 0001:0002f070       _$$$00001                  10030070 f   LIBCMT:strchr.obj
 0001:0002f920       __onexit_lk                10030920 f   LIBCMT:onexit.obj
 0001:0002fa12       ?DebuggerProbe@@YAHK@Z     10030a12 f   LIBCMT:error.obj
 0001:0002fa5f       ?DebuggerRuntime@@YAHKHPAXPB_W@Z 10030a5f f   LIBCMT:error.obj
 0001:0002fabe       ?IntToString@@YAPADH@Z     10030abe f   LIBCMT:error.obj
 0001:0002faf8       ?GetCurrentTib@@YAPAU_TIB@@XZ 10030af8 f   LIBCMT:error.obj
 0001:0002faff       ?WinGetDebugContext@@YAPAXXZ 10030aff f   LIBCMT:error.obj
 0001:0002fb09       ?Win95IsDebuggerPresent@@YGHXZ 10030b09 f   LIBCMT:error.obj
 0001:0002fb1a       ?Initialize@@YAHXZ         10030b1a f   LIBCMT:error.obj
 0001:0002fb82       ?_IsDebuggerPresent@@YAHXZ 10030b82 f   LIBCMT:error.obj
 0001:0002fbb2       ?failwithmessage@@YAXPAXHHPBD@Z 10030bb2 f   LIBCMT:error.obj
 0001:000300a7       _IsRootUNCName             100310a7 f   LIBCMT:stat.obj
 0001:00030a75       $$$00003                   10031a75 f   LIBCMT:exsup3.obj
 0001:00030cba       _flsall                    10031cba f   LIBCMT:fflush.obj
 0001:00031001       _write_char                10032001 f   LIBCMT:output.obj
 0001:00031034       _write_multi_char          10032034 f   LIBCMT:output.obj
 0001:00031058       _write_string              10032058 f   LIBCMT:output.obj
 0001:0003108f       _get_int_arg               1003208f f   LIBCMT:output.obj
 0001:00031098       _get_int64_arg             10032098 f   LIBCMT:output.obj
 0001:000310a4       _get_short_arg             100320a4 f   LIBCMT:output.obj
 0001:00031cd0       ?TypeMatch@@YAHPBU_s_HandlerType@@PBU_s_CatchableType@@PBU_s_ThrowInfo@@@Z 10032cd0 f   LIBCMT:frame.obj
 0001:00031d1f       ?FrameUnwindFilter@@YAHPAU_EXCEPTION_POINTERS@@@Z 10032d1f f   LIBCMT:frame.obj
 0001:00031e0b       ?ExFilterRethrow@@YAHPAU_EXCEPTION_POINTERS@@@Z 10032e0b f   LIBCMT:frame.obj
 0001:00031e80       ?AdjustPointer@@YAPAXPAXABUPMD@@@Z 10032e80 f   LIBCMT:frame.obj
 0001:00032094       ?CallCatchBlock@@YAPAXPAUEHExceptionRecord@@PAUEHRegistrationNode@@PAU_CONTEXT@@PBU_s_FuncInfo@@PAXHK@Z 10033094 f   LIBCMT:frame.obj
 0001:00032258       ?BuildCatchObject@@YAXPAUEHExceptionRecord@@PAXPBU_s_HandlerType@@PBU_s_CatchableType@@@Z 10033258 f   LIBCMT:frame.obj
 0001:000324f9       ?CatchIt@@YAXPAUEHExceptionRecord@@PAUEHRegistrationNode@@PAU_CONTEXT@@PAXPBU_s_FuncInfo@@PBU_s_HandlerType@@PBU_s_CatchableType@@PBU_s_TryBlockMapEntry@@H1E@Z 100334f9 f   LIBCMT:frame.obj
 0001:00032560       ?FindHandlerForForeignException@@YAXPAUEHExceptionRecord@@PAUEHRegistrationNode@@PAU_CONTEXT@@PAXPBU_s_FuncInfo@@HH1@Z 10033560 f   LIBCMT:frame.obj
 0001:0003261e       ?FindHandler@@YAXPAUEHExceptionRecord@@PAUEHRegistrationNode@@PAU_CONTEXT@@PAXPBU_s_FuncInfo@@EH1@Z 1003361e f   LIBCMT:frame.obj
 0001:00032da6       ___updatetlocinfo_lk       10033da6 f   LIBCMT:setlocal.obj
 0001:00032ff3       __setlocale_get_all        10033ff3 f   LIBCMT:setlocal.obj
 0001:0003320e       __setlocale_set_cat        1003420e f   LIBCMT:setlocal.obj
 0001:0003349d       __setlocale_lk             1003449d f   LIBCMT:setlocal.obj
 0001:00033804       __hextodec                 10034804 f   LIBCMT:input.obj
 0001:0003381c       __inc                      1003481c f   LIBCMT:input.obj
 0001:00033832       __un_inc                   10034832 f   LIBCMT:input.obj
 0001:0003383f       __whiteout                 1003483f f   LIBCMT:input.obj
 0001:00034bd2       __tsopen_lk                10035bd2 f   LIBCMT:open.obj
 0001:00035567       __initterm                 10036567 f   LIBCMT:crt0dat.obj
 0001:0003557f       __initterm_e               1003657f f   LIBCMT:crt0dat.obj
 0001:00035607       _doexit                    10036607 f   LIBCMT:crt0dat.obj
 0001:00035839       ?GetImageInfo@@YAPAUImageInfo@@K@Z 10036839 f   LIBCMT:pdblkup.obj
 0001:00035b8a       ?GetPdbDll@@YAPAUHINSTANCE__@@XZ 10036b8a f   LIBCMT:pdblkup.obj
 0001:0003661a       _report_failure            1003761a f   LIBCMT:secchk.obj
 0001:00036ed5       ?und_strlen@@YAIPBD@Z      10037ed5 f   LIBCMT:undname.obj
 0001:00036ee1       ?und_strncpy@@YAPADPADPBDI@Z 10037ee1 f   LIBCMT:undname.obj
 0001:00036f01       ?und_strncmp@@YAIPBD0I@Z   10037f01 f   LIBCMT:undname.obj
 0001:0003bb23       _parse_cmdline             1003cb23 f   LIBCMT:stdargv.obj
 0001:0003bfcb       _xcptlookup                1003cfcb f   LIBCMT:winxfltr.obj
 0001:0003d928       ___crtInitCritSecNoSpinCount@8 1003e928 f   LIBCMT:initcrit.obj
 0001:0003da81       _getSystemCP               1003ea81 f   LIBCMT:mbctype.obj
 0001:0003dac7       _CPtoLCID                  1003eac7 f   LIBCMT:mbctype.obj
 0001:0003daf6       _setSBCS                   1003eaf6 f   LIBCMT:mbctype.obj
 0001:0003db1f       _setSBUpLow                1003eb1f f   LIBCMT:mbctype.obj
 0001:0003dd1a       __setmbcp_lk               1003ed1a f   LIBCMT:mbctype.obj
 0001:0003e529       __store_str                1003f529 f   LIBCMT:strftime.obj
 0001:0003e549       __store_number             1003f549 f   LIBCMT:strftime.obj
 0001:0003e57f       __store_num                1003f57f f   LIBCMT:strftime.obj
 0001:0003e5f8       __expandtime               1003f5f8 f   LIBCMT:strftime.obj
 0001:0003e85e       __store_winword            1003f85e f   LIBCMT:strftime.obj
 0001:0003ee00       __get_lc_time              1003fe00 f   LIBCMT:inittime.obj
 0001:0003f356       _fix_grouping              10040356 f   LIBCMT:initnum.obj
 0001:0003f5b5       _fix_grouping              100405b5 f   LIBCMT:initmon.obj
 0001:0003fb86       _TranslateName             10040b86 f   LIBCMT:getqloc.obj
 0001:0003fbe6       _GetLcidFromDefault        10040be6 f   LIBCMT:getqloc.obj
 0001:0003fc00       _ProcessCodePage           10040c00 f   LIBCMT:getqloc.obj
 0001:0003fc76       _TestDefaultCountry        10040c76 f   LIBCMT:getqloc.obj
 0001:0003fc94       _crtGetLocaleInfoA@16      10040c94 f   LIBCMT:getqloc.obj
 0001:0003fd77       _LcidFromHexString         10040d77 f   LIBCMT:getqloc.obj
 0001:0003fdac       _GetPrimaryLen             10040dac f   LIBCMT:getqloc.obj
 0001:0003fdc9       _CountryEnumProc@4         10040dc9 f   LIBCMT:getqloc.obj
 0001:0003fe5d       _TestDefaultLanguage       10040e5d f   LIBCMT:getqloc.obj
 0001:0003fece       _LangCountryEnumProc@4     10040ece f   LIBCMT:getqloc.obj
 0001:000400e8       _LanguageEnumProc@4        100410e8 f   LIBCMT:getqloc.obj
 0001:000401b3       _GetLcidFromCountry        100411b3 f   LIBCMT:getqloc.obj
 0001:000401ea       _GetLcidFromLangCountry    100411ea f   LIBCMT:getqloc.obj
 0001:00040270       _GetLcidFromLanguage       10041270 f   LIBCMT:getqloc.obj
 0001:00040b1f       __tzset_lk                 10041b1f f   LIBCMT:tzset.obj
 0001:00040dc7       _cvtdate                   10041dc7 f   LIBCMT:tzset.obj
 0001:00040f7f       __isindst_lk               10041f7f f   LIBCMT:tzset.obj
 0001:0004191c       _strncnt                   1004291c f   LIBCMT:a_map.obj
 0001:00042326       _ctrlevent_capture@4       10043326 f   LIBCMT:winsig.obj
 0001:000423b5       _siglookup                 100433b5 f   LIBCMT:winsig.obj
 0001:00042b24       _xtoa                      10043b24 f   LIBCMT:xtoa.obj
 0001:00042bcd       _x64toa@20                 10043bcd f   LIBCMT:xtoa.obj
 0001:000432ef       _strncnt                   100442ef f   LIBCMT:a_cmp.obj
 0001:0004368f       _findenv                   1004468f f   LIBCMT:setenv.obj
 0001:000436dc       _copy_environ              100446dc f   LIBCMT:setenv.obj
 0001:00043ce0       __unwindfunclet$?SendRequest@SXP_DevScope@@QAEKPAVsicExplorer@@PAD_N2@Z$0 10044ce0 f   DataXchange.obj
 0001:00043ce8       __ehhandler$?SendRequest@SXP_DevScope@@QAEKPAVsicExplorer@@PAD_N2@Z 10044ce8 f   DataXchange.obj
 0001:00043d00       __unwindfunclet$?ReadDir@@YAXPAD0AAPAX1@Z$0 10044d00 f   DataXchange.obj
 0001:00043d15       __unwindfunclet$?ReadDir@@YAXPAD0AAPAX1@Z$1 10044d15 f   DataXchange.obj
 0001:00043d2a       __unwindfunclet$?ReadDir@@YAXPAD0AAPAX1@Z$2 10044d2a f   DataXchange.obj
 0001:00043d3f       __unwindfunclet$?ReadDir@@YAXPAD0AAPAX1@Z$3 10044d3f f   DataXchange.obj
 0001:00043d54       __unwindfunclet$?ReadDir@@YAXPAD0AAPAX1@Z$4 10044d54 f   DataXchange.obj
 0001:00043d62       __unwindfunclet$?ReadDir@@YAXPAD0AAPAX1@Z$5 10044d62 f   DataXchange.obj
 0001:00043d70       __ehhandler$?ReadDir@@YAXPAD0AAPAX1@Z 10044d70 f   DataXchange.obj
 0001:00043d80       __unwindfunclet$??0?$ClassArray@V_str@@@@QAE@XZ$0 10044d80 f   DataXchange.obj
 0001:00043d92       __ehhandler$??0?$ClassArray@V_str@@@@QAE@XZ 10044d92 f   DataXchange.obj
 0001:00043da0       __unwindfunclet$?ProcessDataXchange@@YAXXZ$0 10044da0 f   DataXchange.obj
 0001:00043da8       __ehhandler$?ProcessDataXchange@@YAXXZ 10044da8 f   DataXchange.obj
 0001:00043dc0       __unwindfunclet$?StartDownloadInternetFile@@YAXPAD00@Z$0 10044dc0 f   DataXchange.obj
 0001:00043dcb       __ehhandler$?StartDownloadInternetFile@@YAXPAD00@Z 10044dcb f   DataXchange.obj
 0001:00043de0       __unwindfunclet$?ProcessDownloadInternetFiles@@YAXXZ$0 10044de0 f   DataXchange.obj
 0001:00043deb       __ehhandler$?ProcessDownloadInternetFiles@@YAXXZ 10044deb f   DataXchange.obj
 0001:00043e00       __unwindfunclet$?SendRecBuffer@@YAXPAEH_N@Z$0 10044e00 f   DataXchange.obj
 0001:00043e08       __ehhandler$?SendRecBuffer@@YAXPAEH_N@Z 10044e08 f   DataXchange.obj
 0001:00043e20       __ehhandler$?exec_LW_showrec@@YAXHPAPADPAH@Z 10044e20 f   DataXchange.obj
 0001:00043e30       __unwindfunclet$??1?$ClassArray@V_str@@@@UAE@XZ$0 10044e30 f   DataXchange.obj
 0001:00043e42       __unwindfunclet$??1?$ClassArray@V_str@@@@UAE@XZ$1 10044e42 f   DataXchange.obj
 0001:00043e72       __ehhandler$??1?$ClassArray@V_str@@@@UAE@XZ 10044e72 f   DataXchange.obj
 0001:00043e80       __ehhandler$?reset_class@?$ClassArray@V_str@@@@UAEXPAX@Z 10044e80 f   DataXchange.obj
 0001:00043e90       __unwindfunclet$?GetClassNameA@?$ClassArray@V_str@@@@UAEPBDXZ$0 10044e90 f   DataXchange.obj
 0001:00043e9e       __ehhandler$?GetClassNameA@?$ClassArray@V_str@@@@UAEPBDXZ 10044e9e f   DataXchange.obj
 0001:00043eb0       __unwindfunclet$?GetExpansionBaseClass@?$ClassArray@V_str@@@@UAEPBDXZ$0 10044eb0 f   DataXchange.obj
 0001:00043ebe       __ehhandler$?GetExpansionBaseClass@?$ClassArray@V_str@@@@UAEPBDXZ 10044ebe f   DataXchange.obj
 0001:00043ed0       __unwindfunclet$?SaveBin@?$ClassArray@V_str@@@@UAEXPAX0PAVBinStream@@PAVEnumerator@@2@Z$0 10044ed0 f   DataXchange.obj
 0001:00043ee2       __ehhandler$?SaveBin@?$ClassArray@V_str@@@@UAEXPAX0PAVBinStream@@PAVEnumerator@@2@Z 10044ee2 f   DataXchange.obj
 0001:00043ef0       __unwindfunclet$?LoadBin@?$ClassArray@V_str@@@@UAEXPAX0PAVBinStream@@PAVEnumerator@@@Z$0 10044ef0 f   DataXchange.obj
 0001:00043f02       __ehhandler$?LoadBin@?$ClassArray@V_str@@@@UAEXPAX0PAVBinStream@@PAVEnumerator@@@Z 10044f02 f   DataXchange.obj
 0001:00043f10       __unwindfunclet$?new_element@?$ClassArray@V_str@@@@UAEPAVBaseClass@@XZ$0 10044f10 f   DataXchange.obj
 0001:00043f1e       __ehhandler$?new_element@?$ClassArray@V_str@@@@UAEPAVBaseClass@@XZ 10044f1e f   DataXchange.obj
 0001:00043f30       __unwindfunclet$?Process@OneSicWindow@@QAEXXZ$0 10044f30 f   Explore.obj
 0001:00043f3b       __ehhandler$?Process@OneSicWindow@@QAEXXZ 10044f3b f   Explore.obj
 0001:00043f50       __unwindfunclet$?ParseTheWholeText@OneSicWindow@@QAEHXZ$0 10044f50 f   Explore.obj
 0001:00043f5e       __unwindfunclet$?ParseTheWholeText@OneSicWindow@@QAEHXZ$1 10044f5e f   Explore.obj
 0001:00043f69       __ehhandler$?ParseTheWholeText@OneSicWindow@@QAEHXZ 10044f69 f   Explore.obj
 0001:00043f80       __unwindfunclet$?NewWindow@sicExplorer@@QAEXPAD0@Z$0 10044f80 f   Explore.obj
 0001:00043f8e       __ehhandler$?NewWindow@sicExplorer@@QAEXPAD0@Z 10044f8e f   Explore.obj
 0001:00043fa0       __unwindfunclet$?SendTableRefresh@sicExplorer@@QAEXPAD0@Z$0 10044fa0 f   Explore.obj
 0001:00043fa8       __ehhandler$?SendTableRefresh@sicExplorer@@QAEXPAD0@Z 10044fa8 f   Explore.obj
 0001:00043fc0       __unwindfunclet$?GetGPPictureIndex@sicExplorer@@QAEHPAD@Z$0 10044fc0 f   Explore.obj
 0001:00043fcb       __ehhandler$?GetGPPictureIndex@sicExplorer@@QAEHPAD@Z 10044fcb f   Explore.obj
 0001:00043fe0       __unwindfunclet$?SendSmartRequest@@YAXPAVsicExplorer@@PAD@Z$0 10044fe0 f   FnDefine.obj
 0001:00043feb       __ehhandler$?SendSmartRequest@@YAXPAVsicExplorer@@PAD@Z 10044feb f   FnDefine.obj
 0001:00044000       __unwindfunclet$?ADI_Table@@YA_NPAVsicExplorer@@PAVDialogsSystem@@PAH222HPAPADH3PAD@Z$0 10045000 f   FnDefine.obj
 0001:0004400e       __unwindfunclet$?ADI_Table@@YA_NPAVsicExplorer@@PAVDialogsSystem@@PAH222HPAPADH3PAD@Z$1 1004500e f   FnDefine.obj
 0001:0004401c       __ehhandler$?ADI_Table@@YA_NPAVsicExplorer@@PAVDialogsSystem@@PAH222HPAPADH3PAD@Z 1004501c f   FnDefine.obj
 0001:00044030       __unwindfunclet$?ADI_Stbl@@YA_NPAVsicExplorer@@PAVDialogsSystem@@PAH222HPAPADH3PAD@Z$0 10045030 f   FnDefine.obj
 0001:0004403e       __unwindfunclet$?ADI_Stbl@@YA_NPAVsicExplorer@@PAVDialogsSystem@@PAH222HPAPADH3PAD@Z$1 1004503e f   FnDefine.obj
 0001:0004404c       __unwindfunclet$?ADI_Stbl@@YA_NPAVsicExplorer@@PAVDialogsSystem@@PAH222HPAPADH3PAD@Z$2 1004504c f   FnDefine.obj
 0001:0004405a       __ehhandler$?ADI_Stbl@@YA_NPAVsicExplorer@@PAVDialogsSystem@@PAH222HPAPADH3PAD@Z 1004505a f   FnDefine.obj
 0001:00044070       __ehhandler$?ShowVar@@YAXPAVsicExplorer@@PAXH@Z 10045070 f   FnDefine.obj
 0001:00044080       __unwindfunclet$?GetByGP@FontParam@@QAEPAVOneFontParam@@H@Z$0 10045080 f   FnDefine.obj
 0001:0004408e       __unwindfunclet$?GetByGP@FontParam@@QAEPAVOneFontParam@@H@Z$1 1004508e f   FnDefine.obj
 0001:000440a0       __ehhandler$?GetByGP@FontParam@@QAEPAVOneFontParam@@H@Z 100450a0 f   FnDefine.obj
 0001:000440b0       __unwindfunclet$??0OneFontParam@@QAE@XZ$0 100450b0 f   FnDefine.obj
 0001:000440c2       __ehhandler$??0OneFontParam@@QAE@XZ 100450c2 f   FnDefine.obj
 0001:000440d0       __unwindfunclet$?new_element@OneFontParam@@UAEPAVBaseClass@@XZ$0 100450d0 f   FnDefine.obj
 0001:000440de       __ehhandler$?new_element@OneFontParam@@UAEPAVBaseClass@@XZ 100450de f   FnDefine.obj
 0001:000440f0       __unwindfunclet$??$reg_auto@V_str@@@@YAXPAVBaseClass@@AAV_str@@PBDPAXK@Z$0 100450f0 f   FnDefine.obj
 0001:00044102       __ehhandler$??$reg_auto@V_str@@@@YAXPAVBaseClass@@AAV_str@@PBDPAXK@Z 10045102 f   FnDefine.obj
 0001:00044110       __unwindfunclet$??$_get_cmemb@V_int@@@@YAPAV_int@@PAV0@PBD@Z$0 10045110 f   FnDefine.obj
 0001:0004411e       __unwindfunclet$??$_get_cmemb@V_int@@@@YAPAV_int@@PAV0@PBD@Z$1 1004511e f   FnDefine.obj
 0001:0004412c       __ehhandler$??$_get_cmemb@V_int@@@@YAPAV_int@@PAV0@PBD@Z 1004512c f   FnDefine.obj
 0001:00044140       __unwindfunclet$??$_get_cmemb@V_bool@@@@YAPAV_bool@@PAV0@PBD@Z$0 10045140 f   FnDefine.obj
 0001:0004414e       __unwindfunclet$??$_get_cmemb@V_bool@@@@YAPAV_bool@@PAV0@PBD@Z$1 1004514e f   FnDefine.obj
 0001:0004415c       __ehhandler$??$_get_cmemb@V_bool@@@@YAPAV_bool@@PAV0@PBD@Z 1004515c f   FnDefine.obj
 0001:00044170       __unwindfunclet$??$_get_cmemb@V_gpfile@@@@YAPAV_gpfile@@PAV0@PBD@Z$0 10045170 f   FnDefine.obj
 0001:0004417e       __unwindfunclet$??$_get_cmemb@V_gpfile@@@@YAPAV_gpfile@@PAV0@PBD@Z$1 1004517e f   FnDefine.obj
 0001:0004418c       __ehhandler$??$_get_cmemb@V_gpfile@@@@YAPAV_gpfile@@PAV0@PBD@Z 1004518c f   FnDefine.obj
 0001:000441a0       __unwindfunclet$??$_get_cmemb@V_DWORD@@@@YAPAV_DWORD@@PAV0@PBD@Z$0 100451a0 f   FnDefine.obj
 0001:000441ae       __unwindfunclet$??$_get_cmemb@V_DWORD@@@@YAPAV_DWORD@@PAV0@PBD@Z$1 100451ae f   FnDefine.obj
 0001:000441bc       __ehhandler$??$_get_cmemb@V_DWORD@@@@YAPAV_DWORD@@PAV0@PBD@Z 100451bc f   FnDefine.obj
 0001:000441d0       __unwindfunclet$??$_get_cmemb@V_str@@@@YAPAV_str@@PAV0@PBD@Z$0 100451d0 f   FnDefine.obj
 0001:000441de       __unwindfunclet$??$_get_cmemb@V_str@@@@YAPAV_str@@PAV0@PBD@Z$1 100451de f   FnDefine.obj
 0001:000441ec       __ehhandler$??$_get_cmemb@V_str@@@@YAPAV_str@@PAV0@PBD@Z 100451ec f   FnDefine.obj
 0001:00044200       __unwindfunclet$??1OneFontParam@@UAE@XZ$0 10045200 f   FnDefine.obj
 0001:00044212       __ehhandler$??1OneFontParam@@UAE@XZ 10045212 f   FnDefine.obj
 0001:00044220       __ehhandler$?Extract@ParsedRQ@@QAEXPADH@Z 10045220 f   ParseRQ.obj
 0001:00044230       _$E1                       10045230 f   DataXchange.obj
 0001:00044280       _$E1                       10045280 f   Explore.obj
 0001:000442c0       _$E1                       100452c0 f   GameOnMap.obj
 0001:00044310       _$E1                       10045310 f   PingEngine.obj
 0001:00044360       _$E2                       10045360 f   DataXchange.obj
 0001:000443f0       _$E2                       100453f0 f   Explore.obj
 0001:00044440       _$E2                       10045440 f   GameOnMap.obj
 0001:00044480       _$E2                       10045480 f   PingEngine.obj
