d:\srcrep\_debug\opcode\opcode.bsc
d:\srcrep\_debug\opcode\opcode.pdb
d:\srcrep\_debug\opcode\opcode.idb
d:\srcrep\_debug\opcode\iceaabb.sbr
d:\srcrep\_debug\opcode\icecontainer.sbr
d:\srcrep\_debug\opcode\icehpoint.sbr
d:\srcrep\_debug\opcode\iceindexedtriangle.sbr
d:\srcrep\_debug\opcode\icematrix3x3.sbr
d:\srcrep\_debug\opcode\icematrix4x4.sbr
d:\srcrep\_debug\opcode\iceobb.sbr
d:\srcrep\_debug\opcode\iceplane.sbr
d:\srcrep\_debug\opcode\icepoint.sbr
d:\srcrep\_debug\opcode\icerandom.sbr
d:\srcrep\_debug\opcode\iceray.sbr
d:\srcrep\_debug\opcode\icerevisitedradix.sbr
d:\srcrep\_debug\opcode\icesegment.sbr
d:\srcrep\_debug\opcode\icetriangle.sbr
d:\srcrep\_debug\opcode\iceutils.sbr
d:\srcrep\_debug\opcode\opcode.sbr
d:\srcrep\_debug\opcode\opc_aabbcollider.sbr
d:\srcrep\_debug\opcode\opc_aabbtree.sbr
d:\srcrep\_debug\opcode\opc_basemodel.sbr
d:\srcrep\_debug\opcode\opc_boxpruning.sbr
d:\srcrep\_debug\opcode\opc_boxpruning.obj
d:\srcrep\_debug\opcode\opc_basemodel.obj
d:\srcrep\_debug\opcode\opc_aabbtree.obj
d:\srcrep\_debug\opcode\opc_aabbcollider.obj
d:\srcrep\_debug\opcode\opcode.obj
d:\srcrep\_debug\opcode\iceutils.obj
d:\srcrep\_debug\opcode\icetriangle.obj
d:\srcrep\_debug\opcode\icesegment.obj
d:\srcrep\_debug\opcode\icerevisitedradix.obj
d:\srcrep\_debug\opcode\iceray.obj
d:\srcrep\_debug\opcode\icerandom.obj
d:\srcrep\_debug\opcode\icepoint.obj
d:\srcrep\_debug\opcode\iceplane.obj
d:\srcrep\_debug\opcode\iceobb.obj
d:\srcrep\_debug\opcode\icematrix4x4.obj
d:\srcrep\_debug\opcode\icematrix3x3.obj
d:\srcrep\_debug\opcode\iceindexedtriangle.obj
d:\srcrep\_debug\opcode\icehpoint.obj
d:\srcrep\_debug\opcode\icecontainer.obj
d:\srcrep\_debug\opcode\iceaabb.obj
d:\srcrep\_debug\opcode\opc_collider.sbr
d:\srcrep\_debug\opcode\opc_common.sbr
d:\srcrep\_debug\opcode\opc_hybridmodel.sbr
d:\srcrep\_debug\opcode\opc_lsscollider.sbr
d:\srcrep\_debug\opcode\opc_meshinterface.sbr
d:\srcrep\_debug\opcode\opc_model.sbr
d:\srcrep\_debug\opcode\opc_obbcollider.sbr
d:\srcrep\_debug\opcode\opc_optimizedtree.sbr
d:\srcrep\_debug\opcode\opc_picking.sbr
d:\srcrep\_debug\opcode\opc_planescollider.sbr
d:\srcrep\_debug\opcode\opc_raycollider.sbr
d:\srcrep\_debug\opcode\opc_spherecollider.sbr
d:\srcrep\_debug\opcode\opc_sweepandprune.sbr
d:\srcrep\_debug\opcode\opc_treebuilders.sbr
d:\srcrep\_debug\opcode\opc_treecollider.sbr
d:\srcrep\_debug\opcode\opc_volumecollider.sbr
d:\srcrep\_debug\opcode\stdafx.sbr
d:\srcrep\_debug\opcode\stdafx.obj
d:\srcrep\_debug\opcode\opc_volumecollider.obj
d:\srcrep\_debug\opcode\opc_treecollider.obj
d:\srcrep\_debug\opcode\opc_treebuilders.obj
d:\srcrep\_debug\opcode\opc_sweepandprune.obj
d:\srcrep\_debug\opcode\opc_spherecollider.obj
d:\srcrep\_debug\opcode\opc_raycollider.obj
d:\srcrep\_debug\opcode\opc_planescollider.obj
d:\srcrep\_debug\opcode\opc_picking.obj
d:\srcrep\_debug\opcode\opc_optimizedtree.obj
d:\srcrep\_debug\opcode\opc_obbcollider.obj
d:\srcrep\_debug\opcode\opc_model.obj
d:\srcrep\_debug\opcode\opc_meshinterface.obj
d:\srcrep\_debug\opcode\opc_lsscollider.obj
d:\srcrep\_debug\opcode\opc_hybridmodel.obj
d:\srcrep\_debug\opcode\opc_common.obj
d:\srcrep\_debug\opcode\opc_collider.obj
d:\srcrep\lib\opcode.lib
d:\srcrep\_debug\opcode\opcode.tlog\bscmake.command.1.tlog
d:\srcrep\_debug\opcode\opcode.tlog\bscmake.read.1.tlog
d:\srcrep\_debug\opcode\opcode.tlog\bscmake.write.1.tlog
d:\srcrep\_debug\opcode\opcode.tlog\cl.command.1.tlog
d:\srcrep\_debug\opcode\opcode.tlog\cl.read.1.tlog
d:\srcrep\_debug\opcode\opcode.tlog\cl.write.1.tlog
d:\srcrep\_debug\opcode\opcode.tlog\lib-link.read.1.tlog
d:\srcrep\_debug\opcode\opcode.tlog\lib-link.write.1.tlog
d:\srcrep\_debug\opcode\opcode.tlog\lib.command.1.tlog
d:\srcrep\_debug\opcode\opcode.tlog\..\..\..\_debug\opcode\opcode.pdb
d:\srcrep\_debug\opcode\opcode.tlog\..\..\..\_debug\opcode\opcode.bsc
d:\srcrep\_debug\opcode\opcode.tlog\..\..\..\_debug\opcode\opcode.vcxproj.filelistabsolute.txt
