  IceAABB.cpp
  Using OPCODE
  Compiling on Windows...
  Compiling with VC++...
  IceContainer.cpp
  Using OPCODE
  Compiling on Windows...
  Compiling with VC++...
  IceHPoint.cpp
  Using OPCODE
  Compiling on Windows...
  Compiling with VC++...
  IceIndexedTriangle.cpp
  Using OPCODE
  Compiling on Windows...
  Compiling with VC++...
  IceMatrix3x3.cpp
  Using OPCODE
  Compiling on Windows...
  Compiling with VC++...
  IceMatrix4x4.cpp
  Using OPCODE
  Compiling on Windows...
  Compiling with VC++...
  IceOBB.cpp
  Using OPCODE
  Compiling on Windows...
  Compiling with VC++...
  IcePlane.cpp
  Using OPCODE
  Compiling on Windows...
  Compiling with VC++...
  IcePoint.cpp
  Using OPCODE
  Compiling on Windows...
  Compiling with VC++...
  IceRandom.cpp
  Using OPCODE
  Compiling on Windows...
  Compiling with VC++...
  IceRay.cpp
  Using OPCODE
  Compiling on Windows...
  Compiling with VC++...
  IceRevisitedRadix.cpp
  Using OPCODE
  Compiling on Windows...
  Compiling with VC++...
  IceSegment.cpp
  Using OPCODE
  Compiling on Windows...
  Compiling with VC++...
  IceTriangle.cpp
  Using OPCODE
  Compiling on Windows...
  Compiling with VC++...
  IceUtils.cpp
  Using OPCODE
  Compiling on Windows...
  Compiling with VC++...
  Opcode.cpp
  Using OPCODE
  Compiling on Windows...
  Compiling with VC++...
  OPC_AABBCollider.cpp
  Using OPCODE
  Compiling on Windows...
  Compiling with VC++...
  OPC_AABBTree.cpp
  Using OPCODE
  Compiling on Windows...
  Compiling with VC++...
  OPC_BaseModel.cpp
  Using OPCODE
  Compiling on Windows...
  Compiling with VC++...
  OPC_BoxPruning.cpp
  Using OPCODE
  Compiling on Windows...
  Compiling with VC++...
  Создание кода...
  Компиляция...
  OPC_Collider.cpp
  Using OPCODE
  Compiling on Windows...
  Compiling with VC++...
  OPC_Common.cpp
  Using OPCODE
  Compiling on Windows...
  Compiling with VC++...
  OPC_HybridModel.cpp
  Using OPCODE
  Compiling on Windows...
  Compiling with VC++...
  OPC_LSSCollider.cpp
  Using OPCODE
  Compiling on Windows...
  Compiling with VC++...
  OPC_MeshInterface.cpp
  Using OPCODE
  Compiling on Windows...
  Compiling with VC++...
  OPC_Model.cpp
  Using OPCODE
  Compiling on Windows...
  Compiling with VC++...
  OPC_OBBCollider.cpp
  Using OPCODE
  Compiling on Windows...
  Compiling with VC++...
  OPC_OptimizedTree.cpp
  Using OPCODE
  Compiling on Windows...
  Compiling with VC++...
  OPC_Picking.cpp
  Using OPCODE
  Compiling on Windows...
  Compiling with VC++...
  OPC_PlanesCollider.cpp
  Using OPCODE
  Compiling on Windows...
  Compiling with VC++...
  OPC_RayCollider.cpp
  Using OPCODE
  Compiling on Windows...
  Compiling with VC++...
  OPC_SphereCollider.cpp
  Using OPCODE
  Compiling on Windows...
  Compiling with VC++...
  OPC_SweepAndPrune.cpp
  Using OPCODE
  Compiling on Windows...
  Compiling with VC++...
  OPC_TreeBuilders.cpp
  Using OPCODE
  Compiling on Windows...
  Compiling with VC++...
  OPC_TreeCollider.cpp
  Using OPCODE
  Compiling on Windows...
  Compiling with VC++...
  OPC_VolumeCollider.cpp
  Using OPCODE
  Compiling on Windows...
  Compiling with VC++...
  StdAfx.cpp
  Using OPCODE
  Compiling on Windows...
  Compiling with VC++...
  Создание кода...
C:\Program Files\Microsoft Visual Studio\2022\Community\MSBuild\Microsoft\VC\v170\Microsoft.CppBuild.targets(1573,5): warning MSB8012: TargetPath(D:\SrcRep\_debug\opcode\opcode.lib) не соответствует значению свойства выходного файла (D:\SrcRep\lib\Opcode.lib) для Library. Это может привести к неправильной сборке проекта. Чтобы исправить это, убедитесь, что значения свойств $(OutDir), $(TargetName) и $(TargetExt) соответствуют значению, указанному в %(Lib.OutputFile).
  Opcode.vcxproj -> D:\SrcRep\_debug\opcode\opcode.lib
