d:\ilya\projects\games\hoae\evolution\engine\hoae_evolution_engine\plugins\battleeditor\debug\battleeditor.pch
d:\ilya\projects\games\hoae\evolution\engine\hoae_evolution_engine\plugins\battleeditor\debug\vc143.pdb
d:\ilya\projects\games\hoae\evolution\engine\hoae_evolution_engine\plugins\battleeditor\debug\vc143.idb
d:\ilya\projects\games\hoae\evolution\engine\hoae_evolution_engine\plugins\battleeditor\debug\stdafx.obj
d:\ilya\projects\games\hoae\evolution\engine\hoae_evolution_engine\plugins\battleeditor\debug\battleeditor.obj
d:\ilya\projects\games\hoae\evolution\engine\hoae_evolution_engine\plugins\battleeditor\debug\expfn_ability.obj
d:\ilya\projects\games\hoae\evolution\engine\hoae_evolution_engine\plugins\battleeditor\debug\expfn_get.obj
d:\ilya\projects\games\hoae\evolution\engine\hoae_evolution_engine\plugins\battleeditor\debug\expfn_group.obj
d:\ilya\projects\games\hoae\evolution\engine\hoae_evolution_engine\plugins\battleeditor\debug\expfn_mission.obj
d:\ilya\projects\games\hoae\evolution\engine\hoae_evolution_engine\plugins\battleeditor\debug\expfn_node.obj
d:\ilya\projects\games\hoae\evolution\engine\hoae_evolution_engine\plugins\battleeditor\debug\expfn_set.obj
d:\ilya\projects\games\hoae\evolution\engine\hoae_evolution_engine\plugins\battleeditor\debug\expfn_text.obj
d:\ilya\projects\games\hoae\evolution\engine\hoae_evolution_engine\plugins\battleeditor\debug\fsm_attack.obj
d:\ilya\projects\games\hoae\evolution\engine\hoae_evolution_engine\plugins\battleeditor\debug\fsm_dialog.obj
d:\ilya\projects\games\hoae\evolution\engine\hoae_evolution_engine\plugins\battleeditor\debug\fsm_guard.obj
d:\ilya\projects\games\hoae\evolution\engine\hoae_evolution_engine\plugins\battleeditor\debug\fsm_produce.obj
d:\ilya\projects\games\hoae\evolution\engine\hoae_evolution_engine\plugins\battleeditor\debug\fsm_saboteur.obj
d:\ilya\projects\games\hoae\evolution\engine\hoae_evolution_engine\plugins\battleeditor\debug\fsm_states.obj
d:\ilya\projects\games\hoae\evolution\engine\hoae_evolution_engine\plugins\battleeditor\debug\helper.obj
d:\ilya\projects\games\hoae\evolution\engine\data\plugins\battleeditor.dll
d:\ilya\projects\games\hoae\evolution\engine\data\plugins\battleeditor.pdb
d:\ilya\projects\games\hoae\evolution\engine\data\plugins\battleeditor.lib
d:\ilya\projects\games\hoae\evolution\engine\data\plugins\battleeditor.exp
d:\ilya\projects\games\hoae\evolution\engine\hoae_evolution_engine\plugins\battleeditor\debug\battleeditor.ilk
d:\ilya\projects\games\hoae\evolution\engine\hoae_evolution_engine\plugins\battleeditor\debug\battleeditor.tlog\cl.command.1.tlog
d:\ilya\projects\games\hoae\evolution\engine\hoae_evolution_engine\plugins\battleeditor\debug\battleeditor.tlog\cl.items.tlog
d:\ilya\projects\games\hoae\evolution\engine\hoae_evolution_engine\plugins\battleeditor\debug\battleeditor.tlog\cl.read.1.tlog
d:\ilya\projects\games\hoae\evolution\engine\hoae_evolution_engine\plugins\battleeditor\debug\battleeditor.tlog\cl.write.1.tlog
d:\ilya\projects\games\hoae\evolution\engine\hoae_evolution_engine\plugins\battleeditor\debug\battleeditor.tlog\link.command.1.tlog
d:\ilya\projects\games\hoae\evolution\engine\hoae_evolution_engine\plugins\battleeditor\debug\battleeditor.tlog\link.read.1.tlog
d:\ilya\projects\games\hoae\evolution\engine\hoae_evolution_engine\plugins\battleeditor\debug\battleeditor.tlog\link.secondary.1.tlog
d:\ilya\projects\games\hoae\evolution\engine\hoae_evolution_engine\plugins\battleeditor\debug\battleeditor.tlog\link.write.1.tlog
