d:\srcrep\new engine — копия — копия\_release\gmotor\gmotor.bsc
d:\srcrep\new engine — копия — копия\_release\gmotor\gmotor.pch
d:\srcrep\new engine — копия — копия\_release\gmotor\gmotor.pdb
d:\srcrep\new engine — копия — копия\_release\gmotor\stdafx.sbr
d:\srcrep\new engine — копия — копия\_release\gmotor\stdafx.obj
d:\srcrep\new engine — копия — копия\_release\gmotor\blocksort.sbr
d:\srcrep\new engine — копия — копия\_release\gmotor\bzlib.sbr
d:\srcrep\new engine — копия — копия\_release\gmotor\compress.sbr
d:\srcrep\new engine — копия — копия\_release\gmotor\crctable.sbr
d:\srcrep\new engine — копия — копия\_release\gmotor\decompress.sbr
d:\srcrep\new engine — копия — копия\_release\gmotor\huffman.sbr
d:\srcrep\new engine — копия — копия\_release\gmotor\randtable.sbr
d:\srcrep\new engine — копия — копия\_release\gmotor\fcompressor.sbr
d:\srcrep\new engine — копия — копия\_release\gmotor\fg18g15.sbr
d:\srcrep\new engine — копия — копия\_release\gmotor\fganationmmx.sbr
d:\srcrep\new engine — копия — копия\_release\gmotor\flzdecoder.sbr
d:\srcrep\new engine — копия — копия\_release\gmotor\kxmlgrammar.sbr
d:\srcrep\new engine — копия — копия\_release\gmotor\sgnodemaker.sbr
d:\srcrep\new engine — копия — копия\_release\gmotor\sgnodemaker.obj
d:\srcrep\new engine — копия — копия\_release\gmotor\kxmlgrammar.obj
d:\srcrep\new engine — копия — копия\_release\gmotor\flzdecoder.obj
d:\srcrep\new engine — копия — копия\_release\gmotor\fganationmmx.obj
d:\srcrep\new engine — копия — копия\_release\gmotor\fg18g15.obj
d:\srcrep\new engine — копия — копия\_release\gmotor\fcompressor.obj
d:\srcrep\new engine — копия — копия\_release\gmotor\randtable.obj
d:\srcrep\new engine — копия — копия\_release\gmotor\huffman.obj
d:\srcrep\new engine — копия — копия\_release\gmotor\decompress.obj
d:\srcrep\new engine — копия — копия\_release\gmotor\crctable.obj
d:\srcrep\new engine — копия — копия\_release\gmotor\compress.obj
d:\srcrep\new engine — копия — копия\_release\gmotor\bzlib.obj
d:\srcrep\new engine — копия — копия\_release\gmotor\blocksort.obj
d:\srcrep\new engine — копия — копия\_release\gmotor\fg16realtime.sbr
d:\srcrep\new engine — копия — копия\_release\gmotor\flzodecompress.sbr
d:\srcrep\new engine — копия — копия\_release\gmotor\fucldecompress.sbr
d:\srcrep\new engine — копия — копия\_release\gmotor\kassert.sbr
d:\srcrep\new engine — копия — копия\_release\gmotor\kbmptool.sbr
d:\srcrep\new engine — копия — копия\_release\gmotor\kcache.sbr
d:\srcrep\new engine — копия — копия\_release\gmotor\kcolorvalue.sbr
d:\srcrep\new engine — копия — копия\_release\gmotor\kcontext.sbr
d:\srcrep\new engine — копия — копия\_release\gmotor\kdiriterator.sbr
d:\srcrep\new engine — копия — копия\_release\gmotor\kfilemapping.sbr
d:\srcrep\new engine — копия — копия\_release\gmotor\kfilepath.sbr
d:\srcrep\new engine — копия — копия\_release\gmotor\khistory.sbr
d:\srcrep\new engine — копия — копия\_release\gmotor\kio.sbr
d:\srcrep\new engine — копия — копия\_release\gmotor\kiohelpers.sbr
d:\srcrep\new engine — копия — копия\_release\gmotor\klog.sbr
d:\srcrep\new engine — копия — копия\_release\gmotor\kmemoryspy.sbr
d:\srcrep\new engine — копия — копия\_release\gmotor\kobjectfactory.sbr
d:\srcrep\new engine — копия — копия\_release\gmotor\kpoolallocator.sbr
d:\srcrep\new engine — копия — копия\_release\gmotor\kpropertymap.sbr
d:\srcrep\new engine — копия — копия\_release\gmotor\kresfile.sbr
d:\srcrep\new engine — копия — копия\_release\gmotor\kresfile.obj
d:\srcrep\new engine — копия — копия\_release\gmotor\kpropertymap.obj
d:\srcrep\new engine — копия — копия\_release\gmotor\kpoolallocator.obj
d:\srcrep\new engine — копия — копия\_release\gmotor\kobjectfactory.obj
d:\srcrep\new engine — копия — копия\_release\gmotor\kmemoryspy.obj
d:\srcrep\new engine — копия — копия\_release\gmotor\klog.obj
d:\srcrep\new engine — копия — копия\_release\gmotor\kiohelpers.obj
d:\srcrep\new engine — копия — копия\_release\gmotor\kio.obj
d:\srcrep\new engine — копия — копия\_release\gmotor\khistory.obj
d:\srcrep\new engine — копия — копия\_release\gmotor\kfilepath.obj
d:\srcrep\new engine — копия — копия\_release\gmotor\kfilemapping.obj
d:\srcrep\new engine — копия — копия\_release\gmotor\kdiriterator.obj
d:\srcrep\new engine — копия — копия\_release\gmotor\kcontext.obj
d:\srcrep\new engine — копия — копия\_release\gmotor\kcolorvalue.obj
d:\srcrep\new engine — копия — копия\_release\gmotor\kcache.obj
d:\srcrep\new engine — копия — копия\_release\gmotor\kbmptool.obj
d:\srcrep\new engine — копия — копия\_release\gmotor\kassert.obj
d:\srcrep\new engine — копия — копия\_release\gmotor\fucldecompress.obj
d:\srcrep\new engine — копия — копия\_release\gmotor\flzodecompress.obj
d:\srcrep\new engine — копия — копия\_release\gmotor\fg16realtime.obj
d:\srcrep\new engine — копия — копия\_release\gmotor\kresource.sbr
d:\srcrep\new engine — копия — копия\_release\gmotor\kresourcemanager.sbr
d:\srcrep\new engine — копия — копия\_release\gmotor\kscriptmanager.sbr
d:\srcrep\new engine — копия — копия\_release\gmotor\kstatistics.sbr
d:\srcrep\new engine — копия — копия\_release\gmotor\kstring.sbr
d:\srcrep\new engine — копия — копия\_release\gmotor\kstrutil.sbr
d:\srcrep\new engine — копия — копия\_release\gmotor\ksystemdialogs.sbr
d:\srcrep\new engine — копия — копия\_release\gmotor\kthread.sbr
d:\srcrep\new engine — копия — копия\_release\gmotor\ktypetraits.sbr
d:\srcrep\new engine — копия — копия\_release\gmotor\kutilities.sbr
d:\srcrep\new engine — копия — копия\_release\gmotor\kuuid.sbr
d:\srcrep\new engine — копия — копия\_release\gmotor\kxmlparser.sbr
d:\srcrep\new engine — копия — копия\_release\gmotor\malgo.sbr
d:\srcrep\new engine — копия — копия\_release\gmotor\mfilter.sbr
d:\srcrep\new engine — копия — копия\_release\gmotor\mfloatcurve.sbr
d:\srcrep\new engine — копия — копия\_release\gmotor\mgeom3d.sbr
d:\srcrep\new engine — копия — копия\_release\gmotor\mheightmap.sbr
d:\srcrep\new engine — копия — копия\_release\gmotor\mintersect.sbr
d:\srcrep\new engine — копия — копия\_release\gmotor\mline.sbr
d:\srcrep\new engine — копия — копия\_release\gmotor\mlodder.sbr
d:\srcrep\new engine — копия — копия\_release\gmotor\mlodder.obj
d:\srcrep\new engine — копия — копия\_release\gmotor\mline.obj
d:\srcrep\new engine — копия — копия\_release\gmotor\mintersect.obj
d:\srcrep\new engine — копия — копия\_release\gmotor\mheightmap.obj
d:\srcrep\new engine — копия — копия\_release\gmotor\mgeom3d.obj
d:\srcrep\new engine — копия — копия\_release\gmotor\mfloatcurve.obj
d:\srcrep\new engine — копия — копия\_release\gmotor\mfilter.obj
d:\srcrep\new engine — копия — копия\_release\gmotor\malgo.obj
d:\srcrep\new engine — копия — копия\_release\gmotor\kxmlparser.obj
d:\srcrep\new engine — копия — копия\_release\gmotor\kuuid.obj
d:\srcrep\new engine — копия — копия\_release\gmotor\kutilities.obj
d:\srcrep\new engine — копия — копия\_release\gmotor\ktypetraits.obj
d:\srcrep\new engine — копия — копия\_release\gmotor\kthread.obj
d:\srcrep\new engine — копия — копия\_release\gmotor\ksystemdialogs.obj
d:\srcrep\new engine — копия — копия\_release\gmotor\kstrutil.obj
d:\srcrep\new engine — копия — копия\_release\gmotor\kstring.obj
d:\srcrep\new engine — копия — копия\_release\gmotor\kstatistics.obj
d:\srcrep\new engine — копия — копия\_release\gmotor\kscriptmanager.obj
d:\srcrep\new engine — копия — копия\_release\gmotor\kresourcemanager.obj
d:\srcrep\new engine — копия — копия\_release\gmotor\kresource.obj
d:\srcrep\new engine — копия — копия\_release\gmotor\mmath2d.sbr
d:\srcrep\new engine — копия — копия\_release\gmotor\mmontecarlo.sbr
d:\srcrep\new engine — копия — копия\_release\gmotor\mnoise.sbr
d:\srcrep\new engine — копия — копия\_release\gmotor\moctree.sbr
d:\srcrep\new engine — копия — копия\_release\gmotor\mplane.sbr
d:\srcrep\new engine — копия — копия\_release\gmotor\mquatcurve.sbr
d:\srcrep\new engine — копия — копия\_release\gmotor\mquaternion.sbr
d:\srcrep\new engine — копия — копия\_release\gmotor\mrandom.sbr
d:\srcrep\new engine — копия — копия\_release\gmotor\msegmentset.sbr
d:\srcrep\new engine — копия — копия\_release\gmotor\mshapes.sbr
d:\srcrep\new engine — копия — копия\_release\gmotor\mskin.sbr
d:\srcrep\new engine — копия — копия\_release\gmotor\mskinsse.sbr
d:\srcrep\new engine — копия — копия\_release\gmotor\mspatial.sbr
d:\srcrep\new engine — копия — копия\_release\gmotor\msphere.sbr
d:\srcrep\new engine — копия — копия\_release\gmotor\msplines.sbr
d:\srcrep\new engine — копия — копия\_release\gmotor\mtransform.sbr
d:\srcrep\new engine — копия — копия\_release\gmotor\mtriangle.sbr
d:\srcrep\new engine — копия — копия\_release\gmotor\mutil.sbr
d:\srcrep\new engine — копия — копия\_release\gmotor\mvector.sbr
d:\srcrep\new engine — копия — копия\_release\gmotor\rsrenderpool.sbr
d:\srcrep\new engine — копия — копия\_release\gmotor\rsrenderpool.obj
d:\srcrep\new engine — копия — копия\_release\gmotor\mvector.obj
d:\srcrep\new engine — копия — копия\_release\gmotor\mutil.obj
d:\srcrep\new engine — копия — копия\_release\gmotor\mtriangle.obj
d:\srcrep\new engine — копия — копия\_release\gmotor\mtransform.obj
d:\srcrep\new engine — копия — копия\_release\gmotor\msplines.obj
d:\srcrep\new engine — копия — копия\_release\gmotor\msphere.obj
d:\srcrep\new engine — копия — копия\_release\gmotor\mspatial.obj
d:\srcrep\new engine — копия — копия\_release\gmotor\mskinsse.obj
d:\srcrep\new engine — копия — копия\_release\gmotor\mskin.obj
d:\srcrep\new engine — копия — копия\_release\gmotor\mshapes.obj
d:\srcrep\new engine — копия — копия\_release\gmotor\msegmentset.obj
d:\srcrep\new engine — копия — копия\_release\gmotor\mrandom.obj
d:\srcrep\new engine — копия — копия\_release\gmotor\mquaternion.obj
d:\srcrep\new engine — копия — копия\_release\gmotor\mquatcurve.obj
d:\srcrep\new engine — копия — копия\_release\gmotor\mplane.obj
d:\srcrep\new engine — копия — копия\_release\gmotor\moctree.obj
d:\srcrep\new engine — копия — копия\_release\gmotor\mnoise.obj
d:\srcrep\new engine — копия — копия\_release\gmotor\mmontecarlo.obj
d:\srcrep\new engine — копия — копия\_release\gmotor\mmath2d.obj
d:\srcrep\new engine — копия — копия\_release\gmotor\rsrendersystem.sbr
d:\srcrep\new engine — копия — копия\_release\gmotor\rssettings.sbr
d:\srcrep\new engine — копия — копия\_release\gmotor\rsvertex.sbr
d:\srcrep\new engine — копия — копия\_release\gmotor\sganimation.sbr
d:\srcrep\new engine — копия — копия\_release\gmotor\sganimationblock.sbr
d:\srcrep\new engine — копия — копия\_release\gmotor\sgattachedeffect.sbr
d:\srcrep\new engine — копия — копия\_release\gmotor\sgconst.sbr
d:\srcrep\new engine — копия — копия\_release\gmotor\sgcontroller.sbr
d:\srcrep\new engine — копия — копия\_release\gmotor\sgcursor.sbr
d:\srcrep\new engine — копия — копия\_release\gmotor\sgdummy.sbr
d:\srcrep\new engine — копия — копия\_release\gmotor\sgfog.sbr
d:\srcrep\new engine — копия — копия\_release\gmotor\sgg17.sbr
d:\srcrep\new engine — копия — копия\_release\gmotor\sgg18.sbr
d:\srcrep\new engine — копия — копия\_release\gmotor\sgg2d.sbr
d:\srcrep\new engine — копия — копия\_release\gmotor\sggeometry.sbr
d:\srcrep\new engine — копия — копия\_release\gmotor\sggizmo.sbr
d:\srcrep\new engine — копия — копия\_release\gmotor\sggn16.sbr
d:\srcrep\new engine — копия — копия\_release\gmotor\sggp2.sbr
d:\srcrep\new engine — копия — копия\_release\gmotor\sggquad.sbr
d:\srcrep\new engine — копия — копия\_release\gmotor\sggu15.sbr
d:\srcrep\new engine — копия — копия\_release\gmotor\sggu15.obj
d:\srcrep\new engine — копия — копия\_release\gmotor\sggquad.obj
d:\srcrep\new engine — копия — копия\_release\gmotor\sggp2.obj
d:\srcrep\new engine — копия — копия\_release\gmotor\sggn16.obj
d:\srcrep\new engine — копия — копия\_release\gmotor\sggizmo.obj
d:\srcrep\new engine — копия — копия\_release\gmotor\sggeometry.obj
d:\srcrep\new engine — копия — копия\_release\gmotor\sgg2d.obj
d:\srcrep\new engine — копия — копия\_release\gmotor\sgg18.obj
d:\srcrep\new engine — копия — копия\_release\gmotor\sgg17.obj
d:\srcrep\new engine — копия — копия\_release\gmotor\sgfog.obj
d:\srcrep\new engine — копия — копия\_release\gmotor\sgdummy.obj
d:\srcrep\new engine — копия — копия\_release\gmotor\sgcursor.obj
d:\srcrep\new engine — копия — копия\_release\gmotor\sgcontroller.obj
d:\srcrep\new engine — копия — копия\_release\gmotor\sgconst.obj
d:\srcrep\new engine — копия — копия\_release\gmotor\sgattachedeffect.obj
d:\srcrep\new engine — копия — копия\_release\gmotor\sganimationblock.obj
d:\srcrep\new engine — копия — копия\_release\gmotor\sganimation.obj
d:\srcrep\new engine — копия — копия\_release\gmotor\rsvertex.obj
d:\srcrep\new engine — копия — копия\_release\gmotor\rssettings.obj
d:\srcrep\new engine — копия — копия\_release\gmotor\rsrendersystem.obj
d:\srcrep\new engine — копия — копия\_release\gmotor\sggu16.sbr
d:\srcrep\new engine — копия — копия\_release\gmotor\sglensflare.sbr
d:\srcrep\new engine — копия — копия\_release\gmotor\sglight.sbr
d:\srcrep\new engine — копия — копия\_release\gmotor\sgmodel.sbr
d:\srcrep\new engine — копия — копия\_release\gmotor\sgmorphedgeometry.sbr
d:\srcrep\new engine — копия — копия\_release\gmotor\sgnode.sbr
d:\srcrep\new engine — копия — копия\_release\gmotor\sgnodepool.sbr
d:\srcrep\new engine — копия — копия\_release\gmotor\sgprsanimation.sbr
d:\srcrep\new engine — копия — копия\_release\gmotor\sgreflection.sbr
d:\srcrep\new engine — копия — копия\_release\gmotor\sgroot.sbr
d:\srcrep\new engine — копия — копия\_release\gmotor\sgshader.sbr
d:\srcrep\new engine — копия — копия\_release\gmotor\sgsprite.sbr
d:\srcrep\new engine — копия — копия\_release\gmotor\sgspritemanager.sbr
d:\srcrep\new engine — копия — копия\_release\gmotor\sgstatistics.sbr
d:\srcrep\new engine — копия — копия\_release\gmotor\sgsurfacecache.sbr
d:\srcrep\new engine — копия — копия\_release\gmotor\sgtexture.sbr
d:\srcrep\new engine — копия — копия\_release\gmotor\sgtexturematrix.sbr
d:\srcrep\new engine — копия — копия\_release\gmotor\sgtransform.sbr
d:\srcrep\new engine — копия — копия\_release\gmotor\sgtransformnode.sbr
d:\srcrep\new engine — копия — копия\_release\gmotor\sguvanimation.sbr
d:\srcrep\new engine — копия — копия\_release\gmotor\sguvanimation.obj
d:\srcrep\new engine — копия — копия\_release\gmotor\sgtransformnode.obj
d:\srcrep\new engine — копия — копия\_release\gmotor\sgtransform.obj
d:\srcrep\new engine — копия — копия\_release\gmotor\sgtexturematrix.obj
d:\srcrep\new engine — копия — копия\_release\gmotor\sgtexture.obj
d:\srcrep\new engine — копия — копия\_release\gmotor\sgsurfacecache.obj
d:\srcrep\new engine — копия — копия\_release\gmotor\sgstatistics.obj
d:\srcrep\new engine — копия — копия\_release\gmotor\sgspritemanager.obj
d:\srcrep\new engine — копия — копия\_release\gmotor\sgsprite.obj
d:\srcrep\new engine — копия — копия\_release\gmotor\sgshader.obj
d:\srcrep\new engine — копия — копия\_release\gmotor\sgroot.obj
d:\srcrep\new engine — копия — копия\_release\gmotor\sgreflection.obj
d:\srcrep\new engine — копия — копия\_release\gmotor\sgprsanimation.obj
d:\srcrep\new engine — копия — копия\_release\gmotor\sgnodepool.obj
d:\srcrep\new engine — копия — копия\_release\gmotor\sgnode.obj
d:\srcrep\new engine — копия — копия\_release\gmotor\sgmorphedgeometry.obj
d:\srcrep\new engine — копия — копия\_release\gmotor\sgmodel.obj
d:\srcrep\new engine — копия — копия\_release\gmotor\sglight.obj
d:\srcrep\new engine — копия — копия\_release\gmotor\sglensflare.obj
d:\srcrep\new engine — копия — копия\_release\gmotor\sggu16.obj
d:\srcrep\new engine — копия — копия\_release\gmotor\uialgodebugger.sbr
d:\srcrep\new engine — копия — копия\_release\gmotor\uibutton.sbr
d:\srcrep\new engine — копия — копия\_release\gmotor\uicameratrack.sbr
d:\srcrep\new engine — копия — копия\_release\gmotor\uicheckbox.sbr
d:\srcrep\new engine — копия — копия\_release\gmotor\uicolorpicker.sbr
d:\srcrep\new engine — копия — копия\_release\gmotor\uicombobox.sbr
d:\srcrep\new engine — копия — копия\_release\gmotor\uicontrol.sbr
d:\srcrep\new engine — копия — копия\_release\gmotor\uieditbox.sbr
d:\srcrep\new engine — копия — копия\_release\gmotor\uieffecteditor.sbr
d:\srcrep\new engine — копия — копия\_release\gmotor\uiextendededit.sbr
d:\srcrep\new engine — копия — копия\_release\gmotor\uifloateditbox.sbr
d:\srcrep\new engine — копия — копия\_release\gmotor\uiframewindow.sbr
d:\srcrep\new engine — копия — копия\_release\gmotor\uiinteditbox.sbr
d:\srcrep\new engine — копия — копия\_release\gmotor\uikangaroo.sbr
d:\srcrep\new engine — копия — копия\_release\gmotor\uilabel.sbr
d:\srcrep\new engine — копия — копия\_release\gmotor\uilistbox.sbr
d:\srcrep\new engine — копия — копия\_release\gmotor\uimainframe.sbr
d:\srcrep\new engine — копия — копия\_release\gmotor\uimanipulator.sbr
d:\srcrep\new engine — копия — копия\_release\gmotor\uimayacontroller.sbr
d:\srcrep\new engine — копия — копия\_release\gmotor\uimodelview.sbr
d:\srcrep\new engine — копия — копия\_release\gmotor\uimodelview.obj
d:\srcrep\new engine — копия — копия\_release\gmotor\uimayacontroller.obj
d:\srcrep\new engine — копия — копия\_release\gmotor\uimanipulator.obj
d:\srcrep\new engine — копия — копия\_release\gmotor\uimainframe.obj
d:\srcrep\new engine — копия — копия\_release\gmotor\uilistbox.obj
d:\srcrep\new engine — копия — копия\_release\gmotor\uilabel.obj
d:\srcrep\new engine — копия — копия\_release\gmotor\uikangaroo.obj
d:\srcrep\new engine — копия — копия\_release\gmotor\uiinteditbox.obj
d:\srcrep\new engine — копия — копия\_release\gmotor\uiframewindow.obj
d:\srcrep\new engine — копия — копия\_release\gmotor\uifloateditbox.obj
d:\srcrep\new engine — копия — копия\_release\gmotor\uiextendededit.obj
d:\srcrep\new engine — копия — копия\_release\gmotor\uieffecteditor.obj
d:\srcrep\new engine — копия — копия\_release\gmotor\uieditbox.obj
d:\srcrep\new engine — копия — копия\_release\gmotor\uicontrol.obj
d:\srcrep\new engine — копия — копия\_release\gmotor\uicombobox.obj
d:\srcrep\new engine — копия — копия\_release\gmotor\uicolorpicker.obj
d:\srcrep\new engine — копия — копия\_release\gmotor\uicheckbox.obj
d:\srcrep\new engine — копия — копия\_release\gmotor\uicameratrack.obj
d:\srcrep\new engine — копия — копия\_release\gmotor\uibutton.obj
d:\srcrep\new engine — копия — копия\_release\gmotor\uialgodebugger.obj
d:\srcrep\new engine — копия — копия\_release\gmotor\uinodetree.sbr
d:\srcrep\new engine — копия — копия\_release\gmotor\uinoisepanel.sbr
d:\srcrep\new engine — копия — копия\_release\gmotor\uiobjectinspector.sbr
d:\srcrep\new engine — копия — копия\_release\gmotor\uipalette.sbr
d:\srcrep\new engine — копия — копия\_release\gmotor\uiphysicseditor.sbr
d:\srcrep\new engine — копия — копия\_release\gmotor\uipicture.sbr
d:\srcrep\new engine — копия — копия\_release\gmotor\uiprogress.sbr
d:\srcrep\new engine — копия — копия\_release\gmotor\uipropeditors.sbr
d:\srcrep\new engine — копия — копия\_release\gmotor\uirampedit.sbr
d:\srcrep\new engine — копия — копия\_release\gmotor\uiratchet.sbr
d:\srcrep\new engine — копия — копия\_release\gmotor\uirenderfarm.sbr
d:\srcrep\new engine — копия — копия\_release\gmotor\uiresourcebrowser.sbr
d:\srcrep\new engine — копия — копия\_release\gmotor\uirtscontroller.sbr
d:\srcrep\new engine — копия — копия\_release\gmotor\uisceneeditor.sbr
d:\srcrep\new engine — копия — копия\_release\gmotor\uiscrollbox.sbr
d:\srcrep\new engine — копия — копия\_release\gmotor\uislider.sbr
d:\srcrep\new engine — копия — копия\_release\gmotor\uisystemexplorer.sbr
d:\srcrep\new engine — копия — копия\_release\gmotor\uitrackedit.sbr
d:\srcrep\new engine — копия — копия\_release\gmotor\uitransformtools.sbr
d:\srcrep\new engine — копия — копия\_release\gmotor\uiweightedit.sbr
d:\srcrep\new engine — копия — копия\_release\gmotor\uiweightedit.obj
d:\srcrep\new engine — копия — копия\_release\gmotor\uitransformtools.obj
d:\srcrep\new engine — копия — копия\_release\gmotor\uitrackedit.obj
d:\srcrep\new engine — копия — копия\_release\gmotor\uisystemexplorer.obj
d:\srcrep\new engine — копия — копия\_release\gmotor\uislider.obj
d:\srcrep\new engine — копия — копия\_release\gmotor\uiscrollbox.obj
d:\srcrep\new engine — копия — копия\_release\gmotor\uisceneeditor.obj
d:\srcrep\new engine — копия — копия\_release\gmotor\uirtscontroller.obj
d:\srcrep\new engine — копия — копия\_release\gmotor\uiresourcebrowser.obj
d:\srcrep\new engine — копия — копия\_release\gmotor\uirenderfarm.obj
d:\srcrep\new engine — копия — копия\_release\gmotor\uiratchet.obj
d:\srcrep\new engine — копия — копия\_release\gmotor\uirampedit.obj
d:\srcrep\new engine — копия — копия\_release\gmotor\uipropeditors.obj
d:\srcrep\new engine — копия — копия\_release\gmotor\uiprogress.obj
d:\srcrep\new engine — копия — копия\_release\gmotor\uipicture.obj
d:\srcrep\new engine — копия — копия\_release\gmotor\uiphysicseditor.obj
d:\srcrep\new engine — копия — копия\_release\gmotor\uipalette.obj
d:\srcrep\new engine — копия — копия\_release\gmotor\uiobjectinspector.obj
d:\srcrep\new engine — копия — копия\_release\gmotor\uinoisepanel.obj
d:\srcrep\new engine — копия — копия\_release\gmotor\uinodetree.obj
d:\srcrep\new engine — копия — копия\_release\gmotor\uiwidget.sbr
d:\srcrep\new engine — копия — копия\_release\gmotor\uiwidgeteditor.sbr
d:\srcrep\new engine — копия — копия\_release\gmotor\uiwindow.sbr
d:\srcrep\new engine — копия — копия\_release\gmotor\vbone.sbr
d:\srcrep\new engine — копия — копия\_release\gmotor\vcamera.sbr
d:\srcrep\new engine — копия — копия\_release\gmotor\vcollider.sbr
d:\srcrep\new engine — копия — копия\_release\gmotor\vfield.sbr
d:\srcrep\new engine — копия — копия\_release\gmotor\vfontmanager.sbr
d:\srcrep\new engine — копия — копия\_release\gmotor\vimpostorcache.sbr
d:\srcrep\new engine — копия — копия\_release\gmotor\vmediamanager.sbr
d:\srcrep\new engine — копия — копия\_release\gmotor\vmesh.sbr
d:\srcrep\new engine — копия — копия\_release\gmotor\vmodelinstance.sbr
d:\srcrep\new engine — копия — копия\_release\gmotor\vskincache.sbr
d:\srcrep\new engine — копия — копия\_release\gmotor\vskyrenderer.sbr
d:\srcrep\new engine — копия — копия\_release\gmotor\vstaticterrain.sbr
d:\srcrep\new engine — копия — копия\_release\gmotor\vtreesrenderer.sbr
d:\srcrep\new engine — копия — копия\_release\gmotor\vwater.sbr
d:\srcrep\new engine — копия — копия\_release\gmotor\vwater.obj
d:\srcrep\new engine — копия — копия\_release\gmotor\vtreesrenderer.obj
d:\srcrep\new engine — копия — копия\_release\gmotor\vstaticterrain.obj
d:\srcrep\new engine — копия — копия\_release\gmotor\vskyrenderer.obj
d:\srcrep\new engine — копия — копия\_release\gmotor\vskincache.obj
d:\srcrep\new engine — копия — копия\_release\gmotor\vmodelinstance.obj
d:\srcrep\new engine — копия — копия\_release\gmotor\vmesh.obj
d:\srcrep\new engine — копия — копия\_release\gmotor\vmediamanager.obj
d:\srcrep\new engine — копия — копия\_release\gmotor\vimpostorcache.obj
d:\srcrep\new engine — копия — копия\_release\gmotor\vfontmanager.obj
d:\srcrep\new engine — копия — копия\_release\gmotor\vfield.obj
d:\srcrep\new engine — копия — копия\_release\gmotor\vcollider.obj
d:\srcrep\new engine — копия — копия\_release\gmotor\vcamera.obj
d:\srcrep\new engine — копия — копия\_release\gmotor\vbone.obj
d:\srcrep\new engine — копия — копия\_release\gmotor\uiwindow.obj
d:\srcrep\new engine — копия — копия\_release\gmotor\uiwidgeteditor.obj
d:\srcrep\new engine — копия — копия\_release\gmotor\uiwidget.obj
d:\srcrep\new engine — копия — копия\_release\gmotor\lzo1.sbr
d:\srcrep\new engine — копия — копия\_release\gmotor\lzo1a.sbr
d:\srcrep\new engine — копия — копия\_release\gmotor\lzo1a_99.sbr
d:\srcrep\new engine — копия — копия\_release\gmotor\lzo1b_1.sbr
d:\srcrep\new engine — копия — копия\_release\gmotor\lzo1b_2.sbr
d:\srcrep\new engine — копия — копия\_release\gmotor\lzo1b_3.sbr
d:\srcrep\new engine — копия — копия\_release\gmotor\lzo1b_4.sbr
d:\srcrep\new engine — копия — копия\_release\gmotor\lzo1b_5.sbr
d:\srcrep\new engine — копия — копия\_release\gmotor\lzo1b_6.sbr
d:\srcrep\new engine — копия — копия\_release\gmotor\lzo1b_7.sbr
d:\srcrep\new engine — копия — копия\_release\gmotor\lzo1b_8.sbr
d:\srcrep\new engine — копия — копия\_release\gmotor\lzo1b_9.sbr
d:\srcrep\new engine — копия — копия\_release\gmotor\lzo1b_99.sbr
d:\srcrep\new engine — копия — копия\_release\gmotor\lzo1b_9x.sbr
d:\srcrep\new engine — копия — копия\_release\gmotor\lzo1b_cc.sbr
d:\srcrep\new engine — копия — копия\_release\gmotor\lzo1b_d1.sbr
d:\srcrep\new engine — копия — копия\_release\gmotor\lzo1b_d2.sbr
d:\srcrep\new engine — копия — копия\_release\gmotor\lzo1b_rr.sbr
d:\srcrep\new engine — копия — копия\_release\gmotor\lzo1b_xx.sbr
d:\srcrep\new engine — копия — копия\_release\gmotor\lzo1c_1.sbr
d:\srcrep\new engine — копия — копия\_release\gmotor\lzo1c_1.obj
d:\srcrep\new engine — копия — копия\_release\gmotor\lzo1b_xx.obj
d:\srcrep\new engine — копия — копия\_release\gmotor\lzo1b_rr.obj
d:\srcrep\new engine — копия — копия\_release\gmotor\lzo1b_d2.obj
d:\srcrep\new engine — копия — копия\_release\gmotor\lzo1b_d1.obj
d:\srcrep\new engine — копия — копия\_release\gmotor\lzo1b_cc.obj
d:\srcrep\new engine — копия — копия\_release\gmotor\lzo1b_9x.obj
d:\srcrep\new engine — копия — копия\_release\gmotor\lzo1b_99.obj
d:\srcrep\new engine — копия — копия\_release\gmotor\lzo1b_9.obj
d:\srcrep\new engine — копия — копия\_release\gmotor\lzo1b_8.obj
d:\srcrep\new engine — копия — копия\_release\gmotor\lzo1b_7.obj
d:\srcrep\new engine — копия — копия\_release\gmotor\lzo1b_6.obj
d:\srcrep\new engine — копия — копия\_release\gmotor\lzo1b_5.obj
d:\srcrep\new engine — копия — копия\_release\gmotor\lzo1b_4.obj
d:\srcrep\new engine — копия — копия\_release\gmotor\lzo1b_3.obj
d:\srcrep\new engine — копия — копия\_release\gmotor\lzo1b_2.obj
d:\srcrep\new engine — копия — копия\_release\gmotor\lzo1b_1.obj
d:\srcrep\new engine — копия — копия\_release\gmotor\lzo1a_99.obj
d:\srcrep\new engine — копия — копия\_release\gmotor\lzo1a.obj
d:\srcrep\new engine — копия — копия\_release\gmotor\lzo1.obj
d:\srcrep\new engine — копия — копия\_release\gmotor\lzo1c_2.sbr
d:\srcrep\new engine — копия — копия\_release\gmotor\lzo1c_3.sbr
d:\srcrep\new engine — копия — копия\_release\gmotor\lzo1c_4.sbr
d:\srcrep\new engine — копия — копия\_release\gmotor\lzo1c_5.sbr
d:\srcrep\new engine — копия — копия\_release\gmotor\lzo1c_6.sbr
d:\srcrep\new engine — копия — копия\_release\gmotor\lzo1c_7.sbr
d:\srcrep\new engine — копия — копия\_release\gmotor\lzo1c_8.sbr
d:\srcrep\new engine — копия — копия\_release\gmotor\lzo1c_9.sbr
d:\srcrep\new engine — копия — копия\_release\gmotor\lzo1c_99.sbr
d:\srcrep\new engine — копия — копия\_release\gmotor\lzo1c_9x.sbr
d:\srcrep\new engine — копия — копия\_release\gmotor\lzo1c_cc.sbr
d:\srcrep\new engine — копия — копия\_release\gmotor\lzo1c_d1.sbr
d:\srcrep\new engine — копия — копия\_release\gmotor\lzo1c_d2.sbr
d:\srcrep\new engine — копия — копия\_release\gmotor\lzo1c_rr.sbr
d:\srcrep\new engine — копия — копия\_release\gmotor\lzo1c_xx.sbr
d:\srcrep\new engine — копия — копия\_release\gmotor\lzo1f_1.sbr
d:\srcrep\new engine — копия — копия\_release\gmotor\lzo1f_9x.sbr
d:\srcrep\new engine — копия — копия\_release\gmotor\lzo1f_d1.sbr
d:\srcrep\new engine — копия — копия\_release\gmotor\lzo1f_d2.sbr
d:\srcrep\new engine — копия — копия\_release\gmotor\lzo1x_1.sbr
d:\srcrep\new engine — копия — копия\_release\gmotor\lzo1x_1.obj
d:\srcrep\new engine — копия — копия\_release\gmotor\lzo1f_d2.obj
d:\srcrep\new engine — копия — копия\_release\gmotor\lzo1f_d1.obj
d:\srcrep\new engine — копия — копия\_release\gmotor\lzo1f_9x.obj
d:\srcrep\new engine — копия — копия\_release\gmotor\lzo1f_1.obj
d:\srcrep\new engine — копия — копия\_release\gmotor\lzo1c_xx.obj
d:\srcrep\new engine — копия — копия\_release\gmotor\lzo1c_rr.obj
d:\srcrep\new engine — копия — копия\_release\gmotor\lzo1c_d2.obj
d:\srcrep\new engine — копия — копия\_release\gmotor\lzo1c_d1.obj
d:\srcrep\new engine — копия — копия\_release\gmotor\lzo1c_cc.obj
d:\srcrep\new engine — копия — копия\_release\gmotor\lzo1c_9x.obj
d:\srcrep\new engine — копия — копия\_release\gmotor\lzo1c_99.obj
d:\srcrep\new engine — копия — копия\_release\gmotor\lzo1c_9.obj
d:\srcrep\new engine — копия — копия\_release\gmotor\lzo1c_8.obj
d:\srcrep\new engine — копия — копия\_release\gmotor\lzo1c_7.obj
d:\srcrep\new engine — копия — копия\_release\gmotor\lzo1c_6.obj
d:\srcrep\new engine — копия — копия\_release\gmotor\lzo1c_5.obj
d:\srcrep\new engine — копия — копия\_release\gmotor\lzo1c_4.obj
d:\srcrep\new engine — копия — копия\_release\gmotor\lzo1c_3.obj
d:\srcrep\new engine — копия — копия\_release\gmotor\lzo1c_2.obj
d:\srcrep\new engine — копия — копия\_release\gmotor\lzo1x_1k.sbr
d:\srcrep\new engine — копия — копия\_release\gmotor\lzo1x_1l.sbr
d:\srcrep\new engine — копия — копия\_release\gmotor\lzo1x_1o.sbr
d:\srcrep\new engine — копия — копия\_release\gmotor\lzo1x_9x.sbr
d:\srcrep\new engine — копия — копия\_release\gmotor\lzo1x_d1.sbr
d:\srcrep\new engine — копия — копия\_release\gmotor\lzo1x_d2.sbr
d:\srcrep\new engine — копия — копия\_release\gmotor\lzo1x_d3.sbr
d:\srcrep\new engine — копия — копия\_release\gmotor\lzo1x_o.sbr
d:\srcrep\new engine — копия — копия\_release\gmotor\lzo1y_1.sbr
d:\srcrep\new engine — копия — копия\_release\gmotor\lzo1y_9x.sbr
d:\srcrep\new engine — копия — копия\_release\gmotor\lzo1y_d1.sbr
d:\srcrep\new engine — копия — копия\_release\gmotor\lzo1y_d2.sbr
d:\srcrep\new engine — копия — копия\_release\gmotor\lzo1y_d3.sbr
d:\srcrep\new engine — копия — копия\_release\gmotor\lzo1y_o.sbr
d:\srcrep\new engine — копия — копия\_release\gmotor\lzo1z_9x.sbr
d:\srcrep\new engine — копия — копия\_release\gmotor\lzo1z_d1.sbr
d:\srcrep\new engine — копия — копия\_release\gmotor\lzo1z_d2.sbr
d:\srcrep\new engine — копия — копия\_release\gmotor\lzo1z_d3.sbr
d:\srcrep\new engine — копия — копия\_release\gmotor\lzo1_99.sbr
d:\srcrep\new engine — копия — копия\_release\gmotor\lzo2a_9x.sbr
d:\srcrep\new engine — копия — копия\_release\gmotor\lzo2a_9x.obj
d:\srcrep\new engine — копия — копия\_release\gmotor\lzo1_99.obj
d:\srcrep\new engine — копия — копия\_release\gmotor\lzo1z_d3.obj
d:\srcrep\new engine — копия — копия\_release\gmotor\lzo1z_d2.obj
d:\srcrep\new engine — копия — копия\_release\gmotor\lzo1z_d1.obj
d:\srcrep\new engine — копия — копия\_release\gmotor\lzo1z_9x.obj
d:\srcrep\new engine — копия — копия\_release\gmotor\lzo1y_o.obj
d:\srcrep\new engine — копия — копия\_release\gmotor\lzo1y_d3.obj
d:\srcrep\new engine — копия — копия\_release\gmotor\lzo1y_d2.obj
d:\srcrep\new engine — копия — копия\_release\gmotor\lzo1y_d1.obj
d:\srcrep\new engine — копия — копия\_release\gmotor\lzo1y_9x.obj
d:\srcrep\new engine — копия — копия\_release\gmotor\lzo1y_1.obj
d:\srcrep\new engine — копия — копия\_release\gmotor\lzo1x_o.obj
d:\srcrep\new engine — копия — копия\_release\gmotor\lzo1x_d3.obj
d:\srcrep\new engine — копия — копия\_release\gmotor\lzo1x_d2.obj
d:\srcrep\new engine — копия — копия\_release\gmotor\lzo1x_d1.obj
d:\srcrep\new engine — копия — копия\_release\gmotor\lzo1x_9x.obj
d:\srcrep\new engine — копия — копия\_release\gmotor\lzo1x_1o.obj
d:\srcrep\new engine — копия — копия\_release\gmotor\lzo1x_1l.obj
d:\srcrep\new engine — копия — копия\_release\gmotor\lzo1x_1k.obj
d:\srcrep\new engine — копия — копия\_release\gmotor\lzo2a_d1.sbr
d:\srcrep\new engine — копия — копия\_release\gmotor\lzo2a_d2.sbr
d:\srcrep\new engine — копия — копия\_release\gmotor\lzo_crc.sbr
d:\srcrep\new engine — копия — копия\_release\gmotor\lzo_init.sbr
d:\srcrep\new engine — копия — копия\_release\gmotor\lzo_ptr.sbr
d:\srcrep\new engine — копия — копия\_release\gmotor\lzo_str.sbr
d:\srcrep\new engine — копия — копия\_release\gmotor\lzo_util.sbr
d:\srcrep\new engine — копия — копия\_release\gmotor\lzo_util.obj
d:\srcrep\new engine — копия — копия\_release\gmotor\lzo_str.obj
d:\srcrep\new engine — копия — копия\_release\gmotor\lzo_ptr.obj
d:\srcrep\new engine — копия — копия\_release\gmotor\lzo_init.obj
d:\srcrep\new engine — копия — копия\_release\gmotor\lzo_crc.obj
d:\srcrep\new engine — копия — копия\_release\gmotor\lzo2a_d2.obj
d:\srcrep\new engine — копия — копия\_release\gmotor\lzo2a_d1.obj
d:\srcrep\new engine — копия — копия\_release\gmotor\sgeffect.sbr
d:\srcrep\new engine — копия — копия\_release\gmotor\vshadowmanager.sbr
d:\srcrep\new engine — копия — копия\_release\gmotor\vshadowmanager.obj
d:\srcrep\new engine — копия — копия\_release\gmotor\sgeffect.obj
d:\srcrep\new engine — копия — копия\_release\gmotor\uimodeleditor.sbr
d:\srcrep\new engine — копия — копия\_release\gmotor\uimodeleditor.obj
d:\srcrep\new engine — копия — копия\_release\gmotor\vskin.sbr
d:\srcrep\new engine — копия — копия\_release\gmotor\vskin.obj
d:\srcrep\new engine — копия — копия\_release\gmotor\vterrainrenderer.sbr
d:\srcrep\new engine — копия — копия\_release\gmotor\vterrainrenderer.obj
d:\srcrep\new engine — копия — копия\lib_release\gmotorr.lib
d:\srcrep\new engine — копия — копия\_release\gmotor\.\../../_release/gmotor\gmotor.pdb
d:\srcrep\new engine — копия — копия\_release\gmotor\.\../../_release/gmotor\gmotor.bsc
d:\srcrep\new engine — копия — копия\_release\gmotor\.\../../_release/gmotor\gmotor.vcxproj.filelistabsolute.txt
d:\srcrep\new engine — копия — копия\_release\gmotor\gmotor.tlog\bscmake.command.1.tlog
d:\srcrep\new engine — копия — копия\_release\gmotor\gmotor.tlog\bscmake.read.1.tlog
d:\srcrep\new engine — копия — копия\_release\gmotor\gmotor.tlog\bscmake.write.1.tlog
d:\srcrep\new engine — копия — копия\_release\gmotor\gmotor.tlog\cl.command.1.tlog
d:\srcrep\new engine — копия — копия\_release\gmotor\gmotor.tlog\cl.read.1.tlog
d:\srcrep\new engine — копия — копия\_release\gmotor\gmotor.tlog\cl.write.1.tlog
d:\srcrep\new engine — копия — копия\_release\gmotor\gmotor.tlog\lib-link.read.1.tlog
d:\srcrep\new engine — копия — копия\_release\gmotor\gmotor.tlog\lib-link.write.1.tlog
d:\srcrep\new engine — копия — копия\_release\gmotor\gmotor.tlog\lib.command.1.tlog
