  array.cpp
  collision_kernel.cpp
  collision_quadtreespace.cpp
  collision_space.cpp
  collision_std.cpp
  collision_transform.cpp
  collision_trimesh.cpp
  Using OPCODE
  Compiling on Windows...
  Compiling with VC++...
  collision_trimesh_box.cpp
  Using OPCODE
  Compiling on Windows...
  Compiling with VC++...
  collision_trimesh_ccylinder.cpp
  Using OPCODE
  Compiling on Windows...
  Compiling with VC++...
  collision_trimesh_distance.cpp
  Using OPCODE
  Compiling on Windows...
  Compiling with VC++...
  collision_trimesh_ray.cpp
  Using OPCODE
  Compiling on Windows...
  Compiling with VC++...
  collision_trimesh_sphere.cpp
  Using OPCODE
  Compiling on Windows...
  Compiling with VC++...
  collision_trimesh_trimesh.cpp
  Using OPCODE
  Compiling on Windows...
  Compiling with VC++...
  collision_util.cpp
  dCylinder.cpp
  error.cpp
D:\SrcRep\NEW ENGINE — копия — копия\3dlib\ode\ode\src\error.cpp(131,5): warning C4996: 'sprintf': This function or variable may be unsafe. Consider using sprintf_s instead. To disable deprecation, use _CRT_SECURE_NO_WARNINGS. See online help for details.
D:\SrcRep\NEW ENGINE — копия — копия\3dlib\ode\ode\src\error.cpp(132,5): warning C4996: 'vsprintf': This function or variable may be unsafe. Consider using vsprintf_s instead. To disable deprecation, use _CRT_SECURE_NO_WARNINGS. See online help for details.
D:\SrcRep\NEW ENGINE — копия — копия\3dlib\ode\ode\src\error.cpp(147,5): warning C4996: 'sprintf': This function or variable may be unsafe. Consider using sprintf_s instead. To disable deprecation, use _CRT_SECURE_NO_WARNINGS. See online help for details.
D:\SrcRep\NEW ENGINE — копия — копия\3dlib\ode\ode\src\error.cpp(148,5): warning C4996: 'vsprintf': This function or variable may be unsafe. Consider using vsprintf_s instead. To disable deprecation, use _CRT_SECURE_NO_WARNINGS. See online help for details.
  export-dif.cpp
  joint.cpp
  lcp.cpp
  mass.cpp
  Создание кода...
  Компиляция...
  mat.cpp
  matrix.cpp
  memory.cpp
  misc.cpp
  obstack.cpp
  ode.cpp
  odemath.cpp
  quickstep.cpp
D:\SrcRep\NEW ENGINE — копия — копия\3dlib\ode\ode\src\quickstep.cpp(130,38): warning C4305: *=: усечение из "double" в "dReal"
  rotation.cpp
  step.cpp
  stepfast.cpp
  timer.cpp
  util.cpp
  Создание кода...
  fastdot.c
  fastldlt.c
  fastlsolve.c
  fastltsolve.c
  Создание кода...
C:\Program Files\Microsoft Visual Studio\2022\Community\MSBuild\Microsoft\VC\v170\Microsoft.CppBuild.targets(1573,5): warning MSB8012: TargetPath(D:\SrcRep\NEW ENGINE — копия — копия\_debug\ode\ode.lib) не соответствует значению свойства выходного файла (D:\SrcRep\NEW ENGINE — копия — копия\lib\ode.lib) для Library. Это может привести к неправильной сборке проекта. Чтобы исправить это, убедитесь, что значения свойств $(OutDir), $(TargetName) и $(TargetExt) соответствуют значению, указанному в %(Lib.OutputFile).
  Ode.vcxproj -> D:\SrcRep\NEW ENGINE — копия — копия\_debug\ode\ode.lib
