d:\ilya\projects\games\hoae\evolution\engine\hoae_evolution_engine\_debug\ichat.pch
d:\ilya\projects\games\hoae\evolution\engine\hoae_evolution_engine\_debug\vc143.pdb
d:\ilya\projects\games\hoae\evolution\engine\hoae_evolution_engine\_debug\vc143.idb
d:\ilya\projects\games\hoae\evolution\engine\hoae_evolution_engine\_debug\stdafx.obj
d:\ilya\projects\games\hoae\evolution\engine\hoae_evolution_engine\_debug\ichat.obj
d:\ilya\projects\games\hoae\evolution\engine\hoae_evolution_engine\_debug\gsc_chatwindow.obj
d:\ilya\projects\games\hoae\evolution\engine\hoae_evolution_engine\_debug\cs_chat.obj
d:\ilya\projects\games\hoae\evolution\engine\hoae_evolution_engine\_debug\parserq.obj
d:\ilya\projects\games\hoae\evolution\engine\hoae_evolution_engine\_debug\nonport.obj
d:\ilya\projects\games\hoae\evolution\engine\hoae_evolution_engine\_debug\md5c.obj
d:\ilya\projects\games\hoae\evolution\engine\hoae_evolution_engine\_debug\hashtable.obj
d:\ilya\projects\games\hoae\evolution\engine\hoae_evolution_engine\_debug\darray.obj
d:\ilya\projects\games\hoae\evolution\engine\hoae_evolution_engine\_debug\chatsocket.obj
d:\ilya\projects\games\hoae\evolution\engine\hoae_evolution_engine\_debug\chatmain.obj
d:\ilya\projects\games\hoae\evolution\engine\hoae_evolution_engine\_debug\chathandlers.obj
d:\ilya\projects\games\hoae\evolution\engine\hoae_evolution_engine\_debug\chatchannel.obj
d:\ilya\projects\games\hoae\evolution\engine\hoae_evolution_engine\_debug\chatcallbacks.obj
d:\ilya\projects\games\hoae\evolution\engine\hoae_evolution_engine\ichat\fastdebug checksync\ichat.tlog\cl.command.1.tlog
d:\ilya\projects\games\hoae\evolution\engine\hoae_evolution_engine\ichat\fastdebug checksync\ichat.tlog\cl.read.1.tlog
d:\ilya\projects\games\hoae\evolution\engine\hoae_evolution_engine\ichat\fastdebug checksync\ichat.tlog\cl.write.1.tlog
d:\ilya\projects\games\hoae\evolution\engine\hoae_evolution_engine\ichat\fastdebug checksync\ichat.tlog\link.command.1.tlog
d:\ilya\projects\games\hoae\evolution\engine\hoae_evolution_engine\ichat\fastdebug checksync\ichat.tlog\link.read.1.tlog
d:\ilya\projects\games\hoae\evolution\engine\hoae_evolution_engine\ichat\fastdebug checksync\ichat.tlog\link.write.1.tlog
