d:\srcrep\new engine — копия — копия\_debug\boost\boost.pdb
d:\srcrep\new engine — копия — копия\_debug\boost\boost.idb
d:\srcrep\new engine — копия — копия\_debug\boost\convenience.obj
d:\srcrep\new engine — копия — копия\_debug\boost\exception.obj
d:\srcrep\new engine — копия — копия\_debug\boost\operations_posix_windows.obj
d:\srcrep\new engine — копия — копия\_debug\boost\path_posix_windows.obj
d:\srcrep\new engine — копия — копия\_debug\boost\connection.obj
d:\srcrep\new engine — копия — копия\_debug\boost\named_slot_map.obj
d:\srcrep\new engine — копия — копия\_debug\boost\signal_base.obj
d:\srcrep\new engine — копия — копия\_debug\boost\slot.obj
d:\srcrep\new engine — копия — копия\_debug\boost\trackable.obj
d:\srcrep\new engine — копия — копия\lib\boost.lib
d:\srcrep\new engine — копия — копия\_debug\boost\.\../../_debug/boost\boost.pdb
d:\srcrep\new engine — копия — копия\_debug\boost\.\../../_debug/boost\boost.vcxproj.filelistabsolute.txt
d:\srcrep\new engine — копия — копия\_debug\boost\boost.tlog\cl.command.1.tlog
d:\srcrep\new engine — копия — копия\_debug\boost\boost.tlog\cl.read.1.tlog
d:\srcrep\new engine — копия — копия\_debug\boost\boost.tlog\cl.write.1.tlog
d:\srcrep\new engine — копия — копия\_debug\boost\boost.tlog\lib-link.read.1.tlog
d:\srcrep\new engine — копия — копия\_debug\boost\boost.tlog\lib-link.write.1.tlog
d:\srcrep\new engine — копия — копия\_debug\boost\boost.tlog\lib.command.1.tlog
