  CommBroadcast.cpp
D:\SrcRep\NEW ENGINE — копия — копия\CommCore\CommBroadcast.cpp(15,27): warning C4996: 'inet_addr': Use inet_pton() or InetPton() instead or define _WINSOCK_DEPRECATED_NO_WARNINGS to disable deprecated API warnings
D:\SrcRep\NEW ENGINE — копия — копия\CommCore\CommBroadcast.cpp(81,5): warning C4996: 'strcpy': This function or variable may be unsafe. Consider using strcpy_s instead. To disable deprecation, use _CRT_SECURE_NO_WARNINGS. See online help for details.
D:\SrcRep\NEW ENGINE — копия — копия\CommCore\CommBroadcast.cpp(82,5): warning C4996: 'strcpy': This function or variable may be unsafe. Consider using strcpy_s instead. To disable deprecation, use _CRT_SECURE_NO_WARNINGS. See online help for details.
D:\SrcRep\NEW ENGINE — копия — копия\CommCore\CommBroadcast.cpp(110,5): warning C4996: 'strcpy': This function or variable may be unsafe. Consider using strcpy_s instead. To disable deprecation, use _CRT_SECURE_NO_WARNINGS. See online help for details.
D:\SrcRep\NEW ENGINE — копия — копия\CommCore\CommBroadcast.cpp(111,5): warning C4996: 'strcpy': This function or variable may be unsafe. Consider using strcpy_s instead. To disable deprecation, use _CRT_SECURE_NO_WARNINGS. See online help for details.
D:\SrcRep\NEW ENGINE — копия — копия\CommCore\CommBroadcast.cpp(112,5): warning C4996: 'strcpy': This function or variable may be unsafe. Consider using strcpy_s instead. To disable deprecation, use _CRT_SECURE_NO_WARNINGS. See online help for details.
  CommCore.cpp
D:\SrcRep\NEW ENGINE — копия — копия\CommCore\CommCore.cpp(11,2): warning C4996: 'strcpy': This function or variable may be unsafe. Consider using strcpy_s instead. To disable deprecation, use _CRT_SECURE_NO_WARNINGS. See online help for details.
D:\SrcRep\NEW ENGINE — копия — копия\CommCore\CommCore.cpp(38,2): warning C4996: 'strcpy': This function or variable may be unsafe. Consider using strcpy_s instead. To disable deprecation, use _CRT_SECURE_NO_WARNINGS. See online help for details.
D:\SrcRep\NEW ENGINE — копия — копия\CommCore\CommCore.cpp(51,3): warning C4996: 'strcpy': This function or variable may be unsafe. Consider using strcpy_s instead. To disable deprecation, use _CRT_SECURE_NO_WARNINGS. See online help for details.
D:\SrcRep\NEW ENGINE — копия — копия\CommCore\CommCore.cpp(59,3): warning C4996: 'strcpy': This function or variable may be unsafe. Consider using strcpy_s instead. To disable deprecation, use _CRT_SECURE_NO_WARNINGS. See online help for details.
D:\SrcRep\NEW ENGINE — копия — копия\CommCore\CommCore.cpp(295,2): warning C4996: 'strcpy': This function or variable may be unsafe. Consider using strcpy_s instead. To disable deprecation, use _CRT_SECURE_NO_WARNINGS. See online help for details.
D:\SrcRep\NEW ENGINE — копия — копия\CommCore\CommCore.cpp(373,2): warning C4996: 'sprintf': This function or variable may be unsafe. Consider using sprintf_s instead. To disable deprecation, use _CRT_SECURE_NO_WARNINGS. See online help for details.
D:\SrcRep\NEW ENGINE — копия — копия\CommCore\CommCore.cpp(377,2): warning C4996: 'strcpy': This function or variable may be unsafe. Consider using strcpy_s instead. To disable deprecation, use _CRT_SECURE_NO_WARNINGS. See online help for details.
D:\SrcRep\NEW ENGINE — копия — копия\CommCore\CommCore.cpp(412,2): warning C4996: 'strcpy': This function or variable may be unsafe. Consider using strcpy_s instead. To disable deprecation, use _CRT_SECURE_NO_WARNINGS. See online help for details.
D:\SrcRep\NEW ENGINE — копия — копия\CommCore\CommCore.cpp(427,2): warning C4996: 'strcpy': This function or variable may be unsafe. Consider using strcpy_s instead. To disable deprecation, use _CRT_SECURE_NO_WARNINGS. See online help for details.
D:\SrcRep\NEW ENGINE — копия — копия\CommCore\CommCore.cpp(506,3): warning C4996: 'strcpy': This function or variable may be unsafe. Consider using strcpy_s instead. To disable deprecation, use _CRT_SECURE_NO_WARNINGS. See online help for details.
  CommInet.cpp
D:\SrcRep\NEW ENGINE — копия — копия\CommCore\CommInet.cpp(38,11): warning C4996: 'gethostbyname': Use getaddrinfo() or GetAddrInfoW() instead or define _WINSOCK_DEPRECATED_NO_WARNINGS to disable deprecated API warnings
D:\SrcRep\NEW ENGINE — копия — копия\CommCore\CommInet.cpp(73,2): warning C4996: 'sprintf': This function or variable may be unsafe. Consider using sprintf_s instead. To disable deprecation, use _CRT_SECURE_NO_WARNINGS. See online help for details.
  CommInit.cpp
D:\SrcRep\NEW ENGINE — копия — копия\CommCore\CommInit.cpp(44,22): warning C4996: 'inet_addr': Use inet_pton() or InetPton() instead or define _WINSOCK_DEPRECATED_NO_WARNINGS to disable deprecated API warnings
D:\SrcRep\NEW ENGINE — копия — копия\CommCore\CommInit.cpp(91,2): warning C4996: 'strcpy': This function or variable may be unsafe. Consider using strcpy_s instead. To disable deprecation, use _CRT_SECURE_NO_WARNINGS. See online help for details.
D:\SrcRep\NEW ENGINE — копия — копия\CommCore\CommInit.cpp(118,3): warning C4996: 'strcat': This function or variable may be unsafe. Consider using strcat_s instead. To disable deprecation, use _CRT_SECURE_NO_WARNINGS. See online help for details.
D:\SrcRep\NEW ENGINE — копия — копия\CommCore\CommInit.cpp(120,18): warning C4996: 'fopen': This function or variable may be unsafe. Consider using fopen_s instead. To disable deprecation, use _CRT_SECURE_NO_WARNINGS. See online help for details.
D:\SrcRep\NEW ENGINE — копия — копия\CommCore\CommInit.cpp(177,2): warning C4996: 'strcpy': This function or variable may be unsafe. Consider using strcpy_s instead. To disable deprecation, use _CRT_SECURE_NO_WARNINGS. See online help for details.
D:\SrcRep\NEW ENGINE — копия — копия\CommCore\CommInit.cpp(178,2): warning C4996: 'strcpy': This function or variable may be unsafe. Consider using strcpy_s instead. To disable deprecation, use _CRT_SECURE_NO_WARNINGS. See online help for details.
D:\SrcRep\NEW ENGINE — копия — копия\CommCore\CommInit.cpp(240,23): warning C4244: =: преобразование "u_short" в "u_char", возможна потеря данных
D:\SrcRep\NEW ENGINE — копия — копия\CommCore\CommInit.cpp(200,2): warning C4996: 'strcpy': This function or variable may be unsafe. Consider using strcpy_s instead. To disable deprecation, use _CRT_SECURE_NO_WARNINGS. See online help for details.
D:\SrcRep\NEW ENGINE — копия — копия\CommCore\CommInit.cpp(218,29): warning C4996: 'inet_addr': Use inet_pton() or InetPton() instead or define _WINSOCK_DEPRECATED_NO_WARNINGS to disable deprecated API warnings
D:\SrcRep\NEW ENGINE — копия — копия\CommCore\CommInit.cpp(222,22): warning C4996: 'gethostbyname': Use getaddrinfo() or GetAddrInfoW() instead or define _WINSOCK_DEPRECATED_NO_WARNINGS to disable deprecated API warnings
D:\SrcRep\NEW ENGINE — копия — копия\CommCore\CommInit.cpp(248,3): warning C4996: 'strcat': This function or variable may be unsafe. Consider using strcat_s instead. To disable deprecation, use _CRT_SECURE_NO_WARNINGS. See online help for details.
D:\SrcRep\NEW ENGINE — копия — копия\CommCore\CommInit.cpp(251,18): warning C4996: 'fopen': This function or variable may be unsafe. Consider using fopen_s instead. To disable deprecation, use _CRT_SECURE_NO_WARNINGS. See online help for details.
D:\SrcRep\NEW ENGINE — копия — копия\CommCore\CommInit.cpp(288,27): warning C4996: 'inet_addr': Use inet_pton() or InetPton() instead or define _WINSOCK_DEPRECATED_NO_WARNINGS to disable deprecated API warnings
D:\SrcRep\NEW ENGINE — копия — копия\CommCore\CommInit.cpp(382,4): warning C4996: 'strcpy': This function or variable may be unsafe. Consider using strcpy_s instead. To disable deprecation, use _CRT_SECURE_NO_WARNINGS. See online help for details.
D:\SrcRep\NEW ENGINE — копия — копия\CommCore\CommInit.cpp(396,27): warning C4996: 'inet_addr': Use inet_pton() or InetPton() instead or define _WINSOCK_DEPRECATED_NO_WARNINGS to disable deprecated API warnings
D:\SrcRep\NEW ENGINE — копия — копия\CommCore\CommInit.cpp(431,2): warning C4996: 'strcpy': This function or variable may be unsafe. Consider using strcpy_s instead. To disable deprecation, use _CRT_SECURE_NO_WARNINGS. See online help for details.
D:\SrcRep\NEW ENGINE — копия — копия\CommCore\CommInit.cpp(443,2): warning C4996: 'strcpy': This function or variable may be unsafe. Consider using strcpy_s instead. To disable deprecation, use _CRT_SECURE_NO_WARNINGS. See online help for details.
D:\SrcRep\NEW ENGINE — копия — копия\CommCore\CommInit.cpp(446,22): warning C4996: 'inet_addr': Use inet_pton() or InetPton() instead or define _WINSOCK_DEPRECATED_NO_WARNINGS to disable deprecated API warnings
  CommPeers.cpp
  CommQueue.cpp
  CommRaw.cpp
  CommRecv.cpp
D:\SrcRep\NEW ENGINE — копия — копия\CommCore\CommRecv.cpp(243,4): warning C4996: 'strcpy': This function or variable may be unsafe. Consider using strcpy_s instead. To disable deprecation, use _CRT_SECURE_NO_WARNINGS. See online help for details.
D:\SrcRep\NEW ENGINE — копия — копия\CommCore\CommRecv.cpp(282,4): warning C4996: 'strcpy': This function or variable may be unsafe. Consider using strcpy_s instead. To disable deprecation, use _CRT_SECURE_NO_WARNINGS. See online help for details.
D:\SrcRep\NEW ENGINE — копия — копия\CommCore\CommRecv.cpp(350,4): warning C4996: 'strcpy': This function or variable may be unsafe. Consider using strcpy_s instead. To disable deprecation, use _CRT_SECURE_NO_WARNINGS. See online help for details.
D:\SrcRep\NEW ENGINE — копия — копия\CommCore\CommRecv.cpp(391,4): warning C4996: 'strcpy': This function or variable may be unsafe. Consider using strcpy_s instead. To disable deprecation, use _CRT_SECURE_NO_WARNINGS. See online help for details.
  CommServerList.cpp
D:\SrcRep\NEW ENGINE — копия — копия\CommCore\CommServerList.cpp(28,2): warning C4996: 'strcpy': This function or variable may be unsafe. Consider using strcpy_s instead. To disable deprecation, use _CRT_SECURE_NO_WARNINGS. See online help for details.
D:\SrcRep\NEW ENGINE — копия — копия\CommCore\CommServerList.cpp(81,2): warning C4996: 'strcpy': This function or variable may be unsafe. Consider using strcpy_s instead. To disable deprecation, use _CRT_SECURE_NO_WARNINGS. See online help for details.
  Создание кода...
C:\Program Files\Microsoft Visual Studio\2022\Community\MSBuild\Microsoft\VC\v170\Microsoft.CppBuild.targets(1573,5): warning MSB8012: TargetPath(D:\SrcRep\NEW ENGINE — копия — копия\_debug\CommCore\CommCore.lib) не соответствует значению свойства выходного файла (D:\SrcRep\NEW ENGINE — копия — копия\lib\CommCore.lib) для Library. Это может привести к неправильной сборке проекта. Чтобы исправить это, убедитесь, что значения свойств $(OutDir), $(TargetName) и $(TargetExt) соответствуют значению, указанному в %(Lib.OutputFile).
  CommCore.vcxproj -> D:\SrcRep\NEW ENGINE — копия — копия\_debug\CommCore\CommCore.lib
