d:\srcrep\hoaer\_release\grenderdx9\grender.pch
d:\srcrep\hoaer\_release\grenderdx9\grender.pdb
d:\srcrep\hoaer\_release\grenderdx9\grenderpch.obj
d:\srcrep\hoaer\_release\grenderdx9\dxutil.obj
d:\srcrep\hoaer\_release\grenderdx9\d3dvertexbuffer.obj
d:\srcrep\hoaer\_release\grenderdx9\d3dutil.obj
d:\srcrep\hoaer\_release\grenderdx9\d3dshaderfx.obj
d:\srcrep\hoaer\_release\grenderdx9\d3dsettings.obj
d:\srcrep\hoaer\_release\grenderdx9\d3dpicture.obj
d:\srcrep\hoaer\_release\grenderdx9\d3dindexbuffer.obj
d:\srcrep\hoaer\_release\grenderdx9\d3dfont.obj
d:\srcrep\hoaer\_release\grenderdx9\d3denumeration.obj
d:\srcrep\hoaer\_release\grenderdx9\d3dadapt.obj
d:\srcrep\hoaer\_release\grenderdx9\d3dapp.obj
d:\srcrep\hoaer\_release\grenderdx9\d3drender.obj
d:\srcrep\hoaer\_release\grenderdx9\d3dtexture.obj
d:\srcrep\hoaer\lib_release\grenderdx9r.lib
d:\srcrep\hoaer\_release\grenderdx9\grenderdx9.res
d:\srcrep\hoaer\_release\grenderdx9\../../_release/grenderdx9\grender.pdb
d:\srcrep\hoaer\_release\grenderdx9\../../_release/grenderdx9\grenderdx9.vcxproj.filelistabsolute.txt
d:\srcrep\hoaer\_release\grenderdx9\grender.tlog\cl.command.1.tlog
d:\srcrep\hoaer\_release\grenderdx9\grender.tlog\cl.read.1.tlog
d:\srcrep\hoaer\_release\grenderdx9\grender.tlog\cl.write.1.tlog
d:\srcrep\hoaer\_release\grenderdx9\grender.tlog\lib-link-cvtres.read.1.tlog
d:\srcrep\hoaer\_release\grenderdx9\grender.tlog\lib-link-cvtres.write.1.tlog
d:\srcrep\hoaer\_release\grenderdx9\grender.tlog\lib.command.1.tlog
d:\srcrep\hoaer\_release\grenderdx9\grender.tlog\rc.command.1.tlog
d:\srcrep\hoaer\_release\grenderdx9\grender.tlog\rc.read.1.tlog
d:\srcrep\hoaer\_release\grenderdx9\grender.tlog\rc.write.1.tlog
