  FnDefine.cpp
D:\SrcRep\NEW ENGINE — копия — копия\COSSACKS2\newmemory.h(10,21): warning C4595: "operator new": не допускается встроенное объявление функций Operator new или Operator delete, не являющихся членами
D:\SrcRep\NEW ENGINE — копия — копия\COSSACKS2\newmemory.h(14,21): warning C4595: "operator new[]": не допускается встроенное объявление функций Operator new или Operator delete, не являющихся членами
D:\SrcRep\NEW ENGINE — копия — копия\COSSACKS2\newmemory.h(19,21): warning C4595: "operator delete": не допускается встроенное объявление функций Operator new или Operator delete, не являющихся членами
D:\SrcRep\NEW ENGINE — копия — копия\COSSACKS2\newmemory.h(23,21): warning C4595: "operator delete[]": не допускается встроенное объявление функций Operator new или Operator delete, не являющихся членами
D:\SrcRep\NEW ENGINE — копия — копия\COSSACKS2\GP_Draw.h(251,9): warning C4161: #pragma pack(pop...): число извлечений из стека превышает число занесений
D:\SrcRep\NEW ENGINE — копия — копия\ClassEngine\pool.h(10,18): warning C4251: std_OnePoolType::Pool: class "DynArray<BYTE *,15>" должен иметь dll-интерфейс для использования клиентами class "std_OnePoolType"
D:\SrcRep\NEW ENGINE — копия — копия\ClassEngine\pool.h(10): message : см. объявление "DynArray<BYTE *,15>"
D:\SrcRep\NEW ENGINE — копия — копия\ClassEngine\pool.h(11,18): warning C4251: std_OnePoolType::FreeList: class "DynArray<BYTE *,15>" должен иметь dll-интерфейс для использования клиентами class "std_OnePoolType"
D:\SrcRep\NEW ENGINE — копия — копия\ClassEngine\pool.h(10): message : см. объявление "DynArray<BYTE *,15>"
D:\SrcRep\NEW ENGINE — копия — копия\ClassEngine\xmlQuote.h(66,22): warning C4251: xmlQuote::SubQuotes: class "DynArray<xmlQuote *,15>" должен иметь dll-интерфейс для использования клиентами class "xmlQuote"
D:\SrcRep\NEW ENGINE — копия — копия\ClassEngine\xmlQuote.h(66): message : см. объявление "DynArray<xmlQuote *,15>"
D:\SrcRep\NEW ENGINE — копия — копия\ClassEngine\xmlQuote.h(69,24): warning C4251: xmlQuote::m_attribute: class "DynArray<CAttribute *,15>" должен иметь dll-интерфейс для использования клиентами class "xmlQuote"
D:\SrcRep\NEW ENGINE — копия — копия\ClassEngine\xmlQuote.h(69): message : см. объявление "DynArray<CAttribute *,15>"
D:\SrcRep\NEW ENGINE — копия — копия\COSSACKS2\Megapolis.h(249,10): error C2065: ABILS: необъявленный идентификатор
D:\SrcRep\NEW ENGINE — копия — копия\COSSACKS2\Megapolis.h(250,9): error C2065: ABILS: необъявленный идентификатор
D:\SrcRep\NEW ENGINE — копия — копия\COSSACKS2\Megapolis.h(252,12): error C2065: ABILS: необъявленный идентификатор
D:\SrcRep\NEW ENGINE — копия — копия\COSSACKS2\Megapolis.h(253,23): error C2065: ABILS: необъявленный идентификатор
D:\SrcRep\NEW ENGINE — копия — копия\COSSACKS2\Megapolis.h(255,12): error C2065: ABILS: необъявленный идентификатор
D:\SrcRep\NEW ENGINE — копия — копия\COSSACKS2\Megapolis.h(256,11): error C2065: ABILS: необъявленный идентификатор
D:\SrcRep\NEW ENGINE — копия — копия\COSSACKS2\vui_Action.h(55,19): warning C4193: #pragma warning(pop): нет парной "#pragma warning(push)"
D:\SrcRep\NEW ENGINE — копия — копия\COSSACKS2\Dialogs.h(238,66): warning C4275: class "ReferableBaseClassWithSource", не являющийся dll-интерфейсом, использован в качестве базового для dll-интерфейса class "ParentFrame"
D:\SrcRep\NEW ENGINE — копия — копия\ClassEngine\ClassEngine.h(796): message : см. объявление "ReferableBaseClassWithSource"
D:\SrcRep\NEW ENGINE — копия — копия\COSSACKS2\Dialogs.h(238): message : см. объявление "ParentFrame"
D:\SrcRep\NEW ENGINE — копия — копия\COSSACKS2\Dialogs.h(1989,45): warning C4275: class "DialogsDesk", не являющийся dll-интерфейсом, использован в качестве базового для dll-интерфейса class "TabDesk"
D:\SrcRep\NEW ENGINE — копия — копия\COSSACKS2\Dialogs.h(1439): message : см. объявление "DialogsDesk"
D:\SrcRep\NEW ENGINE — копия — копия\COSSACKS2\Dialogs.h(1989): message : см. объявление "TabDesk"
D:\SrcRep\NEW ENGINE — копия — копия\COSSACKS2\Dialogs.h(2012,46): warning C4275: class "DialogsDesk", не являющийся dll-интерфейсом, использован в качестве базового для dll-интерфейса class "ListDesk"
D:\SrcRep\NEW ENGINE — копия — копия\COSSACKS2\Dialogs.h(1439): message : см. объявление "DialogsDesk"
D:\SrcRep\NEW ENGINE — копия — копия\COSSACKS2\Dialogs.h(2012): message : см. объявление "ListDesk"
D:\SrcRep\NEW ENGINE — копия — копия\COSSACKS2\Dialogs.h(2134,47): warning C4275: class "DialogsDesk", не являющийся dll-интерфейсом, использован в качестве базового для dll-интерфейса class "ClassDesk"
D:\SrcRep\NEW ENGINE — копия — копия\COSSACKS2\Dialogs.h(1439): message : см. объявление "DialogsDesk"
D:\SrcRep\NEW ENGINE — копия — копия\COSSACKS2\Dialogs.h(2134): message : см. объявление "ClassDesk"
D:\SrcRep\NEW ENGINE — копия — копия\COSSACKS2\Dialogs.h(2217,46): warning C4275: class "DialogsDesk", не являющийся dll-интерфейсом, использован в качестве базового для dll-интерфейса class "ChatDesk"
D:\SrcRep\NEW ENGINE — копия — копия\COSSACKS2\Dialogs.h(1439): message : см. объявление "DialogsDesk"
D:\SrcRep\NEW ENGINE — копия — копия\COSSACKS2\Dialogs.h(2217): message : см. объявление "ChatDesk"
D:\SrcRep\NEW ENGINE — копия — копия\COSSACKS2\path.h(84,4): warning C4035: MotionField::CheckPt: нет возвращаемого значения
D:\SrcRep\NEW ENGINE — копия — копия\COSSACKS2\Scape3D.h(10,10): fatal  error C1083: Не удается открыть файл включение: IMediaManager.h: No such file or directory,
