d:\srcrep\0000neo\_fastdebug\stdheader.pch
d:\srcrep\0000neo\_fastdebug\vc143.pdb
d:\srcrep\0000neo\_fastdebug\stdheader.obj
d:\srcrep\0000neo\_fastdebug\battlepainter.obj
d:\srcrep\0000neo\_fastdebug\autoactions.obj
d:\srcrep\0000neo\_fastdebug\attacklist.obj
d:\srcrep\0000neo\_fastdebug\antibug.obj
d:\srcrep\0000neo\_fastdebug\alleditors.obj
d:\srcrep\0000neo\_fastdebug\alexvisualsystem.obj
d:\srcrep\0000neo\_fastdebug\alertonminimap.obj
d:\srcrep\0000neo\_fastdebug\alarm.obj
d:\srcrep\0000neo\_fastdebug\ai_scripts.obj
d:\srcrep\0000neo\_fastdebug\ai_router.obj
d:\srcrep\0000neo\_fastdebug\activezone.obj
d:\srcrep\0000neo\_fastdebug\activescenary2.obj
d:\srcrep\0000neo\_fastdebug\activescenary.obj
d:\srcrep\0000neo\_fastdebug\3dwalls.obj
d:\srcrep\0000neo\_fastdebug\3dsurf.obj
d:\srcrep\0000neo\_fastdebug\3drandmap.obj
d:\srcrep\0000neo\_fastdebug\3dmaped.obj
d:\srcrep\0000neo\_fastdebug\3dgroundmodels.obj
d:\srcrep\0000neo\_fastdebug\3dgraph.obj
d:\srcrep\0000neo\_fastdebug\3dbars.obj
d:\srcrep\0000neo\_fastdebug\classeditor.obj
d:\srcrep\0000neo\_fastdebug\checkfileenumerator.obj
d:\srcrep\0000neo\_fastdebug\cext_visualinterface.obj
d:\srcrep\0000neo\_fastdebug\cdirsnd.obj
d:\srcrep\0000neo\_fastdebug\track.obj
d:\srcrep\0000neo\_fastdebug\navigator.obj
d:\srcrep\0000neo\_fastdebug\build.obj
d:\srcrep\0000neo\_fastdebug\brigaitools.obj
d:\srcrep\0000neo\_fastdebug\brigadevariables.obj
d:\srcrep\0000neo\_fastdebug\brigadeorders.obj
d:\srcrep\0000neo\_fastdebug\brigadeai.obj
d:\srcrep\0000neo\_fastdebug\brigadeabilityextension.obj
d:\srcrep\0000neo\_fastdebug\brigade.obj
d:\srcrep\0000neo\_fastdebug\bmptool.obj
d:\srcrep\0000neo\_fastdebug\be_value.obj
d:\srcrep\0000neo\_fastdebug\be_toolsmanager.obj
d:\srcrep\0000neo\_fastdebug\be_import.obj
d:\srcrep\0000neo\_fastdebug\be_hashtop.obj
d:\srcrep\0000neo\_fastdebug\be_global.obj
d:\srcrep\0000neo\_fastdebug\be_block.obj
d:\srcrep\0000neo\_fastdebug\cvi_unitability.obj
d:\srcrep\0000neo\_fastdebug\cvi_singleplayerdata.obj
d:\srcrep\0000neo\_fastdebug\cvi_romehelp.obj
d:\srcrep\0000neo\_fastdebug\cvi_postgamestatistic.obj
d:\srcrep\0000neo\_fastdebug\cvi_oboz.obj
d:\srcrep\0000neo\_fastdebug\cvi_missions.obj
d:\srcrep\0000neo\_fastdebug\cvi_market.obj
d:\srcrep\0000neo\_fastdebug\cvi_mainmenu.obj
d:\srcrep\0000neo\_fastdebug\cvi_ingamepanel.obj
d:\srcrep\0000neo\_fastdebug\cvi_hotkeys.obj
d:\srcrep\0000neo\_fastdebug\cvi_herobuttons.obj
d:\srcrep\0000neo\_fastdebug\cvi_campaign.obj
d:\srcrep\0000neo\_fastdebug\cvi_brigcreate.obj
d:\srcrep\0000neo\_fastdebug\cvi_alert.obj
d:\srcrep\0000neo\_fastdebug\cvi_academy.obj
d:\srcrep\0000neo\_fastdebug\cva_deskarray.obj
d:\srcrep\0000neo\_fastdebug\currentmapoptions.obj
d:\srcrep\0000neo\_fastdebug\cplayersave.obj
d:\srcrep\0000neo\_fastdebug\complexshooter.obj
d:\srcrep\0000neo\_fastdebug\classeditorsregistration.obj
d:\srcrep\0000neo\_fastdebug\filepreview.obj
d:\srcrep\0000neo\_fastdebug\filedialog.obj
d:\srcrep\0000neo\_fastdebug\fastmempool.obj
d:\srcrep\0000neo\_fastdebug\fastdraw.obj
d:\srcrep\0000neo\_fastdebug\fantasyai.obj
d:\srcrep\0000neo\_fastdebug\factures3d.obj
d:\srcrep\0000neo\_fastdebug\exmapgenerator.obj
d:\srcrep\0000neo\_fastdebug\enginesettings.obj
d:\srcrep\0000neo\_fastdebug\endgameext.obj
d:\srcrep\0000neo\_fastdebug\einfoclass.obj
d:\srcrep\0000neo\_fastdebug\economy.obj
d:\srcrep\0000neo\_fastdebug\drawsomethingoverbrigade.obj
d:\srcrep\0000neo\_fastdebug\drawforms.obj
d:\srcrep\0000neo\_fastdebug\missionscript.obj
d:\srcrep\0000neo\_fastdebug\cquest.obj
d:\srcrep\0000neo\_fastdebug\dialogseditor.obj
d:\srcrep\0000neo\_fastdebug\devicecd.obj
d:\srcrep\0000neo\_fastdebug\debuger.obj
d:\srcrep\0000neo\_fastdebug\ddini.obj
d:\srcrep\0000neo\_fastdebug\danger.obj
d:\srcrep\0000neo\_fastdebug\herofunctions.obj
d:\srcrep\0000neo\_fastdebug\gvclass.obj
d:\srcrep\0000neo\_fastdebug\gtext.obj
d:\srcrep\0000neo\_fastdebug\groups.obj
d:\srcrep\0000neo\_fastdebug\grouppurpose.obj
d:\srcrep\0000neo\_fastdebug\groupeoperations.obj
d:\srcrep\0000neo\_fastdebug\groundpieces.obj
d:\srcrep\0000neo\_fastdebug\graphs.obj
d:\srcrep\0000neo\_fastdebug\gp_draw.obj
d:\srcrep\0000neo\_fastdebug\globals.obj
d:\srcrep\0000neo\_fastdebug\globalactions.obj
d:\srcrep\0000neo\_fastdebug\gamesound.obj
d:\srcrep\0000neo\_fastdebug\gamesettings.obj
d:\srcrep\0000neo\_fastdebug\gameinterface.obj
d:\srcrep\0000neo\_fastdebug\gameextension.obj
d:\srcrep\0000neo\_fastdebug\functionstorage.obj
d:\srcrep\0000neo\_fastdebug\fractal.obj
d:\srcrep\0000neo\_fastdebug\fog.obj
d:\srcrep\0000neo\_fastdebug\flexbisonparser.obj
d:\srcrep\0000neo\_fastdebug\firesmokeeditor.obj
d:\srcrep\0000neo\_fastdebug\mai_vantroop.obj
d:\srcrep\0000neo\_fastdebug\mai_vanguard.obj
d:\srcrep\0000neo\_fastdebug\mai_script.obj
d:\srcrep\0000neo\_fastdebug\mai_monitor.obj
d:\srcrep\0000neo\_fastdebug\mai_functions.obj
d:\srcrep\0000neo\_fastdebug\mai_extension.obj
d:\srcrep\0000neo\_fastdebug\maininterface.obj
d:\srcrep\0000neo\_fastdebug\lua_manager.obj
d:\srcrep\0000neo\_fastdebug\binde_function.obj
d:\srcrep\0000neo\_fastdebug\binde_class2.obj
d:\srcrep\0000neo\_fastdebug\binde_class.obj
d:\srcrep\0000neo\_fastdebug\loadsave.obj
d:\srcrep\0000neo\_fastdebug\listunit.obj
d:\srcrep\0000neo\_fastdebug\lines.obj
d:\srcrep\0000neo\_fastdebug\lineartest.obj
d:\srcrep\0000neo\_fastdebug\interface.obj
d:\srcrep\0000neo\_fastdebug\ir_main.obj
d:\srcrep\0000neo\_fastdebug\icontool.obj
d:\srcrep\0000neo\_fastdebug\html.obj
d:\srcrep\0000neo\_fastdebug\hint.obj
d:\srcrep\0000neo\_fastdebug\navorots.obj
d:\srcrep\0000neo\_fastdebug\nature.obj
d:\srcrep\0000neo\_fastdebug\nation.obj
d:\srcrep\0000neo\_fastdebug\musorozbornik.obj
d:\srcrep\0000neo\_fastdebug\multi.obj
d:\srcrep\0000neo\_fastdebug\mplayer.obj
d:\srcrep\0000neo\_fastdebug\playmp3.obj
d:\srcrep\0000neo\_fastdebug\mouszone.obj
d:\srcrep\0000neo\_fastdebug\mouse_x.obj
d:\srcrep\0000neo\_fastdebug\morale.obj
d:\srcrep\0000neo\_fastdebug\missgraphobjects.obj
d:\srcrep\0000neo\_fastdebug\minimap4x.obj
d:\srcrep\0000neo\_fastdebug\mine.obj
d:\srcrep\0000neo\_fastdebug\messagemgr.obj
d:\srcrep\0000neo\_fastdebug\megapolis.obj
d:\srcrep\0000neo\_fastdebug\masks.obj
d:\srcrep\0000neo\_fastdebug\mapsprites.obj
d:\srcrep\0000neo\_fastdebug\mapgenerator.obj
d:\srcrep\0000neo\_fastdebug\mapdownload.obj
d:\srcrep\0000neo\_fastdebug\mapa.obj
d:\srcrep\0000neo\_fastdebug\quadsrenderer.obj
d:\srcrep\0000neo\_fastdebug\qstr.obj
d:\srcrep\0000neo\_fastdebug\qpchathint.obj
d:\srcrep\0000neo\_fastdebug\qparser.obj
d:\srcrep\0000neo\_fastdebug\qfcondrandom.obj
d:\srcrep\0000neo\_fastdebug\profilinginstrument.obj
d:\srcrep\0000neo\_fastdebug\sampprofiler.obj
d:\srcrep\0000neo\_fastdebug\placeinajob.obj
d:\srcrep\0000neo\_fastdebug\piroobjects.obj
d:\srcrep\0000neo\_fastdebug\peerclass.obj
d:\srcrep\0000neo\_fastdebug\path.obj
d:\srcrep\0000neo\_fastdebug\particles.obj
d:\srcrep\0000neo\_fastdebug\paramfunction.obj
d:\srcrep\0000neo\_fastdebug\onwater.obj
d:\srcrep\0000neo\_fastdebug\nuclear.obj
d:\srcrep\0000neo\_fastdebug\newupgrade.obj
d:\srcrep\0000neo\_fastdebug\newmon.obj
d:\srcrep\0000neo\_fastdebug\newinternetreport.obj
d:\srcrep\0000neo\_fastdebug\newilogin.obj
d:\srcrep\0000neo\_fastdebug\newai.obj
d:\srcrep\0000neo\_fastdebug\supereditor.obj
d:\srcrep\0000neo\_fastdebug\subtitles.obj
d:\srcrep\0000neo\_fastdebug\strecog.obj
d:\srcrep\0000neo\_fastdebug\strategyresearch.obj
d:\srcrep\0000neo\_fastdebug\squareobject.obj
d:\srcrep\0000neo\_fastdebug\spraysystem.obj
d:\srcrep\0000neo\_fastdebug\silomer.obj
d:\srcrep\0000neo\_fastdebug\shiptrace.obj
d:\srcrep\0000neo\_fastdebug\selprop.obj
d:\srcrep\0000neo\_fastdebug\select.obj
d:\srcrep\0000neo\_fastdebug\scape3d.obj
d:\srcrep\0000neo\_fastdebug\save_xml_tomap.obj
d:\srcrep\0000neo\_fastdebug\savenewmap.obj
d:\srcrep\0000neo\_fastdebug\safenet.obj
d:\srcrep\0000neo\_fastdebug\river.obj
d:\srcrep\0000neo\_fastdebug\report.obj
d:\srcrep\0000neo\_fastdebug\registersupereditorclasses.obj
d:\srcrep\0000neo\_fastdebug\recorder.obj
d:\srcrep\0000neo\_fastdebug\realwater.obj
d:\srcrep\0000neo\_fastdebug\qunittype.obj
d:\srcrep\0000neo\_fastdebug\obj3d.obj
d:\srcrep\0000neo\_fastdebug\messager.obj
d:\srcrep\0000neo\_fastdebug\mcubes.obj
d:\srcrep\0000neo\_fastdebug\manipulators.obj
d:\srcrep\0000neo\_fastdebug\localgenerator.obj
d:\srcrep\0000neo\_fastdebug\localexporter.obj
d:\srcrep\0000neo\_fastdebug\layer.obj
d:\srcrep\0000neo\_fastdebug\itgeometrycallback.obj
d:\srcrep\0000neo\_fastdebug\hiresscreenshot.obj
d:\srcrep\0000neo\_fastdebug\grass.obj
d:\srcrep\0000neo\_fastdebug\facturize.obj
d:\srcrep\0000neo\_fastdebug\deform.obj
d:\srcrep\0000neo\_fastdebug\colorize.obj
d:\srcrep\0000neo\_fastdebug\collidingcamera.obj
d:\srcrep\0000neo\_fastdebug\cmdext.obj
d:\srcrep\0000neo\_fastdebug\cmdcallbacks.obj
d:\srcrep\0000neo\_fastdebug\chamfer.obj
d:\srcrep\0000neo\_fastdebug\ccombineextension.obj
d:\srcrep\0000neo\_fastdebug\booleans.obj
d:\srcrep\0000neo\_fastdebug\archway.obj
d:\srcrep\0000neo\_fastdebug\transport.obj
d:\srcrep\0000neo\_fastdebug\timing.obj
d:\srcrep\0000neo\_fastdebug\textvisualelements.obj
d:\srcrep\0000neo\_fastdebug\testserver.obj
d:\srcrep\0000neo\_fastdebug\tacticalai.obj
d:\srcrep\0000neo\_fastdebug\uv_split.obj
d:\srcrep\0000neo\_fastdebug\typify.obj
d:\srcrep\0000neo\_fastdebug\tankcontroller.obj
d:\srcrep\0000neo\_fastdebug\surfsplit.obj
d:\srcrep\0000neo\_fastdebug\surfprocess.obj
d:\srcrep\0000neo\_fastdebug\surfpiece.obj
d:\srcrep\0000neo\_fastdebug\surfexporter.obj
d:\srcrep\0000neo\_fastdebug\surfacegenerator.obj
d:\srcrep\0000neo\_fastdebug\surface.obj
d:\srcrep\0000neo\_fastdebug\smooth.obj
d:\srcrep\0000neo\_fastdebug\shader.obj
d:\srcrep\0000neo\_fastdebug\selext.obj
d:\srcrep\0000neo\_fastdebug\scissors.obj
d:\srcrep\0000neo\_fastdebug\racist.obj
d:\srcrep\0000neo\_fastdebug\propertypanel.obj
d:\srcrep\0000neo\_fastdebug\vui_info.obj
d:\srcrep\0000neo\_fastdebug\vui_globalhotkey.obj
d:\srcrep\0000neo\_fastdebug\vui_effects.obj
d:\srcrep\0000neo\_fastdebug\vui_action.obj
d:\srcrep\0000neo\_fastdebug\vi_mainmenu.obj
d:\srcrep\0000neo\_fastdebug\visualsoundsystem.obj
d:\srcrep\0000neo\_fastdebug\viewprofile.obj
d:\srcrep\0000neo\_fastdebug\videoscriptcommands.obj
d:\srcrep\0000neo\_fastdebug\videolayer.obj
d:\srcrep\0000neo\_fastdebug\victoryconditions.obj
d:\srcrep\0000neo\_fastdebug\upgrade.obj
d:\srcrep\0000neo\_fastdebug\unsyncro.obj
d:\srcrep\0000neo\_fastdebug\unittypegroup.obj
d:\srcrep\0000neo\_fastdebug\unitsinterface.obj
d:\srcrep\0000neo\_fastdebug\unitchar.obj
d:\srcrep\0000neo\_fastdebug\unitai.obj
d:\srcrep\0000neo\_fastdebug\unitabilityextension.obj
d:\srcrep\0000neo\_fastdebug\unitability.obj
d:\srcrep\0000neo\_fastdebug\ua_modificators.obj
d:\srcrep\0000neo\_fastdebug\typeexchange.obj
d:\srcrep\0000neo\_fastdebug\zbuffer.obj
d:\srcrep\0000neo\_fastdebug\weapon.obj
d:\srcrep\0000neo\_fastdebug\waves.obj
d:\srcrep\0000neo\_fastdebug\vui_is.obj
d:\srcrep\0000neo\_fastdebug\vui_interfsynchro.obj
d:\srcrep\0000neo\_fastdebug\cimage.obj
d:\srcrep\0000neo\_fastdebug\chashindex.obj
d:\srcrep\0000neo\_fastdebug\cgrid.obj
d:\srcrep\0000neo\_fastdebug\cdata.obj
d:\srcrep\0000neo\_fastdebug\ccolor.obj
d:\srcrep\0000neo\_fastdebug\cbounds.obj
d:\srcrep\0000neo\_fastdebug\cassert.obj
d:\srcrep\0000neo\_fastdebug\cangles.obj
d:\srcrep\0000neo\_fastdebug\chkinet.obj
d:\srcrep\0000neo\_fastdebug\c2_memory.obj
d:\srcrep\0000neo\_fastdebug\playbink.obj
d:\srcrep\0000neo\_fastdebug\be_extarfunctions.obj
d:\srcrep\0000neo\_fastdebug\battleshipai.obj
d:\srcrep\0000neo\_fastdebug\isimasks.obj
d:\srcrep\0000neo\_fastdebug\gscset.obj
d:\srcrep\0000neo\_fastdebug\gscarch.obj
d:\srcrep\0000neo\_fastdebug\archtool.obj
d:\srcrep\0000neo\_fastdebug\ambientmusicscript.obj
d:\srcrep\0000neo\_fastdebug\alltools.obj
d:\srcrep\0000neo\_fastdebug\abilities.obj
d:\srcrep\0000neo\_fastdebug\crotatetool.obj
d:\srcrep\0000neo\_fastdebug\crender.obj
d:\srcrep\0000neo\_fastdebug\crawmesh.obj
d:\srcrep\0000neo\_fastdebug\cquat.obj
d:\srcrep\0000neo\_fastdebug\cmovetool.obj
d:\srcrep\0000neo\_fastdebug\cmeshobj.obj
d:\srcrep\0000neo\_fastdebug\cmesh.obj
d:\srcrep\0000neo\_fastdebug\cmatrix.obj
d:\srcrep\0000neo\_fastdebug\cmath.obj
d:\srcrep\0000neo\_fastdebug\cmaterial.obj
d:\srcrep\0000neo\_fastdebug\cmat4.obj
d:\srcrep\0000neo\_fastdebug\cmat3.obj
d:\srcrep\0000neo\_fastdebug\cmat2.obj
d:\srcrep\0000neo\_fastdebug\clog.obj
d:\srcrep\0000neo\_fastdebug\cisosurface.obj
d:\srcrep\0000neo\_fastdebug\cio.obj
d:\srcrep\0000neo\_fastdebug\cinput.obj
d:\srcrep\0000neo\_fastdebug\cimagetga.obj
d:\srcrep\0000neo\_fastdebug\cimagedds.obj
d:\srcrep\0000neo\_fastdebug\cimagebmp.obj
d:\srcrep\0000neo\_fastdebug\drawfeatures.obj
d:\srcrep\0000neo\_fastdebug\ddex1.obj
d:\srcrep\0000neo\_fastdebug\cwave.obj
d:\srcrep\0000neo\_fastdebug\conststr.obj
d:\srcrep\0000neo\_fastdebug\dvector.obj
d:\srcrep\0000neo\_fastdebug\dmatrix.obj
d:\srcrep\0000neo\_fastdebug\cwidget.obj
d:\srcrep\0000neo\_fastdebug\cviewport2.obj
d:\srcrep\0000neo\_fastdebug\cviewer.obj
d:\srcrep\0000neo\_fastdebug\cvectors.obj
d:\srcrep\0000neo\_fastdebug\cvec4.obj
d:\srcrep\0000neo\_fastdebug\cvec3.obj
d:\srcrep\0000neo\_fastdebug\cvec2.obj
d:\srcrep\0000neo\_fastdebug\cvec.obj
d:\srcrep\0000neo\_fastdebug\cstr.obj
d:\srcrep\0000neo\_fastdebug\csphere.obj
d:\srcrep\0000neo\_fastdebug\csolver.obj
d:\srcrep\0000neo\_fastdebug\cseg.obj
d:\srcrep\0000neo\_fastdebug\cscaletool.obj
d:\srcrep\0000neo\_fastdebug\crotation.obj
d:\srcrep\0000neo\_fastdebug\script_lua_helper.obj
d:\srcrep\0000neo\_fastdebug\script_file.obj
d:\srcrep\0000neo\_fastdebug\script_debugger_utils.obj
d:\srcrep\0000neo\_fastdebug\script_debugger_threads.obj
d:\srcrep\0000neo\_fastdebug\script_debugger.obj
d:\srcrep\0000neo\_fastdebug\script_callstack.obj
d:\srcrep\0000neo\_fastdebug\language.obj
d:\srcrep\0000neo\_fastdebug\iplanetriangulator.obj
d:\srcrep\0000neo\_fastdebug\httpcomm.obj
d:\srcrep\0000neo\_fastdebug\hibars.obj
d:\srcrep\0000neo\_fastdebug\generatemesh.obj
d:\srcrep\0000neo\_fastdebug\fmmanager.obj
d:\srcrep\0000neo\_fastdebug\fexsysinfo.obj
d:\srcrep\0000neo\_fastdebug\fexmodule.obj
d:\srcrep\0000neo\_fastdebug\fexhelpers.obj
d:\srcrep\0000neo\_fastdebug\fbi.obj
d:\srcrep\0000neo\_fastdebug\fallsimulator.obj
d:\srcrep\0000neo\_fastdebug\extdial.obj
d:\srcrep\0000neo\_fastdebug\exconst.obj
d:\srcrep\0000neo\_fastdebug\drawmodels.obj
d:\srcrep\0000neo\_fastdebug\video.obj
d:\srcrep\0000neo\_fastdebug\unrar.obj
d:\srcrep\0000neo\_fastdebug\undomaster.obj
d:\srcrep\0000neo\_fastdebug\treesmesh.obj
d:\srcrep\0000neo\_fastdebug\tmixer.obj
d:\srcrep\0000neo\_fastdebug\bitset.obj
d:\srcrep\0000neo\_fastdebug\stringshash.obj
d:\srcrep\0000neo\_fastdebug\selectionrect.obj
d:\srcrep\0000neo\_fastdebug\resfile.obj
d:\srcrep\0000neo\_fastdebug\fxmlstream.obj
d:\srcrep\0000neo\_fastdebug\fxmlmessages.obj
d:\srcrep\0000neo\_fastdebug\fsampprofilerout.obj
d:\srcrep\0000neo\_fastdebug\fsampprofilerhelpers.obj
d:\srcrep\0000neo\_fastdebug\fperformance.obj
d:\srcrep\0000neo\_fastdebug\oggvor.obj
d:\srcrep\0000neo\_fastdebug\movetoxy.obj
d:\srcrep\0000neo\_fastdebug\meshoperations.obj
d:\srcrep\0000neo\_fastdebug\menu.obj
d:\srcrep\0000neo\_fastdebug\mdparser.obj
d:\srcrep\0000neo\_fastdebug\massiveplayer.obj
d:\srcrep\0000neo\_fastdebug\wtsupport.obj
d:\srcrep\0000neo\_fastdebug\valuestorage.obj
d:\srcrep\0000neo\_fastdebug\scriptstorage.obj
d:\srcrep\0000neo\_fastdebug\processbattleeditor.obj
d:\srcrep\0000neo\_fastdebug\parameter.obj
d:\srcrep\0000neo\_fastdebug\motion.obj
d:\srcrep\0000neo\_fastdebug\helper_var.obj
d:\srcrep\0000neo\_fastdebug\function.obj
d:\srcrep\0000neo\_fastdebug\enum_storage.obj
d:\srcrep\0000neo\_fastdebug\datastoragexml.obj
d:\srcrep\0000neo\_fastdebug\complexfunctionmode.obj
d:\srcrep\0000neo\_fastdebug\complexfunction.obj
d:\srcrep\0000neo\_fastdebug\be_functions.obj
d:\srcrep\0000neo\_fastdebug\basevariables.obj
d:\srcrep\0000neo\_fastdebug\fsmstate.obj
d:\srcrep\0000neo\_fastdebug\fsmmsg.obj
d:\srcrep\0000neo\_fastdebug\fsmclass.obj
d:\srcrep\0000neo\_fastdebug\weaponsystemextension.obj
d:\srcrep\0000neo\_fastdebug\weaponsystem.obj
d:\srcrep\0000neo\_fastdebug\unitabilityicon.obj
d:\srcrep\0000neo\_fastdebug\unitability2.obj
d:\srcrep\0000neo\_fastdebug\ua_state.obj
d:\srcrep\0000neo\_fastdebug\ua_settlement.obj
d:\srcrep\0000neo\_fastdebug\ua_orders.obj
d:\srcrep\0000neo\_fastdebug\ua_item.obj
d:\srcrep\0000neo\_fastdebug\ua_ability.obj
d:\srcrep\0000neo\_fastdebug\iterators.obj
d:\srcrep\0000neo\_fastdebug\heroability.obj
d:\srcrep\0000neo\_fastdebug\brigadeability.obj
d:\srcrep\0000neo\_fastdebug\boidsextension.obj
d:\srcrep\0000neo\_fastdebug\classenginetest.obj
d:\srcrep\0000neo\_fastdebug\softcollision.obj
d:\srcrep\0000neo\_fastdebug\cwin32.obj
d:\srcrep\0000neo\_fastdebug\cdib24.obj
d:\srcrep\0000neo\_fastdebug\relink.obj
d:\srcrep\0000neo\_fastdebug\fsampprofiler.obj
d:\srcrep\0000neo\_fastdebug\dialogs.obj
d:\srcrep\0000neo\_fastdebug\fpathfinder.obj
d:\srcrep\0000neo\_fastdebug\vui_actions.obj
d:\srcrep\0000neo\_fastdebug\topograf.obj
d:\srcrep\0000neo\_fastdebug\hexagonalnet.obj
d:\srcrep\0000neo\_fastdebug\hashtop.obj
d:\srcrep\0000neo\_fastdebug\gstats.obj
d:\srcrep\0000neo\_fastdebug\gbucket.obj
d:\srcrep\0000neo\_fastdebug\nonport.obj
d:\srcrep\0000neo\_fastdebug\md5c.obj
d:\srcrep\0000neo\_fastdebug\hashtable.obj
d:\srcrep\0000neo\_fastdebug\darray.obj
d:\srcrep\0000neo\_fastdebug\mechanics.obj
d:\srcrep\0000neo\_fastdebug\simplifymesh.obj
d:\srcrep\0000neo\lib\engine.lib
d:\srcrep\0000neo\lib\engine.exp
d:\srcrep\0000neo\_fastdebug\cossacks2.ilk
d:\srcrep\data\engine.exe
d:\srcrep\data\engine.pdb
d:\srcrep\0000neo\_fastdebug\script1.res
d:\srcrep\0000neo\_fastdebug\surfprocess.res
d:\srcrep\0000neo\_fastdebug\3dbars.sbr
d:\srcrep\0000neo\_fastdebug\3dgraph.sbr
d:\srcrep\0000neo\_fastdebug\3dgroundmodels.sbr
d:\srcrep\0000neo\_fastdebug\3dmaped.sbr
d:\srcrep\0000neo\_fastdebug\3drandmap.sbr
d:\srcrep\0000neo\_fastdebug\3dsurf.sbr
d:\srcrep\0000neo\_fastdebug\3dwalls.sbr
d:\srcrep\0000neo\_fastdebug\abilities.sbr
d:\srcrep\0000neo\_fastdebug\activescenary.sbr
d:\srcrep\0000neo\_fastdebug\activescenary2.sbr
d:\srcrep\0000neo\_fastdebug\activezone.sbr
d:\srcrep\0000neo\_fastdebug\ai_router.sbr
d:\srcrep\0000neo\_fastdebug\ai_scripts.sbr
d:\srcrep\0000neo\_fastdebug\alarm.sbr
d:\srcrep\0000neo\_fastdebug\alertonminimap.sbr
d:\srcrep\0000neo\_fastdebug\alexvisualsystem.sbr
d:\srcrep\0000neo\_fastdebug\alleditors.sbr
d:\srcrep\0000neo\_fastdebug\alltools.sbr
d:\srcrep\0000neo\_fastdebug\ambientmusicscript.sbr
d:\srcrep\0000neo\_fastdebug\antibug.sbr
d:\srcrep\0000neo\_fastdebug\archtool.sbr
d:\srcrep\0000neo\_fastdebug\archway.sbr
d:\srcrep\0000neo\_fastdebug\attacklist.sbr
d:\srcrep\0000neo\_fastdebug\autoactions.sbr
d:\srcrep\0000neo\_fastdebug\basevariables.sbr
d:\srcrep\0000neo\_fastdebug\battlepainter.sbr
d:\srcrep\0000neo\_fastdebug\battleshipai.sbr
d:\srcrep\0000neo\_fastdebug\be_block.sbr
d:\srcrep\0000neo\_fastdebug\be_extarfunctions.sbr
d:\srcrep\0000neo\_fastdebug\be_functions.sbr
d:\srcrep\0000neo\_fastdebug\be_global.sbr
d:\srcrep\0000neo\_fastdebug\be_hashtop.sbr
d:\srcrep\0000neo\_fastdebug\be_import.sbr
d:\srcrep\0000neo\_fastdebug\be_toolsmanager.sbr
d:\srcrep\0000neo\_fastdebug\be_value.sbr
d:\srcrep\0000neo\_fastdebug\binde_class.sbr
d:\srcrep\0000neo\_fastdebug\binde_class2.sbr
d:\srcrep\0000neo\_fastdebug\binde_function.sbr
d:\srcrep\0000neo\_fastdebug\bitset.sbr
d:\srcrep\0000neo\_fastdebug\bmptool.sbr
d:\srcrep\0000neo\_fastdebug\boidsextension.sbr
d:\srcrep\0000neo\_fastdebug\booleans.sbr
d:\srcrep\0000neo\_fastdebug\brigade.sbr
d:\srcrep\0000neo\_fastdebug\brigadeability.sbr
d:\srcrep\0000neo\_fastdebug\brigadeabilityextension.sbr
d:\srcrep\0000neo\_fastdebug\brigadeai.sbr
d:\srcrep\0000neo\_fastdebug\brigadeorders.sbr
d:\srcrep\0000neo\_fastdebug\brigadevariables.sbr
d:\srcrep\0000neo\_fastdebug\brigaitools.sbr
d:\srcrep\0000neo\_fastdebug\build.sbr
d:\srcrep\0000neo\_fastdebug\c2_memory.sbr
d:\srcrep\0000neo\_fastdebug\cangles.sbr
d:\srcrep\0000neo\_fastdebug\cassert.sbr
d:\srcrep\0000neo\_fastdebug\cbounds.sbr
d:\srcrep\0000neo\_fastdebug\ccolor.sbr
d:\srcrep\0000neo\_fastdebug\ccombineextension.sbr
d:\srcrep\0000neo\_fastdebug\cdata.sbr
d:\srcrep\0000neo\_fastdebug\cdib24.sbr
d:\srcrep\0000neo\_fastdebug\cdirsnd.sbr
d:\srcrep\0000neo\_fastdebug\cext_visualinterface.sbr
d:\srcrep\0000neo\_fastdebug\cgrid.sbr
d:\srcrep\0000neo\_fastdebug\chamfer.sbr
d:\srcrep\0000neo\_fastdebug\chashindex.sbr
d:\srcrep\0000neo\_fastdebug\checkfileenumerator.sbr
d:\srcrep\0000neo\_fastdebug\chkinet.sbr
d:\srcrep\0000neo\_fastdebug\cimage.sbr
d:\srcrep\0000neo\_fastdebug\cimagebmp.sbr
d:\srcrep\0000neo\_fastdebug\cimagedds.sbr
d:\srcrep\0000neo\_fastdebug\cimagetga.sbr
d:\srcrep\0000neo\_fastdebug\cinput.sbr
d:\srcrep\0000neo\_fastdebug\cio.sbr
d:\srcrep\0000neo\_fastdebug\cisosurface.sbr
d:\srcrep\0000neo\_fastdebug\classeditor.sbr
d:\srcrep\0000neo\_fastdebug\classeditorsregistration.sbr
d:\srcrep\0000neo\_fastdebug\classenginetest.sbr
d:\srcrep\0000neo\_fastdebug\clog.sbr
d:\srcrep\0000neo\_fastdebug\cmat2.sbr
d:\srcrep\0000neo\_fastdebug\cmat3.sbr
d:\srcrep\0000neo\_fastdebug\cmat4.sbr
d:\srcrep\0000neo\_fastdebug\cmaterial.sbr
d:\srcrep\0000neo\_fastdebug\cmath.sbr
d:\srcrep\0000neo\_fastdebug\cmatrix.sbr
d:\srcrep\0000neo\_fastdebug\cmdcallbacks.sbr
d:\srcrep\0000neo\_fastdebug\cmdext.sbr
d:\srcrep\0000neo\_fastdebug\cmesh.sbr
d:\srcrep\0000neo\_fastdebug\cmeshobj.sbr
d:\srcrep\0000neo\_fastdebug\cmovetool.sbr
d:\srcrep\0000neo\_fastdebug\collidingcamera.sbr
d:\srcrep\0000neo\_fastdebug\colorize.sbr
d:\srcrep\0000neo\_fastdebug\complexfunction.sbr
d:\srcrep\0000neo\_fastdebug\complexfunctionmode.sbr
d:\srcrep\0000neo\_fastdebug\complexshooter.sbr
d:\srcrep\0000neo\_fastdebug\conststr.sbr
d:\srcrep\0000neo\_fastdebug\cplayersave.sbr
d:\srcrep\0000neo\_fastdebug\cquat.sbr
d:\srcrep\0000neo\_fastdebug\cquest.sbr
d:\srcrep\0000neo\_fastdebug\crawmesh.sbr
d:\srcrep\0000neo\_fastdebug\crender.sbr
d:\srcrep\0000neo\_fastdebug\crotatetool.sbr
d:\srcrep\0000neo\_fastdebug\crotation.sbr
d:\srcrep\0000neo\_fastdebug\cscaletool.sbr
d:\srcrep\0000neo\_fastdebug\cseg.sbr
d:\srcrep\0000neo\_fastdebug\csolver.sbr
d:\srcrep\0000neo\_fastdebug\csphere.sbr
d:\srcrep\0000neo\_fastdebug\cstr.sbr
d:\srcrep\0000neo\_fastdebug\currentmapoptions.sbr
d:\srcrep\0000neo\_fastdebug\cva_deskarray.sbr
d:\srcrep\0000neo\_fastdebug\cvec.sbr
d:\srcrep\0000neo\_fastdebug\cvec2.sbr
d:\srcrep\0000neo\_fastdebug\cvec3.sbr
d:\srcrep\0000neo\_fastdebug\cvec4.sbr
d:\srcrep\0000neo\_fastdebug\cvectors.sbr
d:\srcrep\0000neo\_fastdebug\cviewer.sbr
d:\srcrep\0000neo\_fastdebug\cviewport2.sbr
d:\srcrep\0000neo\_fastdebug\cvi_academy.sbr
d:\srcrep\0000neo\_fastdebug\cvi_alert.sbr
d:\srcrep\0000neo\_fastdebug\cvi_brigcreate.sbr
d:\srcrep\0000neo\_fastdebug\cvi_campaign.sbr
d:\srcrep\0000neo\_fastdebug\cvi_herobuttons.sbr
d:\srcrep\0000neo\_fastdebug\cvi_hotkeys.sbr
d:\srcrep\0000neo\_fastdebug\cvi_ingamepanel.sbr
d:\srcrep\0000neo\_fastdebug\cvi_mainmenu.sbr
d:\srcrep\0000neo\_fastdebug\cvi_market.sbr
d:\srcrep\0000neo\_fastdebug\cvi_missions.sbr
d:\srcrep\0000neo\_fastdebug\cvi_oboz.sbr
d:\srcrep\0000neo\_fastdebug\cvi_postgamestatistic.sbr
d:\srcrep\0000neo\_fastdebug\cvi_romehelp.sbr
d:\srcrep\0000neo\_fastdebug\cvi_singleplayerdata.sbr
d:\srcrep\0000neo\_fastdebug\cvi_unitability.sbr
d:\srcrep\0000neo\_fastdebug\cwave.sbr
d:\srcrep\0000neo\_fastdebug\cwidget.sbr
d:\srcrep\0000neo\_fastdebug\cwin32.sbr
d:\srcrep\0000neo\_fastdebug\danger.sbr
d:\srcrep\0000neo\_fastdebug\darray.sbr
d:\srcrep\0000neo\_fastdebug\datastoragexml.sbr
d:\srcrep\0000neo\_fastdebug\ddex1.sbr
d:\srcrep\0000neo\_fastdebug\ddini.sbr
d:\srcrep\0000neo\_fastdebug\debuger.sbr
d:\srcrep\0000neo\_fastdebug\deform.sbr
d:\srcrep\0000neo\_fastdebug\devicecd.sbr
d:\srcrep\0000neo\_fastdebug\dialogs.sbr
d:\srcrep\0000neo\_fastdebug\dialogseditor.sbr
d:\srcrep\0000neo\_fastdebug\dmatrix.sbr
d:\srcrep\0000neo\_fastdebug\drawfeatures.sbr
d:\srcrep\0000neo\_fastdebug\drawforms.sbr
d:\srcrep\0000neo\_fastdebug\drawmodels.sbr
d:\srcrep\0000neo\_fastdebug\drawsomethingoverbrigade.sbr
d:\srcrep\0000neo\_fastdebug\dvector.sbr
d:\srcrep\0000neo\_fastdebug\economy.sbr
d:\srcrep\0000neo\_fastdebug\einfoclass.sbr
d:\srcrep\0000neo\_fastdebug\endgameext.sbr
d:\srcrep\0000neo\_fastdebug\enginesettings.sbr
d:\srcrep\0000neo\_fastdebug\enum_storage.sbr
d:\srcrep\0000neo\_fastdebug\exconst.sbr
d:\srcrep\0000neo\_fastdebug\exmapgenerator.sbr
d:\srcrep\0000neo\_fastdebug\extdial.sbr
d:\srcrep\0000neo\_fastdebug\factures3d.sbr
d:\srcrep\0000neo\_fastdebug\facturize.sbr
d:\srcrep\0000neo\_fastdebug\fallsimulator.sbr
d:\srcrep\0000neo\_fastdebug\fantasyai.sbr
d:\srcrep\0000neo\_fastdebug\fastdraw.sbr
d:\srcrep\0000neo\_fastdebug\fastmempool.sbr
d:\srcrep\0000neo\_fastdebug\fbi.sbr
d:\srcrep\0000neo\_fastdebug\fexhelpers.sbr
d:\srcrep\0000neo\_fastdebug\fexmodule.sbr
d:\srcrep\0000neo\_fastdebug\fexsysinfo.sbr
d:\srcrep\0000neo\_fastdebug\filedialog.sbr
d:\srcrep\0000neo\_fastdebug\filepreview.sbr
d:\srcrep\0000neo\_fastdebug\firesmokeeditor.sbr
d:\srcrep\0000neo\_fastdebug\flexbisonparser.sbr
d:\srcrep\0000neo\_fastdebug\fmmanager.sbr
d:\srcrep\0000neo\_fastdebug\fog.sbr
d:\srcrep\0000neo\_fastdebug\fpathfinder.sbr
d:\srcrep\0000neo\_fastdebug\fperformance.sbr
d:\srcrep\0000neo\_fastdebug\fractal.sbr
d:\srcrep\0000neo\_fastdebug\fsampprofiler.sbr
d:\srcrep\0000neo\_fastdebug\fsampprofilerhelpers.sbr
d:\srcrep\0000neo\_fastdebug\fsampprofilerout.sbr
d:\srcrep\0000neo\_fastdebug\fsmclass.sbr
d:\srcrep\0000neo\_fastdebug\fsmmsg.sbr
d:\srcrep\0000neo\_fastdebug\fsmstate.sbr
d:\srcrep\0000neo\_fastdebug\function.sbr
d:\srcrep\0000neo\_fastdebug\functionstorage.sbr
d:\srcrep\0000neo\_fastdebug\fxmlmessages.sbr
d:\srcrep\0000neo\_fastdebug\fxmlstream.sbr
d:\srcrep\0000neo\_fastdebug\gameextension.sbr
d:\srcrep\0000neo\_fastdebug\gameinterface.sbr
d:\srcrep\0000neo\_fastdebug\gamesettings.sbr
d:\srcrep\0000neo\_fastdebug\gamesound.sbr
d:\srcrep\0000neo\_fastdebug\gbucket.sbr
d:\srcrep\0000neo\_fastdebug\generatemesh.sbr
d:\srcrep\0000neo\_fastdebug\globalactions.sbr
d:\srcrep\0000neo\_fastdebug\globals.sbr
d:\srcrep\0000neo\_fastdebug\gp_draw.sbr
d:\srcrep\0000neo\_fastdebug\graphs.sbr
d:\srcrep\0000neo\_fastdebug\grass.sbr
d:\srcrep\0000neo\_fastdebug\groundpieces.sbr
d:\srcrep\0000neo\_fastdebug\groupeoperations.sbr
d:\srcrep\0000neo\_fastdebug\grouppurpose.sbr
d:\srcrep\0000neo\_fastdebug\groups.sbr
d:\srcrep\0000neo\_fastdebug\gscarch.sbr
d:\srcrep\0000neo\_fastdebug\gscset.sbr
d:\srcrep\0000neo\_fastdebug\gstats.sbr
d:\srcrep\0000neo\_fastdebug\gtext.sbr
d:\srcrep\0000neo\_fastdebug\gvclass.sbr
d:\srcrep\0000neo\_fastdebug\hashtable.sbr
d:\srcrep\0000neo\_fastdebug\hashtop.sbr
d:\srcrep\0000neo\_fastdebug\helper_var.sbr
d:\srcrep\0000neo\_fastdebug\heroability.sbr
d:\srcrep\0000neo\_fastdebug\herofunctions.sbr
d:\srcrep\0000neo\_fastdebug\hexagonalnet.sbr
d:\srcrep\0000neo\_fastdebug\hibars.sbr
d:\srcrep\0000neo\_fastdebug\hint.sbr
d:\srcrep\0000neo\_fastdebug\hiresscreenshot.sbr
d:\srcrep\0000neo\_fastdebug\html.sbr
d:\srcrep\0000neo\_fastdebug\httpcomm.sbr
d:\srcrep\0000neo\_fastdebug\icontool.sbr
d:\srcrep\0000neo\_fastdebug\interface.sbr
d:\srcrep\0000neo\_fastdebug\iplanetriangulator.sbr
d:\srcrep\0000neo\_fastdebug\ir_main.sbr
d:\srcrep\0000neo\_fastdebug\isimasks.sbr
d:\srcrep\0000neo\_fastdebug\iterators.sbr
d:\srcrep\0000neo\_fastdebug\itgeometrycallback.sbr
d:\srcrep\0000neo\_fastdebug\language.sbr
d:\srcrep\0000neo\_fastdebug\layer.sbr
d:\srcrep\0000neo\_fastdebug\lineartest.sbr
d:\srcrep\0000neo\_fastdebug\lines.sbr
d:\srcrep\0000neo\_fastdebug\listunit.sbr
d:\srcrep\0000neo\_fastdebug\loadsave.sbr
d:\srcrep\0000neo\_fastdebug\localexporter.sbr
d:\srcrep\0000neo\_fastdebug\localgenerator.sbr
d:\srcrep\0000neo\_fastdebug\lua_manager.sbr
d:\srcrep\0000neo\_fastdebug\maininterface.sbr
d:\srcrep\0000neo\_fastdebug\mai_extension.sbr
d:\srcrep\0000neo\_fastdebug\mai_functions.sbr
d:\srcrep\0000neo\_fastdebug\mai_monitor.sbr
d:\srcrep\0000neo\_fastdebug\mai_script.sbr
d:\srcrep\0000neo\_fastdebug\mai_vanguard.sbr
d:\srcrep\0000neo\_fastdebug\mai_vantroop.sbr
d:\srcrep\0000neo\_fastdebug\manipulators.sbr
d:\srcrep\0000neo\_fastdebug\mapa.sbr
d:\srcrep\0000neo\_fastdebug\mapdownload.sbr
d:\srcrep\0000neo\_fastdebug\mapgenerator.sbr
d:\srcrep\0000neo\_fastdebug\mapsprites.sbr
d:\srcrep\0000neo\_fastdebug\masks.sbr
d:\srcrep\0000neo\_fastdebug\massiveplayer.sbr
d:\srcrep\0000neo\_fastdebug\mcubes.sbr
d:\srcrep\0000neo\_fastdebug\md5c.sbr
d:\srcrep\0000neo\_fastdebug\mdparser.sbr
d:\srcrep\0000neo\_fastdebug\mechanics.sbr
d:\srcrep\0000neo\_fastdebug\megapolis.sbr
d:\srcrep\0000neo\_fastdebug\menu.sbr
d:\srcrep\0000neo\_fastdebug\meshoperations.sbr
d:\srcrep\0000neo\_fastdebug\messagemgr.sbr
d:\srcrep\0000neo\_fastdebug\messager.sbr
d:\srcrep\0000neo\_fastdebug\mine.sbr
d:\srcrep\0000neo\_fastdebug\minimap4x.sbr
d:\srcrep\0000neo\_fastdebug\missgraphobjects.sbr
d:\srcrep\0000neo\_fastdebug\missionscript.sbr
d:\srcrep\0000neo\_fastdebug\morale.sbr
d:\srcrep\0000neo\_fastdebug\motion.sbr
d:\srcrep\0000neo\_fastdebug\mouse_x.sbr
d:\srcrep\0000neo\_fastdebug\mouszone.sbr
d:\srcrep\0000neo\_fastdebug\movetoxy.sbr
d:\srcrep\0000neo\_fastdebug\mplayer.sbr
d:\srcrep\0000neo\_fastdebug\multi.sbr
d:\srcrep\0000neo\_fastdebug\musorozbornik.sbr
d:\srcrep\0000neo\_fastdebug\nation.sbr
d:\srcrep\0000neo\_fastdebug\nature.sbr
d:\srcrep\0000neo\_fastdebug\navigator.sbr
d:\srcrep\0000neo\_fastdebug\navorots.sbr
d:\srcrep\0000neo\_fastdebug\newai.sbr
d:\srcrep\0000neo\_fastdebug\newilogin.sbr
d:\srcrep\0000neo\_fastdebug\newinternetreport.sbr
d:\srcrep\0000neo\_fastdebug\newmon.sbr
d:\srcrep\0000neo\_fastdebug\newupgrade.sbr
d:\srcrep\0000neo\_fastdebug\nonport.sbr
d:\srcrep\0000neo\_fastdebug\nuclear.sbr
d:\srcrep\0000neo\_fastdebug\obj3d.sbr
d:\srcrep\0000neo\_fastdebug\oggvor.sbr
d:\srcrep\0000neo\_fastdebug\onwater.sbr
d:\srcrep\0000neo\_fastdebug\parameter.sbr
d:\srcrep\0000neo\_fastdebug\paramfunction.sbr
d:\srcrep\0000neo\_fastdebug\particles.sbr
d:\srcrep\0000neo\_fastdebug\path.sbr
d:\srcrep\0000neo\_fastdebug\peerclass.sbr
d:\srcrep\0000neo\_fastdebug\piroobjects.sbr
d:\srcrep\0000neo\_fastdebug\placeinajob.sbr
d:\srcrep\0000neo\_fastdebug\playbink.sbr
d:\srcrep\0000neo\_fastdebug\playmp3.sbr
d:\srcrep\0000neo\_fastdebug\processbattleeditor.sbr
d:\srcrep\0000neo\_fastdebug\profilinginstrument.sbr
d:\srcrep\0000neo\_fastdebug\propertypanel.sbr
d:\srcrep\0000neo\_fastdebug\qfcondrandom.sbr
d:\srcrep\0000neo\_fastdebug\qparser.sbr
d:\srcrep\0000neo\_fastdebug\qpchathint.sbr
d:\srcrep\0000neo\_fastdebug\qstr.sbr
d:\srcrep\0000neo\_fastdebug\quadsrenderer.sbr
d:\srcrep\0000neo\_fastdebug\qunittype.sbr
d:\srcrep\0000neo\_fastdebug\racist.sbr
d:\srcrep\0000neo\_fastdebug\realwater.sbr
d:\srcrep\0000neo\_fastdebug\recorder.sbr
d:\srcrep\0000neo\_fastdebug\registersupereditorclasses.sbr
d:\srcrep\0000neo\_fastdebug\relink.sbr
d:\srcrep\0000neo\_fastdebug\report.sbr
d:\srcrep\0000neo\_fastdebug\resfile.sbr
d:\srcrep\0000neo\_fastdebug\river.sbr
d:\srcrep\0000neo\_fastdebug\safenet.sbr
d:\srcrep\0000neo\_fastdebug\sampprofiler.sbr
d:\srcrep\0000neo\_fastdebug\savenewmap.sbr
d:\srcrep\0000neo\_fastdebug\save_xml_tomap.sbr
d:\srcrep\0000neo\_fastdebug\scape3d.sbr
d:\srcrep\0000neo\_fastdebug\scissors.sbr
d:\srcrep\0000neo\_fastdebug\scriptstorage.sbr
d:\srcrep\0000neo\_fastdebug\script_callstack.sbr
d:\srcrep\0000neo\_fastdebug\script_debugger.sbr
d:\srcrep\0000neo\_fastdebug\script_debugger_threads.sbr
d:\srcrep\0000neo\_fastdebug\script_debugger_utils.sbr
d:\srcrep\0000neo\_fastdebug\script_file.sbr
d:\srcrep\0000neo\_fastdebug\script_lua_helper.sbr
d:\srcrep\0000neo\_fastdebug\select.sbr
d:\srcrep\0000neo\_fastdebug\selectionrect.sbr
d:\srcrep\0000neo\_fastdebug\selext.sbr
d:\srcrep\0000neo\_fastdebug\selprop.sbr
d:\srcrep\0000neo\_fastdebug\shader.sbr
d:\srcrep\0000neo\_fastdebug\shiptrace.sbr
d:\srcrep\0000neo\_fastdebug\silomer.sbr
d:\srcrep\0000neo\_fastdebug\simplifymesh.sbr
d:\srcrep\0000neo\_fastdebug\smooth.sbr
d:\srcrep\0000neo\_fastdebug\softcollision.sbr
d:\srcrep\0000neo\_fastdebug\spraysystem.sbr
d:\srcrep\0000neo\_fastdebug\squareobject.sbr
d:\srcrep\0000neo\_fastdebug\stdheader.sbr
d:\srcrep\0000neo\_fastdebug\strategyresearch.sbr
d:\srcrep\0000neo\_fastdebug\strecog.sbr
d:\srcrep\0000neo\_fastdebug\stringshash.sbr
d:\srcrep\0000neo\_fastdebug\subtitles.sbr
d:\srcrep\0000neo\_fastdebug\supereditor.sbr
d:\srcrep\0000neo\_fastdebug\surface.sbr
d:\srcrep\0000neo\_fastdebug\surfacegenerator.sbr
d:\srcrep\0000neo\_fastdebug\surfexporter.sbr
d:\srcrep\0000neo\_fastdebug\surfpiece.sbr
d:\srcrep\0000neo\_fastdebug\surfprocess.sbr
d:\srcrep\0000neo\_fastdebug\surfsplit.sbr
d:\srcrep\0000neo\_fastdebug\tacticalai.sbr
d:\srcrep\0000neo\_fastdebug\tankcontroller.sbr
d:\srcrep\0000neo\_fastdebug\testserver.sbr
d:\srcrep\0000neo\_fastdebug\textvisualelements.sbr
d:\srcrep\0000neo\_fastdebug\timing.sbr
d:\srcrep\0000neo\_fastdebug\tmixer.sbr
d:\srcrep\0000neo\_fastdebug\topograf.sbr
d:\srcrep\0000neo\_fastdebug\track.sbr
d:\srcrep\0000neo\_fastdebug\transport.sbr
d:\srcrep\0000neo\_fastdebug\treesmesh.sbr
d:\srcrep\0000neo\_fastdebug\typeexchange.sbr
d:\srcrep\0000neo\_fastdebug\typify.sbr
d:\srcrep\0000neo\_fastdebug\ua_ability.sbr
d:\srcrep\0000neo\_fastdebug\ua_item.sbr
d:\srcrep\0000neo\_fastdebug\ua_modificators.sbr
d:\srcrep\0000neo\_fastdebug\ua_orders.sbr
d:\srcrep\0000neo\_fastdebug\ua_settlement.sbr
d:\srcrep\0000neo\_fastdebug\ua_state.sbr
d:\srcrep\0000neo\_fastdebug\undomaster.sbr
d:\srcrep\0000neo\_fastdebug\unitability.sbr
d:\srcrep\0000neo\_fastdebug\unitability2.sbr
d:\srcrep\0000neo\_fastdebug\unitabilityextension.sbr
d:\srcrep\0000neo\_fastdebug\unitabilityicon.sbr
d:\srcrep\0000neo\_fastdebug\unitai.sbr
d:\srcrep\0000neo\_fastdebug\unitchar.sbr
d:\srcrep\0000neo\_fastdebug\unitsinterface.sbr
d:\srcrep\0000neo\_fastdebug\unittypegroup.sbr
d:\srcrep\0000neo\_fastdebug\unrar.sbr
d:\srcrep\0000neo\_fastdebug\unsyncro.sbr
d:\srcrep\0000neo\_fastdebug\upgrade.sbr
d:\srcrep\0000neo\_fastdebug\uv_split.sbr
d:\srcrep\0000neo\_fastdebug\valuestorage.sbr
d:\srcrep\0000neo\_fastdebug\victoryconditions.sbr
d:\srcrep\0000neo\_fastdebug\video.sbr
d:\srcrep\0000neo\_fastdebug\videolayer.sbr
d:\srcrep\0000neo\_fastdebug\videoscriptcommands.sbr
d:\srcrep\0000neo\_fastdebug\viewprofile.sbr
d:\srcrep\0000neo\_fastdebug\visualsoundsystem.sbr
d:\srcrep\0000neo\_fastdebug\vi_mainmenu.sbr
d:\srcrep\0000neo\_fastdebug\vui_action.sbr
d:\srcrep\0000neo\_fastdebug\vui_actions.sbr
d:\srcrep\0000neo\_fastdebug\vui_effects.sbr
d:\srcrep\0000neo\_fastdebug\vui_globalhotkey.sbr
d:\srcrep\0000neo\_fastdebug\vui_info.sbr
d:\srcrep\0000neo\_fastdebug\vui_interfsynchro.sbr
d:\srcrep\0000neo\_fastdebug\vui_is.sbr
d:\srcrep\0000neo\_fastdebug\waves.sbr
d:\srcrep\0000neo\_fastdebug\weapon.sbr
d:\srcrep\0000neo\_fastdebug\weaponsystem.sbr
d:\srcrep\0000neo\_fastdebug\weaponsystemextension.sbr
d:\srcrep\0000neo\_fastdebug\wtsupport.sbr
d:\srcrep\0000neo\_fastdebug\zbuffer.sbr
d:\srcrep\data\cossacks2.exe
d:\srcrep\0000neo\_fastdebug\.\../_fastdebug\cossacks2.vcxproj.filelistabsolute.txt
d:\srcrep\0000neo\_fastdebug\cossacks2.tlog\bscmake.command.1.tlog
d:\srcrep\0000neo\_fastdebug\cossacks2.tlog\bscmake.read.1.tlog
d:\srcrep\0000neo\_fastdebug\cossacks2.tlog\bscmake.write.1.tlog
d:\srcrep\0000neo\_fastdebug\cossacks2.tlog\cl.command.1.tlog
d:\srcrep\0000neo\_fastdebug\cossacks2.tlog\cl.read.1.tlog
d:\srcrep\0000neo\_fastdebug\cossacks2.tlog\cl.write.1.tlog
d:\srcrep\0000neo\_fastdebug\cossacks2.tlog\cossacks2.write.1u.tlog
d:\srcrep\0000neo\_fastdebug\cossacks2.tlog\link.command.1.tlog
d:\srcrep\0000neo\_fastdebug\cossacks2.tlog\link.read.1.tlog
d:\srcrep\0000neo\_fastdebug\cossacks2.tlog\link.write.1.tlog
d:\srcrep\0000neo\_fastdebug\cossacks2.tlog\rc.command.1.tlog
d:\srcrep\0000neo\_fastdebug\cossacks2.tlog\rc.read.1.tlog
d:\srcrep\0000neo\_fastdebug\cossacks2.tlog\rc.write.1.tlog
