d:\ilya\projects\games\hoae\evolution\engine\hoae_evolution_engine\_fastdebug\stdheader.pch
d:\ilya\projects\games\hoae\evolution\engine\hoae_evolution_engine\_fastdebug\vc143.pdb
d:\ilya\projects\games\hoae\evolution\engine\hoae_evolution_engine\_fastdebug\stdheader.obj
d:\ilya\projects\games\hoae\evolution\engine\hoae_evolution_engine\_fastdebug\battlepainter.obj
d:\ilya\projects\games\hoae\evolution\engine\hoae_evolution_engine\_fastdebug\autoactions.obj
d:\ilya\projects\games\hoae\evolution\engine\hoae_evolution_engine\_fastdebug\attacklist.obj
d:\ilya\projects\games\hoae\evolution\engine\hoae_evolution_engine\_fastdebug\antibug.obj
d:\ilya\projects\games\hoae\evolution\engine\hoae_evolution_engine\_fastdebug\alleditors.obj
d:\ilya\projects\games\hoae\evolution\engine\hoae_evolution_engine\_fastdebug\alexvisualsystem.obj
d:\ilya\projects\games\hoae\evolution\engine\hoae_evolution_engine\_fastdebug\alertonminimap.obj
d:\ilya\projects\games\hoae\evolution\engine\hoae_evolution_engine\_fastdebug\alarm.obj
d:\ilya\projects\games\hoae\evolution\engine\hoae_evolution_engine\_fastdebug\ai_scripts.obj
d:\ilya\projects\games\hoae\evolution\engine\hoae_evolution_engine\_fastdebug\ai_router.obj
d:\ilya\projects\games\hoae\evolution\engine\hoae_evolution_engine\_fastdebug\activezone.obj
d:\ilya\projects\games\hoae\evolution\engine\hoae_evolution_engine\_fastdebug\activescenary2.obj
d:\ilya\projects\games\hoae\evolution\engine\hoae_evolution_engine\_fastdebug\activescenary.obj
d:\ilya\projects\games\hoae\evolution\engine\hoae_evolution_engine\_fastdebug\3dwalls.obj
d:\ilya\projects\games\hoae\evolution\engine\hoae_evolution_engine\_fastdebug\3dsurf.obj
d:\ilya\projects\games\hoae\evolution\engine\hoae_evolution_engine\_fastdebug\3drandmap.obj
d:\ilya\projects\games\hoae\evolution\engine\hoae_evolution_engine\_fastdebug\3dmaped.obj
d:\ilya\projects\games\hoae\evolution\engine\hoae_evolution_engine\_fastdebug\3dgroundmodels.obj
d:\ilya\projects\games\hoae\evolution\engine\hoae_evolution_engine\_fastdebug\3dgraph.obj
d:\ilya\projects\games\hoae\evolution\engine\hoae_evolution_engine\_fastdebug\3dbars.obj
d:\ilya\projects\games\hoae\evolution\engine\hoae_evolution_engine\_fastdebug\classeditor.obj
d:\ilya\projects\games\hoae\evolution\engine\hoae_evolution_engine\_fastdebug\checkfileenumerator.obj
d:\ilya\projects\games\hoae\evolution\engine\hoae_evolution_engine\_fastdebug\cext_visualinterface.obj
d:\ilya\projects\games\hoae\evolution\engine\hoae_evolution_engine\_fastdebug\cdirsnd.obj
d:\ilya\projects\games\hoae\evolution\engine\hoae_evolution_engine\_fastdebug\track.obj
d:\ilya\projects\games\hoae\evolution\engine\hoae_evolution_engine\_fastdebug\navigator.obj
d:\ilya\projects\games\hoae\evolution\engine\hoae_evolution_engine\_fastdebug\build.obj
d:\ilya\projects\games\hoae\evolution\engine\hoae_evolution_engine\_fastdebug\brigaitools.obj
d:\ilya\projects\games\hoae\evolution\engine\hoae_evolution_engine\_fastdebug\brigadevariables.obj
d:\ilya\projects\games\hoae\evolution\engine\hoae_evolution_engine\_fastdebug\brigadeorders.obj
d:\ilya\projects\games\hoae\evolution\engine\hoae_evolution_engine\_fastdebug\brigadeai.obj
d:\ilya\projects\games\hoae\evolution\engine\hoae_evolution_engine\_fastdebug\brigadeabilityextension.obj
d:\ilya\projects\games\hoae\evolution\engine\hoae_evolution_engine\_fastdebug\brigade.obj
d:\ilya\projects\games\hoae\evolution\engine\hoae_evolution_engine\_fastdebug\bmptool.obj
d:\ilya\projects\games\hoae\evolution\engine\hoae_evolution_engine\_fastdebug\be_value.obj
d:\ilya\projects\games\hoae\evolution\engine\hoae_evolution_engine\_fastdebug\be_toolsmanager.obj
d:\ilya\projects\games\hoae\evolution\engine\hoae_evolution_engine\_fastdebug\be_import.obj
d:\ilya\projects\games\hoae\evolution\engine\hoae_evolution_engine\_fastdebug\be_hashtop.obj
d:\ilya\projects\games\hoae\evolution\engine\hoae_evolution_engine\_fastdebug\be_global.obj
d:\ilya\projects\games\hoae\evolution\engine\hoae_evolution_engine\_fastdebug\be_block.obj
d:\ilya\projects\games\hoae\evolution\engine\hoae_evolution_engine\_fastdebug\cvi_unitability.obj
d:\ilya\projects\games\hoae\evolution\engine\hoae_evolution_engine\_fastdebug\cvi_singleplayerdata.obj
d:\ilya\projects\games\hoae\evolution\engine\hoae_evolution_engine\_fastdebug\cvi_romehelp.obj
d:\ilya\projects\games\hoae\evolution\engine\hoae_evolution_engine\_fastdebug\cvi_postgamestatistic.obj
d:\ilya\projects\games\hoae\evolution\engine\hoae_evolution_engine\_fastdebug\cvi_oboz.obj
d:\ilya\projects\games\hoae\evolution\engine\hoae_evolution_engine\_fastdebug\cvi_missions.obj
d:\ilya\projects\games\hoae\evolution\engine\hoae_evolution_engine\_fastdebug\cvi_market.obj
d:\ilya\projects\games\hoae\evolution\engine\hoae_evolution_engine\_fastdebug\cvi_mainmenu.obj
d:\ilya\projects\games\hoae\evolution\engine\hoae_evolution_engine\_fastdebug\cvi_ingamepanel.obj
d:\ilya\projects\games\hoae\evolution\engine\hoae_evolution_engine\_fastdebug\cvi_hotkeys.obj
d:\ilya\projects\games\hoae\evolution\engine\hoae_evolution_engine\_fastdebug\cvi_herobuttons.obj
d:\ilya\projects\games\hoae\evolution\engine\hoae_evolution_engine\_fastdebug\cvi_campaign.obj
d:\ilya\projects\games\hoae\evolution\engine\hoae_evolution_engine\_fastdebug\cvi_brigcreate.obj
d:\ilya\projects\games\hoae\evolution\engine\hoae_evolution_engine\_fastdebug\cvi_alert.obj
d:\ilya\projects\games\hoae\evolution\engine\hoae_evolution_engine\_fastdebug\cvi_academy.obj
d:\ilya\projects\games\hoae\evolution\engine\hoae_evolution_engine\_fastdebug\cva_deskarray.obj
d:\ilya\projects\games\hoae\evolution\engine\hoae_evolution_engine\_fastdebug\currentmapoptions.obj
d:\ilya\projects\games\hoae\evolution\engine\hoae_evolution_engine\_fastdebug\cplayersave.obj
d:\ilya\projects\games\hoae\evolution\engine\hoae_evolution_engine\_fastdebug\complexshooter.obj
d:\ilya\projects\games\hoae\evolution\engine\hoae_evolution_engine\_fastdebug\classeditorsregistration.obj
d:\ilya\projects\games\hoae\evolution\engine\hoae_evolution_engine\_fastdebug\filepreview.obj
d:\ilya\projects\games\hoae\evolution\engine\hoae_evolution_engine\_fastdebug\filedialog.obj
d:\ilya\projects\games\hoae\evolution\engine\hoae_evolution_engine\_fastdebug\fastmempool.obj
d:\ilya\projects\games\hoae\evolution\engine\hoae_evolution_engine\_fastdebug\fastdraw.obj
d:\ilya\projects\games\hoae\evolution\engine\hoae_evolution_engine\_fastdebug\fantasyai.obj
d:\ilya\projects\games\hoae\evolution\engine\hoae_evolution_engine\_fastdebug\factures3d.obj
d:\ilya\projects\games\hoae\evolution\engine\hoae_evolution_engine\_fastdebug\exmapgenerator.obj
d:\ilya\projects\games\hoae\evolution\engine\hoae_evolution_engine\_fastdebug\enginesettings.obj
d:\ilya\projects\games\hoae\evolution\engine\hoae_evolution_engine\_fastdebug\endgameext.obj
d:\ilya\projects\games\hoae\evolution\engine\hoae_evolution_engine\_fastdebug\einfoclass.obj
d:\ilya\projects\games\hoae\evolution\engine\hoae_evolution_engine\_fastdebug\economy.obj
d:\ilya\projects\games\hoae\evolution\engine\hoae_evolution_engine\_fastdebug\drawsomethingoverbrigade.obj
d:\ilya\projects\games\hoae\evolution\engine\hoae_evolution_engine\_fastdebug\drawforms.obj
d:\ilya\projects\games\hoae\evolution\engine\hoae_evolution_engine\_fastdebug\missionscript.obj
d:\ilya\projects\games\hoae\evolution\engine\hoae_evolution_engine\_fastdebug\cquest.obj
d:\ilya\projects\games\hoae\evolution\engine\hoae_evolution_engine\_fastdebug\dialogseditor.obj
d:\ilya\projects\games\hoae\evolution\engine\hoae_evolution_engine\_fastdebug\devicecd.obj
d:\ilya\projects\games\hoae\evolution\engine\hoae_evolution_engine\_fastdebug\debuger.obj
d:\ilya\projects\games\hoae\evolution\engine\hoae_evolution_engine\_fastdebug\ddini.obj
d:\ilya\projects\games\hoae\evolution\engine\hoae_evolution_engine\_fastdebug\danger.obj
d:\ilya\projects\games\hoae\evolution\engine\hoae_evolution_engine\_fastdebug\herofunctions.obj
d:\ilya\projects\games\hoae\evolution\engine\hoae_evolution_engine\_fastdebug\gvclass.obj
d:\ilya\projects\games\hoae\evolution\engine\hoae_evolution_engine\_fastdebug\gtext.obj
d:\ilya\projects\games\hoae\evolution\engine\hoae_evolution_engine\_fastdebug\groups.obj
d:\ilya\projects\games\hoae\evolution\engine\hoae_evolution_engine\_fastdebug\grouppurpose.obj
d:\ilya\projects\games\hoae\evolution\engine\hoae_evolution_engine\_fastdebug\groupeoperations.obj
d:\ilya\projects\games\hoae\evolution\engine\hoae_evolution_engine\_fastdebug\groundpieces.obj
d:\ilya\projects\games\hoae\evolution\engine\hoae_evolution_engine\_fastdebug\graphs.obj
d:\ilya\projects\games\hoae\evolution\engine\hoae_evolution_engine\_fastdebug\gp_draw.obj
d:\ilya\projects\games\hoae\evolution\engine\hoae_evolution_engine\_fastdebug\globals.obj
d:\ilya\projects\games\hoae\evolution\engine\hoae_evolution_engine\_fastdebug\globalactions.obj
d:\ilya\projects\games\hoae\evolution\engine\hoae_evolution_engine\_fastdebug\gamesound.obj
d:\ilya\projects\games\hoae\evolution\engine\hoae_evolution_engine\_fastdebug\gamesettings.obj
d:\ilya\projects\games\hoae\evolution\engine\hoae_evolution_engine\_fastdebug\gameinterface.obj
d:\ilya\projects\games\hoae\evolution\engine\hoae_evolution_engine\_fastdebug\gameextension.obj
d:\ilya\projects\games\hoae\evolution\engine\hoae_evolution_engine\_fastdebug\functionstorage.obj
d:\ilya\projects\games\hoae\evolution\engine\hoae_evolution_engine\_fastdebug\fractal.obj
d:\ilya\projects\games\hoae\evolution\engine\hoae_evolution_engine\_fastdebug\fog.obj
d:\ilya\projects\games\hoae\evolution\engine\hoae_evolution_engine\_fastdebug\flexbisonparser.obj
d:\ilya\projects\games\hoae\evolution\engine\hoae_evolution_engine\_fastdebug\firesmokeeditor.obj
d:\ilya\projects\games\hoae\evolution\engine\hoae_evolution_engine\_fastdebug\mai_vantroop.obj
d:\ilya\projects\games\hoae\evolution\engine\hoae_evolution_engine\_fastdebug\mai_vanguard.obj
d:\ilya\projects\games\hoae\evolution\engine\hoae_evolution_engine\_fastdebug\mai_script.obj
d:\ilya\projects\games\hoae\evolution\engine\hoae_evolution_engine\_fastdebug\mai_monitor.obj
d:\ilya\projects\games\hoae\evolution\engine\hoae_evolution_engine\_fastdebug\mai_functions.obj
d:\ilya\projects\games\hoae\evolution\engine\hoae_evolution_engine\_fastdebug\mai_extension.obj
d:\ilya\projects\games\hoae\evolution\engine\hoae_evolution_engine\_fastdebug\maininterface.obj
d:\ilya\projects\games\hoae\evolution\engine\hoae_evolution_engine\_fastdebug\lua_manager.obj
d:\ilya\projects\games\hoae\evolution\engine\hoae_evolution_engine\_fastdebug\binde_function.obj
d:\ilya\projects\games\hoae\evolution\engine\hoae_evolution_engine\_fastdebug\binde_class2.obj
d:\ilya\projects\games\hoae\evolution\engine\hoae_evolution_engine\_fastdebug\binde_class.obj
d:\ilya\projects\games\hoae\evolution\engine\hoae_evolution_engine\_fastdebug\loadsave.obj
d:\ilya\projects\games\hoae\evolution\engine\hoae_evolution_engine\_fastdebug\listunit.obj
d:\ilya\projects\games\hoae\evolution\engine\hoae_evolution_engine\_fastdebug\lines.obj
d:\ilya\projects\games\hoae\evolution\engine\hoae_evolution_engine\_fastdebug\lineartest.obj
d:\ilya\projects\games\hoae\evolution\engine\hoae_evolution_engine\_fastdebug\interface.obj
d:\ilya\projects\games\hoae\evolution\engine\hoae_evolution_engine\_fastdebug\ir_main.obj
d:\ilya\projects\games\hoae\evolution\engine\hoae_evolution_engine\_fastdebug\icontool.obj
d:\ilya\projects\games\hoae\evolution\engine\hoae_evolution_engine\_fastdebug\html.obj
d:\ilya\projects\games\hoae\evolution\engine\hoae_evolution_engine\_fastdebug\hint.obj
d:\ilya\projects\games\hoae\evolution\engine\hoae_evolution_engine\_fastdebug\navorots.obj
d:\ilya\projects\games\hoae\evolution\engine\hoae_evolution_engine\_fastdebug\nature.obj
d:\ilya\projects\games\hoae\evolution\engine\hoae_evolution_engine\_fastdebug\nation.obj
d:\ilya\projects\games\hoae\evolution\engine\hoae_evolution_engine\_fastdebug\musorozbornik.obj
d:\ilya\projects\games\hoae\evolution\engine\hoae_evolution_engine\_fastdebug\multi.obj
d:\ilya\projects\games\hoae\evolution\engine\hoae_evolution_engine\_fastdebug\mplayer.obj
d:\ilya\projects\games\hoae\evolution\engine\hoae_evolution_engine\_fastdebug\playmp3.obj
d:\ilya\projects\games\hoae\evolution\engine\hoae_evolution_engine\_fastdebug\mouszone.obj
d:\ilya\projects\games\hoae\evolution\engine\hoae_evolution_engine\_fastdebug\mouse_x.obj
d:\ilya\projects\games\hoae\evolution\engine\hoae_evolution_engine\_fastdebug\morale.obj
d:\ilya\projects\games\hoae\evolution\engine\hoae_evolution_engine\_fastdebug\missgraphobjects.obj
d:\ilya\projects\games\hoae\evolution\engine\hoae_evolution_engine\_fastdebug\minimap4x.obj
d:\ilya\projects\games\hoae\evolution\engine\hoae_evolution_engine\_fastdebug\mine.obj
d:\ilya\projects\games\hoae\evolution\engine\hoae_evolution_engine\_fastdebug\messagemgr.obj
d:\ilya\projects\games\hoae\evolution\engine\hoae_evolution_engine\_fastdebug\megapolis.obj
d:\ilya\projects\games\hoae\evolution\engine\hoae_evolution_engine\_fastdebug\masks.obj
d:\ilya\projects\games\hoae\evolution\engine\hoae_evolution_engine\_fastdebug\mapsprites.obj
d:\ilya\projects\games\hoae\evolution\engine\hoae_evolution_engine\_fastdebug\mapgenerator.obj
d:\ilya\projects\games\hoae\evolution\engine\hoae_evolution_engine\_fastdebug\mapdownload.obj
d:\ilya\projects\games\hoae\evolution\engine\hoae_evolution_engine\_fastdebug\mapa.obj
d:\ilya\projects\games\hoae\evolution\engine\hoae_evolution_engine\_fastdebug\quadsrenderer.obj
d:\ilya\projects\games\hoae\evolution\engine\hoae_evolution_engine\_fastdebug\qstr.obj
d:\ilya\projects\games\hoae\evolution\engine\hoae_evolution_engine\_fastdebug\qpchathint.obj
d:\ilya\projects\games\hoae\evolution\engine\hoae_evolution_engine\_fastdebug\qparser.obj
d:\ilya\projects\games\hoae\evolution\engine\hoae_evolution_engine\_fastdebug\qfcondrandom.obj
d:\ilya\projects\games\hoae\evolution\engine\hoae_evolution_engine\_fastdebug\profilinginstrument.obj
d:\ilya\projects\games\hoae\evolution\engine\hoae_evolution_engine\_fastdebug\sampprofiler.obj
d:\ilya\projects\games\hoae\evolution\engine\hoae_evolution_engine\_fastdebug\placeinajob.obj
d:\ilya\projects\games\hoae\evolution\engine\hoae_evolution_engine\_fastdebug\piroobjects.obj
d:\ilya\projects\games\hoae\evolution\engine\hoae_evolution_engine\_fastdebug\peerclass.obj
d:\ilya\projects\games\hoae\evolution\engine\hoae_evolution_engine\_fastdebug\path.obj
d:\ilya\projects\games\hoae\evolution\engine\hoae_evolution_engine\_fastdebug\particles.obj
d:\ilya\projects\games\hoae\evolution\engine\hoae_evolution_engine\_fastdebug\paramfunction.obj
d:\ilya\projects\games\hoae\evolution\engine\hoae_evolution_engine\_fastdebug\onwater.obj
d:\ilya\projects\games\hoae\evolution\engine\hoae_evolution_engine\_fastdebug\nuclear.obj
d:\ilya\projects\games\hoae\evolution\engine\hoae_evolution_engine\_fastdebug\newupgrade.obj
d:\ilya\projects\games\hoae\evolution\engine\hoae_evolution_engine\_fastdebug\newmon.obj
d:\ilya\projects\games\hoae\evolution\engine\hoae_evolution_engine\_fastdebug\newinternetreport.obj
d:\ilya\projects\games\hoae\evolution\engine\hoae_evolution_engine\_fastdebug\newilogin.obj
d:\ilya\projects\games\hoae\evolution\engine\hoae_evolution_engine\_fastdebug\newai.obj
d:\ilya\projects\games\hoae\evolution\engine\hoae_evolution_engine\_fastdebug\supereditor.obj
d:\ilya\projects\games\hoae\evolution\engine\hoae_evolution_engine\_fastdebug\subtitles.obj
d:\ilya\projects\games\hoae\evolution\engine\hoae_evolution_engine\_fastdebug\strecog.obj
d:\ilya\projects\games\hoae\evolution\engine\hoae_evolution_engine\_fastdebug\strategyresearch.obj
d:\ilya\projects\games\hoae\evolution\engine\hoae_evolution_engine\_fastdebug\squareobject.obj
d:\ilya\projects\games\hoae\evolution\engine\hoae_evolution_engine\_fastdebug\spraysystem.obj
d:\ilya\projects\games\hoae\evolution\engine\hoae_evolution_engine\_fastdebug\silomer.obj
d:\ilya\projects\games\hoae\evolution\engine\hoae_evolution_engine\_fastdebug\shiptrace.obj
d:\ilya\projects\games\hoae\evolution\engine\hoae_evolution_engine\_fastdebug\selprop.obj
d:\ilya\projects\games\hoae\evolution\engine\hoae_evolution_engine\_fastdebug\select.obj
d:\ilya\projects\games\hoae\evolution\engine\hoae_evolution_engine\_fastdebug\scape3d.obj
d:\ilya\projects\games\hoae\evolution\engine\hoae_evolution_engine\_fastdebug\save_xml_tomap.obj
d:\ilya\projects\games\hoae\evolution\engine\hoae_evolution_engine\_fastdebug\savenewmap.obj
d:\ilya\projects\games\hoae\evolution\engine\hoae_evolution_engine\_fastdebug\safenet.obj
d:\ilya\projects\games\hoae\evolution\engine\hoae_evolution_engine\_fastdebug\river.obj
d:\ilya\projects\games\hoae\evolution\engine\hoae_evolution_engine\_fastdebug\report.obj
d:\ilya\projects\games\hoae\evolution\engine\hoae_evolution_engine\_fastdebug\registersupereditorclasses.obj
d:\ilya\projects\games\hoae\evolution\engine\hoae_evolution_engine\_fastdebug\recorder.obj
d:\ilya\projects\games\hoae\evolution\engine\hoae_evolution_engine\_fastdebug\realwater.obj
d:\ilya\projects\games\hoae\evolution\engine\hoae_evolution_engine\_fastdebug\qunittype.obj
d:\ilya\projects\games\hoae\evolution\engine\hoae_evolution_engine\_fastdebug\obj3d.obj
d:\ilya\projects\games\hoae\evolution\engine\hoae_evolution_engine\_fastdebug\messager.obj
d:\ilya\projects\games\hoae\evolution\engine\hoae_evolution_engine\_fastdebug\mcubes.obj
d:\ilya\projects\games\hoae\evolution\engine\hoae_evolution_engine\_fastdebug\manipulators.obj
d:\ilya\projects\games\hoae\evolution\engine\hoae_evolution_engine\_fastdebug\localgenerator.obj
d:\ilya\projects\games\hoae\evolution\engine\hoae_evolution_engine\_fastdebug\localexporter.obj
d:\ilya\projects\games\hoae\evolution\engine\hoae_evolution_engine\_fastdebug\layer.obj
d:\ilya\projects\games\hoae\evolution\engine\hoae_evolution_engine\_fastdebug\itgeometrycallback.obj
d:\ilya\projects\games\hoae\evolution\engine\hoae_evolution_engine\_fastdebug\hiresscreenshot.obj
d:\ilya\projects\games\hoae\evolution\engine\hoae_evolution_engine\_fastdebug\grass.obj
d:\ilya\projects\games\hoae\evolution\engine\hoae_evolution_engine\_fastdebug\facturize.obj
d:\ilya\projects\games\hoae\evolution\engine\hoae_evolution_engine\_fastdebug\deform.obj
d:\ilya\projects\games\hoae\evolution\engine\hoae_evolution_engine\_fastdebug\colorize.obj
d:\ilya\projects\games\hoae\evolution\engine\hoae_evolution_engine\_fastdebug\collidingcamera.obj
d:\ilya\projects\games\hoae\evolution\engine\hoae_evolution_engine\_fastdebug\cmdext.obj
d:\ilya\projects\games\hoae\evolution\engine\hoae_evolution_engine\_fastdebug\cmdcallbacks.obj
d:\ilya\projects\games\hoae\evolution\engine\hoae_evolution_engine\_fastdebug\chamfer.obj
d:\ilya\projects\games\hoae\evolution\engine\hoae_evolution_engine\_fastdebug\ccombineextension.obj
d:\ilya\projects\games\hoae\evolution\engine\hoae_evolution_engine\_fastdebug\booleans.obj
d:\ilya\projects\games\hoae\evolution\engine\hoae_evolution_engine\_fastdebug\archway.obj
d:\ilya\projects\games\hoae\evolution\engine\hoae_evolution_engine\_fastdebug\transport.obj
d:\ilya\projects\games\hoae\evolution\engine\hoae_evolution_engine\_fastdebug\timing.obj
d:\ilya\projects\games\hoae\evolution\engine\hoae_evolution_engine\_fastdebug\textvisualelements.obj
d:\ilya\projects\games\hoae\evolution\engine\hoae_evolution_engine\_fastdebug\testserver.obj
d:\ilya\projects\games\hoae\evolution\engine\hoae_evolution_engine\_fastdebug\tacticalai.obj
d:\ilya\projects\games\hoae\evolution\engine\hoae_evolution_engine\_fastdebug\uv_split.obj
d:\ilya\projects\games\hoae\evolution\engine\hoae_evolution_engine\_fastdebug\typify.obj
d:\ilya\projects\games\hoae\evolution\engine\hoae_evolution_engine\_fastdebug\tankcontroller.obj
d:\ilya\projects\games\hoae\evolution\engine\hoae_evolution_engine\_fastdebug\surfsplit.obj
d:\ilya\projects\games\hoae\evolution\engine\hoae_evolution_engine\_fastdebug\surfprocess.obj
d:\ilya\projects\games\hoae\evolution\engine\hoae_evolution_engine\_fastdebug\surfpiece.obj
d:\ilya\projects\games\hoae\evolution\engine\hoae_evolution_engine\_fastdebug\surfexporter.obj
d:\ilya\projects\games\hoae\evolution\engine\hoae_evolution_engine\_fastdebug\surfacegenerator.obj
d:\ilya\projects\games\hoae\evolution\engine\hoae_evolution_engine\_fastdebug\surface.obj
d:\ilya\projects\games\hoae\evolution\engine\hoae_evolution_engine\_fastdebug\smooth.obj
d:\ilya\projects\games\hoae\evolution\engine\hoae_evolution_engine\_fastdebug\shader.obj
d:\ilya\projects\games\hoae\evolution\engine\hoae_evolution_engine\_fastdebug\selext.obj
d:\ilya\projects\games\hoae\evolution\engine\hoae_evolution_engine\_fastdebug\scissors.obj
d:\ilya\projects\games\hoae\evolution\engine\hoae_evolution_engine\_fastdebug\racist.obj
d:\ilya\projects\games\hoae\evolution\engine\hoae_evolution_engine\_fastdebug\propertypanel.obj
d:\ilya\projects\games\hoae\evolution\engine\hoae_evolution_engine\_fastdebug\vui_info.obj
d:\ilya\projects\games\hoae\evolution\engine\hoae_evolution_engine\_fastdebug\vui_globalhotkey.obj
d:\ilya\projects\games\hoae\evolution\engine\hoae_evolution_engine\_fastdebug\vui_effects.obj
d:\ilya\projects\games\hoae\evolution\engine\hoae_evolution_engine\_fastdebug\vui_action.obj
d:\ilya\projects\games\hoae\evolution\engine\hoae_evolution_engine\_fastdebug\vi_mainmenu.obj
d:\ilya\projects\games\hoae\evolution\engine\hoae_evolution_engine\_fastdebug\visualsoundsystem.obj
d:\ilya\projects\games\hoae\evolution\engine\hoae_evolution_engine\_fastdebug\viewprofile.obj
d:\ilya\projects\games\hoae\evolution\engine\hoae_evolution_engine\_fastdebug\videoscriptcommands.obj
d:\ilya\projects\games\hoae\evolution\engine\hoae_evolution_engine\_fastdebug\videolayer.obj
d:\ilya\projects\games\hoae\evolution\engine\hoae_evolution_engine\_fastdebug\victoryconditions.obj
d:\ilya\projects\games\hoae\evolution\engine\hoae_evolution_engine\_fastdebug\upgrade.obj
d:\ilya\projects\games\hoae\evolution\engine\hoae_evolution_engine\_fastdebug\unsyncro.obj
d:\ilya\projects\games\hoae\evolution\engine\hoae_evolution_engine\_fastdebug\unittypegroup.obj
d:\ilya\projects\games\hoae\evolution\engine\hoae_evolution_engine\_fastdebug\unitsinterface.obj
d:\ilya\projects\games\hoae\evolution\engine\hoae_evolution_engine\_fastdebug\unitchar.obj
d:\ilya\projects\games\hoae\evolution\engine\hoae_evolution_engine\_fastdebug\unitai.obj
d:\ilya\projects\games\hoae\evolution\engine\hoae_evolution_engine\_fastdebug\unitabilityextension.obj
d:\ilya\projects\games\hoae\evolution\engine\hoae_evolution_engine\_fastdebug\unitability.obj
d:\ilya\projects\games\hoae\evolution\engine\hoae_evolution_engine\_fastdebug\ua_modificators.obj
d:\ilya\projects\games\hoae\evolution\engine\hoae_evolution_engine\_fastdebug\typeexchange.obj
d:\ilya\projects\games\hoae\evolution\engine\hoae_evolution_engine\_fastdebug\zbuffer.obj
d:\ilya\projects\games\hoae\evolution\engine\hoae_evolution_engine\_fastdebug\weapon.obj
d:\ilya\projects\games\hoae\evolution\engine\hoae_evolution_engine\_fastdebug\waves.obj
d:\ilya\projects\games\hoae\evolution\engine\hoae_evolution_engine\_fastdebug\vui_is.obj
d:\ilya\projects\games\hoae\evolution\engine\hoae_evolution_engine\_fastdebug\vui_interfsynchro.obj
d:\ilya\projects\games\hoae\evolution\engine\hoae_evolution_engine\_fastdebug\cimage.obj
d:\ilya\projects\games\hoae\evolution\engine\hoae_evolution_engine\_fastdebug\chashindex.obj
d:\ilya\projects\games\hoae\evolution\engine\hoae_evolution_engine\_fastdebug\cgrid.obj
d:\ilya\projects\games\hoae\evolution\engine\hoae_evolution_engine\_fastdebug\cdata.obj
d:\ilya\projects\games\hoae\evolution\engine\hoae_evolution_engine\_fastdebug\ccolor.obj
d:\ilya\projects\games\hoae\evolution\engine\hoae_evolution_engine\_fastdebug\cbounds.obj
d:\ilya\projects\games\hoae\evolution\engine\hoae_evolution_engine\_fastdebug\cassert.obj
d:\ilya\projects\games\hoae\evolution\engine\hoae_evolution_engine\_fastdebug\cangles.obj
d:\ilya\projects\games\hoae\evolution\engine\hoae_evolution_engine\_fastdebug\chkinet.obj
d:\ilya\projects\games\hoae\evolution\engine\hoae_evolution_engine\_fastdebug\c2_memory.obj
d:\ilya\projects\games\hoae\evolution\engine\hoae_evolution_engine\_fastdebug\playbink.obj
d:\ilya\projects\games\hoae\evolution\engine\hoae_evolution_engine\_fastdebug\be_extarfunctions.obj
d:\ilya\projects\games\hoae\evolution\engine\hoae_evolution_engine\_fastdebug\battleshipai.obj
d:\ilya\projects\games\hoae\evolution\engine\hoae_evolution_engine\_fastdebug\isimasks.obj
d:\ilya\projects\games\hoae\evolution\engine\hoae_evolution_engine\_fastdebug\gscset.obj
d:\ilya\projects\games\hoae\evolution\engine\hoae_evolution_engine\_fastdebug\gscarch.obj
d:\ilya\projects\games\hoae\evolution\engine\hoae_evolution_engine\_fastdebug\archtool.obj
d:\ilya\projects\games\hoae\evolution\engine\hoae_evolution_engine\_fastdebug\ambientmusicscript.obj
d:\ilya\projects\games\hoae\evolution\engine\hoae_evolution_engine\_fastdebug\alltools.obj
d:\ilya\projects\games\hoae\evolution\engine\hoae_evolution_engine\_fastdebug\abilities.obj
d:\ilya\projects\games\hoae\evolution\engine\hoae_evolution_engine\_fastdebug\crotatetool.obj
d:\ilya\projects\games\hoae\evolution\engine\hoae_evolution_engine\_fastdebug\crender.obj
d:\ilya\projects\games\hoae\evolution\engine\hoae_evolution_engine\_fastdebug\crawmesh.obj
d:\ilya\projects\games\hoae\evolution\engine\hoae_evolution_engine\_fastdebug\cquat.obj
d:\ilya\projects\games\hoae\evolution\engine\hoae_evolution_engine\_fastdebug\cmovetool.obj
d:\ilya\projects\games\hoae\evolution\engine\hoae_evolution_engine\_fastdebug\cmeshobj.obj
d:\ilya\projects\games\hoae\evolution\engine\hoae_evolution_engine\_fastdebug\cmesh.obj
d:\ilya\projects\games\hoae\evolution\engine\hoae_evolution_engine\_fastdebug\cmatrix.obj
d:\ilya\projects\games\hoae\evolution\engine\hoae_evolution_engine\_fastdebug\cmath.obj
d:\ilya\projects\games\hoae\evolution\engine\hoae_evolution_engine\_fastdebug\cmaterial.obj
d:\ilya\projects\games\hoae\evolution\engine\hoae_evolution_engine\_fastdebug\cmat4.obj
d:\ilya\projects\games\hoae\evolution\engine\hoae_evolution_engine\_fastdebug\cmat3.obj
d:\ilya\projects\games\hoae\evolution\engine\hoae_evolution_engine\_fastdebug\cmat2.obj
d:\ilya\projects\games\hoae\evolution\engine\hoae_evolution_engine\_fastdebug\clog.obj
d:\ilya\projects\games\hoae\evolution\engine\hoae_evolution_engine\_fastdebug\cisosurface.obj
d:\ilya\projects\games\hoae\evolution\engine\hoae_evolution_engine\_fastdebug\cio.obj
d:\ilya\projects\games\hoae\evolution\engine\hoae_evolution_engine\_fastdebug\cinput.obj
d:\ilya\projects\games\hoae\evolution\engine\hoae_evolution_engine\_fastdebug\cimagetga.obj
d:\ilya\projects\games\hoae\evolution\engine\hoae_evolution_engine\_fastdebug\cimagedds.obj
d:\ilya\projects\games\hoae\evolution\engine\hoae_evolution_engine\_fastdebug\cimagebmp.obj
d:\ilya\projects\games\hoae\evolution\engine\hoae_evolution_engine\_fastdebug\drawfeatures.obj
d:\ilya\projects\games\hoae\evolution\engine\hoae_evolution_engine\_fastdebug\ddex1.obj
d:\ilya\projects\games\hoae\evolution\engine\hoae_evolution_engine\_fastdebug\cwave.obj
d:\ilya\projects\games\hoae\evolution\engine\hoae_evolution_engine\_fastdebug\conststr.obj
d:\ilya\projects\games\hoae\evolution\engine\hoae_evolution_engine\_fastdebug\dvector.obj
d:\ilya\projects\games\hoae\evolution\engine\hoae_evolution_engine\_fastdebug\dmatrix.obj
d:\ilya\projects\games\hoae\evolution\engine\hoae_evolution_engine\_fastdebug\cwidget.obj
d:\ilya\projects\games\hoae\evolution\engine\hoae_evolution_engine\_fastdebug\cviewport2.obj
d:\ilya\projects\games\hoae\evolution\engine\hoae_evolution_engine\_fastdebug\cviewer.obj
d:\ilya\projects\games\hoae\evolution\engine\hoae_evolution_engine\_fastdebug\cvectors.obj
d:\ilya\projects\games\hoae\evolution\engine\hoae_evolution_engine\_fastdebug\cvec4.obj
d:\ilya\projects\games\hoae\evolution\engine\hoae_evolution_engine\_fastdebug\cvec3.obj
d:\ilya\projects\games\hoae\evolution\engine\hoae_evolution_engine\_fastdebug\cvec2.obj
d:\ilya\projects\games\hoae\evolution\engine\hoae_evolution_engine\_fastdebug\cvec.obj
d:\ilya\projects\games\hoae\evolution\engine\hoae_evolution_engine\_fastdebug\cstr.obj
d:\ilya\projects\games\hoae\evolution\engine\hoae_evolution_engine\_fastdebug\csphere.obj
d:\ilya\projects\games\hoae\evolution\engine\hoae_evolution_engine\_fastdebug\csolver.obj
d:\ilya\projects\games\hoae\evolution\engine\hoae_evolution_engine\_fastdebug\cseg.obj
d:\ilya\projects\games\hoae\evolution\engine\hoae_evolution_engine\_fastdebug\cscaletool.obj
d:\ilya\projects\games\hoae\evolution\engine\hoae_evolution_engine\_fastdebug\crotation.obj
d:\ilya\projects\games\hoae\evolution\engine\hoae_evolution_engine\_fastdebug\script_lua_helper.obj
d:\ilya\projects\games\hoae\evolution\engine\hoae_evolution_engine\_fastdebug\script_file.obj
d:\ilya\projects\games\hoae\evolution\engine\hoae_evolution_engine\_fastdebug\script_debugger_utils.obj
d:\ilya\projects\games\hoae\evolution\engine\hoae_evolution_engine\_fastdebug\script_debugger_threads.obj
d:\ilya\projects\games\hoae\evolution\engine\hoae_evolution_engine\_fastdebug\script_debugger.obj
d:\ilya\projects\games\hoae\evolution\engine\hoae_evolution_engine\_fastdebug\script_callstack.obj
d:\ilya\projects\games\hoae\evolution\engine\hoae_evolution_engine\_fastdebug\language.obj
d:\ilya\projects\games\hoae\evolution\engine\hoae_evolution_engine\_fastdebug\iplanetriangulator.obj
d:\ilya\projects\games\hoae\evolution\engine\hoae_evolution_engine\_fastdebug\httpcomm.obj
d:\ilya\projects\games\hoae\evolution\engine\hoae_evolution_engine\_fastdebug\hibars.obj
d:\ilya\projects\games\hoae\evolution\engine\hoae_evolution_engine\_fastdebug\generatemesh.obj
d:\ilya\projects\games\hoae\evolution\engine\hoae_evolution_engine\_fastdebug\fmmanager.obj
d:\ilya\projects\games\hoae\evolution\engine\hoae_evolution_engine\_fastdebug\fexsysinfo.obj
d:\ilya\projects\games\hoae\evolution\engine\hoae_evolution_engine\_fastdebug\fexmodule.obj
d:\ilya\projects\games\hoae\evolution\engine\hoae_evolution_engine\_fastdebug\fexhelpers.obj
d:\ilya\projects\games\hoae\evolution\engine\hoae_evolution_engine\_fastdebug\fbi.obj
d:\ilya\projects\games\hoae\evolution\engine\hoae_evolution_engine\_fastdebug\fallsimulator.obj
d:\ilya\projects\games\hoae\evolution\engine\hoae_evolution_engine\_fastdebug\extdial.obj
d:\ilya\projects\games\hoae\evolution\engine\hoae_evolution_engine\_fastdebug\exconst.obj
d:\ilya\projects\games\hoae\evolution\engine\hoae_evolution_engine\_fastdebug\drawmodels.obj
d:\ilya\projects\games\hoae\evolution\engine\hoae_evolution_engine\_fastdebug\video.obj
d:\ilya\projects\games\hoae\evolution\engine\hoae_evolution_engine\_fastdebug\unrar.obj
d:\ilya\projects\games\hoae\evolution\engine\hoae_evolution_engine\_fastdebug\undomaster.obj
d:\ilya\projects\games\hoae\evolution\engine\hoae_evolution_engine\_fastdebug\treesmesh.obj
d:\ilya\projects\games\hoae\evolution\engine\hoae_evolution_engine\_fastdebug\tmixer.obj
d:\ilya\projects\games\hoae\evolution\engine\hoae_evolution_engine\_fastdebug\bitset.obj
d:\ilya\projects\games\hoae\evolution\engine\hoae_evolution_engine\_fastdebug\stringshash.obj
d:\ilya\projects\games\hoae\evolution\engine\hoae_evolution_engine\_fastdebug\selectionrect.obj
d:\ilya\projects\games\hoae\evolution\engine\hoae_evolution_engine\_fastdebug\resfile.obj
d:\ilya\projects\games\hoae\evolution\engine\hoae_evolution_engine\_fastdebug\fxmlstream.obj
d:\ilya\projects\games\hoae\evolution\engine\hoae_evolution_engine\_fastdebug\fxmlmessages.obj
d:\ilya\projects\games\hoae\evolution\engine\hoae_evolution_engine\_fastdebug\fsampprofilerout.obj
d:\ilya\projects\games\hoae\evolution\engine\hoae_evolution_engine\_fastdebug\fsampprofilerhelpers.obj
d:\ilya\projects\games\hoae\evolution\engine\hoae_evolution_engine\_fastdebug\fperformance.obj
d:\ilya\projects\games\hoae\evolution\engine\hoae_evolution_engine\_fastdebug\oggvor.obj
d:\ilya\projects\games\hoae\evolution\engine\hoae_evolution_engine\_fastdebug\movetoxy.obj
d:\ilya\projects\games\hoae\evolution\engine\hoae_evolution_engine\_fastdebug\meshoperations.obj
d:\ilya\projects\games\hoae\evolution\engine\hoae_evolution_engine\_fastdebug\menu.obj
d:\ilya\projects\games\hoae\evolution\engine\hoae_evolution_engine\_fastdebug\mdparser.obj
d:\ilya\projects\games\hoae\evolution\engine\hoae_evolution_engine\_fastdebug\massiveplayer.obj
d:\ilya\projects\games\hoae\evolution\engine\hoae_evolution_engine\_fastdebug\wtsupport.obj
d:\ilya\projects\games\hoae\evolution\engine\hoae_evolution_engine\_fastdebug\valuestorage.obj
d:\ilya\projects\games\hoae\evolution\engine\hoae_evolution_engine\_fastdebug\scriptstorage.obj
d:\ilya\projects\games\hoae\evolution\engine\hoae_evolution_engine\_fastdebug\processbattleeditor.obj
d:\ilya\projects\games\hoae\evolution\engine\hoae_evolution_engine\_fastdebug\parameter.obj
d:\ilya\projects\games\hoae\evolution\engine\hoae_evolution_engine\_fastdebug\motion.obj
d:\ilya\projects\games\hoae\evolution\engine\hoae_evolution_engine\_fastdebug\helper_var.obj
d:\ilya\projects\games\hoae\evolution\engine\hoae_evolution_engine\_fastdebug\function.obj
d:\ilya\projects\games\hoae\evolution\engine\hoae_evolution_engine\_fastdebug\enum_storage.obj
d:\ilya\projects\games\hoae\evolution\engine\hoae_evolution_engine\_fastdebug\datastoragexml.obj
d:\ilya\projects\games\hoae\evolution\engine\hoae_evolution_engine\_fastdebug\complexfunctionmode.obj
d:\ilya\projects\games\hoae\evolution\engine\hoae_evolution_engine\_fastdebug\complexfunction.obj
d:\ilya\projects\games\hoae\evolution\engine\hoae_evolution_engine\_fastdebug\be_functions.obj
d:\ilya\projects\games\hoae\evolution\engine\hoae_evolution_engine\_fastdebug\basevariables.obj
d:\ilya\projects\games\hoae\evolution\engine\hoae_evolution_engine\_fastdebug\fsmstate.obj
d:\ilya\projects\games\hoae\evolution\engine\hoae_evolution_engine\_fastdebug\fsmmsg.obj
d:\ilya\projects\games\hoae\evolution\engine\hoae_evolution_engine\_fastdebug\fsmclass.obj
d:\ilya\projects\games\hoae\evolution\engine\hoae_evolution_engine\_fastdebug\weaponsystemextension.obj
d:\ilya\projects\games\hoae\evolution\engine\hoae_evolution_engine\_fastdebug\weaponsystem.obj
d:\ilya\projects\games\hoae\evolution\engine\hoae_evolution_engine\_fastdebug\unitabilityicon.obj
d:\ilya\projects\games\hoae\evolution\engine\hoae_evolution_engine\_fastdebug\unitability2.obj
d:\ilya\projects\games\hoae\evolution\engine\hoae_evolution_engine\_fastdebug\ua_state.obj
d:\ilya\projects\games\hoae\evolution\engine\hoae_evolution_engine\_fastdebug\ua_settlement.obj
d:\ilya\projects\games\hoae\evolution\engine\hoae_evolution_engine\_fastdebug\ua_orders.obj
d:\ilya\projects\games\hoae\evolution\engine\hoae_evolution_engine\_fastdebug\ua_item.obj
d:\ilya\projects\games\hoae\evolution\engine\hoae_evolution_engine\_fastdebug\ua_ability.obj
d:\ilya\projects\games\hoae\evolution\engine\hoae_evolution_engine\_fastdebug\iterators.obj
d:\ilya\projects\games\hoae\evolution\engine\hoae_evolution_engine\_fastdebug\heroability.obj
d:\ilya\projects\games\hoae\evolution\engine\hoae_evolution_engine\_fastdebug\brigadeability.obj
d:\ilya\projects\games\hoae\evolution\engine\hoae_evolution_engine\_fastdebug\boidsextension.obj
d:\ilya\projects\games\hoae\evolution\engine\hoae_evolution_engine\_fastdebug\classenginetest.obj
d:\ilya\projects\games\hoae\evolution\engine\hoae_evolution_engine\_fastdebug\softcollision.obj
d:\ilya\projects\games\hoae\evolution\engine\hoae_evolution_engine\_fastdebug\cwin32.obj
d:\ilya\projects\games\hoae\evolution\engine\hoae_evolution_engine\_fastdebug\cdib24.obj
d:\ilya\projects\games\hoae\evolution\engine\hoae_evolution_engine\_fastdebug\relink.obj
d:\ilya\projects\games\hoae\evolution\engine\hoae_evolution_engine\_fastdebug\fsampprofiler.obj
d:\ilya\projects\games\hoae\evolution\engine\hoae_evolution_engine\_fastdebug\dialogs.obj
d:\ilya\projects\games\hoae\evolution\engine\hoae_evolution_engine\_fastdebug\fpathfinder.obj
d:\ilya\projects\games\hoae\evolution\engine\hoae_evolution_engine\_fastdebug\vui_actions.obj
d:\ilya\projects\games\hoae\evolution\engine\hoae_evolution_engine\_fastdebug\topograf.obj
d:\ilya\projects\games\hoae\evolution\engine\hoae_evolution_engine\_fastdebug\hexagonalnet.obj
d:\ilya\projects\games\hoae\evolution\engine\hoae_evolution_engine\_fastdebug\hashtop.obj
d:\ilya\projects\games\hoae\evolution\engine\hoae_evolution_engine\_fastdebug\gstats.obj
d:\ilya\projects\games\hoae\evolution\engine\hoae_evolution_engine\_fastdebug\gbucket.obj
d:\ilya\projects\games\hoae\evolution\engine\hoae_evolution_engine\_fastdebug\nonport.obj
d:\ilya\projects\games\hoae\evolution\engine\hoae_evolution_engine\_fastdebug\md5c.obj
d:\ilya\projects\games\hoae\evolution\engine\hoae_evolution_engine\_fastdebug\hashtable.obj
d:\ilya\projects\games\hoae\evolution\engine\hoae_evolution_engine\_fastdebug\darray.obj
d:\ilya\projects\games\hoae\evolution\engine\hoae_evolution_engine\_fastdebug\mechanics.obj
d:\ilya\projects\games\hoae\evolution\engine\hoae_evolution_engine\_fastdebug\simplifymesh.obj
d:\ilya\projects\games\hoae\evolution\engine\data\engine.exe
d:\ilya\projects\games\hoae\evolution\engine\data\engine.pdb
d:\ilya\projects\games\hoae\evolution\engine\hoae_evolution_engine\_fastdebug\script1.res
d:\ilya\projects\games\hoae\evolution\engine\hoae_evolution_engine\_fastdebug\surfprocess.res
d:\ilya\projects\games\hoae\evolution\engine\hoae_evolution_engine\lib\engine.lib
d:\ilya\projects\games\hoae\evolution\engine\hoae_evolution_engine\lib\engine.exp
d:\ilya\projects\games\hoae\evolution\engine\hoae_evolution_engine\_fastdebug\engine.ilk
d:\ilya\projects\games\hoae\evolution\engine\hoae_evolution_engine\_fastdebug\..\..\data\engine.pdb
d:\ilya\projects\games\hoae\evolution\engine\hoae_evolution_engine\_fastdebug\.\../_fastdebug\cossacks2.vcxproj.filelistabsolute.txt
d:\ilya\projects\games\hoae\evolution\engine\hoae_evolution_engine\_fastdebug\engine.tlog\cl.command.1.tlog
d:\ilya\projects\games\hoae\evolution\engine\hoae_evolution_engine\_fastdebug\engine.tlog\cl.items.tlog
d:\ilya\projects\games\hoae\evolution\engine\hoae_evolution_engine\_fastdebug\engine.tlog\cl.read.1.tlog
d:\ilya\projects\games\hoae\evolution\engine\hoae_evolution_engine\_fastdebug\engine.tlog\cl.write.1.tlog
d:\ilya\projects\games\hoae\evolution\engine\hoae_evolution_engine\_fastdebug\engine.tlog\link.command.1.tlog
d:\ilya\projects\games\hoae\evolution\engine\hoae_evolution_engine\_fastdebug\engine.tlog\link.read.1.tlog
d:\ilya\projects\games\hoae\evolution\engine\hoae_evolution_engine\_fastdebug\engine.tlog\link.secondary.1.tlog
d:\ilya\projects\games\hoae\evolution\engine\hoae_evolution_engine\_fastdebug\engine.tlog\link.write.1.tlog
d:\ilya\projects\games\hoae\evolution\engine\hoae_evolution_engine\_fastdebug\engine.tlog\rc.command.1.tlog
d:\ilya\projects\games\hoae\evolution\engine\hoae_evolution_engine\_fastdebug\engine.tlog\rc.read.1.tlog
d:\ilya\projects\games\hoae\evolution\engine\hoae_evolution_engine\_fastdebug\engine.tlog\rc.write.1.tlog
