d:\ilya\projects\games\hoae\evolution\engine\hoae_evolution_engine\_debug\gmotor\gmotor.pch
d:\ilya\projects\games\hoae\evolution\engine\hoae_evolution_engine\_debug\gmotor\gmotor.pdb
d:\ilya\projects\games\hoae\evolution\engine\hoae_evolution_engine\_debug\gmotor\stdafx.obj
d:\ilya\projects\games\hoae\evolution\engine\hoae_evolution_engine\_debug\gmotor\vshadowmanager.obj
d:\ilya\projects\games\hoae\evolution\engine\hoae_evolution_engine\_debug\gmotor\kxmlgrammar.obj
d:\ilya\projects\games\hoae\evolution\engine\hoae_evolution_engine\_debug\gmotor\flzdecoder.obj
d:\ilya\projects\games\hoae\evolution\engine\hoae_evolution_engine\_debug\gmotor\fganationmmx.obj
d:\ilya\projects\games\hoae\evolution\engine\hoae_evolution_engine\_debug\gmotor\fg18g15.obj
d:\ilya\projects\games\hoae\evolution\engine\hoae_evolution_engine\_debug\gmotor\fcompressor.obj
d:\ilya\projects\games\hoae\evolution\engine\hoae_evolution_engine\_debug\gmotor\randtable.obj
d:\ilya\projects\games\hoae\evolution\engine\hoae_evolution_engine\_debug\gmotor\huffman.obj
d:\ilya\projects\games\hoae\evolution\engine\hoae_evolution_engine\_debug\gmotor\decompress.obj
d:\ilya\projects\games\hoae\evolution\engine\hoae_evolution_engine\_debug\gmotor\crctable.obj
d:\ilya\projects\games\hoae\evolution\engine\hoae_evolution_engine\_debug\gmotor\compress.obj
d:\ilya\projects\games\hoae\evolution\engine\hoae_evolution_engine\_debug\gmotor\bzlib.obj
d:\ilya\projects\games\hoae\evolution\engine\hoae_evolution_engine\_debug\gmotor\blocksort.obj
d:\ilya\projects\games\hoae\evolution\engine\hoae_evolution_engine\_debug\gmotor\kresfile.obj
d:\ilya\projects\games\hoae\evolution\engine\hoae_evolution_engine\_debug\gmotor\kpropertymap.obj
d:\ilya\projects\games\hoae\evolution\engine\hoae_evolution_engine\_debug\gmotor\kpoolallocator.obj
d:\ilya\projects\games\hoae\evolution\engine\hoae_evolution_engine\_debug\gmotor\kobjectfactory.obj
d:\ilya\projects\games\hoae\evolution\engine\hoae_evolution_engine\_debug\gmotor\kmemoryspy.obj
d:\ilya\projects\games\hoae\evolution\engine\hoae_evolution_engine\_debug\gmotor\klog.obj
d:\ilya\projects\games\hoae\evolution\engine\hoae_evolution_engine\_debug\gmotor\kiohelpers.obj
d:\ilya\projects\games\hoae\evolution\engine\hoae_evolution_engine\_debug\gmotor\kio.obj
d:\ilya\projects\games\hoae\evolution\engine\hoae_evolution_engine\_debug\gmotor\khistory.obj
d:\ilya\projects\games\hoae\evolution\engine\hoae_evolution_engine\_debug\gmotor\kfilepath.obj
d:\ilya\projects\games\hoae\evolution\engine\hoae_evolution_engine\_debug\gmotor\kfilemapping.obj
d:\ilya\projects\games\hoae\evolution\engine\hoae_evolution_engine\_debug\gmotor\kdiriterator.obj
d:\ilya\projects\games\hoae\evolution\engine\hoae_evolution_engine\_debug\gmotor\kcontext.obj
d:\ilya\projects\games\hoae\evolution\engine\hoae_evolution_engine\_debug\gmotor\kcolorvalue.obj
d:\ilya\projects\games\hoae\evolution\engine\hoae_evolution_engine\_debug\gmotor\kcache.obj
d:\ilya\projects\games\hoae\evolution\engine\hoae_evolution_engine\_debug\gmotor\kbmptool.obj
d:\ilya\projects\games\hoae\evolution\engine\hoae_evolution_engine\_debug\gmotor\kassert.obj
d:\ilya\projects\games\hoae\evolution\engine\hoae_evolution_engine\_debug\gmotor\fucldecompress.obj
d:\ilya\projects\games\hoae\evolution\engine\hoae_evolution_engine\_debug\gmotor\flzodecompress.obj
d:\ilya\projects\games\hoae\evolution\engine\hoae_evolution_engine\_debug\gmotor\fg16realtime.obj
d:\ilya\projects\games\hoae\evolution\engine\hoae_evolution_engine\_debug\gmotor\mlodder.obj
d:\ilya\projects\games\hoae\evolution\engine\hoae_evolution_engine\_debug\gmotor\mline.obj
d:\ilya\projects\games\hoae\evolution\engine\hoae_evolution_engine\_debug\gmotor\mintersect.obj
d:\ilya\projects\games\hoae\evolution\engine\hoae_evolution_engine\_debug\gmotor\mheightmap.obj
d:\ilya\projects\games\hoae\evolution\engine\hoae_evolution_engine\_debug\gmotor\mgeom3d.obj
d:\ilya\projects\games\hoae\evolution\engine\hoae_evolution_engine\_debug\gmotor\mfloatcurve.obj
d:\ilya\projects\games\hoae\evolution\engine\hoae_evolution_engine\_debug\gmotor\mfilter.obj
d:\ilya\projects\games\hoae\evolution\engine\hoae_evolution_engine\_debug\gmotor\malgo.obj
d:\ilya\projects\games\hoae\evolution\engine\hoae_evolution_engine\_debug\gmotor\kxmlparser.obj
d:\ilya\projects\games\hoae\evolution\engine\hoae_evolution_engine\_debug\gmotor\kuuid.obj
d:\ilya\projects\games\hoae\evolution\engine\hoae_evolution_engine\_debug\gmotor\kutilities.obj
d:\ilya\projects\games\hoae\evolution\engine\hoae_evolution_engine\_debug\gmotor\ktypetraits.obj
d:\ilya\projects\games\hoae\evolution\engine\hoae_evolution_engine\_debug\gmotor\kthread.obj
d:\ilya\projects\games\hoae\evolution\engine\hoae_evolution_engine\_debug\gmotor\ksystemdialogs.obj
d:\ilya\projects\games\hoae\evolution\engine\hoae_evolution_engine\_debug\gmotor\kstrutil.obj
d:\ilya\projects\games\hoae\evolution\engine\hoae_evolution_engine\_debug\gmotor\kstring.obj
d:\ilya\projects\games\hoae\evolution\engine\hoae_evolution_engine\_debug\gmotor\kstatistics.obj
d:\ilya\projects\games\hoae\evolution\engine\hoae_evolution_engine\_debug\gmotor\kscriptmanager.obj
d:\ilya\projects\games\hoae\evolution\engine\hoae_evolution_engine\_debug\gmotor\kresourcemanager.obj
d:\ilya\projects\games\hoae\evolution\engine\hoae_evolution_engine\_debug\gmotor\kresource.obj
d:\ilya\projects\games\hoae\evolution\engine\hoae_evolution_engine\_debug\gmotor\rsrenderpool.obj
d:\ilya\projects\games\hoae\evolution\engine\hoae_evolution_engine\_debug\gmotor\mvector.obj
d:\ilya\projects\games\hoae\evolution\engine\hoae_evolution_engine\_debug\gmotor\mutil.obj
d:\ilya\projects\games\hoae\evolution\engine\hoae_evolution_engine\_debug\gmotor\mtriangle.obj
d:\ilya\projects\games\hoae\evolution\engine\hoae_evolution_engine\_debug\gmotor\mtransform.obj
d:\ilya\projects\games\hoae\evolution\engine\hoae_evolution_engine\_debug\gmotor\msplines.obj
d:\ilya\projects\games\hoae\evolution\engine\hoae_evolution_engine\_debug\gmotor\msphere.obj
d:\ilya\projects\games\hoae\evolution\engine\hoae_evolution_engine\_debug\gmotor\mspatial.obj
d:\ilya\projects\games\hoae\evolution\engine\hoae_evolution_engine\_debug\gmotor\mskinsse.obj
d:\ilya\projects\games\hoae\evolution\engine\hoae_evolution_engine\_debug\gmotor\mskin.obj
d:\ilya\projects\games\hoae\evolution\engine\hoae_evolution_engine\_debug\gmotor\mshapes.obj
d:\ilya\projects\games\hoae\evolution\engine\hoae_evolution_engine\_debug\gmotor\msegmentset.obj
d:\ilya\projects\games\hoae\evolution\engine\hoae_evolution_engine\_debug\gmotor\mrandom.obj
d:\ilya\projects\games\hoae\evolution\engine\hoae_evolution_engine\_debug\gmotor\mquaternion.obj
d:\ilya\projects\games\hoae\evolution\engine\hoae_evolution_engine\_debug\gmotor\mquatcurve.obj
d:\ilya\projects\games\hoae\evolution\engine\hoae_evolution_engine\_debug\gmotor\mplane.obj
d:\ilya\projects\games\hoae\evolution\engine\hoae_evolution_engine\_debug\gmotor\moctree.obj
d:\ilya\projects\games\hoae\evolution\engine\hoae_evolution_engine\_debug\gmotor\mnoise.obj
d:\ilya\projects\games\hoae\evolution\engine\hoae_evolution_engine\_debug\gmotor\mmontecarlo.obj
d:\ilya\projects\games\hoae\evolution\engine\hoae_evolution_engine\_debug\gmotor\mmath2d.obj
d:\ilya\projects\games\hoae\evolution\engine\hoae_evolution_engine\_debug\gmotor\sggquad.obj
d:\ilya\projects\games\hoae\evolution\engine\hoae_evolution_engine\_debug\gmotor\sggp2.obj
d:\ilya\projects\games\hoae\evolution\engine\hoae_evolution_engine\_debug\gmotor\sggn16.obj
d:\ilya\projects\games\hoae\evolution\engine\hoae_evolution_engine\_debug\gmotor\sggizmo.obj
d:\ilya\projects\games\hoae\evolution\engine\hoae_evolution_engine\_debug\gmotor\sggeometry.obj
d:\ilya\projects\games\hoae\evolution\engine\hoae_evolution_engine\_debug\gmotor\sgg2d.obj
d:\ilya\projects\games\hoae\evolution\engine\hoae_evolution_engine\_debug\gmotor\sgg18.obj
d:\ilya\projects\games\hoae\evolution\engine\hoae_evolution_engine\_debug\gmotor\sgg17.obj
d:\ilya\projects\games\hoae\evolution\engine\hoae_evolution_engine\_debug\gmotor\sgfog.obj
d:\ilya\projects\games\hoae\evolution\engine\hoae_evolution_engine\_debug\gmotor\sgeffect.obj
d:\ilya\projects\games\hoae\evolution\engine\hoae_evolution_engine\_debug\gmotor\sgdummy.obj
d:\ilya\projects\games\hoae\evolution\engine\hoae_evolution_engine\_debug\gmotor\sgcursor.obj
d:\ilya\projects\games\hoae\evolution\engine\hoae_evolution_engine\_debug\gmotor\sgcontroller.obj
d:\ilya\projects\games\hoae\evolution\engine\hoae_evolution_engine\_debug\gmotor\sgconst.obj
d:\ilya\projects\games\hoae\evolution\engine\hoae_evolution_engine\_debug\gmotor\sgattachedeffect.obj
d:\ilya\projects\games\hoae\evolution\engine\hoae_evolution_engine\_debug\gmotor\sganimationblock.obj
d:\ilya\projects\games\hoae\evolution\engine\hoae_evolution_engine\_debug\gmotor\sganimation.obj
d:\ilya\projects\games\hoae\evolution\engine\hoae_evolution_engine\_debug\gmotor\rsvertex.obj
d:\ilya\projects\games\hoae\evolution\engine\hoae_evolution_engine\_debug\gmotor\rssettings.obj
d:\ilya\projects\games\hoae\evolution\engine\hoae_evolution_engine\_debug\gmotor\rsrendersystem.obj
d:\ilya\projects\games\hoae\evolution\engine\hoae_evolution_engine\_debug\gmotor\sgtransform.obj
d:\ilya\projects\games\hoae\evolution\engine\hoae_evolution_engine\_debug\gmotor\sgtexturematrix.obj
d:\ilya\projects\games\hoae\evolution\engine\hoae_evolution_engine\_debug\gmotor\sgtexture.obj
d:\ilya\projects\games\hoae\evolution\engine\hoae_evolution_engine\_debug\gmotor\sgsurfacecache.obj
d:\ilya\projects\games\hoae\evolution\engine\hoae_evolution_engine\_debug\gmotor\sgstatistics.obj
d:\ilya\projects\games\hoae\evolution\engine\hoae_evolution_engine\_debug\gmotor\sgspritemanager.obj
d:\ilya\projects\games\hoae\evolution\engine\hoae_evolution_engine\_debug\gmotor\sgsprite.obj
d:\ilya\projects\games\hoae\evolution\engine\hoae_evolution_engine\_debug\gmotor\sgshader.obj
d:\ilya\projects\games\hoae\evolution\engine\hoae_evolution_engine\_debug\gmotor\sgroot.obj
d:\ilya\projects\games\hoae\evolution\engine\hoae_evolution_engine\_debug\gmotor\sgreflection.obj
d:\ilya\projects\games\hoae\evolution\engine\hoae_evolution_engine\_debug\gmotor\sgprsanimation.obj
d:\ilya\projects\games\hoae\evolution\engine\hoae_evolution_engine\_debug\gmotor\sgnodepool.obj
d:\ilya\projects\games\hoae\evolution\engine\hoae_evolution_engine\_debug\gmotor\sgnodemaker.obj
d:\ilya\projects\games\hoae\evolution\engine\hoae_evolution_engine\_debug\gmotor\sgnode.obj
d:\ilya\projects\games\hoae\evolution\engine\hoae_evolution_engine\_debug\gmotor\sgmorphedgeometry.obj
d:\ilya\projects\games\hoae\evolution\engine\hoae_evolution_engine\_debug\gmotor\sgmodel.obj
d:\ilya\projects\games\hoae\evolution\engine\hoae_evolution_engine\_debug\gmotor\sglight.obj
d:\ilya\projects\games\hoae\evolution\engine\hoae_evolution_engine\_debug\gmotor\sglensflare.obj
d:\ilya\projects\games\hoae\evolution\engine\hoae_evolution_engine\_debug\gmotor\sggu16.obj
d:\ilya\projects\games\hoae\evolution\engine\hoae_evolution_engine\_debug\gmotor\sggu15.obj
d:\ilya\projects\games\hoae\evolution\engine\hoae_evolution_engine\_debug\gmotor\uimanipulator.obj
d:\ilya\projects\games\hoae\evolution\engine\hoae_evolution_engine\_debug\gmotor\uimainframe.obj
d:\ilya\projects\games\hoae\evolution\engine\hoae_evolution_engine\_debug\gmotor\uilistbox.obj
d:\ilya\projects\games\hoae\evolution\engine\hoae_evolution_engine\_debug\gmotor\uilabel.obj
d:\ilya\projects\games\hoae\evolution\engine\hoae_evolution_engine\_debug\gmotor\uikangaroo.obj
d:\ilya\projects\games\hoae\evolution\engine\hoae_evolution_engine\_debug\gmotor\uiinteditbox.obj
d:\ilya\projects\games\hoae\evolution\engine\hoae_evolution_engine\_debug\gmotor\uiframewindow.obj
d:\ilya\projects\games\hoae\evolution\engine\hoae_evolution_engine\_debug\gmotor\uifloateditbox.obj
d:\ilya\projects\games\hoae\evolution\engine\hoae_evolution_engine\_debug\gmotor\uiextendededit.obj
d:\ilya\projects\games\hoae\evolution\engine\hoae_evolution_engine\_debug\gmotor\uieffecteditor.obj
d:\ilya\projects\games\hoae\evolution\engine\hoae_evolution_engine\_debug\gmotor\uieditbox.obj
d:\ilya\projects\games\hoae\evolution\engine\hoae_evolution_engine\_debug\gmotor\uicontrol.obj
d:\ilya\projects\games\hoae\evolution\engine\hoae_evolution_engine\_debug\gmotor\uicombobox.obj
d:\ilya\projects\games\hoae\evolution\engine\hoae_evolution_engine\_debug\gmotor\uicolorpicker.obj
d:\ilya\projects\games\hoae\evolution\engine\hoae_evolution_engine\_debug\gmotor\uicheckbox.obj
d:\ilya\projects\games\hoae\evolution\engine\hoae_evolution_engine\_debug\gmotor\uicameratrack.obj
d:\ilya\projects\games\hoae\evolution\engine\hoae_evolution_engine\_debug\gmotor\uibutton.obj
d:\ilya\projects\games\hoae\evolution\engine\hoae_evolution_engine\_debug\gmotor\uialgodebugger.obj
d:\ilya\projects\games\hoae\evolution\engine\hoae_evolution_engine\_debug\gmotor\sguvanimation.obj
d:\ilya\projects\games\hoae\evolution\engine\hoae_evolution_engine\_debug\gmotor\sgtransformnode.obj
d:\ilya\projects\games\hoae\evolution\engine\hoae_evolution_engine\_debug\gmotor\uisystemexplorer.obj
d:\ilya\projects\games\hoae\evolution\engine\hoae_evolution_engine\_debug\gmotor\uislider.obj
d:\ilya\projects\games\hoae\evolution\engine\hoae_evolution_engine\_debug\gmotor\uiscrollbox.obj
d:\ilya\projects\games\hoae\evolution\engine\hoae_evolution_engine\_debug\gmotor\uisceneeditor.obj
d:\ilya\projects\games\hoae\evolution\engine\hoae_evolution_engine\_debug\gmotor\uirtscontroller.obj
d:\ilya\projects\games\hoae\evolution\engine\hoae_evolution_engine\_debug\gmotor\uiresourcebrowser.obj
d:\ilya\projects\games\hoae\evolution\engine\hoae_evolution_engine\_debug\gmotor\uirenderfarm.obj
d:\ilya\projects\games\hoae\evolution\engine\hoae_evolution_engine\_debug\gmotor\uiratchet.obj
d:\ilya\projects\games\hoae\evolution\engine\hoae_evolution_engine\_debug\gmotor\uirampedit.obj
d:\ilya\projects\games\hoae\evolution\engine\hoae_evolution_engine\_debug\gmotor\uipropeditors.obj
d:\ilya\projects\games\hoae\evolution\engine\hoae_evolution_engine\_debug\gmotor\uiprogress.obj
d:\ilya\projects\games\hoae\evolution\engine\hoae_evolution_engine\_debug\gmotor\uipicture.obj
d:\ilya\projects\games\hoae\evolution\engine\hoae_evolution_engine\_debug\gmotor\uiphysicseditor.obj
d:\ilya\projects\games\hoae\evolution\engine\hoae_evolution_engine\_debug\gmotor\uipalette.obj
d:\ilya\projects\games\hoae\evolution\engine\hoae_evolution_engine\_debug\gmotor\uiobjectinspector.obj
d:\ilya\projects\games\hoae\evolution\engine\hoae_evolution_engine\_debug\gmotor\uinoisepanel.obj
d:\ilya\projects\games\hoae\evolution\engine\hoae_evolution_engine\_debug\gmotor\uinodetree.obj
d:\ilya\projects\games\hoae\evolution\engine\hoae_evolution_engine\_debug\gmotor\uimodelview.obj
d:\ilya\projects\games\hoae\evolution\engine\hoae_evolution_engine\_debug\gmotor\uimodeleditor.obj
d:\ilya\projects\games\hoae\evolution\engine\hoae_evolution_engine\_debug\gmotor\uimayacontroller.obj
d:\ilya\projects\games\hoae\evolution\engine\hoae_evolution_engine\_debug\gmotor\vterrainrenderer.obj
d:\ilya\projects\games\hoae\evolution\engine\hoae_evolution_engine\_debug\gmotor\vstaticterrain.obj
d:\ilya\projects\games\hoae\evolution\engine\hoae_evolution_engine\_debug\gmotor\vskyrenderer.obj
d:\ilya\projects\games\hoae\evolution\engine\hoae_evolution_engine\_debug\gmotor\vskincache.obj
d:\ilya\projects\games\hoae\evolution\engine\hoae_evolution_engine\_debug\gmotor\vskin.obj
d:\ilya\projects\games\hoae\evolution\engine\hoae_evolution_engine\_debug\gmotor\vmodelinstance.obj
d:\ilya\projects\games\hoae\evolution\engine\hoae_evolution_engine\_debug\gmotor\vmesh.obj
d:\ilya\projects\games\hoae\evolution\engine\hoae_evolution_engine\_debug\gmotor\vmediamanager.obj
d:\ilya\projects\games\hoae\evolution\engine\hoae_evolution_engine\_debug\gmotor\vimpostorcache.obj
d:\ilya\projects\games\hoae\evolution\engine\hoae_evolution_engine\_debug\gmotor\vfontmanager.obj
d:\ilya\projects\games\hoae\evolution\engine\hoae_evolution_engine\_debug\gmotor\vfield.obj
d:\ilya\projects\games\hoae\evolution\engine\hoae_evolution_engine\_debug\gmotor\vcollider.obj
d:\ilya\projects\games\hoae\evolution\engine\hoae_evolution_engine\_debug\gmotor\vcamera.obj
d:\ilya\projects\games\hoae\evolution\engine\hoae_evolution_engine\_debug\gmotor\vbone.obj
d:\ilya\projects\games\hoae\evolution\engine\hoae_evolution_engine\_debug\gmotor\uiwindow.obj
d:\ilya\projects\games\hoae\evolution\engine\hoae_evolution_engine\_debug\gmotor\uiwidgeteditor.obj
d:\ilya\projects\games\hoae\evolution\engine\hoae_evolution_engine\_debug\gmotor\uiwidget.obj
d:\ilya\projects\games\hoae\evolution\engine\hoae_evolution_engine\_debug\gmotor\uiweightedit.obj
d:\ilya\projects\games\hoae\evolution\engine\hoae_evolution_engine\_debug\gmotor\uitransformtools.obj
d:\ilya\projects\games\hoae\evolution\engine\hoae_evolution_engine\_debug\gmotor\uitrackedit.obj
d:\ilya\projects\games\hoae\evolution\engine\hoae_evolution_engine\_debug\gmotor\vwater.obj
d:\ilya\projects\games\hoae\evolution\engine\hoae_evolution_engine\_debug\gmotor\vtreesrenderer.obj
d:\ilya\projects\games\hoae\evolution\engine\hoae_evolution_engine\_debug\gmotor\lzo1c_1.obj
d:\ilya\projects\games\hoae\evolution\engine\hoae_evolution_engine\_debug\gmotor\lzo1b_xx.obj
d:\ilya\projects\games\hoae\evolution\engine\hoae_evolution_engine\_debug\gmotor\lzo1b_rr.obj
d:\ilya\projects\games\hoae\evolution\engine\hoae_evolution_engine\_debug\gmotor\lzo1b_d2.obj
d:\ilya\projects\games\hoae\evolution\engine\hoae_evolution_engine\_debug\gmotor\lzo1b_d1.obj
d:\ilya\projects\games\hoae\evolution\engine\hoae_evolution_engine\_debug\gmotor\lzo1b_cc.obj
d:\ilya\projects\games\hoae\evolution\engine\hoae_evolution_engine\_debug\gmotor\lzo1b_9x.obj
d:\ilya\projects\games\hoae\evolution\engine\hoae_evolution_engine\_debug\gmotor\lzo1b_99.obj
d:\ilya\projects\games\hoae\evolution\engine\hoae_evolution_engine\_debug\gmotor\lzo1b_9.obj
d:\ilya\projects\games\hoae\evolution\engine\hoae_evolution_engine\_debug\gmotor\lzo1b_8.obj
d:\ilya\projects\games\hoae\evolution\engine\hoae_evolution_engine\_debug\gmotor\lzo1b_7.obj
d:\ilya\projects\games\hoae\evolution\engine\hoae_evolution_engine\_debug\gmotor\lzo1b_6.obj
d:\ilya\projects\games\hoae\evolution\engine\hoae_evolution_engine\_debug\gmotor\lzo1b_5.obj
d:\ilya\projects\games\hoae\evolution\engine\hoae_evolution_engine\_debug\gmotor\lzo1b_4.obj
d:\ilya\projects\games\hoae\evolution\engine\hoae_evolution_engine\_debug\gmotor\lzo1b_3.obj
d:\ilya\projects\games\hoae\evolution\engine\hoae_evolution_engine\_debug\gmotor\lzo1b_2.obj
d:\ilya\projects\games\hoae\evolution\engine\hoae_evolution_engine\_debug\gmotor\lzo1b_1.obj
d:\ilya\projects\games\hoae\evolution\engine\hoae_evolution_engine\_debug\gmotor\lzo1a_99.obj
d:\ilya\projects\games\hoae\evolution\engine\hoae_evolution_engine\_debug\gmotor\lzo1a.obj
d:\ilya\projects\games\hoae\evolution\engine\hoae_evolution_engine\_debug\gmotor\lzo1.obj
d:\ilya\projects\games\hoae\evolution\engine\hoae_evolution_engine\_debug\gmotor\lzo1x_1.obj
d:\ilya\projects\games\hoae\evolution\engine\hoae_evolution_engine\_debug\gmotor\lzo1f_d2.obj
d:\ilya\projects\games\hoae\evolution\engine\hoae_evolution_engine\_debug\gmotor\lzo1f_d1.obj
d:\ilya\projects\games\hoae\evolution\engine\hoae_evolution_engine\_debug\gmotor\lzo1f_9x.obj
d:\ilya\projects\games\hoae\evolution\engine\hoae_evolution_engine\_debug\gmotor\lzo1f_1.obj
d:\ilya\projects\games\hoae\evolution\engine\hoae_evolution_engine\_debug\gmotor\lzo1c_xx.obj
d:\ilya\projects\games\hoae\evolution\engine\hoae_evolution_engine\_debug\gmotor\lzo1c_rr.obj
d:\ilya\projects\games\hoae\evolution\engine\hoae_evolution_engine\_debug\gmotor\lzo1c_d2.obj
d:\ilya\projects\games\hoae\evolution\engine\hoae_evolution_engine\_debug\gmotor\lzo1c_d1.obj
d:\ilya\projects\games\hoae\evolution\engine\hoae_evolution_engine\_debug\gmotor\lzo1c_cc.obj
d:\ilya\projects\games\hoae\evolution\engine\hoae_evolution_engine\_debug\gmotor\lzo1c_9x.obj
d:\ilya\projects\games\hoae\evolution\engine\hoae_evolution_engine\_debug\gmotor\lzo1c_99.obj
d:\ilya\projects\games\hoae\evolution\engine\hoae_evolution_engine\_debug\gmotor\lzo1c_9.obj
d:\ilya\projects\games\hoae\evolution\engine\hoae_evolution_engine\_debug\gmotor\lzo1c_8.obj
d:\ilya\projects\games\hoae\evolution\engine\hoae_evolution_engine\_debug\gmotor\lzo1c_7.obj
d:\ilya\projects\games\hoae\evolution\engine\hoae_evolution_engine\_debug\gmotor\lzo1c_6.obj
d:\ilya\projects\games\hoae\evolution\engine\hoae_evolution_engine\_debug\gmotor\lzo1c_5.obj
d:\ilya\projects\games\hoae\evolution\engine\hoae_evolution_engine\_debug\gmotor\lzo1c_4.obj
d:\ilya\projects\games\hoae\evolution\engine\hoae_evolution_engine\_debug\gmotor\lzo1c_3.obj
d:\ilya\projects\games\hoae\evolution\engine\hoae_evolution_engine\_debug\gmotor\lzo1c_2.obj
d:\ilya\projects\games\hoae\evolution\engine\hoae_evolution_engine\_debug\gmotor\lzo2a_9x.obj
d:\ilya\projects\games\hoae\evolution\engine\hoae_evolution_engine\_debug\gmotor\lzo1_99.obj
d:\ilya\projects\games\hoae\evolution\engine\hoae_evolution_engine\_debug\gmotor\lzo1z_d3.obj
d:\ilya\projects\games\hoae\evolution\engine\hoae_evolution_engine\_debug\gmotor\lzo1z_d2.obj
d:\ilya\projects\games\hoae\evolution\engine\hoae_evolution_engine\_debug\gmotor\lzo1z_d1.obj
d:\ilya\projects\games\hoae\evolution\engine\hoae_evolution_engine\_debug\gmotor\lzo1z_9x.obj
d:\ilya\projects\games\hoae\evolution\engine\hoae_evolution_engine\_debug\gmotor\lzo1y_o.obj
d:\ilya\projects\games\hoae\evolution\engine\hoae_evolution_engine\_debug\gmotor\lzo1y_d3.obj
d:\ilya\projects\games\hoae\evolution\engine\hoae_evolution_engine\_debug\gmotor\lzo1y_d2.obj
d:\ilya\projects\games\hoae\evolution\engine\hoae_evolution_engine\_debug\gmotor\lzo1y_d1.obj
d:\ilya\projects\games\hoae\evolution\engine\hoae_evolution_engine\_debug\gmotor\lzo1y_9x.obj
d:\ilya\projects\games\hoae\evolution\engine\hoae_evolution_engine\_debug\gmotor\lzo1y_1.obj
d:\ilya\projects\games\hoae\evolution\engine\hoae_evolution_engine\_debug\gmotor\lzo1x_o.obj
d:\ilya\projects\games\hoae\evolution\engine\hoae_evolution_engine\_debug\gmotor\lzo1x_d3.obj
d:\ilya\projects\games\hoae\evolution\engine\hoae_evolution_engine\_debug\gmotor\lzo1x_d2.obj
d:\ilya\projects\games\hoae\evolution\engine\hoae_evolution_engine\_debug\gmotor\lzo1x_d1.obj
d:\ilya\projects\games\hoae\evolution\engine\hoae_evolution_engine\_debug\gmotor\lzo1x_9x.obj
d:\ilya\projects\games\hoae\evolution\engine\hoae_evolution_engine\_debug\gmotor\lzo1x_1o.obj
d:\ilya\projects\games\hoae\evolution\engine\hoae_evolution_engine\_debug\gmotor\lzo1x_1l.obj
d:\ilya\projects\games\hoae\evolution\engine\hoae_evolution_engine\_debug\gmotor\lzo1x_1k.obj
d:\ilya\projects\games\hoae\evolution\engine\hoae_evolution_engine\_debug\gmotor\lzo_util.obj
d:\ilya\projects\games\hoae\evolution\engine\hoae_evolution_engine\_debug\gmotor\lzo_str.obj
d:\ilya\projects\games\hoae\evolution\engine\hoae_evolution_engine\_debug\gmotor\lzo_ptr.obj
d:\ilya\projects\games\hoae\evolution\engine\hoae_evolution_engine\_debug\gmotor\lzo_init.obj
d:\ilya\projects\games\hoae\evolution\engine\hoae_evolution_engine\_debug\gmotor\lzo_crc.obj
d:\ilya\projects\games\hoae\evolution\engine\hoae_evolution_engine\_debug\gmotor\lzo2a_d2.obj
d:\ilya\projects\games\hoae\evolution\engine\hoae_evolution_engine\_debug\gmotor\lzo2a_d1.obj
d:\ilya\projects\games\hoae\evolution\engine\hoae_evolution_engine\lib\gmotor.lib
d:\ilya\projects\games\hoae\evolution\engine\hoae_evolution_engine\_debug\gmotor\.\../../_debug/gmotor\gmotor.pdb
d:\ilya\projects\games\hoae\evolution\engine\hoae_evolution_engine\_debug\gmotor\.\../../_debug/gmotor\gmotor.vcxproj.filelistabsolute.txt
d:\ilya\projects\games\hoae\evolution\engine\hoae_evolution_engine\_debug\gmotor\gmotor.tlog\cl.command.1.tlog
d:\ilya\projects\games\hoae\evolution\engine\hoae_evolution_engine\_debug\gmotor\gmotor.tlog\cl.items.tlog
d:\ilya\projects\games\hoae\evolution\engine\hoae_evolution_engine\_debug\gmotor\gmotor.tlog\cl.read.1.tlog
d:\ilya\projects\games\hoae\evolution\engine\hoae_evolution_engine\_debug\gmotor\gmotor.tlog\cl.write.1.tlog
d:\ilya\projects\games\hoae\evolution\engine\hoae_evolution_engine\_debug\gmotor\gmotor.tlog\lib-link.read.1.tlog
d:\ilya\projects\games\hoae\evolution\engine\hoae_evolution_engine\_debug\gmotor\gmotor.tlog\lib-link.write.1.tlog
d:\ilya\projects\games\hoae\evolution\engine\hoae_evolution_engine\_debug\gmotor\gmotor.tlog\lib.command.1.tlog
