 iChat

 Timestamp is 63b01b44 (Sat Dec 31 14:21:40 2022)

 Preferred load address is 10000000

 Start         Length     Name                   Class
 0001:00000000 00037946H .text                   CODE
 0001:00037950 0000023aH .text$x                 CODE
 0001:00037b90 00000099H .text$yc                CODE
 0001:00037c30 0000007cH .text$yd                CODE
 0002:00000000 00000344H .idata$5                DATA
 0002:00000350 00004e80H .rdata                  DATA
 0002:000051d0 00000045H .rdata$debug            DATA
 0002:00005218 00000004H .rtc$IAA                DATA
 0002:0000521c 00000034H .rtc$IMZ                DATA
 0002:00005250 00000004H .rtc$IZZ                DATA
 0002:00005254 00000004H .rtc$TAA                DATA
 0002:00005258 00000034H .rtc$TMZ                DATA
 0002:0000528c 00000004H .rtc$TZZ                DATA
 0002:00005290 000001e8H .xdata$x                DATA
 0002:00005478 00000050H .idata$2                DATA
 0002:000054c8 00000014H .idata$3                DATA
 0002:000054dc 00000344H .idata$4                DATA
 0002:00005820 00001330H .idata$6                DATA
 0002:00006b50 00000246H .edata                  DATA
 0003:00000000 00000004H .CRT$XCA                DATA
 0003:00000004 00000004H .CRT$XCAA               DATA
 0003:00000008 00000008H .CRT$XCU                DATA
 0003:00000010 00000004H .CRT$XCZ                DATA
 0003:00000014 00000004H .CRT$XIA                DATA
 0003:00000018 00000010H .CRT$XIC                DATA
 0003:00000028 00000004H .CRT$XIY                DATA
 0003:0000002c 00000004H .CRT$XIZ                DATA
 0003:00000030 00000004H .CRT$XPA                DATA
 0003:00000034 00000004H .CRT$XPX                DATA
 0003:00000038 00000004H .CRT$XPZ                DATA
 0003:0000003c 00000004H .CRT$XTA                DATA
 0003:00000040 00000004H .CRT$XTB                DATA
 0003:00000044 00000004H .CRT$XTZ                DATA
 0003:00000050 000012a0H .data                   DATA
 0003:00001300 00002f74H .bss                    DATA

  Address         Publics by Value              Rva+Base     Lib:Object

 0000:00000000       ___safe_se_handler_count   00000000     <absolute>
 0000:00000000       ___safe_se_handler_table   00000000     <absolute>
 0000:00000000       __except_list              00000000     <absolute>
 0001:00000000       ?AddPlayer@ChatSystem@@QAEXPADH@Z 10001000 f   cs_chat.obj
 0001:00000260       ?DelPlayer@ChatSystem@@QAEXPADH@Z 10001260 f   cs_chat.obj
 0001:000003a0       ?AddAbsentPlayer@ChatSystem@@QAEXPAD@Z 100013a0 f   cs_chat.obj
 0001:00000570       ?DelAbsentPlayer@ChatSystem@@QAEXPAD@Z 10001570 f   cs_chat.obj
 0001:00000670       ?Disconnect@ChatSystem@@QAEXXZ 10001670 f   cs_chat.obj
 0001:00000740       ?Raw@@YAXPAXPBD0@Z         10001740 f   cs_chat.obj
 0001:000007a0       ?Disconnected@@YAXPAXPBD0@Z 100017a0 f   cs_chat.obj
 0001:000007e0       ?ChangedNickCallback@@YAXPAXW4CHATBool@@PBD20@Z 100017e0 f   cs_chat.obj
 0001:00000840       ?PrivateMessage@@YAXPAXPBD1H0@Z 10001840 f   cs_chat.obj
 0001:00000a80       ?Invited@@YAXPAXPBD10@Z    10001a80 f   cs_chat.obj
 0001:00000ae0       ?ChannelMessage@@YAXPAXPBD11H0@Z 10001ae0 f   cs_chat.obj
 0001:00000ce0       ??2@YAPAXI@Z               10001ce0 f i cs_chat.obj
 0001:00000d30       ??3@YAXPAX@Z               10001d30 f i cs_chat.obj
 0001:00000d80       ?Kicked@@YAXPAXPBD110@Z    10001d80 f   cs_chat.obj
 0001:00000de0       ?UserJoined@@YAXPAXPBD1H0@Z 10001de0 f   cs_chat.obj
 0001:00000e90       ?UserParted@@YAXPAXPBD1H110@Z 10001e90 f   cs_chat.obj
 0001:00000f40       ?UserChangedNick@@YAXPAXPBD110@Z 10001f40 f   cs_chat.obj
 0001:00000fa0       ?UserModeChanged@@YAXPAXPBD1H0@Z 10001fa0 f   cs_chat.obj
 0001:00001000       ?TopicChanged@@YAXPAXPBD10@Z 10002000 f   cs_chat.obj
 0001:00001060       ?ChannelModeChanged@@YAXPAXPBDPAUCHATChannelMode@@0@Z 10002060 f   cs_chat.obj
 0001:000010c0       ?UserListUpdated@@YAXPAXPBD0@Z 100020c0 f   cs_chat.obj
 0001:00001120       ?ConnectCallback@@YAXPAXW4CHATBool@@0@Z 10002120 f   cs_chat.obj
 0001:00001190       ?NickErrorCallback@@YAXPAXHPBD0@Z 10002190 f   cs_chat.obj
 0001:00001380       ?EnterChannelCallback@@YAXPAXW4CHATBool@@W4CHATEnterResult@@PBD0@Z 10002380 f   cs_chat.obj
 0001:00001450       ?GetUserInfoCallback@@YAXPAXW4CHATBool@@PBD222HPAPBD0@Z 10002450 f   cs_chat.obj
 0001:00001630       ?EnumUsersCallback@@YAXPAXW4CHATBool@@PBDHPAPBDPAH0@Z 10002630 f   cs_chat.obj
 0001:000016f0       ?CheckMessage@ChatSystem@@QAEXPAD@Z 100026f0 f   cs_chat.obj
 0001:000018d0       ?ChatBroadcastKeyChanged@@YAXPAXPBD1110@Z 100028d0 f   cs_chat.obj
 0001:00001900       ?Setup@ChatSystem@@QAEXXZ  10002900 f   cs_chat.obj
 0001:00001a50       ?Process@ChatSystem@@QAEXXZ 10002a50 f   cs_chat.obj
 0001:00001ca0       ?ChatProcess@@YAXXZ        10002ca0 f   cs_chat.obj
 0001:00001cf0       ?ConnectToChat@ChatSystem@@QAE_NPAD00000@Z 10002cf0 f   cs_chat.obj
 0001:00002000       ??0ChatSystem@@QAE@XZ      10003000 f   cs_chat.obj
 0001:000020b0       ??1ChatSystem@@QAE@XZ      100030b0 f   cs_chat.obj
 0001:000021d0       ??0ChatMsg@@QAE@XZ         100031d0 f   cs_chat.obj
 0001:00002220       ??1ChatMsg@@QAE@XZ         10003220 f   cs_chat.obj
 0001:00002310       ?Add@ChatMsg@@QAEXPAD0@Z   10003310 f   cs_chat.obj
 0001:00002460       ?RemoveOne@ChatMsg@@QAE_NPAD0H@Z 10003460 f   cs_chat.obj
 0001:00002580       ?SortPlayers@ChatSystem@@QAEXPAUOneChatPlayer@@H@Z 10003580 f   cs_chat.obj
 0001:000026d0       ?NPlayers@ChatSystem@@QAEHXZ 100036d0 f   cs_chat.obj
 0001:00002710       ?Players@ChatSystem@@QAEPAUOneChatPlayer@@XZ 10003710 f   cs_chat.obj
 0001:00002750       ??_H@YGXPAXIHP6EPAX0@Z@Z   10003750 f i cs_chat.obj
 0001:000027b0       ??_EEntry@?$Hash@VStr_for_hash@@$0EAD@$0EAA@@@QAEPAXI@Z 100037b0 f i cs_chat.obj
 0001:00002850       ??_V@YAXPAX@Z              10003850 f i cs_chat.obj
 0001:000028a0       ??_EEntry@?$Hash@VStr_for_hash@@$0BAB@$0BAA@@@QAEPAXI@Z 100038a0 f i cs_chat.obj
 0001:00002940       ??1Entry@?$Hash@VStr_for_hash@@$0BAB@$0BAA@@@QAE@XZ 10003940 f i cs_chat.obj
 0001:00002980       ??1Str_for_hash@@QAE@XZ    10003980 f i cs_chat.obj
 0001:000029b0       ??1Entry@?$Hash@VStr_for_hash@@$0EAD@$0EAA@@@QAE@XZ 100039b0 f i cs_chat.obj
 0001:000029f0       ?ReportIt@@YAXPADZZ        100039f0 f   GSC_ChatWindow.obj
 0001:00002a60       ?PlayStart@@YAXXZ          10003a60 f   GSC_ChatWindow.obj
 0001:00002ac0       ?ReadWinString@@YA_NPAVGFILE@@PADH@Z 10003ac0 f   GSC_ChatWindow.obj
 0001:00002ba0       ?AddPrimitiveChat@@YAXPAD0AAPAPAD1AAH2@Z 10003ba0 f   GSC_ChatWindow.obj
 0001:00002d70       ??_U@YAPAXI@Z              10003d70 f i GSC_ChatWindow.obj
 0001:00002dc0       ?AddChatString@@YAXPAD0HPAVRLCFont@@AAPAPAD2AAH3@Z 10003dc0 f   GSC_ChatWindow.obj
 0001:000030a0       ?PushWindow@@YAXPAUTempWindow@@@Z 100040a0 f   GSC_ChatWindow.obj
 0001:00003130       ?PopWindow@@YAXPAUTempWindow@@@Z 10004130 f   GSC_ChatWindow.obj
 0001:000031a0       ?IntersectWindows@@YAXHHHH@Z 100041a0 f   GSC_ChatWindow.obj
 0001:00003300       ?LimitString@@YAXPADPAVRLCFont@@H@Z 10004300 f   GSC_ChatWindow.obj
 0001:00003380       ?Draw_PLIST@@YAXHHHHHEH@Z  10004380 f   GSC_ChatWindow.obj
 0001:00003870       ?DRAWBOX@@YAXHHHHHEH@Z     10004870 f   GSC_ChatWindow.obj
 0001:000038d0       ?CheckForPersonalChat@@YA_NPAD@Z 100048d0 f   GSC_ChatWindow.obj
 0001:00003a40       ?CheckPersonality@@YA_NPAD@Z 10004a40 f   GSC_ChatWindow.obj
 0001:00003b70       ?MemScreenPart@@YAXHHHHPAE@Z 10004b70 f   GSC_ChatWindow.obj
 0001:00003c00       ?EnterPersonalMessage@@YAXPAD_N@Z 10004c00 f   GSC_ChatWindow.obj
 0001:00004320       ?SendPrivateMessage@@YAXPAD0@Z 10005320 f   GSC_ChatWindow.obj
 0001:000043f0       ?ShowCentralMessage2C@@YAXPAD@Z 100053f0 f   GSC_ChatWindow.obj
 0001:00004430       ?DrawCentralLoadingText@@YAXPAD@Z 10005430 f   GSC_ChatWindow.obj
 0001:00004610       ?DrawCentralLoadingTextC2@@YAXPAD@Z 10005610 f   GSC_ChatWindow.obj
 0001:00004870       ?SetGameID@@YAXPAD@Z       10005870 f   GSC_ChatWindow.obj
 0001:000048e0       ?GetGameID@@YAXPAD@Z       100058e0 f   GSC_ChatWindow.obj
 0001:00004950       ?SetChatWState@@YAXHH@Z    10005950 f   GSC_ChatWindow.obj
 0001:000049d0       ?RunHTTPC@@YAXXZ           100059d0 f   GSC_ChatWindow.obj
 0001:00004aa0       ?GoHomeAnyway@@YAXXZ       10005aa0 f   GSC_ChatWindow.obj
 0001:00004ad0       ?Process_GSC_ChatWindow@@YAH_NPAURoomInfo@@@Z 10005ad0 f   GSC_ChatWindow.obj
 0001:00009830       ?Load@IniFile@@QAE_NPAD@Z  1000a830 f i GSC_ChatWindow.obj
 0001:00009a90       ?GetStr@IniFile@@QAEPADPAD@Z 1000aa90 f i GSC_ChatWindow.obj
 0001:00009b20       ?GetInt@IniFile@@QAEHPAD@Z 1000ab20 f i GSC_ChatWindow.obj
 0001:00009b80       ??0IniFile@@QAE@XZ         1000ab80 f i GSC_ChatWindow.obj
 0001:00009bd0       ??1IniFile@@QAE@XZ         1000abd0 f i GSC_ChatWindow.obj
 0001:00009c10       ?Clear@IniFile@@QAEXXZ     1000ac10 f i GSC_ChatWindow.obj
 0001:00009d00       ?LeaveGSCRoom@@YAXXZ       1000ad00 f   GSC_ChatWindow.obj
 0001:00009d60       ?StartGSCGame@@YAXPAD0HPAHPAPAD11@Z 1000ad60 f   GSC_ChatWindow.obj
 0001:0000a170       ?ReportGSCGame@@YAXHHPAUOnePlayerReport@@@Z 1000b170 f   GSC_ChatWindow.obj
 0001:0000a360       ?ReportAliveState@@YAXHPAH@Z 1000b360 f   GSC_ChatWindow.obj
 0001:0000a4c0       ?SendVictoryState@@YAXHE@Z 1000b4c0 f   GSC_ChatWindow.obj
 0001:0000a6d0       ?DisableRatedGame@@YAXXZ   1000b6d0 f   GSC_ChatWindow.obj
 0001:0000a790       ?CheckIfGameRated@@YA_NXZ  1000b790 f   GSC_ChatWindow.obj
 0001:0000a7f0       ?AddCUserInfo@@YAXPAD0@Z   1000b7f0 f   GSC_ChatWindow.obj
 0001:0000a840       ?Add@CNamesCash@@QAEXPAD0_N@Z 1000b840 f i GSC_ChatWindow.obj
 0001:0000a9c0       ?Save@CNamesCash@@QAEXXZ   1000b9c0 f i GSC_ChatWindow.obj
 0001:0000aa70       ?GetLocalInfo@CNamesCash@@QAEPADPAD@Z 1000ba70 f i GSC_ChatWindow.obj
 0001:0000ab10       ?Load@CNamesCash@@QAEXXZ   1000bb10 f i GSC_ChatWindow.obj
 0001:0000ac70       ?GetCUserInfo@@YAPADPAD@Z  1000bc70 f   GSC_ChatWindow.obj
 0001:0000acb0       ??0CNamesCash@@QAE@XZ      1000bcb0 f i GSC_ChatWindow.obj
 0001:0000ad00       ??1CNamesCash@@QAE@XZ      1000bd00 f i GSC_ChatWindow.obj
 0001:0000ad50       ?Clear@CNamesCash@@QAEXXZ  1000bd50 f i GSC_ChatWindow.obj
 0001:0000ae60       _DllMain@12                1000be60 f   IChat.obj
 0001:0000ae90       ?SetupChat@@YAXXZ          1000be90 f   IChat.obj
 0001:0000aec0       ??0ParsedRQ@@QAE@XZ        1000bec0 f   ParseRQ.obj
 0001:0000af10       ??1ParsedRQ@@QAE@XZ        1000bf10 f   ParseRQ.obj
 0001:0000af50       ?AddComm@ParsedRQ@@QAEXPAD@Z 1000bf50 f   ParseRQ.obj
 0001:0000b070       ?AddParam@ParsedRQ@@QAEXPADH@Z 1000c070 f   ParseRQ.obj
 0001:0000b1b0       ?Clear@ParsedRQ@@QAEXXZ    1000c1b0 f   ParseRQ.obj
 0001:0000b300       ?GetHVal@@YAHD@Z           1000c300 f   ParseRQ.obj
 0001:0000b360       ?Parse@ParsedRQ@@QAEXPAD@Z 1000c360 f   ParseRQ.obj
 0001:0000b680       ?Compact@ParsedRQ@@QAEHPADH@Z 1000c680 f   ParseRQ.obj
 0001:0000b8c0       ?Extract@ParsedRQ@@QAEXPADH@Z 1000c8c0 f   ParseRQ.obj
 0001:0000ba80       ?UnParse@ParsedRQ@@QAEHPADH@Z 1000ca80 f   ParseRQ.obj
 0001:0000bee0       ?DelComm@ParsedRQ@@QAEXH@Z 1000cee0 f   ParseRQ.obj
 0001:0000c040       ?AddParamToCom@ParsedRQ@@QAEXHPADH@Z 1000d040 f   ParseRQ.obj
 0001:0000c170       ?AddIntParam@ParsedRQ@@QAEXH@Z 1000d170 f   ParseRQ.obj
 0001:0000c200       _ciInitCallbacks           1000d200 f   chatCallbacks.obj
 0001:0000c2e0       _ciCleanupCallbacks        1000d2e0 f   chatCallbacks.obj
 0001:0000cfd0       _ciAddCallback_            1000dfd0 f   chatCallbacks.obj
 0001:0000fc80       _ciCallCallback            10010c80 f   chatCallbacks.obj
 0001:00010970       _ciCallCallbacks           10011970 f   chatCallbacks.obj
 0001:00010bf0       _ciCheckCallbacksForID     10011bf0 f   chatCallbacks.obj
 0001:00010de0       _ciInitChannels            10011de0 f   chatChannel.obj
 0001:000111f0       _ciCleanupChannels         100121f0 f   chatChannel.obj
 0001:00011290       _ciChannelEntering         10012290 f   chatChannel.obj
 0001:00011370       _ciEnteringChannelComparator 10012370 f   chatChannel.obj
 0001:000113c0       _ciIsEnteringChannel       100123c0 f   chatChannel.obj
 0001:000114b0       _ciChannelEntered          100124b0 f   chatChannel.obj
 0001:00011920       _ciChannelLeft             10012920 f   chatChannel.obj
 0001:00011ab0       _ciGetChannelCallbacks     10012ab0 f   chatChannel.obj
 0001:00011c50       _ciChannelListUsers        10012c50 f   chatChannel.obj
 0001:000120f0       _ciInChannel               100130f0 f   chatChannel.obj
 0001:00012170       _ciGetChannelMode          10013170 f   chatChannel.obj
 0001:00012290       _ciSetChannelMode          10013290 f   chatChannel.obj
 0001:000123a0       _ciSetChannelPassword      100133a0 f   chatChannel.obj
 0001:00012500       _ciGetChannelPassword      10013500 f   chatChannel.obj
 0001:00012600       _ciJoinCallbackCalled      10013600 f   chatChannel.obj
 0001:00012700       _ciWasJoinCallbackCalled   10013700 f   chatChannel.obj
 0001:00012800       _ciSetChannelTopic         10013800 f   chatChannel.obj
 0001:00012910       _ciGetChannelTopic         10013910 f   chatChannel.obj
 0001:00012a10       _ciGetChannelNumUsers      10013a10 f   chatChannel.obj
 0001:00012b10       _ciUserEnteredChannel      10013b10 f   chatChannel.obj
 0001:00012d80       _ciUserLeftChannel         10013d80 f   chatChannel.obj
 0001:00012f20       _ciUserEnumChannels        10013f20 f   chatChannel.obj
 0001:00013220       _ciUserChangedNick         10014220 f   chatChannel.obj
 0001:00013710       _ciUserChangedMode         10014710 f   chatChannel.obj
 0001:000139e0       _ciUserInChannel           100149e0 f   chatChannel.obj
 0001:00013ad0       _ciGetUserMode             10014ad0 f   chatChannel.obj
 0001:00013bd0       _ciEnumJoinedChannels      10014bd0 f   chatChannel.obj
 0001:00013d90       _ciSetUserBasicInfo        10014d90 f   chatChannel.obj
 0001:00014020       _ciGetUserBasicInfo        10015020 f   chatChannel.obj
 0001:000142d0       _ciClearAllUsers           100152d0 f   chatChannel.obj
 0001:00014540       _ciFilterThink             10015540 f   chatHandlers.obj
 0001:00015560       _ciGetNextID               10016560 f   chatHandlers.obj
 0001:00015600       _ciCheckFiltersForID       10016600 f   chatHandlers.obj
 0001:000156b0       _ciCleanupFilters          100166b0 f   chatHandlers.obj
 0001:00015730       _ciAddLISTFilter           10016730 f   chatHandlers.obj
 0001:00015910       _ciAddJOINFilter           10016910 f   chatHandlers.obj
 0001:00015a20       _ciAddTOPICFilter          10016a20 f   chatHandlers.obj
 0001:00015a80       _ciAddNAMESFilter          10016a80 f   chatHandlers.obj
 0001:00015b00       _ciAddWHOISFilter          10016b00 f   chatHandlers.obj
 0001:00015ba0       _ciAddWHOFilter            10016ba0 f   chatHandlers.obj
 0001:00015c00       _ciAddCWHOFilter           10016c00 f   chatHandlers.obj
 0001:00015c60       _ciAddCMODEFilter          10016c60 f   chatHandlers.obj
 0001:00015cc0       _ciAddUMODEFilter          10016cc0 f   chatHandlers.obj
 0001:00015d20       _ciAddBANFilter            10016d20 f   chatHandlers.obj
 0001:00015dc0       _ciAddGETBANFilter         10016dc0 f   chatHandlers.obj
 0001:00015e40       _ciAddNICKFilter           10016e40 f   chatHandlers.obj
 0001:00015ea0       _ciAddGETKEYFilter         10016ea0 f   chatHandlers.obj
 0001:00016000       _ciAddGETCKEYFilter        10017000 f   chatHandlers.obj
 0001:000161c0       _ciAddGETCHANKEYFilter     100171c0 f   chatHandlers.obj
 0001:00016380       _ciAddUNQUIETFilter        10017380 f   chatHandlers.obj
 0001:00016430       _ciParseMode               10017430 f   chatHandlers.obj
 0001:00016830       _ciApplyChangesToMode      10017830 f   chatHandlers.obj
 0001:000169b0       _ciNickError               100179b0 f   chatHandlers.obj
 0001:00016ac0       _ciPrivmsgHandler          10017ac0 f   chatHandlers.obj
 0001:00016d80       _ciNoticeHandler           10017d80 f   chatHandlers.obj
 0001:00016f60       _ciUTMHandler              10017f60 f   chatHandlers.obj
 0001:00017140       _ciATMHandler              10018140 f   chatHandlers.obj
 0001:00017320       _ciPingHandler             10018320 f   chatHandlers.obj
 0001:000173a0       _ciNickHandler             100183a0 f   chatHandlers.obj
 0001:00017750       _ciJoinHandler             10018750 f   chatHandlers.obj
 0001:00017ac0       _ciPartHandler             10018ac0 f   chatHandlers.obj
 0001:00017c70       _ciKickHandler             10018c70 f   chatHandlers.obj
 0001:00017ee0       _ciQuitEnumChannelsCallback 10018ee0 f   chatHandlers.obj
 0001:000180e0       _ciQuitHandler             100190e0 f   chatHandlers.obj
 0001:00018190       _ciKillEnumChannelsCallback 10019190 f   chatHandlers.obj
 0001:00018390       _ciKillHandler             10019390 f   chatHandlers.obj
 0001:00018430       _ciTopicHandler            10019430 f   chatHandlers.obj
 0001:00018570       _ciModeHandler             10019570 f   chatHandlers.obj
 0001:00018820       _ciErrorHandler            10019820 f   chatHandlers.obj
 0001:00018900       _ciInviteHandler           10019900 f   chatHandlers.obj
 0001:00018a10       _ciNameReplyHandler        10019a10 f   chatHandlers.obj
 0001:00018f40       _ciEndOfNamesHandler       10019f40 f   chatHandlers.obj
 0001:000191d0       _ciRplTopicHandler         1001a1d0 f   chatHandlers.obj
 0001:00019370       _ciRplNoTopicHandler       1001a370 f   chatHandlers.obj
 0001:000194f0       _ciErrNickInUseHandler     1001a4f0 f   chatHandlers.obj
 0001:00019680       _ciRplWhoReplyHandler      1001a680 f   chatHandlers.obj
 0001:00019940       _ciRplEndOfWhoHandler      1001a940 f   chatHandlers.obj
 0001:00019ad0       _ciRplGetKeyHandler        1001aad0 f   chatHandlers.obj
 0001:00019e40       _ciRplEndGetKeyHandler     1001ae40 f   chatHandlers.obj
 0001:00019f70       _ciRplGetCKeyHandler       1001af70 f   chatHandlers.obj
 0001:0001a500       _ciRplEndGetCKeyHandler    1001b500 f   chatHandlers.obj
 0001:0001a640       _ciRplGetChanKeyHandler    1001b640 f   chatHandlers.obj
 0001:0001adb0       _ciRplUserIPHandler        1001bdb0 f   chatHandlers.obj
 0001:0001aef0       _ciRplListStartHandler     1001bef0 f   chatHandlers.obj
 0001:0001afc0       _ciRplListHandler          1001bfc0 f   chatHandlers.obj
 0001:0001b350       _ciRplListEndHandler       1001c350 f   chatHandlers.obj
 0001:0001b440       _ciRplChannelModeIsHandler 1001c440 f   chatHandlers.obj
 0001:0001b6b0       _ciRplWhoisUserHandler     1001c6b0 f   chatHandlers.obj
 0001:0001b990       _ciRplWhoisChannelsHandler 1001c990 f   chatHandlers.obj
 0001:0001bb80       _ciRplEndOfWhoisHandler    1001cb80 f   chatHandlers.obj
 0001:0001bcd0       _ciRplBanListHandler       1001ccd0 f   chatHandlers.obj
 0001:0001be90       _ciRplEndOfBanListHandler  1001ce90 f   chatHandlers.obj
 0001:0001bfb0       _ciRplWelcomeHandler       1001cfb0 f   chatHandlers.obj
 0001:0001c0b0       _ciErrNoSuchChannelHandler 1001d0b0 f   chatHandlers.obj
 0001:0001c220       _ciErrTooManyChannelsHandler 1001d220 f   chatHandlers.obj
 0001:0001c330       _ciErrChannelIsFullHandler 1001d330 f   chatHandlers.obj
 0001:0001c440       _ciErrInviteOnlyChanHandler 1001d440 f   chatHandlers.obj
 0001:0001c550       _ciErrBannedFromChanHandler 1001d550 f   chatHandlers.obj
 0001:0001c660       _ciErrBadChannelKeyHandler 1001d660 f   chatHandlers.obj
 0001:0001c770       _ciErrBadChanMaskHandler   1001d770 f   chatHandlers.obj
 0001:0001c880       _ciErrNoSuchNickHandler    1001d880 f   chatHandlers.obj
 0001:0001c8b0       _ciErrErroneusNicknameHandler 1001d8b0 f   chatHandlers.obj
 0001:0001c920       _ciHandleDisconnect        1001d920 f   chatMain.obj
 0001:0001ca10       _ciSendNickAndUser         1001da10 f   chatMain.obj
 0001:0001cb40       _chatConnectDoit           1001db40 f   chatMain.obj
 0001:0001d0f0       _chatConnect               1001e0f0 f   chatMain.obj
 0001:0001d160       _chatConnectSpecial        1001e160 f   chatMain.obj
 0001:0001d1d0       _chatRetryWithNick         1001e1d0 f   chatMain.obj
 0001:0001d2b0       _chatDisconnect            1001e2b0 f   chatMain.obj
 0001:0001d3c0       _chatThink                 1001e3c0 f   chatMain.obj
 0001:0001d400       _chatSendRaw               1001e400 f   chatMain.obj
 0001:0001d480       _chatChangeNick            1001e480 f   chatMain.obj
 0001:0001d7b0       _chatGetNick               1001e7b0 f   chatMain.obj
 0001:0001d820       _chatFixNick               1001e820 f   chatMain.obj
 0001:0001d920       _chatSetQuietMode          1001e920 f   chatMain.obj
 0001:0001da60       _chatEnumChannels          1001ea60 f   chatMain.obj
 0001:0001db70       _chatEnterChannel          1001eb70 f   chatMain.obj
 0001:0001dcd0       _chatLeaveChannel          1001ecd0 f   chatMain.obj
 0001:0001ddc0       _chatSendChannelMessage    1001edc0 f   chatMain.obj
 0001:0001e000       _chatSetChannelTopic       1001f000 f   chatMain.obj
 0001:0001e0e0       _chatGetChannelTopic       1001f0e0 f   chatMain.obj
 0001:0001e2b0       _chatSetChannelMode        1001f2b0 f   chatMain.obj
 0001:0001e490       _chatGetChannelMode        1001f490 f   chatMain.obj
 0001:0001e6b0       _chatSetChannelPassword    1001f6b0 f   chatMain.obj
 0001:0001e7f0       _chatGetChannelPassword    1001f7f0 f   chatMain.obj
 0001:0001e9c0       _chatEnumChannelBans       1001f9c0 f   chatMain.obj
 0001:0001eb00       _chatAddChannelBan         1001fb00 f   chatMain.obj
 0001:0001ec10       _chatRemoveChannelBan      1001fc10 f   chatMain.obj
 0001:0001ed20       _chatSetChannelGroup       1001fd20 f   chatMain.obj
 0001:0001ee00       _chatGetChannelNumUsers    1001fe00 f   chatMain.obj
 0001:0001eef0       _ciEnumUsersCallback       1001fef0 f   chatMain.obj
 0001:0001f170       _chatEnumUsers             10020170 f   chatMain.obj
 0001:0001f2f0       _chatEnumJoinedChannels    100202f0 f   chatMain.obj
 0001:0001f340       _chatSendUserMessage       10020340 f   chatMain.obj
 0001:0001f520       _chatGetUserInfo           10020520 f   chatMain.obj
 0001:0001f690       _chatGetBasicUserInfo      10020690 f   chatMain.obj
 0001:0001f8b0       _chatGetBasicUserInfoNoWait 100208b0 f   chatMain.obj
 0001:0001f9b0       _chatGetChannelBasicUserInfo 100209b0 f   chatMain.obj
 0001:0001faf0       _chatInviteUser            10020af0 f   chatMain.obj
 0001:0001fc30       _chatKickUser              10020c30 f   chatMain.obj
 0001:0001fd80       _chatBanUser               10020d80 f   chatMain.obj
 0001:0001fed0       _chatSetUserMode           10020ed0 f   chatMain.obj
 0001:00020090       _chatGetUserMode           10021090 f   chatMain.obj
 0001:00020310       _chatGetUserModeNoWait     10021310 f   chatMain.obj
 0001:00020480       _chatSetGlobalKeys         10021480 f   chatMain.obj
 0001:00020610       _chatGetGlobalKeys         10021610 f   chatMain.obj
 0001:00020aa0       _chatSetChannelKeys        10021aa0 f   chatMain.obj
 0001:00020c20       _chatGetChannelKeys        10021c20 f   chatMain.obj
 0001:000210e0       _ciGetTime                 100220e0 f   chatSocket.obj
 0001:000211c0       _ciSocketInit              100221c0 f   chatSocket.obj
 0001:00021360       _ciSocketConnect           10022360 f   chatSocket.obj
 0001:00021770       _ciSocketDisconnect        10022770 f   chatSocket.obj
 0001:00021ae0       _ciSocketThink             10022ae0 f   chatSocket.obj
 0001:00022a10       _ciSocketSend              10023a10 f   chatSocket.obj
 0001:00022d80       _ciSocketSendf             10023d80 f   chatSocket.obj
 0001:00023070       _ciParseParam              10024070 f   chatSocket.obj
 0001:000232b0       _ciSocketRecv              100242b0 f   chatSocket.obj
 0001:000240d0       _ArrayNew                  100250d0 f   darray.obj
 0001:000241d0       _ArrayFree                 100251d0 f   darray.obj
 0001:000242d0       _ArrayLength               100252d0 f   darray.obj
 0001:00024300       _ArrayNth                  10025300 f   darray.obj
 0001:00024370       _ArrayAppend               10025370 f   darray.obj
 0001:000243c0       _ArrayInsertAt             100253c0 f   darray.obj
 0001:000245a0       _ArrayInsertSorted         100255a0 f   darray.obj
 0001:00024680       _ArrayRemoveAt             10025680 f   darray.obj
 0001:00024740       _ArrayDeleteAt             10025740 f   darray.obj
 0001:000247c0       _ArrayReplaceAt            100257c0 f   darray.obj
 0001:00024850       _ArraySort                 10025850 f   darray.obj
 0001:000248b0       _ArraySearch               100258b0 f   darray.obj
 0001:000249d0       _ArrayMap                  100259d0 f   darray.obj
 0001:00024a70       _ArrayMapBackwards         10025a70 f   darray.obj
 0001:00024b10       _ArrayMap2                 10025b10 f   darray.obj
 0001:00024bc0       _ArrayClear                10025bc0 f   darray.obj
 0001:00024d70       _TableNew                  10025d70 f   hashtable.obj
 0001:00024dc0       _TableNew2                 10025dc0 f   hashtable.obj
 0001:00024f40       _TableFree                 10025f40 f   hashtable.obj
 0001:00024fe0       _TableCount                10025fe0 f   hashtable.obj
 0001:00025060       _TableEnter                10026060 f   hashtable.obj
 0001:00025120       _TableRemove               10026120 f   hashtable.obj
 0001:000251c0       _TableLookup               100261c0 f   hashtable.obj
 0001:00025260       _TableMap                  10026260 f   hashtable.obj
 0001:000252f0       _TableMapSafe              100262f0 f   hashtable.obj
 0001:00025380       _TableMap2                 10026380 f   hashtable.obj
 0001:00025420       _TableClear                10026420 f   hashtable.obj
 0001:00025490       _MD5Init                   10026490 f   md5c.obj
 0001:000254f0       _MD5Update                 100264f0 f   md5c.obj
 0001:00025620       _MD5Final                  10026620 f   md5c.obj
 0001:000267b0       _MD5Print                  100277b0 f   md5c.obj
 0001:00026820       _MD5Digest                 10027820 f   md5c.obj
 0001:000268d0       _current_time              100278d0 f   nonport.obj
 0001:00026920       _msleep                    10027920 f   nonport.obj
 0001:00026970       _SocketStartUp             10027970 f   nonport.obj
 0001:000269e0       _SocketShutDown            100279e0 f   nonport.obj
 0001:00026a20       _goastrdup                 10027a20 f   nonport.obj
 0001:00026a90       _SetSockBlocking           10027a90 f   nonport.obj
 0001:00026b30       _DisableNagle              10027b30 f   nonport.obj
 0001:00026bc0       _SetReceiveBufferSize      10027bc0 f   nonport.obj
 0001:00026c20       _GOAGetUniqueID            10027c20 f   nonport.obj
 0001:000270e0       ?_ExRealloc@@YAPAXPAXH@Z   100280e0 f   engine:engine.exe
 0001:000270e6       ?AddToGChat@@YAXPAD0@Z     100280e6 f   engine:engine.exe
 0001:000270ec       ?_ExMalloc@@YAPAXH@Z       100280ec f   engine:engine.exe
 0001:000270f2       ?_ExFree@@YAXPAX@Z         100280f2 f   engine:engine.exe
 0001:000270f8       ?FlipPages@@YAXXZ          100280f8 f   engine:engine.exe
 0001:000270fe       ?ProcessWindowMessages@@YA_NXZ 100280fe f   engine:engine.exe
 0001:00027104       ?PlayEffect@@YAXHHH@Z      10028104 f   engine:engine.exe
 0001:0002710a       ?GetSound@@YAHPAD@Z        1002810a f   engine:engine.exe
 0001:00027110       ?Ggetch@@YAHPAVGFILE@@@Z   10028110 f   engine:engine.exe
 0001:00027116       ?GetRLCStrWidth@@YAHPADPAVRLCFont@@@Z 10028116 f   engine:engine.exe
 0001:0002711c       ?g_GetWindParam@@YAXAAH000@Z 1002811c f   engine:engine.exe
 0001:00027122       ?g_SetWindParam@@YAXHHHH@Z 10028122 f   engine:engine.exe
 0001:00027128       ?xLine@@YAXHHHHE@Z         10028128 f   engine:engine.exe
 0001:0002712e       ?ShowString@@YAXHHPBDPAVRLCFont@@@Z 1002812e f   engine:engine.exe
 0001:00027134       ?ShowClanString@@YAXHHPADEPAVRLCFont@@1HH@Z 10028134 f   engine:engine.exe
 0001:0002713a       ?GetPaletteColor@@YAEHHH@Z 1002813a f   engine:engine.exe
 0001:00027140       ?DrawStdBar2@@YAXHHHHH@Z   10028140 f   engine:engine.exe
 0001:00027146       ??1LocalGP@@QAE@XZ         10028146 f   engine:engine.exe
 0001:0002714c       ??1DialogsSystem@@UAE@XZ   1002814c f   engine:engine.exe
 0001:00027152       ?SendPings@@YAXXZ          10028152 f   engine:engine.exe
 0001:00027158       ?EnumPlr@@YA_NXZ           10028158 f   engine:engine.exe
 0001:0002715e       ?RefreshView@DialogsSystem@@QAEXXZ 1002815e f   engine:engine.exe
 0001:00027164       ?ProcessDialogs@DialogsSystem@@QAEXXZ 10028164 f   engine:engine.exe
 0001:0002716a       ?MarkToDraw@DialogsSystem@@QAEXXZ 1002816a f   engine:engine.exe
 0001:00027170       ?StdKeys@@YAXXZ            10028170 f   engine:engine.exe
 0001:00027176       ?addColoredBar@ParentFrame@@QAEPAVColoredBar@@HHHHE@Z 10028176 f   engine:engine.exe
 0001:0002717c       ?addTextButton@ParentFrame@@QAEPAVTextButton@@PAVSimpleDialog@@HHPADPAVRLCFont@@22E@Z 1002817c f   engine:engine.exe
 0001:00027182       ?addInputBox@ParentFrame@@QAEPAVInputBox@@PAVSimpleDialog@@HHPADHHHPAVRLCFont@@2@Z 10028182 f   engine:engine.exe
 0001:00027188       ?MMItemChoose@@YA_NPAVSimpleDialog@@@Z 10028188 f   engine:engine.exe
 0001:0002718e       ?addGP_TextButton@ParentFrame@@QAEPAVGP_TextButton@@PAVSimpleDialog@@HHPADHHPAVRLCFont@@2@Z 1002818e f   engine:engine.exe
 0001:00027194       ?GetTextByID@@YAPADPAD@Z   10028194 f   engine:engine.exe
 0001:0002719a       ?addGPPicture@ParentFrame@@QAEPAVGPPicture@@PAVSimpleDialog@@HHHH@Z 1002819a f   engine:engine.exe
 0001:000271a0       ?addCustomBorder@ParentFrame@@QAEPAVCustomBorder@@HHHHHPAH0HH@Z 100281a0 f   engine:engine.exe
 0001:000271a6       ??0DialogsSystem@@QAE@HH@Z 100281a6 f   engine:engine.exe
 0001:000271ac       ?DarkScreen@@YAXXZ         100281ac f   engine:engine.exe
 0001:000271b2       ??0LocalGP@@QAE@PAD@Z      100281b2 f   engine:engine.exe
 0001:000271b8       ?DrawCentralTextWithBorder@@YAXPAD@Z 100281b8 f   engine:engine.exe
 0001:000271be       ?GetRLCHeight@@YAHPAUxRLCTable@@E@Z 100281be f   engine:engine.exe
 0001:000271c4       ?GetGPWidth@GP_System@@QAEHHH@Z 100281c4 f   engine:engine.exe
 0001:000271ca       ?ShowGP@GP_System@@QAEXHHHHE@Z 100281ca f   engine:engine.exe
 0001:000271d0       ?LoadGP@GP_System@@QAE_NH@Z 100281d0 f   engine:engine.exe
 0001:000271d6       ?PreLoadGPImage@GP_System@@QAEHPAD@Z 100281d6 f   engine:engine.exe
 0001:000271dc       ?SetRoomOptions@@YAXPAD@Z  100281dc f   engine:engine.exe
 0001:000271e2       ?SetInetPlayerName@@YAXPAD@Z 100281e2 f   engine:engine.exe
 0001:000271e8       ?LoadPicture@SQPicture@@QAEXPAD_N@Z 100281e8 f   engine:engine.exe
 0001:000271ee       ?ExplorerRefresh@@YAXH@Z   100281ee f   engine:engine.exe
 0001:000271f4       ?ExplorerBack@@YAXH@Z      100281f4 f   engine:engine.exe
 0001:000271fa       ?ExplorerSetVar@@YAXHPAD0@Z 100281fa f   engine:engine.exe
 0001:00027200       ?LoadPalette@@YAXPBD@Z     10028200 f   engine:engine.exe
 0001:00027206       ?ProcessExplorerDSS@@YAXHPAVDialogsSystem@@@Z 10028206 f   engine:engine.exe
 0001:0002720c       ?GetWheelDelta@@YAH_N@Z    1002820c f   engine:engine.exe
 0001:00027212       ?SetCurPtr@@YAXH@Z         10028212 f   engine:engine.exe
 0001:00027218       ?RClose@@YAXPAX@Z          10028218 f   engine:engine.exe
 0001:0002721e       ?ExplorerOpenRef@@YAXHPAD@Z 1002821e f   engine:engine.exe
 0001:00027224       ?RunExplorer@@YAXHPADHHHH@Z 10028224 f   engine:engine.exe
 0001:0002722a       ?RBlockRead@@YAKPAX0K@Z    1002822a f   engine:engine.exe
 0001:00027230       ?RFileSize@@YAKPAX@Z       10028230 f   engine:engine.exe
 0001:00027236       ?RReset@@YAPAXPBD@Z        10028236 f   engine:engine.exe
 0001:0002723c       ?addGP_Button@ParentFrame@@QAEPAVGP_Button@@PAVSimpleDialog@@HHHHH@Z 1002823c f   engine:engine.exe
 0001:00027242       ?addComplexBox@ParentFrame@@QAEPAVComplexBox@@HHHHP6AXHHHHHEH@ZHH@Z 10028242 f   engine:engine.exe
 0001:00027248       ?addNewGP_VScrollBar@ParentFrame@@QAEPAVVScrollBar@@PAVSimpleDialog@@HHHHHHH@Z 10028248 f   engine:engine.exe
 0001:0002724e       ?addChatViewer@ParentFrame@@QAEPAVChatViewer@@PAVSimpleDialog@@HHHHHPAPAPAD1PAH@Z 1002824e f   engine:engine.exe
 0001:00027254       ?addPicture@ParentFrame@@QAEPAVPicture@@PAVSimpleDialog@@HHPAVSQPicture@@11@Z 10028254 f   engine:engine.exe
 0001:0002725a       ??0DialogsSystem@@QAE@XZ   1002825a f   engine:engine.exe
 0001:00027260       ??1SQPicture@@QAE@XZ       10028260 f   engine:engine.exe
 0001:00027266       ?Draw@SQPicture@@QAEXHH@Z  10028266 f   engine:engine.exe
 0001:0002726c       ?ExplorerGetVar@@YAPADHPAD@Z 1002826c f   engine:engine.exe
 0001:00027272       ??0SQPicture@@QAE@PAD@Z    10028272 f   engine:engine.exe
 0001:00027278       ?SlowLoadPalette@@YAXPBD@Z 10028278 f   engine:engine.exe
 0001:0002727e       ?LoadFog@@YAXH@Z           1002827e f   engine:engine.exe
 0001:00027284       ?ClearGChat@@YAXXZ         10028284 f   engine:engine.exe
 0001:0002728a       ?Gclose@@YAXPAVGFILE@@@Z   1002828a f   engine:engine.exe
 0001:00027290       ?Gopen@@YAPAVGFILE@@PAD0@Z 10028290 f   engine:engine.exe
 0001:00027296       ?CheckUsingAI@@YA_NXZ      10028296 f   engine:engine.exe
 0001:0002729c       ?RSeek@@YAKPAXH@Z          1002829c f   engine:engine.exe
 0001:000272a2       ?CheckGSC_Login@@YA_NXZ    100282a2 f   engine:engine.exe
 0001:000272a8       _GetTickCount@0            100282a8 f   kernel32:KERNEL32.dll
 0001:000272ae       _CreateProcessA@40         100282ae f   kernel32:KERNEL32.dll
 0001:000272b4       _Sleep@4                   100282b4 f   kernel32:KERNEL32.dll
 0001:000272ba       _QueryPerformanceCounter@4 100282ba f   kernel32:KERNEL32.dll
 0001:000272c0       _RegCloseKey@4             100282c0 f   advapi32:ADVAPI32.dll
 0001:000272c6       _RegSetValueExA@24         100282c6 f   advapi32:ADVAPI32.dll
 0001:000272cc       _RegCreateKeyExA@36        100282cc f   advapi32:ADVAPI32.dll
 0001:000272d2       _RegQueryValueExA@24       100282d2 f   advapi32:ADVAPI32.dll
 0001:000272d8       _RegOpenKeyExA@20          100282d8 f   advapi32:ADVAPI32.dll
 0001:000272e0       _strcpy                    100282e0 f   LIBCMT:strcat.obj
 0001:000272f0       _strcat                    100282f0 f   LIBCMT:strcat.obj
 0001:000273e0       _memset                    100283e0 f   LIBCMT:memset.obj
 0001:00027440       _strcmp                    10028440 f   LIBCMT:strcmp.obj
 0001:000274c8       __RTC_CheckEsp             100284c8 f   LIBCMT:stack.obj
 0001:000274eb       @_RTC_CheckStackVars@8     100284eb f   LIBCMT:stack.obj
 0001:00027545       __RTC_InitBase             10028545 f   LIBCMT:init.obj
 0001:0002756b       __RTC_Shutdown             1002856b f   LIBCMT:init.obj
 0001:00027580       _memcpy                    10028580 f   LIBCMT:memcpy.obj
 0001:000278bd       _sprintf                   100288bd f   LIBCMT:sprintf.obj
 0001:00027915       __scprintf                 10028915 f   LIBCMT:sprintf.obj
 0001:00027950       _strstr                    10028950 f   LIBCMT:strstr.obj
 0001:000279f0       _strchr                    100289f0 f   LIBCMT:strchr.obj
 0001:000279f6       ___from_strstr_to_strchr   100289f6     LIBCMT:strchr.obj
 0001:00027aae       _srand                     10028aae f   LIBCMT:rand.obj
 0001:00027abb       _rand                      10028abb f   LIBCMT:rand.obj
 0001:00027add       ??_L@YGXPAXIHP6EX0@Z1@Z    10028add f   LIBCMT:ehvecctr.obj
 0001:00027b3f       ?_JumpToContinuation@@YGXPAXPAUEHRegistrationNode@@@Z 10028b3f f   LIBCMT:trnsctrl.obj
 0001:00027b6f       ?_CallMemberFunction0@@YGXPAX0@Z 10028b6f f   LIBCMT:trnsctrl.obj
 0001:00027b76       ?_CallMemberFunction1@@YGXPAX00@Z 10028b76 f   LIBCMT:trnsctrl.obj
 0001:00027b7d       ?_CallMemberFunction2@@YGXPAX00H@Z 10028b7d f   LIBCMT:trnsctrl.obj
 0001:00027b84       ?_UnwindNestedFrames@@YGXPAUEHRegistrationNode@@PAUEHExceptionRecord@@@Z 10028b84 f   LIBCMT:trnsctrl.obj
 0001:00027bd6       ___CxxFrameHandler         10028bd6 f   LIBCMT:trnsctrl.obj
 0001:00027c0c       ___CxxLongjmpUnwind@4      10028c0c f   LIBCMT:trnsctrl.obj
 0001:00027c61       ?_CallSETranslator@@YAHPAUEHExceptionRecord@@PAUEHRegistrationNode@@PAX2PBU_s_FuncInfo@@H1@Z 10028c61 f   LIBCMT:trnsctrl.obj
 0001:00027dda       ?_GetRangeOfTrysToCheck@@YAPBU_s_TryBlockMapEntry@@PBU_s_FuncInfo@@HHPAI1@Z 10028dda f   LIBCMT:trnsctrl.obj
 0001:00027e54       ?_CreateFrameInfo@@YAPAUFrameInfo@@PAU1@PAX@Z 10028e54 f   LIBCMT:trnsctrl.obj
 0001:00027e7c       ?IsExceptionObjectToBeDestroyed@@YAHPAX@Z 10028e7c f   LIBCMT:trnsctrl.obj
 0001:00027e9d       ?_FindAndUnlinkFrame@@YAXPAUFrameInfo@@@Z 10028e9d f   LIBCMT:trnsctrl.obj
 0001:00027ee9       ?_CallCatchBlock2@@YAPAXPAUEHRegistrationNode@@PBU_s_FuncInfo@@PAXHK@Z 10028ee9 f   LIBCMT:trnsctrl.obj
 0001:00027f44       __global_unwind2           10028f44 f   LIBCMT:exsup.obj
 0001:00027f86       __local_unwind2            10028f86 f   LIBCMT:exsup.obj
 0001:00027fde       __NLG_Return2              10028fde     LIBCMT:exsup.obj
 0001:00027fee       __abnormal_termination     10028fee f   LIBCMT:exsup.obj
 0001:00028011       __NLG_Notify1              10029011 f   LIBCMT:exsup.obj
 0001:0002801a       __NLG_Notify               1002901a f   LIBCMT:exsup.obj
 0001:0002802d       __NLG_Dispatch             1002902d     LIBCMT:exsup.obj
 0001:00028044       ?__ArrayUnwind@@YGXPAXIHP6EX0@Z@Z 10029044 f   LIBCMT:ehvecdtr.obj
 0001:000280a2       ??_M@YGXPAXIHP6EX0@Z@Z     100290a2 f   LIBCMT:ehvecdtr.obj
 0001:00028110       _strlen                    10029110 f   LIBCMT:strlen.obj
 0001:000281a0       _memmove                   100291a0 f   LIBCMT:memmove.obj
 0001:000284e0       _strncpy                   100294e0 f   LIBCMT:strncpy.obj
 0001:00028604       _atol                      10029604 f   LIBCMT:atox.obj
 0001:0002868c       _atoi                      1002968c f   LIBCMT:atox.obj
 0001:00028691       __atoi64                   10029691 f   LIBCMT:atox.obj
 0001:00028740       _strncmp                   10029740 f   LIBCMT:strncmp.obj
 0001:00028779       __fclose_lk                10029779 f   LIBCMT:fclose.obj
 0001:000287c5       _fclose                    100297c5 f   LIBCMT:fclose.obj
 0001:00028816       __fwrite_lk                10029816 f   LIBCMT:fwrite.obj
 0001:0002891d       _fwrite                    1002991d f   LIBCMT:fwrite.obj
 0001:00028969       __fsopen                   10029969 f   LIBCMT:fopen.obj
 0001:000289c5       _fopen                     100299c5 f   LIBCMT:fopen.obj
 0001:000289d8       _sscanf                    100299d8 f   LIBCMT:sscanf.obj
 0001:00028a10       __chkstk                   10029a10 f   LIBCMT:chkstk.obj
 0001:00028a10       __alloca_probe             10029a10     LIBCMT:chkstk.obj
 0001:00028a4d       _fprintf                   10029a4d f   LIBCMT:fprintf.obj
 0001:00028b2b       ___onexitinit              10029b2b f   LIBCMT:onexit.obj
 0001:00028b53       __onexit                   10029b53 f   LIBCMT:onexit.obj
 0001:00028b8b       _atexit                    10029b8b f   LIBCMT:onexit.obj
 0001:00028b9d       _free                      10029b9d f   LIBCMT:free.obj
 0001:00028c0e       __assert                   10029c0e f   LIBCMT:assert.obj
 0001:00028fe3       __heap_alloc               10029fe3 f   LIBCMT:malloc.obj
 0001:0002905e       __nh_malloc                1002a05e f   LIBCMT:malloc.obj
 0001:0002908a       _malloc                    1002a08a f   LIBCMT:malloc.obj
 0001:0002909c       __tolower                  1002a09c f   LIBCMT:tolower.obj
 0001:000290a4       ___tolower_mt              1002a0a4 f   LIBCMT:tolower.obj
 0001:0002916c       _tolower                   1002a16c f   LIBCMT:tolower.obj
 0001:0002918e       _stricmp                   1002a18e f   LIBCMT:stricmp.obj
 0001:0002918e       __stricmp                  1002a18e f   LIBCMT:stricmp.obj
 0001:000291f7       _realloc                   1002a1f7 f   LIBCMT:realloc.obj
 0001:00029651       ?_RTC_Failure@@YAXPAXH@Z   1002a651 f   LIBCMT:error.obj
 0001:0002968f       ?_RTC_MemFailure@@YAXPAXHPBX@Z 1002a68f f   LIBCMT:error.obj
 0001:00029823       ?_RTC_StackFailure@@YAXPAXPBD@Z 1002a823 f   LIBCMT:error.obj
 0001:000298af       __RTC_UninitUse            1002a8af f   LIBCMT:error.obj
 0001:00029955       _strtok                    1002a955 f   LIBCMT:strtok.obj
 0001:00029a0a       _isalpha                   1002aa0a f   LIBCMT:_ctype.obj
 0001:00029a49       _isupper                   1002aa49 f   LIBCMT:_ctype.obj
 0001:00029a83       _islower                   1002aa83 f   LIBCMT:_ctype.obj
 0001:00029abd       _isdigit                   1002aabd f   LIBCMT:_ctype.obj
 0001:00029af7       _isxdigit                  1002aaf7 f   LIBCMT:_ctype.obj
 0001:00029b36       _isspace                   1002ab36 f   LIBCMT:_ctype.obj
 0001:00029b70       _ispunct                   1002ab70 f   LIBCMT:_ctype.obj
 0001:00029baa       _isalnum                   1002abaa f   LIBCMT:_ctype.obj
 0001:00029be9       _isprint                   1002abe9 f   LIBCMT:_ctype.obj
 0001:00029c28       _isgraph                   1002ac28 f   LIBCMT:_ctype.obj
 0001:00029c67       _iscntrl                   1002ac67 f   LIBCMT:_ctype.obj
 0001:00029ca1       ___isascii                 1002aca1 f   LIBCMT:_ctype.obj
 0001:00029cae       ___toascii                 1002acae f   LIBCMT:_ctype.obj
 0001:00029cb6       ___iscsymf                 1002acb6 f   LIBCMT:_ctype.obj
 0001:00029cd0       ___iscsym                  1002acd0 f   LIBCMT:_ctype.obj
 0001:00029cea       _localtime                 1002acea f   LIBCMT:localtim.obj
 0001:00029e6a       _time                      1002ae6a f   LIBCMT:time.obj
 0001:00029ea3       _vsprintf                  1002aea3 f   LIBCMT:vsprintf.obj
 0001:00029efa       __vscprintf                1002aefa f   LIBCMT:vsprintf.obj
 0001:00029fc0       _qsort                     1002afc0 f   LIBCMT:qsort.obj
 0001:0002a243       _clock                     1002b243 f   LIBCMT:clock.obj
 0001:0002a286       ___inittime                1002b286 f   LIBCMT:clock.obj
 0001:0002a2bd       __CRT_INIT@12              1002b2bd f   LIBCMT:dllcrt0.obj
 0001:0002a43e       __DllMainCRTStartup@12     1002b43e f   LIBCMT:dllcrt0.obj
 0001:0002a522       __amsg_exit                1002b522 f   LIBCMT:dllcrt0.obj
 0001:0002a555       __RTC_NumErrors            1002b555 f   LIBCMT:userapi.obj
 0001:0002a559       __RTC_GetErrDesc           1002b559 f   LIBCMT:userapi.obj
 0001:0002a571       __RTC_SetErrorType         1002b571 f   LIBCMT:userapi.obj
 0001:0002a592       __RTC_SetErrorFunc         1002b592 f   LIBCMT:userapi.obj
 0001:0002a5a2       ?_RTC_GetErrorFunc@@YAP6AHHPBDH00ZZPBX@Z 1002b5a2 f   LIBCMT:userapi.obj
 0001:0002a5a8       __chkesp                   1002b5a8 f   LIBCMT:chkesp.obj
 0001:0002a5c0       __CRT_RTC_INIT             1002b5c0 f   LIBCMT:chkesp.obj
 0001:0002a5c3       __flsbuf                   1002b5c3 f   LIBCMT:_flsbuf.obj
 0001:0002a789       __output                   1002b789 f   LIBCMT:output.obj
 0001:0002af83       ___crtTlsAlloc@4           1002bf83 f   LIBCMT:tidtable.obj
 0001:0002af8c       __mtterm                   1002bf8c f   LIBCMT:tidtable.obj
 0001:0002afa9       __initptd                  1002bfa9 f   LIBCMT:tidtable.obj
 0001:0002afbc       __getptd                   1002bfbc f   LIBCMT:tidtable.obj
 0001:0002b02d       __freefls@4                1002c02d f   LIBCMT:tidtable.obj
 0001:0002b174       __freeptd                  1002c174 f   LIBCMT:tidtable.obj
 0001:0002b1a3       ___threadid                1002c1a3 f   LIBCMT:tidtable.obj
 0001:0002b1a9       ___threadhandle            1002c1a9 f   LIBCMT:tidtable.obj
 0001:0002b1af       __mtinit                   1002c1af f   LIBCMT:tidtable.obj
 0001:0002b2a0       __SEH_prolog               1002c2a0 f   LIBCMT:sehprolg.obj
 0001:0002b2db       __SEH_epilog               1002c2db f   LIBCMT:sehprolg.obj
 0001:0002b2f4       __except_handler3          1002c2f4 f   LIBCMT:exsup3.obj
 0001:0002b3da       __seh_longjmp_unwind@4     1002c3da f   LIBCMT:exsup3.obj
 0001:0002b462       ___FrameUnwindToState      1002c462 f   LIBCMT:frame.obj
 0001:0002b560       ___DestructExceptionObject 1002c560 f   LIBCMT:frame.obj
 0001:0002b5c4       ?__uncaught_exception@@YA_NXZ 1002c5c4 f   LIBCMT:frame.obj
 0001:0002b5d7       ___CxxRegisterExceptionObject 1002c5d7 f   LIBCMT:frame.obj
 0001:0002b67a       ___CxxDetectRethrow        1002c67a f   LIBCMT:frame.obj
 0001:0002b6b2       ___CxxUnregisterExceptionObject 1002c6b2 f   LIBCMT:frame.obj
 0001:0002b750       ___CxxQueryExceptionSize   1002c750 f   LIBCMT:frame.obj
 0001:0002b754       ___CxxCallUnwindDtor       1002c754 f   LIBCMT:frame.obj
 0001:0002b782       ___CxxCallUnwindVecDtor    1002c782 f   LIBCMT:frame.obj
 0001:0002baf9       ___CxxExceptionFilter      1002caf9 f   LIBCMT:frame.obj
 0001:0002bf47       ___InternalCxxFrameHandler 1002cf47 f   LIBCMT:frame.obj
 0001:0002bfe9       ?terminate@@YAXXZ          1002cfe9 f   LIBCMT:hooks.obj
 0001:0002c01e       ?unexpected@@YAXXZ         1002d01e f   LIBCMT:hooks.obj
 0001:0002c036       ?_inconsistency@@YAXXZ     1002d036 f   LIBCMT:hooks.obj
 0001:0002c070       __CallSettingFrame@12      1002d070 f   LIBCMT:lowhelpr.obj
 0001:0002c097       __NLG_Return               1002d097     LIBCMT:lowhelpr.obj
 0001:0002c0bc       ___isctype_mt              1002d0bc f   LIBCMT:isctype.obj
 0001:0002c133       __isctype                  1002d133 f   LIBCMT:isctype.obj
 0001:0002c15a       ____setlc_active_func      1002d15a f   LIBCMT:setlocal.obj
 0001:0002c160       ____unguarded_readlc_active_add_func 1002d160 f   LIBCMT:setlocal.obj
 0001:0002c166       ___freetlocinfo            1002d166 f   LIBCMT:setlocal.obj
 0001:0002c2f7       ___init_dummy              1002d2f7 f   LIBCMT:setlocal.obj
 0001:0002c2fa       __strcats                  1002d2fa f   LIBCMT:setlocal.obj
 0001:0002c31e       ___lc_strtolc              1002d31e f   LIBCMT:setlocal.obj
 0001:0002c3fa       ___lc_lctostr              1002d3fa f   LIBCMT:setlocal.obj
 0001:0002c448       ___updatetlocinfo          1002d448 f   LIBCMT:setlocal.obj
 0001:0002c542       __expandlocale             1002d542 f   LIBCMT:setlocal.obj
 0001:0002cb06       _setlocale                 1002db06 f   LIBCMT:setlocal.obj
 0001:0002cc60       __allmul                   1002dc60 f   LIBCMT:llmul.obj
 0001:0002cc94       __close_lk                 1002dc94 f   LIBCMT:close.obj
 0001:0002cd17       __close                    1002dd17 f   LIBCMT:close.obj
 0001:0002cdb2       __freebuf                  1002ddb2 f   LIBCMT:_freebuf.obj
 0001:0002cddd       __flush                    1002dddd f   LIBCMT:fflush.obj
 0001:0002ce3a       __fflush_lk                1002de3a f   LIBCMT:fflush.obj
 0001:0002cf3d       _fflush                    1002df3d f   LIBCMT:fflush.obj
 0001:0002cf8d       __flushall                 1002df8d f   LIBCMT:fflush.obj
 0001:0002cf96       ___iob_func                1002df96 f   LIBCMT:_file.obj
 0001:0002cf9c       ___initstdio               1002df9c f   LIBCMT:_file.obj
 0001:0002d045       ___endstdio                1002e045 f   LIBCMT:_file.obj
 0001:0002d059       __lock_file                1002e059 f   LIBCMT:_file.obj
 0001:0002d088       __lock_file2               1002e088 f   LIBCMT:_file.obj
 0001:0002d0ab       __unlock_file              1002e0ab f   LIBCMT:_file.obj
 0001:0002d0da       __unlock_file2             1002e0da f   LIBCMT:_file.obj
 0001:0002d0fd       __write_lk                 1002e0fd f   LIBCMT:write.obj
 0001:0002d2cb       __write                    1002e2cb f   LIBCMT:write.obj
 0001:0002d376       __openfile                 1002e376 f   LIBCMT:_open.obj
 0001:0002d4de       __errno                    1002e4de f   LIBCMT:dosmap.obj
 0001:0002d4e7       ___doserrno                1002e4e7 f   LIBCMT:dosmap.obj
 0001:0002d4f0       __dosmaperr                1002e4f0 f   LIBCMT:dosmap.obj
 0001:0002d563       __getstream                1002e563 f   LIBCMT:stream.obj
 0001:0002d6dd       __input                    1002e6dd f   LIBCMT:input.obj
 0001:0002e459       __stbuf                    1002f459 f   LIBCMT:_sftbuf.obj
 0001:0002e4e1       __ftbuf                    1002f4e1 f   LIBCMT:_sftbuf.obj
 0001:0002e50b       ___crtExitProcess          1002f50b f   LIBCMT:crt0dat.obj
 0001:0002e53b       __lockexit                 1002f53b f   LIBCMT:crt0dat.obj
 0001:0002e544       __unlockexit               1002f544 f   LIBCMT:crt0dat.obj
 0001:0002e583       __cinit                    1002f583 f   LIBCMT:crt0dat.obj
 0001:0002e6b0       _exit                      1002f6b0 f   LIBCMT:crt0dat.obj
 0001:0002e6c1       __exit                     1002f6c1 f   LIBCMT:crt0dat.obj
 0001:0002e6d2       __cexit                    1002f6d2 f   LIBCMT:crt0dat.obj
 0001:0002e6e1       __c_exit                   1002f6e1 f   LIBCMT:crt0dat.obj
 0001:0002e6f0       __msize                    1002f6f0 f   LIBCMT:msize.obj
 0001:0002e766       ___heap_select             1002f766 f   LIBCMT:heapinit.obj
 0001:0002e780       __heap_init                1002f780 f   LIBCMT:heapinit.obj
 0001:0002e7d1       __heap_term                1002f7d1 f   LIBCMT:heapinit.obj
 0001:0002e850       __get_heap_handle          1002f850 f   LIBCMT:heapinit.obj
 0001:0002e856       __mtinitlocks              1002f856 f   LIBCMT:mlock.obj
 0001:0002e89f       __mtdeletelocks            1002f89f f   LIBCMT:mlock.obj
 0001:0002e8f4       __unlock                   1002f8f4 f   LIBCMT:mlock.obj
 0001:0002e909       __lockerr_exit             1002f909 f   LIBCMT:mlock.obj
 0001:0002e921       __mtinitlocknum            1002f921 f   LIBCMT:mlock.obj
 0001:0002e9c1       __lock                     1002f9c1 f   LIBCMT:mlock.obj
 0001:0002e9f2       __get_sbh_threshold        1002f9f2 f   LIBCMT:sbheap.obj
 0001:0002ea07       ___sbh_heap_init           1002fa07 f   LIBCMT:sbheap.obj
 0001:0002ea4f       ___sbh_find_block          1002fa4f f   LIBCMT:sbheap.obj
 0001:0002ea7a       ___sbh_free_block          1002fa7a f   LIBCMT:sbheap.obj
 0001:0002ed92       ___sbh_alloc_new_region    1002fd92 f   LIBCMT:sbheap.obj
 0001:0002ee49       ___sbh_alloc_new_group     1002fe49 f   LIBCMT:sbheap.obj
 0001:0002ef4f       ___sbh_resize_block        1002ff4f f   LIBCMT:sbheap.obj
 0001:0002f22e       ___sbh_heapmin             1003022e f   LIBCMT:sbheap.obj
 0001:0002f2ff       ___sbh_heap_check          100302ff f   LIBCMT:sbheap.obj
 0001:0002f618       __set_sbh_threshold        10030618 f   LIBCMT:sbheap.obj
 0001:0002f673       ___sbh_alloc_block         10030673 f   LIBCMT:sbheap.obj
 0001:0002f96f       _abort                     1003096f f   LIBCMT:abort.obj
 0001:0002f987       _setvbuf                   10030987 f   LIBCMT:setvbuf.obj
 0001:0002fb20       ___fpecode                 10030b20 f   LIBCMT:winsig.obj
 0001:0002fb29       ___pxcptinfoptrs           10030b29 f   LIBCMT:winsig.obj
 0001:0002fb32       _signal                    10030b32 f   LIBCMT:winsig.obj
 0001:0002fcd3       _raise                     10030cd3 f   LIBCMT:winsig.obj
 0001:0002fe4c       ___crtMessageBoxA          10030e4c f   LIBCMT:crtmbox.obj
 0001:0002ff83       __itoa                     10030f83 f   LIBCMT:xtoa.obj
 0001:0002ff83       _itoa                      10030f83 f   LIBCMT:xtoa.obj
 0001:0002ffad       __ltoa                     10030fad f   LIBCMT:xtoa.obj
 0001:0002ffd4       __ultoa                    10030fd4 f   LIBCMT:xtoa.obj
 0001:0003005b       __i64toa                   1003105b f   LIBCMT:xtoa.obj
 0001:0003008c       __ui64toa                  1003108c f   LIBCMT:xtoa.obj
 0001:000300b0       _strncat                   100310b0 f   LIBCMT:strncat.obj
 0001:00030216       @__security_check_cookie@4 10031216 f   LIBCMT:secchk.obj
 0001:00030224       ?_set_new_handler@@YAP6AHI@ZP6AHI@Z@Z 10031224 f   LIBCMT:handler.obj
 0001:00030248       ?_query_new_handler@@YAP6AHI@ZXZ 10031248 f   LIBCMT:handler.obj
 0001:0003024e       __callnewh                 1003124e f   LIBCMT:handler.obj
 0001:00030285       ___crtLCMapStringA         10031285 f   LIBCMT:a_map.obj
 0001:00030650       ___ascii_stricmp           10031650 f   LIBCMT:_stricmp.obj
 0001:00030b27       ?_RTC_GetSrcLine@@YAHKPADHPAHPAPAD@Z 10031b27 f   LIBCMT:pdblkup.obj
 0001:0003145d       ___tzset                   1003245d f   LIBCMT:tzset.obj
 0001:000314a9       __tzset                    100324a9 f   LIBCMT:tzset.obj
 0001:000314de       __isindst                  100324de f   LIBCMT:tzset.obj
 0001:0003151c       _gmtime                    1003251c f   LIBCMT:gmtime.obj
 0001:00031630       __aulldiv                  10032630 f   LIBCMT:ulldiv.obj
 0001:00031698       _calloc                    10032698 f   LIBCMT:calloc.obj
 0001:00031753       __ioinit                   10032753 f   LIBCMT:ioinit.obj
 0001:00031951       __ioterm                   10032951 f   LIBCMT:ioinit.obj
 0001:0003199d       __setenvp                  1003299d f   LIBCMT:stdenvp.obj
 0001:00031bd0       __setargv                  10032bd0 f   LIBCMT:stdargv.obj
 0001:00031c72       ___crtGetEnvironmentStringsA 10032c72 f   LIBCMT:a_env.obj
 0001:00031d94       __RTC_Initialize           10032d94 f   LIBCMT:initsect.obj
 0001:00031dd8       __RTC_Terminate            10032dd8 f   LIBCMT:initsect.obj
 0001:00031e48       __XcptFilter               10032e48 f   LIBCMT:winxfltr.obj
 0001:00031fac       ___CppXcptFilter           10032fac f   LIBCMT:winxfltr.obj
 0001:00031fc7       __NMSG_WRITE               10032fc7 f   LIBCMT:crt0msg.obj
 0001:0003213e       __GET_RTERRMSG             1003313e f   LIBCMT:crt0msg.obj
 0001:00032168       __FF_MSGBANNER             10033168 f   LIBCMT:crt0msg.obj
 0001:000321a1       __lseek_lk                 100331a1 f   LIBCMT:lseek.obj
 0001:00032215       __lseek                    10033215 f   LIBCMT:lseek.obj
 0001:000322c0       __getbuf                   100332c0 f   LIBCMT:_getbuf.obj
 0001:00032304       __isatty                   10033304 f   LIBCMT:isatty.obj
 0001:0003232e       ___wctomb_mt               1003332e f   LIBCMT:wctomb.obj
 0001:0003238e       _wctomb                    1003338e f   LIBCMT:wctomb.obj
 0001:000323b5       ___pwctype_func            100333b5 f   LIBCMT:ctype.obj
 0001:000323bb       ___pctype_func             100333bb f   LIBCMT:ctype.obj
 0001:000323d0       __aulldvrm                 100333d0 f   LIBCMT:ulldvrm.obj
 0001:0003268f       ___updatetmbcinfo          1003368f f   LIBCMT:mbctype.obj
 0001:0003288e       __getmbcp                  1003388e f   LIBCMT:mbctype.obj
 0001:0003289e       __setmbcp                  1003389e f   LIBCMT:mbctype.obj
 0001:000329ee       ___initmbctable            100339ee f   LIBCMT:mbctype.obj
 0001:00032a0c       __ValidateEH3RN            10033a0c f   LIBCMT:eh3valid.obj
 0001:00032c35       ?__CxxUnhandledExceptionFilter@@YGJPAU_EXCEPTION_POINTERS@@@Z 10033c35 f   LIBCMT:unhandld.obj
 0001:00032c83       ?__CxxSetUnhandledExceptionFilter@@YAHXZ 10033c83 f   LIBCMT:unhandld.obj
 0001:00032c96       ?__CxxRestoreUnhandledExceptionFilter@@YAXXZ 10033c96 f   LIBCMT:unhandld.obj
 0001:00032ca3       ?_ValidateRead@@YAHPBXI@Z  10033ca3 f   LIBCMT:validate.obj
 0001:00032cbf       ?_ValidateWrite@@YAHPAXI@Z 10033cbf f   LIBCMT:validate.obj
 0001:00032cdb       ?_ValidateExecute@@YAHP6GHXZ@Z 10033cdb f   LIBCMT:validate.obj
 0001:00032cf3       ___crtGetStringTypeA       10033cf3 f   LIBCMT:a_str.obj
 0001:00032ead       __Getdays                  10033ead f   LIBCMT:strftime.obj
 0001:00032f2c       __Getmonths                10033f2c f   LIBCMT:strftime.obj
 0001:00032fc1       __Gettnames                10033fc1 f   LIBCMT:strftime.obj
 0001:000339b3       __Strftime_mt              100349b3 f   LIBCMT:strftime.obj
 0001:00033a78       __Strftime                 10034a78 f   LIBCMT:strftime.obj
 0001:00033aaa       _strftime                  10034aaa f   LIBCMT:strftime.obj
 0001:00033ac5       _localeconv                10034ac5 f   LIBCMT:lconv.obj
 0001:00033e32       ___free_lc_time            10034e32 f   LIBCMT:inittime.obj
 0001:00033fc2       ___init_time               10034fc2 f   LIBCMT:inittime.obj
 0001:00034054       ___free_lconv_num          10035054 f   LIBCMT:initnum.obj
 0001:000340b3       ___init_numeric            100350b3 f   LIBCMT:initnum.obj
 0001:000342b3       ___free_lconv_mon          100352b3 f   LIBCMT:initmon.obj
 0001:0003438c       ___init_monetary           1003538c f   LIBCMT:initmon.obj
 0001:000345cb       ___init_ctype              100355cb f   LIBCMT:initctyp.obj
 0001:000347b5       ____mb_cur_max_func        100357b5 f   LIBCMT:initctyp.obj
 0001:000347bb       ____lc_codepage_func       100357bb f   LIBCMT:initctyp.obj
 0001:000347d4       ____lc_collate_cp_func     100357d4 f   LIBCMT:initctyp.obj
 0001:000347ed       ____lc_handle_func         100357ed f   LIBCMT:initctyp.obj
 0001:00034806       ___init_collate            10035806 f   LIBCMT:initcoll.obj
 0001:00034810       _strcspn                   10035810 f   LIBCMT:strcspn.obj
 0001:00034f95       ___get_qualified_locale    10035f95 f   LIBCMT:getqloc.obj
 0001:00035150       _memcmp                    10036150 f   LIBCMT:memcmp.obj
 0001:00035210       _strpbrk                   10036210 f   LIBCMT:strpbrk.obj
 0001:00035250       __set_osfhnd               10036250 f   LIBCMT:osfinfo.obj
 0001:000352cc       __free_osfhnd              100362cc f   LIBCMT:osfinfo.obj
 0001:0003534b       __get_osfhandle            1003634b f   LIBCMT:osfinfo.obj
 0001:0003538c       __lock_fhandle             1003638c f   LIBCMT:osfinfo.obj
 0001:0003542c       __unlock_fhandle           1003642c f   LIBCMT:osfinfo.obj
 0001:0003544e       __alloc_osfhnd             1003644e f   LIBCMT:osfinfo.obj
 0001:000355ca       __open_osfhandle           100365ca f   LIBCMT:osfinfo.obj
 0001:00035691       __commit                   10036691 f   LIBCMT:commit.obj
 0001:0003574d       __fcloseall                1003674d f   LIBCMT:closeall.obj
 0001:000357e8       __lseeki64_lk              100367e8 f   LIBCMT:lseeki64.obj
 0001:0003586b       __lseeki64                 1003686b f   LIBCMT:lseeki64.obj
 0001:00035c10       __open                     10036c10 f   LIBCMT:open.obj
 0001:00035c65       __sopen                    10036c65 f   LIBCMT:open.obj
 0001:00035cca       ___crtInitCritSecAndSpinCount 10036cca f   LIBCMT:initcrit.obj
 0001:00035d55       __filbuf                   10036d55 f   LIBCMT:_filbuf.obj
 0001:00035e36       __ungetc_lk                10036e36 f   LIBCMT:ungetc.obj
 0001:00035ea2       _ungetc                    10036ea2 f   LIBCMT:ungetc.obj
 0001:00035ee7       ___mbtowc_mt               10036ee7 f   LIBCMT:mbtowc.obj
 0001:00035fa7       _mbtowc                    10036fa7 f   LIBCMT:mbtowc.obj
 0001:00035fd2       __resetstkoflw             10036fd2 f   LIBCMT:resetstk.obj
 0001:000360b5       ___security_init_cookie    100370b5 f   LIBCMT:seccinit.obj
 0001:0003611b       ___security_error_handler  1003711b f   LIBCMT:secfail.obj
 0001:00036263       __set_security_error_handler 10037263 f   LIBCMT:secfail.obj
 0001:00036273       ___buffer_overrun          10037273 f   LIBCMT:secfail.obj
 0001:0003627f       ___set_buffer_overrun_handler 1003727f f   LIBCMT:secfail.obj
 0001:0003628f       ___ansicp                  1003728f f   LIBCMT:convrtcp.obj
 0001:000362d2       ___convertcp               100372d2 f   LIBCMT:convrtcp.obj
 0001:0003649b       __getenv_lk                1003749b f   LIBCMT:getenv.obj
 0001:0003651c       _getenv                    1003751c f   LIBCMT:getenv.obj
 0001:0003655b       __fptrap                   1003755b f   LIBCMT:crt0fp.obj
 0001:00036564       ___getlocaleinfo           10037564 f   LIBCMT:inithelp.obj
 0001:0003668b       __strnicmp                 1003768b f   LIBCMT:strnicmp.obj
 0001:0003670a       __chsize_lk                1003770a f   LIBCMT:chsize.obj
 0001:0003684b       __chsize                   1003784b f   LIBCMT:chsize.obj
 0001:000368e2       __read_lk                  100378e2 f   LIBCMT:read.obj
 0001:00036abd       __read                     10037abd f   LIBCMT:read.obj
 0001:00036b68       __mbsnbicoll               10037b68 f   LIBCMT:mbsnbico.obj
 0001:00036bb6       ___wtomb_environ           10037bb6 f   LIBCMT:wtombenv.obj
 0001:00036c46       ___crtGetLocaleInfoW       10037c46 f   LIBCMT:w_loc.obj
 0001:00036d76       ___crtGetLocaleInfoA       10037d76 f   LIBCMT:a_loc.obj
 0001:00036ec0       ___ascii_strnicmp          10037ec0 f   LIBCMT:_strnicm.obj
 0001:00036f21       __setmode_lk               10037f21 f   LIBCMT:setmode.obj
 0001:00036f8d       __setmode                  10037f8d f   LIBCMT:setmode.obj
 0001:00037040       ___crtCompareStringA       10038040 f   LIBCMT:a_cmp.obj
 0001:00037472       ___crtsetenv               10038472 f   LIBCMT:setenv.obj
 0001:00037647       __strdup                   10038647 f   LIBCMT:strdup.obj
 0001:00037672       __mbschr                   10038672 f   LIBCMT:mbschr.obj
 0001:000376ee       _inet_addr@4               100386ee f   wsock32:WSOCK32.dll
 0001:000376f4       _closesocket@4             100386f4 f   wsock32:WSOCK32.dll
 0001:000376fa       _WSAGetLastError@0         100386fa f   wsock32:WSOCK32.dll
 0001:00037700       _connect@12                10038700 f   wsock32:WSOCK32.dll
 0001:00037706       _setsockopt@20             10038706 f   wsock32:WSOCK32.dll
 0001:0003770c       _socket@12                 1003870c f   wsock32:WSOCK32.dll
 0001:00037712       _htons@4                   10038712 f   wsock32:WSOCK32.dll
 0001:00037718       _gethostbyname@4           10038718 f   wsock32:WSOCK32.dll
 0001:0003771e       _shutdown@8                1003871e f   wsock32:WSOCK32.dll
 0001:00037724       _send@16                   10038724 f   wsock32:WSOCK32.dll
 0001:0003772a       ___WSAFDIsSet@8            1003872a f   wsock32:WSOCK32.dll
 0001:00037730       _select@20                 10038730 f   wsock32:WSOCK32.dll
 0001:00037736       _recv@16                   10038736 f   wsock32:WSOCK32.dll
 0001:0003773c       _WSAStartup@8              1003873c f   wsock32:WSOCK32.dll
 0001:00037742       _WSACleanup@0              10038742 f   wsock32:WSOCK32.dll
 0001:00037748       _ioctlsocket@12            10038748 f   wsock32:WSOCK32.dll
 0001:0003774e       _RtlUnwind@16              1003874e f   kernel32:KERNEL32.dll
 0001:00037754       _HeapFree@12               10038754 f   kernel32:KERNEL32.dll
 0001:0003775a       _GetModuleFileNameA@12     1003875a f   kernel32:KERNEL32.dll
 0001:00037760       _HeapAlloc@12              10038760 f   kernel32:KERNEL32.dll
 0001:00037766       _HeapReAlloc@16            10038766 f   kernel32:KERNEL32.dll
 0001:0003776c       _RaiseException@16         1003876c f   kernel32:KERNEL32.dll
 0001:00037772       _GetVersionExA@4           10038772 f   kernel32:KERNEL32.dll
 0001:00037778       _GetProcAddress@8          10038778 f   kernel32:KERNEL32.dll
 0001:0003777e       _LoadLibraryA@4            1003877e f   kernel32:KERNEL32.dll
 0001:00037784       _DebugBreak@0              10038784 f   kernel32:KERNEL32.dll
 0001:0003778a       _GetSystemTimeAsFileTime@4 1003878a f   kernel32:KERNEL32.dll
 0001:00037790       _GetCurrentThreadId@0      10038790 f   kernel32:KERNEL32.dll
 0001:00037796       _GetCommandLineA@0         10038796 f   kernel32:KERNEL32.dll
 0001:0003779c       _TlsAlloc@0                1003879c f   kernel32:KERNEL32.dll
 0001:000377a2       _SetLastError@4            100387a2 f   kernel32:KERNEL32.dll
 0001:000377a8       _GetLastError@0            100387a8 f   kernel32:KERNEL32.dll
 0001:000377ae       _GetCurrentThread@0        100387ae f   kernel32:KERNEL32.dll
 0001:000377b4       _TlsFree@4                 100387b4 f   kernel32:KERNEL32.dll
 0001:000377ba       _TlsSetValue@8             100387ba f   kernel32:KERNEL32.dll
 0001:000377c0       _TlsGetValue@4             100387c0 f   kernel32:KERNEL32.dll
 0001:000377c6       _GetModuleHandleA@4        100387c6 f   kernel32:KERNEL32.dll
 0001:000377cc       _CloseHandle@4             100387cc f   kernel32:KERNEL32.dll
 0001:000377d2       _EnterCriticalSection@4    100387d2 f   kernel32:KERNEL32.dll
 0001:000377d8       _LeaveCriticalSection@4    100387d8 f   kernel32:KERNEL32.dll
 0001:000377de       _WriteFile@20              100387de f   kernel32:KERNEL32.dll
 0001:000377e4       _ExitProcess@4             100387e4 f   kernel32:KERNEL32.dll
 0001:000377ea       _TerminateProcess@8        100387ea f   kernel32:KERNEL32.dll
 0001:000377f0       _GetCurrentProcess@0       100387f0 f   kernel32:KERNEL32.dll
 0001:000377f6       _HeapSize@12               100387f6 f   kernel32:KERNEL32.dll
 0001:000377fc       _HeapDestroy@4             100387fc f   kernel32:KERNEL32.dll
 0001:00037802       _HeapCreate@12             10038802 f   kernel32:KERNEL32.dll
 0001:00037808       _VirtualFree@12            10038808 f   kernel32:KERNEL32.dll
 0001:0003780e       _DeleteCriticalSection@4   1003880e f   kernel32:KERNEL32.dll
 0001:00037814       _FatalAppExitA@8           10038814 f   kernel32:KERNEL32.dll
 0001:0003781a       _VirtualAlloc@16           1003881a f   kernel32:KERNEL32.dll
 0001:00037820       _IsBadWritePtr@8           10038820 f   kernel32:KERNEL32.dll
 0001:00037826       _SetConsoleCtrlHandler@8   10038826 f   kernel32:KERNEL32.dll
 0001:0003782c       _LCMapStringA@24           1003882c f   kernel32:KERNEL32.dll
 0001:00037832       _WideCharToMultiByte@32    10038832 f   kernel32:KERNEL32.dll
 0001:00037838       _MultiByteToWideChar@24    10038838 f   kernel32:KERNEL32.dll
 0001:0003783e       _LCMapStringW@24           1003883e f   kernel32:KERNEL32.dll
 0001:00037844       _GetProcessHeap@0          10038844 f   kernel32:KERNEL32.dll
 0001:0003784a       _FreeLibrary@4             1003884a f   kernel32:KERNEL32.dll
 0001:00037850       _GetTimeZoneInformation@4  10038850 f   kernel32:KERNEL32.dll
 0001:00037856       _SetHandleCount@4          10038856 f   kernel32:KERNEL32.dll
 0001:0003785c       _GetStdHandle@4            1003885c f   kernel32:KERNEL32.dll
 0001:00037862       _GetFileType@4             10038862 f   kernel32:KERNEL32.dll
 0001:00037868       _GetStartupInfoA@4         10038868 f   kernel32:KERNEL32.dll
 0001:0003786e       _FreeEnvironmentStringsA@4 1003886e f   kernel32:KERNEL32.dll
 0001:00037874       _GetEnvironmentStrings@0   10038874 f   kernel32:KERNEL32.dll
 0001:0003787a       _FreeEnvironmentStringsW@4 1003887a f   kernel32:KERNEL32.dll
 0001:00037880       _GetEnvironmentStringsW@0  10038880 f   kernel32:KERNEL32.dll
 0001:00037886       _UnhandledExceptionFilter@4 10038886 f   kernel32:KERNEL32.dll
 0001:0003788c       _SetFilePointer@16         1003888c f   kernel32:KERNEL32.dll
 0001:00037892       _GetACP@0                  10038892 f   kernel32:KERNEL32.dll
 0001:00037898       _GetOEMCP@0                10038898 f   kernel32:KERNEL32.dll
 0001:0003789e       _GetCPInfo@8               1003889e f   kernel32:KERNEL32.dll
 0001:000378a4       _InterlockedExchange@8     100388a4 f   kernel32:KERNEL32.dll
 0001:000378aa       _VirtualQuery@12           100388aa f   kernel32:KERNEL32.dll
 0001:000378b0       _SetUnhandledExceptionFilter@4 100388b0 f   kernel32:KERNEL32.dll
 0001:000378b6       _IsBadReadPtr@8            100388b6 f   kernel32:KERNEL32.dll
 0001:000378bc       _IsBadCodePtr@4            100388bc f   kernel32:KERNEL32.dll
 0001:000378c2       _GetStringTypeA@20         100388c2 f   kernel32:KERNEL32.dll
 0001:000378c8       _GetStringTypeW@16         100388c8 f   kernel32:KERNEL32.dll
 0001:000378ce       _GetTimeFormatA@24         100388ce f   kernel32:KERNEL32.dll
 0001:000378d4       _GetDateFormatA@24         100388d4 f   kernel32:KERNEL32.dll
 0001:000378da       _GetUserDefaultLCID@0      100388da f   kernel32:KERNEL32.dll
 0001:000378e0       _GetLocaleInfoA@16         100388e0 f   kernel32:KERNEL32.dll
 0001:000378e6       _EnumSystemLocalesA@8      100388e6 f   kernel32:KERNEL32.dll
 0001:000378ec       _IsValidLocale@8           100388ec f   kernel32:KERNEL32.dll
 0001:000378f2       _IsValidCodePage@4         100388f2 f   kernel32:KERNEL32.dll
 0001:000378f8       _SetStdHandle@8            100388f8 f   kernel32:KERNEL32.dll
 0001:000378fe       _FlushFileBuffers@4        100388fe f   kernel32:KERNEL32.dll
 0001:00037904       _CreateFileA@28            10038904 f   kernel32:KERNEL32.dll
 0001:0003790a       _InitializeCriticalSection@4 1003890a f   kernel32:KERNEL32.dll
 0001:00037910       _VirtualProtect@16         10038910 f   kernel32:KERNEL32.dll
 0001:00037916       _GetSystemInfo@4           10038916 f   kernel32:KERNEL32.dll
 0001:0003791c       _GetCurrentProcessId@0     1003891c f   kernel32:KERNEL32.dll
 0001:00037922       _SetEndOfFile@4            10038922 f   kernel32:KERNEL32.dll
 0001:00037928       _ReadFile@20               10038928 f   kernel32:KERNEL32.dll
 0001:0003792e       _GetLocaleInfoW@16         1003892e f   kernel32:KERNEL32.dll
 0001:00037934       _CompareStringA@24         10038934 f   kernel32:KERNEL32.dll
 0001:0003793a       _CompareStringW@24         1003893a f   kernel32:KERNEL32.dll
 0001:00037940       _SetEnvironmentVariableA@8 10038940 f   kernel32:KERNEL32.dll
 0002:00000000       __imp__RegCreateKeyExA@36  10039000     advapi32:ADVAPI32.dll
 0002:00000004       __imp__RegSetValueExA@24   10039004     advapi32:ADVAPI32.dll
 0002:00000008       __imp__RegQueryValueExA@24 10039008     advapi32:ADVAPI32.dll
 0002:0000000c       __imp__RegOpenKeyExA@20    1003900c     advapi32:ADVAPI32.dll
 0002:00000010       __imp__RegCloseKey@4       10039010     advapi32:ADVAPI32.dll
 0002:00000014       \177ADVAPI32_NULL_THUNK_DATA 10039014     advapi32:ADVAPI32.dll
 0002:00000018       __imp__GetCurrentProcessId@0 10039018     kernel32:KERNEL32.dll
 0002:0000001c       __imp__GetSystemInfo@4     1003901c     kernel32:KERNEL32.dll
 0002:00000020       __imp__VirtualProtect@16   10039020     kernel32:KERNEL32.dll
 0002:00000024       __imp__InitializeCriticalSection@4 10039024     kernel32:KERNEL32.dll
 0002:00000028       __imp__CreateFileA@28      10039028     kernel32:KERNEL32.dll
 0002:0000002c       __imp__FlushFileBuffers@4  1003902c     kernel32:KERNEL32.dll
 0002:00000030       __imp__SetStdHandle@8      10039030     kernel32:KERNEL32.dll
 0002:00000034       __imp__IsValidCodePage@4   10039034     kernel32:KERNEL32.dll
 0002:00000038       __imp__IsValidLocale@8     10039038     kernel32:KERNEL32.dll
 0002:0000003c       __imp__EnumSystemLocalesA@8 1003903c     kernel32:KERNEL32.dll
 0002:00000040       __imp__GetLocaleInfoA@16   10039040     kernel32:KERNEL32.dll
 0002:00000044       __imp__GetUserDefaultLCID@0 10039044     kernel32:KERNEL32.dll
 0002:00000048       __imp__GetDateFormatA@24   10039048     kernel32:KERNEL32.dll
 0002:0000004c       __imp__GetTimeFormatA@24   1003904c     kernel32:KERNEL32.dll
 0002:00000050       __imp__GetStringTypeW@16   10039050     kernel32:KERNEL32.dll
 0002:00000054       __imp__GetStringTypeA@20   10039054     kernel32:KERNEL32.dll
 0002:00000058       __imp__IsBadCodePtr@4      10039058     kernel32:KERNEL32.dll
 0002:0000005c       __imp__IsBadReadPtr@8      1003905c     kernel32:KERNEL32.dll
 0002:00000060       __imp__SetUnhandledExceptionFilter@4 10039060     kernel32:KERNEL32.dll
 0002:00000064       __imp__VirtualQuery@12     10039064     kernel32:KERNEL32.dll
 0002:00000068       __imp__InterlockedExchange@8 10039068     kernel32:KERNEL32.dll
 0002:0000006c       __imp__GetCPInfo@8         1003906c     kernel32:KERNEL32.dll
 0002:00000070       __imp__GetOEMCP@0          10039070     kernel32:KERNEL32.dll
 0002:00000074       __imp__GetACP@0            10039074     kernel32:KERNEL32.dll
 0002:00000078       __imp__SetFilePointer@16   10039078     kernel32:KERNEL32.dll
 0002:0000007c       __imp__UnhandledExceptionFilter@4 1003907c     kernel32:KERNEL32.dll
 0002:00000080       __imp__GetEnvironmentStringsW@0 10039080     kernel32:KERNEL32.dll
 0002:00000084       __imp__FreeEnvironmentStringsW@4 10039084     kernel32:KERNEL32.dll
 0002:00000088       __imp__GetEnvironmentStrings@0 10039088     kernel32:KERNEL32.dll
 0002:0000008c       __imp__FreeEnvironmentStringsA@4 1003908c     kernel32:KERNEL32.dll
 0002:00000090       __imp__GetStartupInfoA@4   10039090     kernel32:KERNEL32.dll
 0002:00000094       __imp__GetFileType@4       10039094     kernel32:KERNEL32.dll
 0002:00000098       __imp__GetStdHandle@4      10039098     kernel32:KERNEL32.dll
 0002:0000009c       __imp__SetHandleCount@4    1003909c     kernel32:KERNEL32.dll
 0002:000000a0       __imp__GetTimeZoneInformation@4 100390a0     kernel32:KERNEL32.dll
 0002:000000a4       __imp__FreeLibrary@4       100390a4     kernel32:KERNEL32.dll
 0002:000000a8       __imp__GetProcessHeap@0    100390a8     kernel32:KERNEL32.dll
 0002:000000ac       __imp__LCMapStringW@24     100390ac     kernel32:KERNEL32.dll
 0002:000000b0       __imp__MultiByteToWideChar@24 100390b0     kernel32:KERNEL32.dll
 0002:000000b4       __imp__SetEndOfFile@4      100390b4     kernel32:KERNEL32.dll
 0002:000000b8       __imp__LCMapStringA@24     100390b8     kernel32:KERNEL32.dll
 0002:000000bc       __imp__SetConsoleCtrlHandler@8 100390bc     kernel32:KERNEL32.dll
 0002:000000c0       __imp__IsBadWritePtr@8     100390c0     kernel32:KERNEL32.dll
 0002:000000c4       __imp__VirtualAlloc@16     100390c4     kernel32:KERNEL32.dll
 0002:000000c8       __imp__FatalAppExitA@8     100390c8     kernel32:KERNEL32.dll
 0002:000000cc       __imp__DeleteCriticalSection@4 100390cc     kernel32:KERNEL32.dll
 0002:000000d0       __imp__VirtualFree@12      100390d0     kernel32:KERNEL32.dll
 0002:000000d4       __imp__HeapCreate@12       100390d4     kernel32:KERNEL32.dll
 0002:000000d8       __imp__HeapDestroy@4       100390d8     kernel32:KERNEL32.dll
 0002:000000dc       __imp__HeapSize@12         100390dc     kernel32:KERNEL32.dll
 0002:000000e0       __imp__GetCurrentProcess@0 100390e0     kernel32:KERNEL32.dll
 0002:000000e4       __imp__TerminateProcess@8  100390e4     kernel32:KERNEL32.dll
 0002:000000e8       __imp__ExitProcess@4       100390e8     kernel32:KERNEL32.dll
 0002:000000ec       __imp__WriteFile@20        100390ec     kernel32:KERNEL32.dll
 0002:000000f0       __imp__LeaveCriticalSection@4 100390f0     kernel32:KERNEL32.dll
 0002:000000f4       __imp__EnterCriticalSection@4 100390f4     kernel32:KERNEL32.dll
 0002:000000f8       __imp__CloseHandle@4       100390f8     kernel32:KERNEL32.dll
 0002:000000fc       __imp__GetModuleHandleA@4  100390fc     kernel32:KERNEL32.dll
 0002:00000100       __imp__TlsGetValue@4       10039100     kernel32:KERNEL32.dll
 0002:00000104       __imp__TlsSetValue@8       10039104     kernel32:KERNEL32.dll
 0002:00000108       __imp__TlsFree@4           10039108     kernel32:KERNEL32.dll
 0002:0000010c       __imp__GetCurrentThread@0  1003910c     kernel32:KERNEL32.dll
 0002:00000110       __imp__GetLastError@0      10039110     kernel32:KERNEL32.dll
 0002:00000114       __imp__SetLastError@4      10039114     kernel32:KERNEL32.dll
 0002:00000118       __imp__TlsAlloc@0          10039118     kernel32:KERNEL32.dll
 0002:0000011c       __imp__GetCommandLineA@0   1003911c     kernel32:KERNEL32.dll
 0002:00000120       __imp__GetCurrentThreadId@0 10039120     kernel32:KERNEL32.dll
 0002:00000124       __imp__GetSystemTimeAsFileTime@4 10039124     kernel32:KERNEL32.dll
 0002:00000128       __imp__DebugBreak@0        10039128     kernel32:KERNEL32.dll
 0002:0000012c       __imp__LoadLibraryA@4      1003912c     kernel32:KERNEL32.dll
 0002:00000130       __imp__GetProcAddress@8    10039130     kernel32:KERNEL32.dll
 0002:00000134       __imp__GetVersionExA@4     10039134     kernel32:KERNEL32.dll
 0002:00000138       __imp__RaiseException@16   10039138     kernel32:KERNEL32.dll
 0002:0000013c       __imp__HeapReAlloc@16      1003913c     kernel32:KERNEL32.dll
 0002:00000140       __imp__HeapAlloc@12        10039140     kernel32:KERNEL32.dll
 0002:00000144       __imp__GetModuleFileNameA@12 10039144     kernel32:KERNEL32.dll
 0002:00000148       __imp__HeapFree@12         10039148     kernel32:KERNEL32.dll
 0002:0000014c       __imp__RtlUnwind@16        1003914c     kernel32:KERNEL32.dll
 0002:00000150       __imp__ReadFile@20         10039150     kernel32:KERNEL32.dll
 0002:00000154       __imp__GetLocaleInfoW@16   10039154     kernel32:KERNEL32.dll
 0002:00000158       __imp__CompareStringA@24   10039158     kernel32:KERNEL32.dll
 0002:0000015c       __imp__SetEnvironmentVariableA@8 1003915c     kernel32:KERNEL32.dll
 0002:00000160       __imp__CompareStringW@24   10039160     kernel32:KERNEL32.dll
 0002:00000164       __imp__WideCharToMultiByte@32 10039164     kernel32:KERNEL32.dll
 0002:00000168       __imp__QueryPerformanceCounter@4 10039168     kernel32:KERNEL32.dll
 0002:0000016c       __imp__Sleep@4             1003916c     kernel32:KERNEL32.dll
 0002:00000170       __imp__CreateProcessA@40   10039170     kernel32:KERNEL32.dll
 0002:00000174       __imp__GetTickCount@0      10039174     kernel32:KERNEL32.dll
 0002:00000178       \177KERNEL32_NULL_THUNK_DATA 10039178     kernel32:KERNEL32.dll
 0002:0000017c       __imp__WSAGetLastError@0   1003917c     wsock32:WSOCK32.dll
 0002:00000180       __imp__ioctlsocket@12      10039180     wsock32:WSOCK32.dll
 0002:00000184       __imp__WSACleanup@0        10039184     wsock32:WSOCK32.dll
 0002:00000188       __imp__WSAStartup@8        10039188     wsock32:WSOCK32.dll
 0002:0000018c       __imp__recv@16             1003918c     wsock32:WSOCK32.dll
 0002:00000190       __imp__select@20           10039190     wsock32:WSOCK32.dll
 0002:00000194       __imp____WSAFDIsSet@8      10039194     wsock32:WSOCK32.dll
 0002:00000198       __imp__send@16             10039198     wsock32:WSOCK32.dll
 0002:0000019c       __imp__shutdown@8          1003919c     wsock32:WSOCK32.dll
 0002:000001a0       __imp__gethostbyname@4     100391a0     wsock32:WSOCK32.dll
 0002:000001a4       __imp__htons@4             100391a4     wsock32:WSOCK32.dll
 0002:000001a8       __imp__socket@12           100391a8     wsock32:WSOCK32.dll
 0002:000001ac       __imp__setsockopt@20       100391ac     wsock32:WSOCK32.dll
 0002:000001b0       __imp__inet_addr@4         100391b0     wsock32:WSOCK32.dll
 0002:000001b4       __imp__closesocket@4       100391b4     wsock32:WSOCK32.dll
 0002:000001b8       __imp__connect@12          100391b8     wsock32:WSOCK32.dll
 0002:000001bc       \177WSOCK32_NULL_THUNK_DATA 100391bc     wsock32:WSOCK32.dll
 0002:000001c0       __imp_??1SQPicture@@QAE@XZ 100391c0     engine:engine.exe
 0002:000001c4       __imp_?Draw@SQPicture@@QAEXHH@Z 100391c4     engine:engine.exe
 0002:000001c8       __imp_?ExplorerGetVar@@YAPADHPAD@Z 100391c8     engine:engine.exe
 0002:000001cc       __imp_??0SQPicture@@QAE@PAD@Z 100391cc     engine:engine.exe
 0002:000001d0       __imp_?SlowLoadPalette@@YAXPBD@Z 100391d0     engine:engine.exe
 0002:000001d4       __imp_?LoadFog@@YAXH@Z     100391d4     engine:engine.exe
 0002:000001d8       __imp_?ClearGChat@@YAXXZ   100391d8     engine:engine.exe
 0002:000001dc       __imp_?Gclose@@YAXPAVGFILE@@@Z 100391dc     engine:engine.exe
 0002:000001e0       __imp_?Gopen@@YAPAVGFILE@@PAD0@Z 100391e0     engine:engine.exe
 0002:000001e4       __imp_?CheckUsingAI@@YA_NXZ 100391e4     engine:engine.exe
 0002:000001e8       __imp_?RSeek@@YAKPAXH@Z    100391e8     engine:engine.exe
[...]
 0003:00002b6c       __newmode                  10042b6c     LIBCMT:_newmode.obj
 0003:00002db4       __adbgmsg                  10042db4     LIBCMT:crt0msg.obj
 0003:00002e14       ___lconv_static_null       10042e14     LIBCMT:lconv.obj
 0003:00002e18       ___lc_time_intl            10042e18     LIBCMT:inittime.obj
 0003:00002e1c       ___lconv_intl              10042e1c     LIBCMT:initmon.obj
 0003:00002e44       ___lc_handle               10042e44     LIBCMT:nlsdata2.obj
 0003:00002e5c       ___lc_codepage             10042e5c     LIBCMT:nlsdata2.obj
 0003:00002e60       ___lc_collate_cp           10042e60     LIBCMT:nlsdata2.obj
 0003:00002e64       ___lc_id                   10042e64     LIBCMT:nlsdata3.obj
 0003:00002e88       __commode                  10042e88     LIBCMT:ncommode.obj
 0003:00002e9c       __fmode                    10042e9c     LIBCMT:txtmode.obj
 0003:00002eac       ___ctype1                  10042eac     <common>
 0003:00002eb0       ___ctype1_refcount         10042eb0     <common>
 0003:00002eb4       ___lconv_mon_refcount      10042eb4     <common>
 0003:00002eb8       ___lconv_intl_refcount     10042eb8     <common>
 0003:00002ebc       ___lconv_num_refcount      10042ebc     <common>
 0003:00002ec0       ___mblcid                  10042ec0     <common>
 0003:00002ec4       ___ptmbcinfo               10042ec4     <common>
 0003:00002ec8       ___ismbcodepage            10042ec8     <common>
 0003:00002ee0       __mbctype                  10042ee0     <common>
 0003:00002fe4       ___mbcodepage              10042fe4     <common>
 0003:00002ff0       ___mbulinfo                10042ff0     <common>
 0003:00003000       __mbcasemap                10043000     <common>
 0003:00003100       __nhandle                  10043100     <common>
 0003:00003120       ___pioinfo                 10043120     <common>
 0003:00003220       ___sbh_initialized         10043220     <common>
 0003:00003224       ___sbh_pHeaderDefer        10043224     <common>
 0003:00003228       ___sbh_cntHeaderList       10043228     <common>
 0003:0000322c       ___sbh_pHeaderList         1004322c     <common>
 0003:00003230       ___sbh_threshold           10043230     <common>
 0003:00003234       ___sbh_pHeaderScan         10043234     <common>
 0003:00003238       ___sbh_sizeHeaderList      10043238     <common>
 0003:0000323c       ___sbh_indGroupDefer       1004323c     <common>
 0003:00003240       __crtheap                  10043240     <common>
 0003:00003244       ___active_heap             10043244     <common>
 0003:00003248       ___env_initialized         10043248     <common>
 0003:0000324c       ___onexitend               1004324c     <common>
 0003:00003250       ___onexitbegin             10043250     <common>
 0003:00003254       ___mbctype_initialized     10043254     <common>
 0003:00003258       __FPinit                   10043258     <common>
 0003:0000325c       ___piob                    1004325c     <common>
 0003:00003260       __bufin                    10043260     <common>
 0003:00004260       __nstream                  10044260     <common>
 0003:00004264       ___setlc_active            10044264     <common>
 0003:00004268       ___unguarded_readlc_active 10044268     <common>
 0003:0000426c       __acmdln                   1004426c     <common>
 0003:00004270       __pRawDllMain              10044270     <common>

 entry point at        0001:0002a43e

 Static symbols

 0001:0000ba23       __catch$?Extract@ParsedRQ@@QAEXPADH@Z$0 1000ca23 f   ParseRQ.obj
 0001:0000c270       _ciCallbacksArrayElementFreeFn 1000d270 f   chatCallbacks.obj
 0001:0000c490       _ciFreeCallbackData        1000d490 f   chatCallbacks.obj
 0001:00010c40       _ciGetCallbackIndexByID    10011c40 f   chatCallbacks.obj
 0001:00010e90       _ciChannelTableHashFn      10011e90 f   chatChannel.obj
 0001:00010f20       _ciHashString              10011f20 f   chatChannel.obj
 0001:00011000       _ciChannelTableCompareFn   10012000 f   chatChannel.obj
 0001:00011160       _ciChannelTableElementFreeFn 10012160 f   chatChannel.obj
 0001:00011710       _ciUserTableHashFn         10012710 f   chatChannel.obj
 0001:000117a0       _ciUserTableCompareFn      100127a0 f   chatChannel.obj
 0001:000118c0       _ciUserTableElementFreeFn  100128c0 f   chatChannel.obj
 0001:00011bb0       _ciGetChannel              10012bb0 f   chatChannel.obj
 0001:00011e00       _ciChannelListUsersMap     10012e00 f   chatChannel.obj
 0001:000130b0       _ciUserEnumChannelsMap     100140b0 f   chatChannel.obj
 0001:000133c0       _ciUserChangeNickMap       100143c0 f   chatChannel.obj
 0001:00013ca0       _ciEnumJoinedChannelsMap   10014ca0 f   chatChannel.obj
 0001:00013f00       _ciSetUserBasicInfoMap     10014f00 f   chatChannel.obj
 0001:000141b0       _ciGetUserBasicInfoMap     100151b0 f   chatChannel.obj
 0001:00014350       _ciClearAllUsersChannelMap 10015350 f   chatChannel.obj
 0001:000144a0       _ciClearAllUsersUsersMap   100154a0 f   chatChannel.obj
 0001:000145f0       _ciFilterTimedout          100155f0 f   chatHandlers.obj
 0001:00014c20       _ciRemoveFilter            10015c20 f   chatHandlers.obj
 0001:00014d30       _ciDestroyFilter           10015d30 f   chatHandlers.obj
 0001:00014dc0       _ciFinishFilter            10015dc0 f   chatHandlers.obj
 0001:000157b0       _ciAddFilter               100167b0 f   chatHandlers.obj
 0001:00017570       _ciFindFilter              10018570 f   chatHandlers.obj
 0001:00019d30       _ciParseValue              1001ad30 f   chatHandlers.obj
 0001:0001ced0       _ciThink                   1001ded0 f   chatMain.obj
 0001:0001d020       _ciProcessServerMessage    1001e020 f   chatMain.obj
 0001:0001d730       _ciCheckForID              1001e730 f   chatMain.obj
 0001:0001da10       _ciSetQuietModeEnumJoinedChannels 1001ea10 f   chatMain.obj
 0001:00020760       _ciRandomCookie            10021760 f   chatMain.obj
 0001:000207e0       _ciSendGetKey              100217e0 f   chatMain.obj
 0001:00020da0       _ciSendGetChannelKey       10021da0 f   chatMain.obj
 0001:00021280       _ciBufferInit              10022280 f   chatSocket.obj
 0001:00021320       _ciBufferFree              10022320 f   chatSocket.obj
 0001:00021d70       _ciSocketThinkSend         10022d70 f   chatSocket.obj
 0001:000220c0       _ciBufferClipFront         100230c0 f   chatSocket.obj
 0001:00022240       _ciSocketSelect            10023240 f   chatSocket.obj
 0001:000224f0       _ciSocketThinkRecv         100234f0 f   chatSocket.obj
 0001:00022850       _ciBufferPreAppend         10023850 f   chatSocket.obj
 0001:000231f0       _ciAddParam                100241f0 f   chatSocket.obj
 0001:00023530       _ciParseInput              10024530 f   chatSocket.obj
 0001:00023880       _ciParseMessage            10024880 f   chatSocket.obj
 0001:00023e90       _ciParseUser               10024e90 f   chatSocket.obj
 0001:00024270       _FreeElement               10025270 f   darray.obj
 0001:000244b0       _ArrayGrow                 100254b0 f   darray.obj
 0001:00024540       _SetElement                10025540 f   darray.obj
 0001:00024c30       _mylsearch                 10025c30 f   darray.obj
 0001:00024cb0       _mybsearch                 10025cb0 f   darray.obj
 0001:00025720       _MD5Transform              10026720 f   md5c.obj
 0001:000265c0       _Encode                    100275c0 f   md5c.obj
 0001:00026680       _Decode                    10027680 f   md5c.obj
 0001:00026710       _MD5_memcpy                10027710 f   md5c.obj
 0001:00026760       _MD5_memset                10027760 f   md5c.obj
 0001:00026e10       _GenerateID                10027e10 f   nonport.obj
 0001:00026f40       _Util_RandSeed             10027f40 f   nonport.obj
 0001:00026fa0       _Util_RandInt              10027fa0 f   nonport.obj
 0001:00026ff0       _longrand                  10027ff0 f   nonport.obj
 0001:00027040       _nextlongrand              10028040 f   nonport.obj
 0001:000279e0       _$$$00001                  100289e0 f   LIBCMT:strchr.obj
 0001:00027c26       ?CatchGuardHandler@@YA?AW4_EXCEPTION_DISPOSITION@@PAUEHExceptionRecord@@PAUCatchGuardRN@@PAX2@Z 10028c26 f   LIBCMT:trnsctrl.obj
 0001:00027d28       ?TranslatorGuardHandler@@YA?AW4_EXCEPTION_DISPOSITION@@PAUEHExceptionRecord@@PAUTranslatorGuardRN@@PAX2@Z 10028d28 f   LIBCMT:trnsctrl.obj
 0001:00027f44       $$$00001                   10028f44 f   LIBCMT:exsup.obj
 0001:00027f64       $$$00003                   10028f64 f   LIBCMT:exsup.obj
 0001:00027f64       __unwind_handler           10028f64 f   LIBCMT:exsup.obj
 0001:00027f86       $$$00005                   10028f86 f   LIBCMT:exsup.obj
 0001:00027fee       $$$00007                   10028fee f   LIBCMT:exsup.obj
 0001:00028032       ?ArrayUnwindFilter@@YAHPAU_EXCEPTION_POINTERS@@@Z 10029032 f   LIBCMT:ehvecdtr.obj
 0001:00028032       $$$00011                   10029032 f   LIBCMT:exsup.obj
 0001:00028aab       __onexit_lk                10029aab f   LIBCMT:onexit.obj
 0001:000293a4       ?DebuggerProbe@@YAHK@Z     1002a3a4 f   LIBCMT:error.obj
 0001:000293f1       ?DebuggerRuntime@@YAHKHPAXPB_W@Z 1002a3f1 f   LIBCMT:error.obj
 0001:00029450       ?IntToString@@YAPADH@Z     1002a450 f   LIBCMT:error.obj
 0001:0002948a       ?GetCurrentTib@@YAPAU_TIB@@XZ 1002a48a f   LIBCMT:error.obj
 0001:00029491       ?WinGetDebugContext@@YAPAXXZ 1002a491 f   LIBCMT:error.obj
 0001:0002949b       ?Win95IsDebuggerPresent@@YGHXZ 1002a49b f   LIBCMT:error.obj
 0001:000294ac       ?Initialize@@YAHXZ         1002a4ac f   LIBCMT:error.obj
 0001:00029514       ?_IsDebuggerPresent@@YAHXZ 1002a514 f   LIBCMT:error.obj
 0001:00029544       ?failwithmessage@@YAXPAXHHPBD@Z 1002a544 f   LIBCMT:error.obj
 0001:00029f30       _swap                      1002af30 f   LIBCMT:qsort.obj
 0001:00029f50       _shortsort                 1002af50 f   LIBCMT:qsort.obj
 0001:0002a6dc       _write_char                1002b6dc f   LIBCMT:output.obj
 0001:0002a70f       _write_multi_char          1002b70f f   LIBCMT:output.obj
 0001:0002a733       _write_string              1002b733 f   LIBCMT:output.obj
 0001:0002a76a       _get_int_arg               1002b76a f   LIBCMT:output.obj
 0001:0002a773       _get_int64_arg             1002b773 f   LIBCMT:output.obj
 0001:0002a77f       _get_short_arg             1002b77f f   LIBCMT:output.obj
 0001:0002b3f5       $$$00003                   1002c3f5 f   LIBCMT:exsup3.obj
 0001:0002b3f5       ?TypeMatch@@YAHPBU_s_HandlerType@@PBU_s_CatchableType@@PBU_s_ThrowInfo@@@Z 1002c3f5 f   LIBCMT:frame.obj
 0001:0002b444       ?FrameUnwindFilter@@YAHPAU_EXCEPTION_POINTERS@@@Z 1002c444 f   LIBCMT:frame.obj
 0001:0002b530       ?ExFilterRethrow@@YAHPAU_EXCEPTION_POINTERS@@@Z 1002c530 f   LIBCMT:frame.obj
 0001:0002b5a5       ?AdjustPointer@@YAPAXPAXABUPMD@@@Z 1002c5a5 f   LIBCMT:frame.obj
 0001:0002b7b9       ?CallCatchBlock@@YAPAXPAUEHExceptionRecord@@PAUEHRegistrationNode@@PAU_CONTEXT@@PBU_s_FuncInfo@@PAXHK@Z 1002c7b9 f   LIBCMT:frame.obj
 0001:0002b97d       ?BuildCatchObject@@YAXPAUEHExceptionRecord@@PAXPBU_s_HandlerType@@PBU_s_CatchableType@@@Z 1002c97d f   LIBCMT:frame.obj
 0001:0002bc1e       ?CatchIt@@YAXPAUEHExceptionRecord@@PAUEHRegistrationNode@@PAU_CONTEXT@@PAXPBU_s_FuncInfo@@PBU_s_HandlerType@@PBU_s_CatchableType@@PBU_s_TryBlockMapEntry@@H1E@Z 1002cc1e f   LIBCMT:frame.obj
 0001:0002bc85       ?FindHandlerForForeignException@@YAXPAUEHExceptionRecord@@PAUEHRegistrationNode@@PAU_CONTEXT@@PAXPBU_s_FuncInfo@@HH1@Z 1002cc85 f   LIBCMT:frame.obj
 0001:0002bd43       ?FindHandler@@YAXPAUEHExceptionRecord@@PAUEHRegistrationNode@@PAU_CONTEXT@@PAXPBU_s_FuncInfo@@EH1@Z 1002cd43 f   LIBCMT:frame.obj
 0001:0002c236       ___updatetlocinfo_lk       1002d236 f   LIBCMT:setlocal.obj
 0001:0002c483       __setlocale_get_all        1002d483 f   LIBCMT:setlocal.obj
 0001:0002c69e       __setlocale_set_cat        1002d69e f   LIBCMT:setlocal.obj
 0001:0002c92d       __setlocale_lk             1002d92d f   LIBCMT:setlocal.obj
 0001:0002ce68       _flsall                    1002de68 f   LIBCMT:fflush.obj
 0001:0002d685       __hextodec                 1002e685 f   LIBCMT:input.obj
 0001:0002d69d       __inc                      1002e69d f   LIBCMT:input.obj
 0001:0002d6b3       __un_inc                   1002e6b3 f   LIBCMT:input.obj
 0001:0002d6c0       __whiteout                 1002e6c0 f   LIBCMT:input.obj
 0001:0002e54d       __initterm                 1002f54d f   LIBCMT:crt0dat.obj
 0001:0002e565       __initterm_e               1002f565 f   LIBCMT:crt0dat.obj
 0001:0002e5ed       _doexit                    1002f5ed f   LIBCMT:crt0dat.obj
 0001:0002fa63       _ctrlevent_capture@4       10030a63 f   LIBCMT:winsig.obj
 0001:0002faf2       _siglookup                 10030af2 f   LIBCMT:winsig.obj
 0001:0002ff45       _xtoa                      10030f45 f   LIBCMT:xtoa.obj
 0001:0002ffee       _x64toa@20                 10030fee f   LIBCMT:xtoa.obj
 0001:000301e5       _report_failure            100311e5 f   LIBCMT:secchk.obj
 0001:00030269       _strncnt                   10031269 f   LIBCMT:a_map.obj
 0001:0003069e       ?GetImageInfo@@YAPAUImageInfo@@K@Z 1003169e f   LIBCMT:pdblkup.obj
 0001:000309ef       ?GetPdbDll@@YAPAUHINSTANCE__@@XZ 100319ef f   LIBCMT:pdblkup.obj
 0001:00030e76       __tzset_lk                 10031e76 f   LIBCMT:tzset.obj
 0001:0003111e       _cvtdate                   1003211e f   LIBCMT:tzset.obj
 0001:000312d6       __isindst_lk               100322d6 f   LIBCMT:tzset.obj
 0001:00031a64       _parse_cmdline             10032a64 f   LIBCMT:stdargv.obj
 0001:00031e1c       _xcptlookup                10032e1c f   LIBCMT:winxfltr.obj
 0001:00032465       _getSystemCP               10033465 f   LIBCMT:mbctype.obj
 0001:000324ab       _CPtoLCID                  100334ab f   LIBCMT:mbctype.obj
 0001:000324da       _setSBCS                   100334da f   LIBCMT:mbctype.obj
 0001:00032503       _setSBUpLow                10033503 f   LIBCMT:mbctype.obj
 0001:000326fe       __setmbcp_lk               100336fe f   LIBCMT:mbctype.obj
 0001:000331f4       __store_str                100341f4 f   LIBCMT:strftime.obj
 0001:00033214       __store_number             10034214 f   LIBCMT:strftime.obj
 0001:0003324a       __store_num                1003424a f   LIBCMT:strftime.obj
 0001:000332c3       __expandtime               100342c3 f   LIBCMT:strftime.obj
 0001:00033529       __store_winword            10034529 f   LIBCMT:strftime.obj
 0001:00033acb       __get_lc_time              10034acb f   LIBCMT:inittime.obj
 0001:00034021       _fix_grouping              10035021 f   LIBCMT:initnum.obj
 0001:00034280       _fix_grouping              10035280 f   LIBCMT:initmon.obj
 0001:00034856       _TranslateName             10035856 f   LIBCMT:getqloc.obj
 0001:000348b6       _GetLcidFromDefault        100358b6 f   LIBCMT:getqloc.obj
 0001:000348d0       _ProcessCodePage           100358d0 f   LIBCMT:getqloc.obj
 0001:00034946       _TestDefaultCountry        10035946 f   LIBCMT:getqloc.obj
 0001:00034964       _crtGetLocaleInfoA@16      10035964 f   LIBCMT:getqloc.obj
 0001:00034a47       _LcidFromHexString         10035a47 f   LIBCMT:getqloc.obj
 0001:00034a7c       _GetPrimaryLen             10035a7c f   LIBCMT:getqloc.obj
 0001:00034a99       _CountryEnumProc@4         10035a99 f   LIBCMT:getqloc.obj
 0001:00034b2d       _TestDefaultLanguage       10035b2d f   LIBCMT:getqloc.obj
 0001:00034b9e       _LangCountryEnumProc@4     10035b9e f   LIBCMT:getqloc.obj
 0001:00034db8       _LanguageEnumProc@4        10035db8 f   LIBCMT:getqloc.obj
 0001:00034e83       _GetLcidFromCountry        10035e83 f   LIBCMT:getqloc.obj
 0001:00034eba       _GetLcidFromLangCountry    10035eba f   LIBCMT:getqloc.obj
 0001:00034f40       _GetLcidFromLanguage       10035f40 f   LIBCMT:getqloc.obj
 0001:00035929       __tsopen_lk                10036929 f   LIBCMT:open.obj
 0001:00035cba       ___crtInitCritSecNoSpinCount@8 10036cba f   LIBCMT:initcrit.obj
 0001:00037024       _strncnt                   10038024 f   LIBCMT:a_cmp.obj
 0001:000373c4       _findenv                   100383c4 f   LIBCMT:setenv.obj
 0001:00037411       _copy_environ              10038411 f   LIBCMT:setenv.obj
 0001:00037950       __unwindfunclet$??0ChatSystem@@QAE@XZ$0 10038950 f   cs_chat.obj
 0001:0003795e       __ehhandler$??0ChatSystem@@QAE@XZ 1003895e f   cs_chat.obj
 0001:00037970       __unwindfunclet$??1ChatSystem@@QAE@XZ$0 10038970 f   cs_chat.obj
 0001:0003797e       __unwindfunclet$??1ChatSystem@@QAE@XZ$1 1003897e f   cs_chat.obj
 0001:00037996       __ehhandler$??1ChatSystem@@QAE@XZ 10038996 f   cs_chat.obj
 0001:000379a0       __unwindfunclet$?EnterPersonalMessage@@YAXPAD_N@Z$0 100389a0 f   GSC_ChatWindow.obj
 0001:000379b5       __unwindfunclet$?EnterPersonalMessage@@YAXPAD_N@Z$1 100389b5 f   GSC_ChatWindow.obj
 0001:000379ca       __unwindfunclet$?EnterPersonalMessage@@YAXPAD_N@Z$2 100389ca f   GSC_ChatWindow.obj
 0001:000379df       __ehhandler$?EnterPersonalMessage@@YAXPAD_N@Z 100389df f   GSC_ChatWindow.obj
 0001:000379f0       __unwindfunclet$?Process_GSC_ChatWindow@@YAH_NPAURoomInfo@@@Z$0 100389f0 f   GSC_ChatWindow.obj
 0001:000379f8       __unwindfunclet$?Process_GSC_ChatWindow@@YAH_NPAURoomInfo@@@Z$1 100389f8 f   GSC_ChatWindow.obj
 0001:00037a0d       __unwindfunclet$?Process_GSC_ChatWindow@@YAH_NPAURoomInfo@@@Z$2 10038a0d f   GSC_ChatWindow.obj
 0001:00037a22       __unwindfunclet$?Process_GSC_ChatWindow@@YAH_NPAURoomInfo@@@Z$3 10038a22 f   GSC_ChatWindow.obj
 0001:00037a37       __unwindfunclet$?Process_GSC_ChatWindow@@YAH_NPAURoomInfo@@@Z$4 10038a37 f   GSC_ChatWindow.obj
 0001:00037a4c       __unwindfunclet$?Process_GSC_ChatWindow@@YAH_NPAURoomInfo@@@Z$5 10038a4c f   GSC_ChatWindow.obj
 0001:00037a61       __unwindfunclet$?Process_GSC_ChatWindow@@YAH_NPAURoomInfo@@@Z$6 10038a61 f   GSC_ChatWindow.obj
 0001:00037a76       __unwindfunclet$?Process_GSC_ChatWindow@@YAH_NPAURoomInfo@@@Z$7 10038a76 f   GSC_ChatWindow.obj
 0001:00037a8b       __unwindfunclet$?Process_GSC_ChatWindow@@YAH_NPAURoomInfo@@@Z$8 10038a8b f   GSC_ChatWindow.obj
 0001:00037aa0       __unwindfunclet$?Process_GSC_ChatWindow@@YAH_NPAURoomInfo@@@Z$9 10038aa0 f   GSC_ChatWindow.obj
 0001:00037ab5       __unwindfunclet$?Process_GSC_ChatWindow@@YAH_NPAURoomInfo@@@Z$10 10038ab5 f   GSC_ChatWindow.obj
 0001:00037aca       __unwindfunclet$?Process_GSC_ChatWindow@@YAH_NPAURoomInfo@@@Z$11 10038aca f   GSC_ChatWindow.obj
 0001:00037adf       __unwindfunclet$?Process_GSC_ChatWindow@@YAH_NPAURoomInfo@@@Z$12 10038adf f   GSC_ChatWindow.obj
 0001:00037af4       __ehhandler$?Process_GSC_ChatWindow@@YAH_NPAURoomInfo@@@Z 10038af4 f   GSC_ChatWindow.obj
 0001:00037b00       __unwindfunclet$?StartGSCGame@@YAXPAD0HPAHPAPAD11@Z$0 10038b00 f   GSC_ChatWindow.obj
 0001:00037b0b       __ehhandler$?StartGSCGame@@YAXPAD0HPAHPAPAD11@Z 10038b0b f   GSC_ChatWindow.obj
 0001:00037b20       __unwindfunclet$?ReportGSCGame@@YAXHHPAUOnePlayerReport@@@Z$0 10038b20 f   GSC_ChatWindow.obj
 0001:00037b28       __ehhandler$?ReportGSCGame@@YAXHHPAUOnePlayerReport@@@Z 10038b28 f   GSC_ChatWindow.obj
 0001:00037b40       __unwindfunclet$?ReportAliveState@@YAXHPAH@Z$0 10038b40 f   GSC_ChatWindow.obj
 0001:00037b48       __ehhandler$?ReportAliveState@@YAXHPAH@Z 10038b48 f   GSC_ChatWindow.obj
 0001:00037b60       __unwindfunclet$?SendVictoryState@@YAXHE@Z$0 10038b60 f   GSC_ChatWindow.obj
 0001:00037b68       __ehhandler$?SendVictoryState@@YAXHE@Z 10038b68 f   GSC_ChatWindow.obj
 0001:00037b80       __ehhandler$?Extract@ParsedRQ@@QAEXPADH@Z 10038b80 f   ParseRQ.obj
 0001:00037b90       _$E1                       10038b90 f   GSC_ChatWindow.obj
 0001:00037be0       _$E4                       10038be0 f   GSC_ChatWindow.obj
 0001:00037c30       _$E2                       10038c30 f   GSC_ChatWindow.obj
 0001:00037c70       _$E5                       10038c70 f   GSC_ChatWindow.obj
